ARM GAS  C:\Users\ilya\AppData\Local\Temp\ccyexrGp.s 			page 1


   1              		.syntax unified
   2              		.cpu cortex-m0
   3              		.fpu softvfp
   4              		.eabi_attribute 20, 1
   5              		.eabi_attribute 21, 1
   6              		.eabi_attribute 23, 3
   7              		.eabi_attribute 24, 1
   8              		.eabi_attribute 25, 1
   9              		.eabi_attribute 26, 1
  10              		.eabi_attribute 30, 6
  11              		.eabi_attribute 34, 0
  12              		.eabi_attribute 18, 4
  13              		.thumb
  14              		.syntax unified
  15              		.file	"EZI2C_CAM_EZI2C.c"
  16              		.text
  17              	.Ltext0:
  18              		.cfi_sections	.debug_frame
  19              		.comm	EZI2C_CAM_curStatus,1,1
  20              		.comm	EZI2C_CAM_fsmState,1,1
  21              		.comm	EZI2C_CAM_dataBuffer1,4,4
  22              		.comm	EZI2C_CAM_bufSizeBuf1,2,2
  23              		.comm	EZI2C_CAM_protectBuf1,2,2
  24              		.comm	EZI2C_CAM_offsetBuf1,1,1
  25              		.comm	EZI2C_CAM_indexBuf1,2,2
  26              		.section	.text.EZI2C_CAM_EzI2CInit,"ax",%progbits
  27              		.align	2
  28              		.global	EZI2C_CAM_EzI2CInit
  29              		.code	16
  30              		.thumb_func
  31              		.type	EZI2C_CAM_EzI2CInit, %function
  32              	EZI2C_CAM_EzI2CInit:
  33              	.LFB0:
  34              		.file 1 "Generated_Source\\PSoC4\\EZI2C_CAM_EZI2C.c"
   1:Generated_Source\PSoC4/EZI2C_CAM_EZI2C.c **** /***************************************************************************//**
   2:Generated_Source\PSoC4/EZI2C_CAM_EZI2C.c **** * \file EZI2C_CAM_EZI2C.c
   3:Generated_Source\PSoC4/EZI2C_CAM_EZI2C.c **** * \version 3.20
   4:Generated_Source\PSoC4/EZI2C_CAM_EZI2C.c **** *
   5:Generated_Source\PSoC4/EZI2C_CAM_EZI2C.c **** * \brief
   6:Generated_Source\PSoC4/EZI2C_CAM_EZI2C.c **** *  This file provides the source code to the API for the SCB Component in
   7:Generated_Source\PSoC4/EZI2C_CAM_EZI2C.c **** *  EZI2C mode.
   8:Generated_Source\PSoC4/EZI2C_CAM_EZI2C.c **** *
   9:Generated_Source\PSoC4/EZI2C_CAM_EZI2C.c **** * Note:
  10:Generated_Source\PSoC4/EZI2C_CAM_EZI2C.c **** *
  11:Generated_Source\PSoC4/EZI2C_CAM_EZI2C.c **** *******************************************************************************
  12:Generated_Source\PSoC4/EZI2C_CAM_EZI2C.c **** * \copyright
  13:Generated_Source\PSoC4/EZI2C_CAM_EZI2C.c **** * Copyright 2013-2016, Cypress Semiconductor Corporation.  All rights reserved.
  14:Generated_Source\PSoC4/EZI2C_CAM_EZI2C.c **** * You may use this file only in accordance with the license, terms, conditions,
  15:Generated_Source\PSoC4/EZI2C_CAM_EZI2C.c **** * disclaimers, and limitations in the end user license agreement accompanying
  16:Generated_Source\PSoC4/EZI2C_CAM_EZI2C.c **** * the software package with which this file was provided.
  17:Generated_Source\PSoC4/EZI2C_CAM_EZI2C.c **** *******************************************************************************/
  18:Generated_Source\PSoC4/EZI2C_CAM_EZI2C.c **** 
  19:Generated_Source\PSoC4/EZI2C_CAM_EZI2C.c **** #include "EZI2C_CAM_PVT.h"
  20:Generated_Source\PSoC4/EZI2C_CAM_EZI2C.c **** #include "EZI2C_CAM_EZI2C_PVT.h"
  21:Generated_Source\PSoC4/EZI2C_CAM_EZI2C.c **** 
  22:Generated_Source\PSoC4/EZI2C_CAM_EZI2C.c **** 
  23:Generated_Source\PSoC4/EZI2C_CAM_EZI2C.c **** /***************************************
ARM GAS  C:\Users\ilya\AppData\Local\Temp\ccyexrGp.s 			page 2


  24:Generated_Source\PSoC4/EZI2C_CAM_EZI2C.c **** *      EZI2C Private Vars
  25:Generated_Source\PSoC4/EZI2C_CAM_EZI2C.c **** ***************************************/
  26:Generated_Source\PSoC4/EZI2C_CAM_EZI2C.c **** 
  27:Generated_Source\PSoC4/EZI2C_CAM_EZI2C.c **** volatile uint8 EZI2C_CAM_curStatus; /* Status byte */
  28:Generated_Source\PSoC4/EZI2C_CAM_EZI2C.c **** uint8 EZI2C_CAM_fsmState;           /* FSM state   */
  29:Generated_Source\PSoC4/EZI2C_CAM_EZI2C.c **** 
  30:Generated_Source\PSoC4/EZI2C_CAM_EZI2C.c **** /* Variables intended to be used with Buffer 1: Primary slave address */
  31:Generated_Source\PSoC4/EZI2C_CAM_EZI2C.c **** volatile uint8 * EZI2C_CAM_dataBuffer1; /* Pointer to data buffer 1 */
  32:Generated_Source\PSoC4/EZI2C_CAM_EZI2C.c **** uint16 EZI2C_CAM_bufSizeBuf1;           /* Size of buffer 1 in bytes      */
  33:Generated_Source\PSoC4/EZI2C_CAM_EZI2C.c **** uint16 EZI2C_CAM_protectBuf1;           /* Start index of write protected area buffer 1 */
  34:Generated_Source\PSoC4/EZI2C_CAM_EZI2C.c **** uint8 EZI2C_CAM_offsetBuf1; /* Current offset within buffer 1 */
  35:Generated_Source\PSoC4/EZI2C_CAM_EZI2C.c **** uint16 EZI2C_CAM_indexBuf1;             /* Current index within buffer 1  */
  36:Generated_Source\PSoC4/EZI2C_CAM_EZI2C.c **** 
  37:Generated_Source\PSoC4/EZI2C_CAM_EZI2C.c **** #if(EZI2C_CAM_SECONDARY_ADDRESS_ENABLE_CONST)
  38:Generated_Source\PSoC4/EZI2C_CAM_EZI2C.c ****     uint8 EZI2C_CAM_addrBuf1; /* Primary slave address. Used for software comparison   */
  39:Generated_Source\PSoC4/EZI2C_CAM_EZI2C.c ****     uint8 EZI2C_CAM_addrBuf2; /* Secondary slave address. Used for software comparison */
  40:Generated_Source\PSoC4/EZI2C_CAM_EZI2C.c **** 
  41:Generated_Source\PSoC4/EZI2C_CAM_EZI2C.c ****     /* Variables intended to be used with Buffer 2: Primary slave address */
  42:Generated_Source\PSoC4/EZI2C_CAM_EZI2C.c ****     volatile uint8 * EZI2C_CAM_dataBuffer2; /* Pointer to data buffer 2 */
  43:Generated_Source\PSoC4/EZI2C_CAM_EZI2C.c ****     uint16 EZI2C_CAM_bufSizeBuf2;           /* Size of buffer 2 in bytes */
  44:Generated_Source\PSoC4/EZI2C_CAM_EZI2C.c ****     uint16 EZI2C_CAM_protectBuf2;           /* Start index of write protected area buffer 2 */
  45:Generated_Source\PSoC4/EZI2C_CAM_EZI2C.c ****     uint8 EZI2C_CAM_offsetBuf2; /* Current offset within buffer 2 */
  46:Generated_Source\PSoC4/EZI2C_CAM_EZI2C.c ****     uint16 EZI2C_CAM_indexBuf2;             /* Current index within buffer 2 */
  47:Generated_Source\PSoC4/EZI2C_CAM_EZI2C.c **** #endif /* (EZI2C_CAM_SECONDARY_ADDRESS_ENABLE_CONST) */
  48:Generated_Source\PSoC4/EZI2C_CAM_EZI2C.c **** 
  49:Generated_Source\PSoC4/EZI2C_CAM_EZI2C.c **** 
  50:Generated_Source\PSoC4/EZI2C_CAM_EZI2C.c **** /***************************************
  51:Generated_Source\PSoC4/EZI2C_CAM_EZI2C.c **** *      EZI2C Private Functions
  52:Generated_Source\PSoC4/EZI2C_CAM_EZI2C.c **** ***************************************/
  53:Generated_Source\PSoC4/EZI2C_CAM_EZI2C.c **** 
  54:Generated_Source\PSoC4/EZI2C_CAM_EZI2C.c **** #if(EZI2C_CAM_SECONDARY_ADDRESS_ENABLE_CONST)
  55:Generated_Source\PSoC4/EZI2C_CAM_EZI2C.c ****     static uint32 EZI2C_CAM_EzI2CUpdateRxMatchReg(uint32 addr1, uint32 addr2);
  56:Generated_Source\PSoC4/EZI2C_CAM_EZI2C.c **** #endif /* (EZI2C_CAM_SECONDARY_ADDRESS_ENABLE_CONST) */
  57:Generated_Source\PSoC4/EZI2C_CAM_EZI2C.c **** 
  58:Generated_Source\PSoC4/EZI2C_CAM_EZI2C.c **** #if(EZI2C_CAM_SCB_MODE_UNCONFIG_CONST_CFG)
  59:Generated_Source\PSoC4/EZI2C_CAM_EZI2C.c **** 
  60:Generated_Source\PSoC4/EZI2C_CAM_EZI2C.c ****     /***************************************
  61:Generated_Source\PSoC4/EZI2C_CAM_EZI2C.c ****     *  Configuration Structure Initialization
  62:Generated_Source\PSoC4/EZI2C_CAM_EZI2C.c ****     ***************************************/
  63:Generated_Source\PSoC4/EZI2C_CAM_EZI2C.c **** 
  64:Generated_Source\PSoC4/EZI2C_CAM_EZI2C.c ****     /* Constant configuration of EZI2C */
  65:Generated_Source\PSoC4/EZI2C_CAM_EZI2C.c ****     const EZI2C_CAM_EZI2C_INIT_STRUCT EZI2C_CAM_configEzI2C =
  66:Generated_Source\PSoC4/EZI2C_CAM_EZI2C.c ****     {
  67:Generated_Source\PSoC4/EZI2C_CAM_EZI2C.c ****         EZI2C_CAM_EZI2C_CLOCK_STRETCHING,
  68:Generated_Source\PSoC4/EZI2C_CAM_EZI2C.c ****         EZI2C_CAM_EZI2C_MEDIAN_FILTER_ENABLE,
  69:Generated_Source\PSoC4/EZI2C_CAM_EZI2C.c ****         EZI2C_CAM_EZI2C_NUMBER_OF_ADDRESSES,
  70:Generated_Source\PSoC4/EZI2C_CAM_EZI2C.c ****         EZI2C_CAM_EZI2C_PRIMARY_SLAVE_ADDRESS,
  71:Generated_Source\PSoC4/EZI2C_CAM_EZI2C.c ****         EZI2C_CAM_EZI2C_SECONDARY_SLAVE_ADDRESS,
  72:Generated_Source\PSoC4/EZI2C_CAM_EZI2C.c ****         EZI2C_CAM_EZI2C_SUB_ADDRESS_SIZE,
  73:Generated_Source\PSoC4/EZI2C_CAM_EZI2C.c ****         EZI2C_CAM_EZI2C_WAKE_ENABLE,
  74:Generated_Source\PSoC4/EZI2C_CAM_EZI2C.c ****         EZI2C_CAM_EZI2C_BYTE_MODE_ENABLE
  75:Generated_Source\PSoC4/EZI2C_CAM_EZI2C.c ****     };
  76:Generated_Source\PSoC4/EZI2C_CAM_EZI2C.c **** 
  77:Generated_Source\PSoC4/EZI2C_CAM_EZI2C.c ****     /*******************************************************************************
  78:Generated_Source\PSoC4/EZI2C_CAM_EZI2C.c ****     * Function Name: EZI2C_CAM_EzI2CInit
  79:Generated_Source\PSoC4/EZI2C_CAM_EZI2C.c ****     ****************************************************************************//**
  80:Generated_Source\PSoC4/EZI2C_CAM_EZI2C.c ****     *
ARM GAS  C:\Users\ilya\AppData\Local\Temp\ccyexrGp.s 			page 3


  81:Generated_Source\PSoC4/EZI2C_CAM_EZI2C.c ****     *  Configures the EZI2C_CAM for EZI2C operation.
  82:Generated_Source\PSoC4/EZI2C_CAM_EZI2C.c ****     *
  83:Generated_Source\PSoC4/EZI2C_CAM_EZI2C.c ****     *  This function is intended specifically to be used when the EZI2C_CAM 
  84:Generated_Source\PSoC4/EZI2C_CAM_EZI2C.c ****     *  configuration is set to “Unconfigured EZI2C_CAM” in the customizer. 
  85:Generated_Source\PSoC4/EZI2C_CAM_EZI2C.c ****     *  After initializing the EZI2C_CAM in EZI2C mode using this function, 
  86:Generated_Source\PSoC4/EZI2C_CAM_EZI2C.c ****     *  the component can be enabled using the EZI2C_CAM_Start() or 
  87:Generated_Source\PSoC4/EZI2C_CAM_EZI2C.c ****     * EZI2C_CAM_Enable() function.
  88:Generated_Source\PSoC4/EZI2C_CAM_EZI2C.c ****     *  This function uses a pointer to a structure that provides the configuration 
  89:Generated_Source\PSoC4/EZI2C_CAM_EZI2C.c ****     *  settings. This structure contains the same information that would otherwise 
  90:Generated_Source\PSoC4/EZI2C_CAM_EZI2C.c ****     *  be provided by the customizer settings.
  91:Generated_Source\PSoC4/EZI2C_CAM_EZI2C.c ****     *
  92:Generated_Source\PSoC4/EZI2C_CAM_EZI2C.c ****     * \param config: pointer to a structure that contains the following list of 
  93:Generated_Source\PSoC4/EZI2C_CAM_EZI2C.c ****     *  fields. These fields match the selections available in the customizer. 
  94:Generated_Source\PSoC4/EZI2C_CAM_EZI2C.c ****     *  Refer to the customizer for further description of the settings.
  95:Generated_Source\PSoC4/EZI2C_CAM_EZI2C.c ****     *
  96:Generated_Source\PSoC4/EZI2C_CAM_EZI2C.c ****     *******************************************************************************/
  97:Generated_Source\PSoC4/EZI2C_CAM_EZI2C.c ****     void EZI2C_CAM_EzI2CInit(const EZI2C_CAM_EZI2C_INIT_STRUCT *config)
  98:Generated_Source\PSoC4/EZI2C_CAM_EZI2C.c ****     {
  99:Generated_Source\PSoC4/EZI2C_CAM_EZI2C.c ****         if(NULL == config)
 100:Generated_Source\PSoC4/EZI2C_CAM_EZI2C.c ****         {
 101:Generated_Source\PSoC4/EZI2C_CAM_EZI2C.c ****             CYASSERT(0u != 0u); /* Halt execution due to bad function parameter */
 102:Generated_Source\PSoC4/EZI2C_CAM_EZI2C.c ****         }
 103:Generated_Source\PSoC4/EZI2C_CAM_EZI2C.c ****         else
 104:Generated_Source\PSoC4/EZI2C_CAM_EZI2C.c ****         {
 105:Generated_Source\PSoC4/EZI2C_CAM_EZI2C.c ****             /* Configure pins */
 106:Generated_Source\PSoC4/EZI2C_CAM_EZI2C.c ****             EZI2C_CAM_SetPins(EZI2C_CAM_SCB_MODE_EZI2C, EZI2C_CAM_DUMMY_PARAM,
 107:Generated_Source\PSoC4/EZI2C_CAM_EZI2C.c ****                                                                       EZI2C_CAM_DUMMY_PARAM);
 108:Generated_Source\PSoC4/EZI2C_CAM_EZI2C.c **** 
 109:Generated_Source\PSoC4/EZI2C_CAM_EZI2C.c ****             /* Store internal configuration */
 110:Generated_Source\PSoC4/EZI2C_CAM_EZI2C.c ****             EZI2C_CAM_scbMode       = (uint8) EZI2C_CAM_SCB_MODE_EZI2C;
 111:Generated_Source\PSoC4/EZI2C_CAM_EZI2C.c ****             EZI2C_CAM_scbEnableWake = (uint8) config->enableWake;
 112:Generated_Source\PSoC4/EZI2C_CAM_EZI2C.c ****             EZI2C_CAM_scbEnableIntr = (uint8) EZI2C_CAM_SCB_IRQ_INTERNAL;
 113:Generated_Source\PSoC4/EZI2C_CAM_EZI2C.c **** 
 114:Generated_Source\PSoC4/EZI2C_CAM_EZI2C.c ****             EZI2C_CAM_numberOfAddr  = (uint8) config->numberOfAddresses;
 115:Generated_Source\PSoC4/EZI2C_CAM_EZI2C.c ****             EZI2C_CAM_subAddrSize   = (uint8) config->subAddrSize;
 116:Generated_Source\PSoC4/EZI2C_CAM_EZI2C.c **** 
 117:Generated_Source\PSoC4/EZI2C_CAM_EZI2C.c ****         #if (EZI2C_CAM_CY_SCBIP_V0)
 118:Generated_Source\PSoC4/EZI2C_CAM_EZI2C.c ****             /* Adjust SDA filter settings. Ticket ID#150521 */
 119:Generated_Source\PSoC4/EZI2C_CAM_EZI2C.c ****             EZI2C_CAM_SET_I2C_CFG_SDA_FILT_TRIM(EZI2C_CAM_EC_AM_I2C_CFG_SDA_FILT_TRIM);
 120:Generated_Source\PSoC4/EZI2C_CAM_EZI2C.c ****         #endif /* (EZI2C_CAM_CY_SCBIP_V0) */
 121:Generated_Source\PSoC4/EZI2C_CAM_EZI2C.c **** 
 122:Generated_Source\PSoC4/EZI2C_CAM_EZI2C.c ****             /* Adjust AF and DF filter settings, AF = 1, DF = 0. Ticket ID#176179 */
 123:Generated_Source\PSoC4/EZI2C_CAM_EZI2C.c ****             EZI2C_CAM_I2C_CFG_ANALOG_FITER_ENABLE;
 124:Generated_Source\PSoC4/EZI2C_CAM_EZI2C.c **** 
 125:Generated_Source\PSoC4/EZI2C_CAM_EZI2C.c ****             /* Configure I2C interface */
 126:Generated_Source\PSoC4/EZI2C_CAM_EZI2C.c ****             EZI2C_CAM_CTRL_REG     = EZI2C_CAM_GET_CTRL_BYTE_MODE  (config->enableByteMode)    |
 127:Generated_Source\PSoC4/EZI2C_CAM_EZI2C.c ****                                             EZI2C_CAM_GET_CTRL_ADDR_ACCEPT(config->numberOfAddresse
 128:Generated_Source\PSoC4/EZI2C_CAM_EZI2C.c ****                                             EZI2C_CAM_GET_CTRL_EC_AM_MODE (config->enableWake);
 129:Generated_Source\PSoC4/EZI2C_CAM_EZI2C.c **** 
 130:Generated_Source\PSoC4/EZI2C_CAM_EZI2C.c ****             EZI2C_CAM_I2C_CTRL_REG = EZI2C_CAM_EZI2C_CTRL;
 131:Generated_Source\PSoC4/EZI2C_CAM_EZI2C.c **** 
 132:Generated_Source\PSoC4/EZI2C_CAM_EZI2C.c ****             /* Configure RX direction */
 133:Generated_Source\PSoC4/EZI2C_CAM_EZI2C.c ****             EZI2C_CAM_RX_CTRL_REG = EZI2C_CAM_EZI2C_RX_CTRL |
 134:Generated_Source\PSoC4/EZI2C_CAM_EZI2C.c ****                                         EZI2C_CAM_GET_RX_CTRL_MEDIAN(EZI2C_CAM_DIGITAL_FILTER_DISAB
 135:Generated_Source\PSoC4/EZI2C_CAM_EZI2C.c ****                                                 ;
 136:Generated_Source\PSoC4/EZI2C_CAM_EZI2C.c ****             EZI2C_CAM_RX_FIFO_CTRL_REG = EZI2C_CAM_CLEAR_REG;
 137:Generated_Source\PSoC4/EZI2C_CAM_EZI2C.c **** 
ARM GAS  C:\Users\ilya\AppData\Local\Temp\ccyexrGp.s 			page 4


 138:Generated_Source\PSoC4/EZI2C_CAM_EZI2C.c ****             /* Set default address and mask */
 139:Generated_Source\PSoC4/EZI2C_CAM_EZI2C.c ****             if(EZI2C_CAM_EZI2C_PRIMARY_ADDRESS == config->numberOfAddresses)
 140:Generated_Source\PSoC4/EZI2C_CAM_EZI2C.c ****             {
 141:Generated_Source\PSoC4/EZI2C_CAM_EZI2C.c ****                 EZI2C_CAM_RX_MATCH_REG = EZI2C_CAM_EzI2CUpdateRxMatchReg(config->primarySlaveAddr,
 142:Generated_Source\PSoC4/EZI2C_CAM_EZI2C.c ****                                                                                        config->prim
 143:Generated_Source\PSoC4/EZI2C_CAM_EZI2C.c ****             }
 144:Generated_Source\PSoC4/EZI2C_CAM_EZI2C.c ****             else
 145:Generated_Source\PSoC4/EZI2C_CAM_EZI2C.c ****             {
 146:Generated_Source\PSoC4/EZI2C_CAM_EZI2C.c ****                 EZI2C_CAM_RX_MATCH_REG = EZI2C_CAM_EzI2CUpdateRxMatchReg(config->primarySlaveAddr,
 147:Generated_Source\PSoC4/EZI2C_CAM_EZI2C.c ****                                                                                        config->seco
 148:Generated_Source\PSoC4/EZI2C_CAM_EZI2C.c ****             }
 149:Generated_Source\PSoC4/EZI2C_CAM_EZI2C.c **** 
 150:Generated_Source\PSoC4/EZI2C_CAM_EZI2C.c ****             /* Configure TX direction */
 151:Generated_Source\PSoC4/EZI2C_CAM_EZI2C.c ****             EZI2C_CAM_TX_CTRL_REG      = EZI2C_CAM_EZI2C_TX_CTRL;
 152:Generated_Source\PSoC4/EZI2C_CAM_EZI2C.c ****             EZI2C_CAM_TX_FIFO_CTRL_REG = ((0u != (config->enableClockStretch)) ?
 153:Generated_Source\PSoC4/EZI2C_CAM_EZI2C.c ****                                                  EZI2C_CAM_CLEAR_REG : EZI2C_CAM_EZI2C_TX_FIFO_CTRL
 154:Generated_Source\PSoC4/EZI2C_CAM_EZI2C.c **** 
 155:Generated_Source\PSoC4/EZI2C_CAM_EZI2C.c ****             /* Configure interrupt sources */
 156:Generated_Source\PSoC4/EZI2C_CAM_EZI2C.c ****         #if (!EZI2C_CAM_CY_SCBIP_V1)
 157:Generated_Source\PSoC4/EZI2C_CAM_EZI2C.c ****            EZI2C_CAM_INTR_SPI_EC_MASK_REG = EZI2C_CAM_NO_INTR_SOURCES;
 158:Generated_Source\PSoC4/EZI2C_CAM_EZI2C.c ****         #endif /* (!EZI2C_CAM_CY_SCBIP_V1) */
 159:Generated_Source\PSoC4/EZI2C_CAM_EZI2C.c **** 
 160:Generated_Source\PSoC4/EZI2C_CAM_EZI2C.c ****             EZI2C_CAM_INTR_I2C_EC_MASK_REG = EZI2C_CAM_NO_INTR_SOURCES;
 161:Generated_Source\PSoC4/EZI2C_CAM_EZI2C.c ****             EZI2C_CAM_INTR_MASTER_MASK_REG = EZI2C_CAM_NO_INTR_SOURCES;
 162:Generated_Source\PSoC4/EZI2C_CAM_EZI2C.c ****             EZI2C_CAM_INTR_SLAVE_MASK_REG  = EZI2C_CAM_EZI2C_INTR_SLAVE_MASK;
 163:Generated_Source\PSoC4/EZI2C_CAM_EZI2C.c ****             EZI2C_CAM_INTR_TX_MASK_REG     = EZI2C_CAM_NO_INTR_SOURCES;
 164:Generated_Source\PSoC4/EZI2C_CAM_EZI2C.c **** 
 165:Generated_Source\PSoC4/EZI2C_CAM_EZI2C.c ****             /* Configure interrupt with EZI2C handler but do not enable it */
 166:Generated_Source\PSoC4/EZI2C_CAM_EZI2C.c ****             CyIntDisable    (EZI2C_CAM_ISR_NUMBER);
 167:Generated_Source\PSoC4/EZI2C_CAM_EZI2C.c ****             CyIntSetPriority(EZI2C_CAM_ISR_NUMBER, EZI2C_CAM_ISR_PRIORITY);
 168:Generated_Source\PSoC4/EZI2C_CAM_EZI2C.c ****             (void) CyIntSetVector(EZI2C_CAM_ISR_NUMBER, (0u != (config->enableClockStretch)) ?
 169:Generated_Source\PSoC4/EZI2C_CAM_EZI2C.c ****                                                                       (&EZI2C_CAM_EZI2C_STRETCH_ISR
 170:Generated_Source\PSoC4/EZI2C_CAM_EZI2C.c ****                                                                       (&EZI2C_CAM_EZI2C_NO_STRETCH_
 171:Generated_Source\PSoC4/EZI2C_CAM_EZI2C.c **** 
 172:Generated_Source\PSoC4/EZI2C_CAM_EZI2C.c ****             if(0u != (config->enableClockStretch))
 173:Generated_Source\PSoC4/EZI2C_CAM_EZI2C.c ****             {
 174:Generated_Source\PSoC4/EZI2C_CAM_EZI2C.c ****                 /* Configure interrupt sources */
 175:Generated_Source\PSoC4/EZI2C_CAM_EZI2C.c ****                 EZI2C_CAM_INTR_SLAVE_MASK_REG |= EZI2C_CAM_INTR_SLAVE_I2C_ADDR_MATCH;
 176:Generated_Source\PSoC4/EZI2C_CAM_EZI2C.c ****                 EZI2C_CAM_INTR_RX_MASK_REG     = EZI2C_CAM_NO_INTR_SOURCES;
 177:Generated_Source\PSoC4/EZI2C_CAM_EZI2C.c ****             }
 178:Generated_Source\PSoC4/EZI2C_CAM_EZI2C.c ****             else
 179:Generated_Source\PSoC4/EZI2C_CAM_EZI2C.c ****             {
 180:Generated_Source\PSoC4/EZI2C_CAM_EZI2C.c ****                 /* Enable Auto ACK/NACK features */
 181:Generated_Source\PSoC4/EZI2C_CAM_EZI2C.c ****                 EZI2C_CAM_I2C_CTRL_REG |= EZI2C_CAM_EZI2C_CTRL_AUTO;
 182:Generated_Source\PSoC4/EZI2C_CAM_EZI2C.c **** 
 183:Generated_Source\PSoC4/EZI2C_CAM_EZI2C.c ****                 /* Configure RX interrupt source */
 184:Generated_Source\PSoC4/EZI2C_CAM_EZI2C.c ****                 EZI2C_CAM_INTR_SLAVE_MASK_REG |= EZI2C_CAM_INTR_SLAVE_I2C_START;
 185:Generated_Source\PSoC4/EZI2C_CAM_EZI2C.c ****                 EZI2C_CAM_INTR_RX_MASK_REG     = EZI2C_CAM_INTR_RX_NOT_EMPTY;
 186:Generated_Source\PSoC4/EZI2C_CAM_EZI2C.c ****             }
 187:Generated_Source\PSoC4/EZI2C_CAM_EZI2C.c **** 
 188:Generated_Source\PSoC4/EZI2C_CAM_EZI2C.c ****             /* Configure global variables */
 189:Generated_Source\PSoC4/EZI2C_CAM_EZI2C.c ****             EZI2C_CAM_fsmState = EZI2C_CAM_EZI2C_FSM_IDLE;
 190:Generated_Source\PSoC4/EZI2C_CAM_EZI2C.c **** 
 191:Generated_Source\PSoC4/EZI2C_CAM_EZI2C.c ****             EZI2C_CAM_curStatus  = 0u;
 192:Generated_Source\PSoC4/EZI2C_CAM_EZI2C.c ****             EZI2C_CAM_indexBuf1  = 0u;
 193:Generated_Source\PSoC4/EZI2C_CAM_EZI2C.c ****             EZI2C_CAM_offsetBuf1 = 0u;
 194:Generated_Source\PSoC4/EZI2C_CAM_EZI2C.c ****             EZI2C_CAM_indexBuf2  = 0u;
ARM GAS  C:\Users\ilya\AppData\Local\Temp\ccyexrGp.s 			page 5


 195:Generated_Source\PSoC4/EZI2C_CAM_EZI2C.c ****             EZI2C_CAM_offsetBuf2 = 0u;
 196:Generated_Source\PSoC4/EZI2C_CAM_EZI2C.c **** 
 197:Generated_Source\PSoC4/EZI2C_CAM_EZI2C.c ****             EZI2C_CAM_addrBuf1 = (uint8) config->primarySlaveAddr;
 198:Generated_Source\PSoC4/EZI2C_CAM_EZI2C.c ****             EZI2C_CAM_addrBuf2 = (uint8) config->secondarySlaveAddr;
 199:Generated_Source\PSoC4/EZI2C_CAM_EZI2C.c ****         }
 200:Generated_Source\PSoC4/EZI2C_CAM_EZI2C.c ****     }
 201:Generated_Source\PSoC4/EZI2C_CAM_EZI2C.c **** 
 202:Generated_Source\PSoC4/EZI2C_CAM_EZI2C.c **** #else
 203:Generated_Source\PSoC4/EZI2C_CAM_EZI2C.c **** 
 204:Generated_Source\PSoC4/EZI2C_CAM_EZI2C.c ****     /*******************************************************************************
 205:Generated_Source\PSoC4/EZI2C_CAM_EZI2C.c ****     * Function Name: EZI2C_CAM_EzI2CInit
 206:Generated_Source\PSoC4/EZI2C_CAM_EZI2C.c ****     ****************************************************************************//**
 207:Generated_Source\PSoC4/EZI2C_CAM_EZI2C.c ****     *
 208:Generated_Source\PSoC4/EZI2C_CAM_EZI2C.c ****     *  Configures the SCB for the EZI2C operation.
 209:Generated_Source\PSoC4/EZI2C_CAM_EZI2C.c ****     *
 210:Generated_Source\PSoC4/EZI2C_CAM_EZI2C.c ****     *******************************************************************************/
 211:Generated_Source\PSoC4/EZI2C_CAM_EZI2C.c ****     void EZI2C_CAM_EzI2CInit(void)
 212:Generated_Source\PSoC4/EZI2C_CAM_EZI2C.c ****     {
  35              		.loc 1 212 0
  36              		.cfi_startproc
  37              		@ args = 0, pretend = 0, frame = 0
  38              		@ frame_needed = 1, uses_anonymous_args = 0
  39 0000 80B5     		push	{r7, lr}
  40              		.cfi_def_cfa_offset 8
  41              		.cfi_offset 7, -8
  42              		.cfi_offset 14, -4
  43 0002 00AF     		add	r7, sp, #0
  44              		.cfi_def_cfa_register 7
 213:Generated_Source\PSoC4/EZI2C_CAM_EZI2C.c ****         /* Configure I2C interface */
 214:Generated_Source\PSoC4/EZI2C_CAM_EZI2C.c ****         EZI2C_CAM_CTRL_REG     = EZI2C_CAM_EZI2C_DEFAULT_CTRL;
  45              		.loc 1 214 0
  46 0004 244B     		ldr	r3, .L2
  47 0006 0022     		movs	r2, #0
  48 0008 1A60     		str	r2, [r3]
 215:Generated_Source\PSoC4/EZI2C_CAM_EZI2C.c ****         EZI2C_CAM_I2C_CTRL_REG = EZI2C_CAM_EZI2C_DEFAULT_I2C_CTRL;
  49              		.loc 1 215 0
  50 000a 244B     		ldr	r3, .L2+4
  51 000c 244A     		ldr	r2, .L2+8
  52 000e 1A60     		str	r2, [r3]
 216:Generated_Source\PSoC4/EZI2C_CAM_EZI2C.c **** 
 217:Generated_Source\PSoC4/EZI2C_CAM_EZI2C.c ****     #if (EZI2C_CAM_CY_SCBIP_V0)
 218:Generated_Source\PSoC4/EZI2C_CAM_EZI2C.c ****         /* Adjust SDA filter settings. Ticket ID#150521 */
 219:Generated_Source\PSoC4/EZI2C_CAM_EZI2C.c ****         EZI2C_CAM_SET_I2C_CFG_SDA_FILT_TRIM(EZI2C_CAM_EC_AM_I2C_CFG_SDA_FILT_TRIM);
  53              		.loc 1 219 0
  54 0010 244B     		ldr	r3, .L2+12
  55 0012 244A     		ldr	r2, .L2+12
  56 0014 1268     		ldr	r2, [r2]
  57 0016 0C21     		movs	r1, #12
  58 0018 0A43     		orrs	r2, r1
  59 001a 1A60     		str	r2, [r3]
 220:Generated_Source\PSoC4/EZI2C_CAM_EZI2C.c ****     #endif /* (EZI2C_CAM_CY_SCBIP_V0) */
 221:Generated_Source\PSoC4/EZI2C_CAM_EZI2C.c **** 
 222:Generated_Source\PSoC4/EZI2C_CAM_EZI2C.c ****         /* Configure RX direction */
 223:Generated_Source\PSoC4/EZI2C_CAM_EZI2C.c ****         EZI2C_CAM_RX_CTRL_REG      = EZI2C_CAM_EZI2C_DEFAULT_RX_CTRL;
  60              		.loc 1 223 0
  61 001c 224B     		ldr	r3, .L2+16
  62 001e 234A     		ldr	r2, .L2+20
ARM GAS  C:\Users\ilya\AppData\Local\Temp\ccyexrGp.s 			page 6


  63 0020 1A60     		str	r2, [r3]
 224:Generated_Source\PSoC4/EZI2C_CAM_EZI2C.c ****         EZI2C_CAM_RX_FIFO_CTRL_REG = EZI2C_CAM_EZI2C_DEFAULT_RX_FIFO_CTRL;
  64              		.loc 1 224 0
  65 0022 234B     		ldr	r3, .L2+24
  66 0024 0022     		movs	r2, #0
  67 0026 1A60     		str	r2, [r3]
 225:Generated_Source\PSoC4/EZI2C_CAM_EZI2C.c **** 
 226:Generated_Source\PSoC4/EZI2C_CAM_EZI2C.c ****         /* Set default address and mask */
 227:Generated_Source\PSoC4/EZI2C_CAM_EZI2C.c ****         EZI2C_CAM_RX_MATCH_REG     = EZI2C_CAM_EZI2C_DEFAULT_RX_MATCH;
  68              		.loc 1 227 0
  69 0028 224B     		ldr	r3, .L2+28
  70 002a 234A     		ldr	r2, .L2+32
  71 002c 1A60     		str	r2, [r3]
 228:Generated_Source\PSoC4/EZI2C_CAM_EZI2C.c **** 
 229:Generated_Source\PSoC4/EZI2C_CAM_EZI2C.c ****         /* Configure TX direction */
 230:Generated_Source\PSoC4/EZI2C_CAM_EZI2C.c ****         EZI2C_CAM_TX_CTRL_REG      = EZI2C_CAM_EZI2C_DEFAULT_TX_CTRL;
  72              		.loc 1 230 0
  73 002e 234B     		ldr	r3, .L2+36
  74 0030 1E4A     		ldr	r2, .L2+20
  75 0032 1A60     		str	r2, [r3]
 231:Generated_Source\PSoC4/EZI2C_CAM_EZI2C.c ****         EZI2C_CAM_TX_FIFO_CTRL_REG = EZI2C_CAM_EZI2C_DEFAULT_TX_FIFO_CTRL;
  76              		.loc 1 231 0
  77 0034 224B     		ldr	r3, .L2+40
  78 0036 0022     		movs	r2, #0
  79 0038 1A60     		str	r2, [r3]
 232:Generated_Source\PSoC4/EZI2C_CAM_EZI2C.c **** 
 233:Generated_Source\PSoC4/EZI2C_CAM_EZI2C.c ****         /* Configure interrupt with EZI2C handler but do not enable it */
 234:Generated_Source\PSoC4/EZI2C_CAM_EZI2C.c ****     #if !defined (CY_EXTERNAL_INTERRUPT_CONFIG)
 235:Generated_Source\PSoC4/EZI2C_CAM_EZI2C.c ****         CyIntDisable    (EZI2C_CAM_ISR_NUMBER);
  80              		.loc 1 235 0
  81 003a 0B20     		movs	r0, #11
  82 003c FFF7FEFF 		bl	CyIntDisable
 236:Generated_Source\PSoC4/EZI2C_CAM_EZI2C.c ****         CyIntSetPriority(EZI2C_CAM_ISR_NUMBER, EZI2C_CAM_ISR_PRIORITY);
  83              		.loc 1 236 0
  84 0040 0321     		movs	r1, #3
  85 0042 0B20     		movs	r0, #11
  86 0044 FFF7FEFF 		bl	CyIntSetPriority
 237:Generated_Source\PSoC4/EZI2C_CAM_EZI2C.c **** 
 238:Generated_Source\PSoC4/EZI2C_CAM_EZI2C.c ****     #if (EZI2C_CAM_EZI2C_SCL_STRETCH_ENABLE_CONST)
 239:Generated_Source\PSoC4/EZI2C_CAM_EZI2C.c ****         (void) CyIntSetVector(EZI2C_CAM_ISR_NUMBER, &EZI2C_CAM_EZI2C_STRETCH_ISR);
  87              		.loc 1 239 0
  88 0048 1E4B     		ldr	r3, .L2+44
  89 004a 1900     		movs	r1, r3
  90 004c 0B20     		movs	r0, #11
  91 004e FFF7FEFF 		bl	CyIntSetVector
 240:Generated_Source\PSoC4/EZI2C_CAM_EZI2C.c ****     #else
 241:Generated_Source\PSoC4/EZI2C_CAM_EZI2C.c ****         (void) CyIntSetVector(EZI2C_CAM_ISR_NUMBER, &EZI2C_CAM_EZI2C_NO_STRETCH_ISR);
 242:Generated_Source\PSoC4/EZI2C_CAM_EZI2C.c ****     #endif /* (EZI2C_CAM_EZI2C_SCL_STRETCH_ENABLE_CONST) */
 243:Generated_Source\PSoC4/EZI2C_CAM_EZI2C.c **** 
 244:Generated_Source\PSoC4/EZI2C_CAM_EZI2C.c ****     #endif /* !defined (CY_EXTERNAL_INTERRUPT_CONFIG) */
 245:Generated_Source\PSoC4/EZI2C_CAM_EZI2C.c **** 
 246:Generated_Source\PSoC4/EZI2C_CAM_EZI2C.c ****         /* Configure interrupt sources */
 247:Generated_Source\PSoC4/EZI2C_CAM_EZI2C.c ****     #if (!EZI2C_CAM_CY_SCBIP_V1)
 248:Generated_Source\PSoC4/EZI2C_CAM_EZI2C.c ****         EZI2C_CAM_INTR_SPI_EC_MASK_REG = EZI2C_CAM_EZI2C_DEFAULT_INTR_SPI_EC_MASK;
  92              		.loc 1 248 0
  93 0052 1D4B     		ldr	r3, .L2+48
  94 0054 0022     		movs	r2, #0
ARM GAS  C:\Users\ilya\AppData\Local\Temp\ccyexrGp.s 			page 7


  95 0056 1A60     		str	r2, [r3]
 249:Generated_Source\PSoC4/EZI2C_CAM_EZI2C.c ****     #endif /* (!EZI2C_CAM_CY_SCBIP_V1) */
 250:Generated_Source\PSoC4/EZI2C_CAM_EZI2C.c **** 
 251:Generated_Source\PSoC4/EZI2C_CAM_EZI2C.c ****         EZI2C_CAM_INTR_I2C_EC_MASK_REG = EZI2C_CAM_EZI2C_DEFAULT_INTR_I2C_EC_MASK;
  96              		.loc 1 251 0
  97 0058 1C4B     		ldr	r3, .L2+52
  98 005a 0022     		movs	r2, #0
  99 005c 1A60     		str	r2, [r3]
 252:Generated_Source\PSoC4/EZI2C_CAM_EZI2C.c ****         EZI2C_CAM_INTR_SLAVE_MASK_REG  = EZI2C_CAM_EZI2C_DEFAULT_INTR_SLAVE_MASK;
 100              		.loc 1 252 0
 101 005e 1C4B     		ldr	r3, .L2+56
 102 0060 5222     		movs	r2, #82
 103 0062 FF32     		adds	r2, r2, #255
 104 0064 1A60     		str	r2, [r3]
 253:Generated_Source\PSoC4/EZI2C_CAM_EZI2C.c ****         EZI2C_CAM_INTR_MASTER_MASK_REG = EZI2C_CAM_EZI2C_DEFAULT_INTR_MASTER_MASK;
 105              		.loc 1 253 0
 106 0066 1B4B     		ldr	r3, .L2+60
 107 0068 0022     		movs	r2, #0
 108 006a 1A60     		str	r2, [r3]
 254:Generated_Source\PSoC4/EZI2C_CAM_EZI2C.c ****         EZI2C_CAM_INTR_RX_MASK_REG     = EZI2C_CAM_EZI2C_DEFAULT_INTR_RX_MASK;
 109              		.loc 1 254 0
 110 006c 1A4B     		ldr	r3, .L2+64
 111 006e 0022     		movs	r2, #0
 112 0070 1A60     		str	r2, [r3]
 255:Generated_Source\PSoC4/EZI2C_CAM_EZI2C.c ****         EZI2C_CAM_INTR_TX_MASK_REG     = EZI2C_CAM_EZI2C_DEFAULT_INTR_TX_MASK;
 113              		.loc 1 255 0
 114 0072 1A4B     		ldr	r3, .L2+68
 115 0074 0022     		movs	r2, #0
 116 0076 1A60     		str	r2, [r3]
 256:Generated_Source\PSoC4/EZI2C_CAM_EZI2C.c **** 
 257:Generated_Source\PSoC4/EZI2C_CAM_EZI2C.c ****         /* Configure global variables */
 258:Generated_Source\PSoC4/EZI2C_CAM_EZI2C.c ****         EZI2C_CAM_fsmState = EZI2C_CAM_EZI2C_FSM_IDLE;
 117              		.loc 1 258 0
 118 0078 194B     		ldr	r3, .L2+72
 119 007a 0022     		movs	r2, #0
 120 007c 1A70     		strb	r2, [r3]
 259:Generated_Source\PSoC4/EZI2C_CAM_EZI2C.c **** 
 260:Generated_Source\PSoC4/EZI2C_CAM_EZI2C.c ****         EZI2C_CAM_curStatus  = 0u;
 121              		.loc 1 260 0
 122 007e 194B     		ldr	r3, .L2+76
 123 0080 0022     		movs	r2, #0
 124 0082 1A70     		strb	r2, [r3]
 261:Generated_Source\PSoC4/EZI2C_CAM_EZI2C.c ****         EZI2C_CAM_indexBuf1  = 0u;
 125              		.loc 1 261 0
 126 0084 184B     		ldr	r3, .L2+80
 127 0086 0022     		movs	r2, #0
 128 0088 1A80     		strh	r2, [r3]
 262:Generated_Source\PSoC4/EZI2C_CAM_EZI2C.c ****         EZI2C_CAM_offsetBuf1 = 0u;
 129              		.loc 1 262 0
 130 008a 184B     		ldr	r3, .L2+84
 131 008c 0022     		movs	r2, #0
 132 008e 1A70     		strb	r2, [r3]
 263:Generated_Source\PSoC4/EZI2C_CAM_EZI2C.c **** 
 264:Generated_Source\PSoC4/EZI2C_CAM_EZI2C.c ****     #if(EZI2C_CAM_SECONDARY_ADDRESS_ENABLE_CONST)
 265:Generated_Source\PSoC4/EZI2C_CAM_EZI2C.c ****         EZI2C_CAM_indexBuf2  = 0u;
 266:Generated_Source\PSoC4/EZI2C_CAM_EZI2C.c ****         EZI2C_CAM_offsetBuf2 = 0u;
 267:Generated_Source\PSoC4/EZI2C_CAM_EZI2C.c **** 
ARM GAS  C:\Users\ilya\AppData\Local\Temp\ccyexrGp.s 			page 8


 268:Generated_Source\PSoC4/EZI2C_CAM_EZI2C.c ****         EZI2C_CAM_addrBuf1 = EZI2C_CAM_EZI2C_PRIMARY_SLAVE_ADDRESS;
 269:Generated_Source\PSoC4/EZI2C_CAM_EZI2C.c ****         EZI2C_CAM_addrBuf2 = EZI2C_CAM_EZI2C_SECONDARY_SLAVE_ADDRESS;
 270:Generated_Source\PSoC4/EZI2C_CAM_EZI2C.c ****     #endif /* (EZI2C_CAM_SECONDARY_ADDRESS_ENABLE_CONST) */
 271:Generated_Source\PSoC4/EZI2C_CAM_EZI2C.c ****     }
 133              		.loc 1 271 0
 134 0090 C046     		nop
 135 0092 BD46     		mov	sp, r7
 136              		@ sp needed
 137 0094 80BD     		pop	{r7, pc}
 138              	.L3:
 139 0096 C046     		.align	2
 140              	.L2:
 141 0098 00000740 		.word	1074200576
 142 009c 60000740 		.word	1074200672
 143 00a0 00080040 		.word	1073743872
 144 00a4 70000740 		.word	1074200688
 145 00a8 00030740 		.word	1074201344
 146 00ac 07010080 		.word	-2147483385
 147 00b0 04030740 		.word	1074201348
 148 00b4 10030740 		.word	1074201360
 149 00b8 4400FE00 		.word	16646212
 150 00bc 00020740 		.word	1074201088
 151 00c0 04020740 		.word	1074201092
 152 00c4 00000000 		.word	EZI2C_CAM_EZI2C_STRETCH_ISR
 153 00c8 C80E0740 		.word	1074204360
 154 00cc 880E0740 		.word	1074204296
 155 00d0 480F0740 		.word	1074204488
 156 00d4 080F0740 		.word	1074204424
 157 00d8 C80F0740 		.word	1074204616
 158 00dc 880F0740 		.word	1074204552
 159 00e0 00000000 		.word	EZI2C_CAM_fsmState
 160 00e4 00000000 		.word	EZI2C_CAM_curStatus
 161 00e8 00000000 		.word	EZI2C_CAM_indexBuf1
 162 00ec 00000000 		.word	EZI2C_CAM_offsetBuf1
 163              		.cfi_endproc
 164              	.LFE0:
 165              		.size	EZI2C_CAM_EzI2CInit, .-EZI2C_CAM_EzI2CInit
 166              		.section	.text.EZI2C_CAM_EzI2CStop,"ax",%progbits
 167              		.align	2
 168              		.global	EZI2C_CAM_EzI2CStop
 169              		.code	16
 170              		.thumb_func
 171              		.type	EZI2C_CAM_EzI2CStop, %function
 172              	EZI2C_CAM_EzI2CStop:
 173              	.LFB1:
 272:Generated_Source\PSoC4/EZI2C_CAM_EZI2C.c **** #endif /* (EZI2C_CAM_SCB_MODE_UNCONFIG_CONST_CFG) */
 273:Generated_Source\PSoC4/EZI2C_CAM_EZI2C.c **** 
 274:Generated_Source\PSoC4/EZI2C_CAM_EZI2C.c **** 
 275:Generated_Source\PSoC4/EZI2C_CAM_EZI2C.c **** /*******************************************************************************
 276:Generated_Source\PSoC4/EZI2C_CAM_EZI2C.c **** * Function Name: EZI2C_CAM_EzI2CStop
 277:Generated_Source\PSoC4/EZI2C_CAM_EZI2C.c **** ****************************************************************************//**
 278:Generated_Source\PSoC4/EZI2C_CAM_EZI2C.c **** *
 279:Generated_Source\PSoC4/EZI2C_CAM_EZI2C.c **** *  Resets the EZI2C FSM into the default state.
 280:Generated_Source\PSoC4/EZI2C_CAM_EZI2C.c **** *
 281:Generated_Source\PSoC4/EZI2C_CAM_EZI2C.c **** *******************************************************************************/
 282:Generated_Source\PSoC4/EZI2C_CAM_EZI2C.c **** void EZI2C_CAM_EzI2CStop(void)
 283:Generated_Source\PSoC4/EZI2C_CAM_EZI2C.c **** {
ARM GAS  C:\Users\ilya\AppData\Local\Temp\ccyexrGp.s 			page 9


 174              		.loc 1 283 0
 175              		.cfi_startproc
 176              		@ args = 0, pretend = 0, frame = 0
 177              		@ frame_needed = 1, uses_anonymous_args = 0
 178 0000 80B5     		push	{r7, lr}
 179              		.cfi_def_cfa_offset 8
 180              		.cfi_offset 7, -8
 181              		.cfi_offset 14, -4
 182 0002 00AF     		add	r7, sp, #0
 183              		.cfi_def_cfa_register 7
 284:Generated_Source\PSoC4/EZI2C_CAM_EZI2C.c ****     EZI2C_CAM_fsmState = EZI2C_CAM_EZI2C_FSM_IDLE;
 184              		.loc 1 284 0
 185 0004 024B     		ldr	r3, .L5
 186 0006 0022     		movs	r2, #0
 187 0008 1A70     		strb	r2, [r3]
 285:Generated_Source\PSoC4/EZI2C_CAM_EZI2C.c **** }
 188              		.loc 1 285 0
 189 000a C046     		nop
 190 000c BD46     		mov	sp, r7
 191              		@ sp needed
 192 000e 80BD     		pop	{r7, pc}
 193              	.L6:
 194              		.align	2
 195              	.L5:
 196 0010 00000000 		.word	EZI2C_CAM_fsmState
 197              		.cfi_endproc
 198              	.LFE1:
 199              		.size	EZI2C_CAM_EzI2CStop, .-EZI2C_CAM_EzI2CStop
 200              		.section	.text.EZI2C_CAM_EzI2CGetActivity,"ax",%progbits
 201              		.align	2
 202              		.global	EZI2C_CAM_EzI2CGetActivity
 203              		.code	16
 204              		.thumb_func
 205              		.type	EZI2C_CAM_EzI2CGetActivity, %function
 206              	EZI2C_CAM_EzI2CGetActivity:
 207              	.LFB2:
 286:Generated_Source\PSoC4/EZI2C_CAM_EZI2C.c **** 
 287:Generated_Source\PSoC4/EZI2C_CAM_EZI2C.c **** 
 288:Generated_Source\PSoC4/EZI2C_CAM_EZI2C.c **** /*******************************************************************************
 289:Generated_Source\PSoC4/EZI2C_CAM_EZI2C.c **** * Function Name: EZI2C_CAM_EzI2CGetActivity
 290:Generated_Source\PSoC4/EZI2C_CAM_EZI2C.c **** ****************************************************************************//**
 291:Generated_Source\PSoC4/EZI2C_CAM_EZI2C.c **** *
 292:Generated_Source\PSoC4/EZI2C_CAM_EZI2C.c **** *  Returns the EZI2C slave status.
 293:Generated_Source\PSoC4/EZI2C_CAM_EZI2C.c **** *  The read, write and error status flags reset to zero after this function
 294:Generated_Source\PSoC4/EZI2C_CAM_EZI2C.c **** *  call. The busy status flag is cleared when the transaction intended for
 295:Generated_Source\PSoC4/EZI2C_CAM_EZI2C.c **** *  the EZI2C slave completes.
 296:Generated_Source\PSoC4/EZI2C_CAM_EZI2C.c **** *
 297:Generated_Source\PSoC4/EZI2C_CAM_EZI2C.c **** * \return
 298:Generated_Source\PSoC4/EZI2C_CAM_EZI2C.c **** *  Returns the status of the EZI2C Slave activity.
 299:Generated_Source\PSoC4/EZI2C_CAM_EZI2C.c **** *  - EZI2C_CAM_EZI2C_STATUS_READ1 - Read transfer complete. The transfer 
 300:Generated_Source\PSoC4/EZI2C_CAM_EZI2C.c **** *    used the primary slave address. The error condition status bit must be 
 301:Generated_Source\PSoC4/EZI2C_CAM_EZI2C.c **** *    checked to ensure that read transfer was completed successfully.
 302:Generated_Source\PSoC4/EZI2C_CAM_EZI2C.c **** *  - EZI2C_CAM_EZI2C_STATUS_WRITE1 - Write transfer complete. The buffer 
 303:Generated_Source\PSoC4/EZI2C_CAM_EZI2C.c **** *    content was modified. The transfer used the primary slave address. 
 304:Generated_Source\PSoC4/EZI2C_CAM_EZI2C.c **** *    The error condition status bit must be checked to ensure that write 
 305:Generated_Source\PSoC4/EZI2C_CAM_EZI2C.c **** *    transfer was completed successfully.
 306:Generated_Source\PSoC4/EZI2C_CAM_EZI2C.c **** *  - EZI2C_CAM_EZI2C_STATUS_READ2 - Read transfer complete. The transfer
ARM GAS  C:\Users\ilya\AppData\Local\Temp\ccyexrGp.s 			page 10


 307:Generated_Source\PSoC4/EZI2C_CAM_EZI2C.c **** *    used the secondary slave address. The error condition status bit must be 
 308:Generated_Source\PSoC4/EZI2C_CAM_EZI2C.c **** *    checked to ensure that read transfer was completed successfully.
 309:Generated_Source\PSoC4/EZI2C_CAM_EZI2C.c **** *  - EZI2C_CAM_EZI2C_STATUS_WRITE2 - Write transfer complete. The buffer
 310:Generated_Source\PSoC4/EZI2C_CAM_EZI2C.c **** *    content was modified. The transfer used the secondary slave address. 
 311:Generated_Source\PSoC4/EZI2C_CAM_EZI2C.c **** *    The error condition status bit must be checked to ensure that write 
 312:Generated_Source\PSoC4/EZI2C_CAM_EZI2C.c **** *    transfer was completed successfully.
 313:Generated_Source\PSoC4/EZI2C_CAM_EZI2C.c **** *  - EZI2C_CAM_EZI2C_STATUS_BUSY - A transfer intended for the primary 
 314:Generated_Source\PSoC4/EZI2C_CAM_EZI2C.c **** *    or secondary address is in progress. The status bit is set after an 
 315:Generated_Source\PSoC4/EZI2C_CAM_EZI2C.c **** *    address match and cleared on a Stop or ReStart condition.
 316:Generated_Source\PSoC4/EZI2C_CAM_EZI2C.c **** *  - EZI2C_CAM_EZI2C_STATUS_ERR - An error occurred during a transfer 
 317:Generated_Source\PSoC4/EZI2C_CAM_EZI2C.c **** *    intended for the primary or secondary slave address. The sources of error
 318:Generated_Source\PSoC4/EZI2C_CAM_EZI2C.c **** *    are: misplaced Start or Stop condition or lost arbitration while slave 
 319:Generated_Source\PSoC4/EZI2C_CAM_EZI2C.c **** *    drives SDA.
 320:Generated_Source\PSoC4/EZI2C_CAM_EZI2C.c **** *    The write buffer may contain invalid byte or part of the transaction when 
 321:Generated_Source\PSoC4/EZI2C_CAM_EZI2C.c **** *    EZI2C_CAM_EZI2C_STATUS_ERR and EZI2C_CAM_EZI2C_STATUS_WRITE1/2 
 322:Generated_Source\PSoC4/EZI2C_CAM_EZI2C.c **** *    is set. It is recommended to discard buffer content in this case.
 323:Generated_Source\PSoC4/EZI2C_CAM_EZI2C.c **** *
 324:Generated_Source\PSoC4/EZI2C_CAM_EZI2C.c **** * \globalvars
 325:Generated_Source\PSoC4/EZI2C_CAM_EZI2C.c **** *  EZI2C_CAM_curStatus - used to store the current status of the EZI2C 
 326:Generated_Source\PSoC4/EZI2C_CAM_EZI2C.c **** *  slave.
 327:Generated_Source\PSoC4/EZI2C_CAM_EZI2C.c **** *
 328:Generated_Source\PSoC4/EZI2C_CAM_EZI2C.c **** *******************************************************************************/
 329:Generated_Source\PSoC4/EZI2C_CAM_EZI2C.c **** uint32 EZI2C_CAM_EzI2CGetActivity(void)
 330:Generated_Source\PSoC4/EZI2C_CAM_EZI2C.c **** {
 208              		.loc 1 330 0
 209              		.cfi_startproc
 210              		@ args = 0, pretend = 0, frame = 8
 211              		@ frame_needed = 1, uses_anonymous_args = 0
 212 0000 80B5     		push	{r7, lr}
 213              		.cfi_def_cfa_offset 8
 214              		.cfi_offset 7, -8
 215              		.cfi_offset 14, -4
 216 0002 82B0     		sub	sp, sp, #8
 217              		.cfi_def_cfa_offset 16
 218 0004 00AF     		add	r7, sp, #0
 219              		.cfi_def_cfa_register 7
 331:Generated_Source\PSoC4/EZI2C_CAM_EZI2C.c ****     uint32 status;
 332:Generated_Source\PSoC4/EZI2C_CAM_EZI2C.c **** 
 333:Generated_Source\PSoC4/EZI2C_CAM_EZI2C.c ****     EZI2C_CAM_DisableInt();  /* Lock from interruption */
 220              		.loc 1 333 0
 221 0006 0B20     		movs	r0, #11
 222 0008 FFF7FEFF 		bl	CyIntDisable
 334:Generated_Source\PSoC4/EZI2C_CAM_EZI2C.c **** 
 335:Generated_Source\PSoC4/EZI2C_CAM_EZI2C.c ****     status = EZI2C_CAM_curStatus;
 223              		.loc 1 335 0
 224 000c 094B     		ldr	r3, .L9
 225 000e 1B78     		ldrb	r3, [r3]
 226 0010 DBB2     		uxtb	r3, r3
 227 0012 7B60     		str	r3, [r7, #4]
 336:Generated_Source\PSoC4/EZI2C_CAM_EZI2C.c **** 
 337:Generated_Source\PSoC4/EZI2C_CAM_EZI2C.c ****     /* Relay on address match event from HW as bus busy status */
 338:Generated_Source\PSoC4/EZI2C_CAM_EZI2C.c ****     #if(EZI2C_CAM_EZI2C_SCL_STRETCH_DISABLE)
 339:Generated_Source\PSoC4/EZI2C_CAM_EZI2C.c ****     {
 340:Generated_Source\PSoC4/EZI2C_CAM_EZI2C.c ****         /* For EZI2C_CAM_CY_SCBIP_V0 the wake is prohibited by customizer */
 341:Generated_Source\PSoC4/EZI2C_CAM_EZI2C.c ****         #if(EZI2C_CAM_EZI2C_EC_AM_ENABLE)
 342:Generated_Source\PSoC4/EZI2C_CAM_EZI2C.c ****         {
 343:Generated_Source\PSoC4/EZI2C_CAM_EZI2C.c ****             status |= EZI2C_CAM_CHECK_INTR_I2C_EC(EZI2C_CAM_INTR_I2C_EC_WAKE_UP) ?
ARM GAS  C:\Users\ilya\AppData\Local\Temp\ccyexrGp.s 			page 11


 344:Generated_Source\PSoC4/EZI2C_CAM_EZI2C.c ****                         EZI2C_CAM_EZI2C_STATUS_BUSY : 0u;
 345:Generated_Source\PSoC4/EZI2C_CAM_EZI2C.c ****         }
 346:Generated_Source\PSoC4/EZI2C_CAM_EZI2C.c ****         #else
 347:Generated_Source\PSoC4/EZI2C_CAM_EZI2C.c ****         {
 348:Generated_Source\PSoC4/EZI2C_CAM_EZI2C.c ****             status |= EZI2C_CAM_CHECK_INTR_SLAVE(EZI2C_CAM_INTR_SLAVE_I2C_ADDR_MATCH) ?
 349:Generated_Source\PSoC4/EZI2C_CAM_EZI2C.c ****                         EZI2C_CAM_EZI2C_STATUS_BUSY : 0u;
 350:Generated_Source\PSoC4/EZI2C_CAM_EZI2C.c ****         }
 351:Generated_Source\PSoC4/EZI2C_CAM_EZI2C.c ****         #endif
 352:Generated_Source\PSoC4/EZI2C_CAM_EZI2C.c ****     }
 353:Generated_Source\PSoC4/EZI2C_CAM_EZI2C.c ****     #endif
 354:Generated_Source\PSoC4/EZI2C_CAM_EZI2C.c **** 
 355:Generated_Source\PSoC4/EZI2C_CAM_EZI2C.c ****     EZI2C_CAM_curStatus &= ((uint8) ~EZI2C_CAM_EZI2C_CLEAR_STATUS);
 228              		.loc 1 355 0
 229 0014 074B     		ldr	r3, .L9
 230 0016 1B78     		ldrb	r3, [r3]
 231 0018 DBB2     		uxtb	r3, r3
 232 001a 1F22     		movs	r2, #31
 233 001c 9343     		bics	r3, r2
 234 001e DAB2     		uxtb	r2, r3
 235 0020 044B     		ldr	r3, .L9
 236 0022 1A70     		strb	r2, [r3]
 356:Generated_Source\PSoC4/EZI2C_CAM_EZI2C.c **** 
 357:Generated_Source\PSoC4/EZI2C_CAM_EZI2C.c ****     EZI2C_CAM_EnableInt();   /* Release lock */
 237              		.loc 1 357 0
 238 0024 0B20     		movs	r0, #11
 239 0026 FFF7FEFF 		bl	CyIntEnable
 358:Generated_Source\PSoC4/EZI2C_CAM_EZI2C.c **** 
 359:Generated_Source\PSoC4/EZI2C_CAM_EZI2C.c ****     return(status);
 240              		.loc 1 359 0
 241 002a 7B68     		ldr	r3, [r7, #4]
 360:Generated_Source\PSoC4/EZI2C_CAM_EZI2C.c **** }
 242              		.loc 1 360 0
 243 002c 1800     		movs	r0, r3
 244 002e BD46     		mov	sp, r7
 245 0030 02B0     		add	sp, sp, #8
 246              		@ sp needed
 247 0032 80BD     		pop	{r7, pc}
 248              	.L10:
 249              		.align	2
 250              	.L9:
 251 0034 00000000 		.word	EZI2C_CAM_curStatus
 252              		.cfi_endproc
 253              	.LFE2:
 254              		.size	EZI2C_CAM_EzI2CGetActivity, .-EZI2C_CAM_EzI2CGetActivity
 255              		.section	.text.EZI2C_CAM_EzI2CSetAddress1,"ax",%progbits
 256              		.align	2
 257              		.global	EZI2C_CAM_EzI2CSetAddress1
 258              		.code	16
 259              		.thumb_func
 260              		.type	EZI2C_CAM_EzI2CSetAddress1, %function
 261              	EZI2C_CAM_EzI2CSetAddress1:
 262              	.LFB3:
 361:Generated_Source\PSoC4/EZI2C_CAM_EZI2C.c **** 
 362:Generated_Source\PSoC4/EZI2C_CAM_EZI2C.c **** 
 363:Generated_Source\PSoC4/EZI2C_CAM_EZI2C.c **** /*******************************************************************************
 364:Generated_Source\PSoC4/EZI2C_CAM_EZI2C.c **** * Function Name: EZI2C_CAM_EzI2CSetAddress1
 365:Generated_Source\PSoC4/EZI2C_CAM_EZI2C.c **** ****************************************************************************//**
ARM GAS  C:\Users\ilya\AppData\Local\Temp\ccyexrGp.s 			page 12


 366:Generated_Source\PSoC4/EZI2C_CAM_EZI2C.c **** *
 367:Generated_Source\PSoC4/EZI2C_CAM_EZI2C.c **** *  Sets the primary EZI2C slave address.
 368:Generated_Source\PSoC4/EZI2C_CAM_EZI2C.c **** *
 369:Generated_Source\PSoC4/EZI2C_CAM_EZI2C.c **** * \param address: I2C slave address for the secondary device.
 370:Generated_Source\PSoC4/EZI2C_CAM_EZI2C.c **** *  This address is the 7-bit right-justified slave address and does not 
 371:Generated_Source\PSoC4/EZI2C_CAM_EZI2C.c **** *   include the R/W bit.
 372:Generated_Source\PSoC4/EZI2C_CAM_EZI2C.c **** *
 373:Generated_Source\PSoC4/EZI2C_CAM_EZI2C.c **** *  The address value is not checked to see if it violates the I2C spec. 
 374:Generated_Source\PSoC4/EZI2C_CAM_EZI2C.c **** *  The preferred addresses are in the range between 8 and 120 (0x08 to 0x78).
 375:Generated_Source\PSoC4/EZI2C_CAM_EZI2C.c **** *
 376:Generated_Source\PSoC4/EZI2C_CAM_EZI2C.c **** * \globalvars
 377:Generated_Source\PSoC4/EZI2C_CAM_EZI2C.c **** *  EZI2C_CAM_addrBuf1 - used to store the primary 7-bit slave address 
 378:Generated_Source\PSoC4/EZI2C_CAM_EZI2C.c **** *  value.
 379:Generated_Source\PSoC4/EZI2C_CAM_EZI2C.c **** *
 380:Generated_Source\PSoC4/EZI2C_CAM_EZI2C.c **** *******************************************************************************/
 381:Generated_Source\PSoC4/EZI2C_CAM_EZI2C.c **** void EZI2C_CAM_EzI2CSetAddress1(uint32 address)
 382:Generated_Source\PSoC4/EZI2C_CAM_EZI2C.c **** {
 263              		.loc 1 382 0
 264              		.cfi_startproc
 265              		@ args = 0, pretend = 0, frame = 16
 266              		@ frame_needed = 1, uses_anonymous_args = 0
 267 0000 80B5     		push	{r7, lr}
 268              		.cfi_def_cfa_offset 8
 269              		.cfi_offset 7, -8
 270              		.cfi_offset 14, -4
 271 0002 84B0     		sub	sp, sp, #16
 272              		.cfi_def_cfa_offset 24
 273 0004 00AF     		add	r7, sp, #0
 274              		.cfi_def_cfa_register 7
 275 0006 7860     		str	r0, [r7, #4]
 276              	.LBB2:
 383:Generated_Source\PSoC4/EZI2C_CAM_EZI2C.c ****     #if(EZI2C_CAM_SECONDARY_ADDRESS_ENABLE)
 384:Generated_Source\PSoC4/EZI2C_CAM_EZI2C.c ****     {
 385:Generated_Source\PSoC4/EZI2C_CAM_EZI2C.c ****         EZI2C_CAM_addrBuf1 = (uint8) address;
 386:Generated_Source\PSoC4/EZI2C_CAM_EZI2C.c **** 
 387:Generated_Source\PSoC4/EZI2C_CAM_EZI2C.c ****         EZI2C_CAM_RX_MATCH_REG = 
 388:Generated_Source\PSoC4/EZI2C_CAM_EZI2C.c ****                         EZI2C_CAM_EzI2CUpdateRxMatchReg(address, (uint32) EZI2C_CAM_addrBuf2);
 389:Generated_Source\PSoC4/EZI2C_CAM_EZI2C.c ****     }
 390:Generated_Source\PSoC4/EZI2C_CAM_EZI2C.c ****     #else
 391:Generated_Source\PSoC4/EZI2C_CAM_EZI2C.c ****     {
 392:Generated_Source\PSoC4/EZI2C_CAM_EZI2C.c ****         uint32 matchReg;
 393:Generated_Source\PSoC4/EZI2C_CAM_EZI2C.c **** 
 394:Generated_Source\PSoC4/EZI2C_CAM_EZI2C.c ****         matchReg = EZI2C_CAM_RX_MATCH_REG;
 277              		.loc 1 394 0
 278 0008 0A4B     		ldr	r3, .L12
 279 000a 1B68     		ldr	r3, [r3]
 280 000c FB60     		str	r3, [r7, #12]
 395:Generated_Source\PSoC4/EZI2C_CAM_EZI2C.c **** 
 396:Generated_Source\PSoC4/EZI2C_CAM_EZI2C.c ****         /* Set address. */
 397:Generated_Source\PSoC4/EZI2C_CAM_EZI2C.c ****         matchReg &= (uint32) ~EZI2C_CAM_RX_MATCH_ADDR_MASK;
 281              		.loc 1 397 0
 282 000e FB68     		ldr	r3, [r7, #12]
 283 0010 FF22     		movs	r2, #255
 284 0012 9343     		bics	r3, r2
 285 0014 FB60     		str	r3, [r7, #12]
 398:Generated_Source\PSoC4/EZI2C_CAM_EZI2C.c ****         matchReg |= (uint32)  EZI2C_CAM_GET_I2C_8BIT_ADDRESS(address);
 286              		.loc 1 398 0
ARM GAS  C:\Users\ilya\AppData\Local\Temp\ccyexrGp.s 			page 13


 287 0016 7B68     		ldr	r3, [r7, #4]
 288 0018 5B00     		lsls	r3, r3, #1
 289 001a FF22     		movs	r2, #255
 290 001c 1340     		ands	r3, r2
 291 001e FA68     		ldr	r2, [r7, #12]
 292 0020 1343     		orrs	r3, r2
 293 0022 FB60     		str	r3, [r7, #12]
 399:Generated_Source\PSoC4/EZI2C_CAM_EZI2C.c **** 
 400:Generated_Source\PSoC4/EZI2C_CAM_EZI2C.c ****         EZI2C_CAM_RX_MATCH_REG = matchReg;
 294              		.loc 1 400 0
 295 0024 034B     		ldr	r3, .L12
 296 0026 FA68     		ldr	r2, [r7, #12]
 297 0028 1A60     		str	r2, [r3]
 298              	.LBE2:
 401:Generated_Source\PSoC4/EZI2C_CAM_EZI2C.c ****     }
 402:Generated_Source\PSoC4/EZI2C_CAM_EZI2C.c ****     #endif
 403:Generated_Source\PSoC4/EZI2C_CAM_EZI2C.c **** }
 299              		.loc 1 403 0
 300 002a C046     		nop
 301 002c BD46     		mov	sp, r7
 302 002e 04B0     		add	sp, sp, #16
 303              		@ sp needed
 304 0030 80BD     		pop	{r7, pc}
 305              	.L13:
 306 0032 C046     		.align	2
 307              	.L12:
 308 0034 10030740 		.word	1074201360
 309              		.cfi_endproc
 310              	.LFE3:
 311              		.size	EZI2C_CAM_EzI2CSetAddress1, .-EZI2C_CAM_EzI2CSetAddress1
 312              		.section	.text.EZI2C_CAM_EzI2CGetAddress1,"ax",%progbits
 313              		.align	2
 314              		.global	EZI2C_CAM_EzI2CGetAddress1
 315              		.code	16
 316              		.thumb_func
 317              		.type	EZI2C_CAM_EzI2CGetAddress1, %function
 318              	EZI2C_CAM_EzI2CGetAddress1:
 319              	.LFB4:
 404:Generated_Source\PSoC4/EZI2C_CAM_EZI2C.c **** 
 405:Generated_Source\PSoC4/EZI2C_CAM_EZI2C.c **** 
 406:Generated_Source\PSoC4/EZI2C_CAM_EZI2C.c **** /*******************************************************************************
 407:Generated_Source\PSoC4/EZI2C_CAM_EZI2C.c **** * Function Name: EZI2C_CAM_EzI2CGetAddress1
 408:Generated_Source\PSoC4/EZI2C_CAM_EZI2C.c **** ****************************************************************************//**
 409:Generated_Source\PSoC4/EZI2C_CAM_EZI2C.c **** *
 410:Generated_Source\PSoC4/EZI2C_CAM_EZI2C.c **** *  Returns primary the EZ I2C slave address.
 411:Generated_Source\PSoC4/EZI2C_CAM_EZI2C.c **** *  This address is the 7-bit right-justified slave address and does not include 
 412:Generated_Source\PSoC4/EZI2C_CAM_EZI2C.c **** *  the R/W bit.
 413:Generated_Source\PSoC4/EZI2C_CAM_EZI2C.c **** *
 414:Generated_Source\PSoC4/EZI2C_CAM_EZI2C.c **** * \return
 415:Generated_Source\PSoC4/EZI2C_CAM_EZI2C.c **** *  Primary EZI2C slave address.
 416:Generated_Source\PSoC4/EZI2C_CAM_EZI2C.c **** *
 417:Generated_Source\PSoC4/EZI2C_CAM_EZI2C.c **** * \globalvars
 418:Generated_Source\PSoC4/EZI2C_CAM_EZI2C.c **** *  EZI2C_CAM_addrBuf1 - used to store the primary 7-bit slave address 
 419:Generated_Source\PSoC4/EZI2C_CAM_EZI2C.c **** *  value.
 420:Generated_Source\PSoC4/EZI2C_CAM_EZI2C.c **** *
 421:Generated_Source\PSoC4/EZI2C_CAM_EZI2C.c **** *******************************************************************************/
 422:Generated_Source\PSoC4/EZI2C_CAM_EZI2C.c **** uint32 EZI2C_CAM_EzI2CGetAddress1(void)
ARM GAS  C:\Users\ilya\AppData\Local\Temp\ccyexrGp.s 			page 14


 423:Generated_Source\PSoC4/EZI2C_CAM_EZI2C.c **** {
 320              		.loc 1 423 0
 321              		.cfi_startproc
 322              		@ args = 0, pretend = 0, frame = 8
 323              		@ frame_needed = 1, uses_anonymous_args = 0
 324 0000 80B5     		push	{r7, lr}
 325              		.cfi_def_cfa_offset 8
 326              		.cfi_offset 7, -8
 327              		.cfi_offset 14, -4
 328 0002 82B0     		sub	sp, sp, #8
 329              		.cfi_def_cfa_offset 16
 330 0004 00AF     		add	r7, sp, #0
 331              		.cfi_def_cfa_register 7
 424:Generated_Source\PSoC4/EZI2C_CAM_EZI2C.c ****     uint32 address;
 425:Generated_Source\PSoC4/EZI2C_CAM_EZI2C.c **** 
 426:Generated_Source\PSoC4/EZI2C_CAM_EZI2C.c ****     #if(EZI2C_CAM_SECONDARY_ADDRESS_ENABLE)
 427:Generated_Source\PSoC4/EZI2C_CAM_EZI2C.c ****     {
 428:Generated_Source\PSoC4/EZI2C_CAM_EZI2C.c ****         address = (uint32) EZI2C_CAM_addrBuf1;
 429:Generated_Source\PSoC4/EZI2C_CAM_EZI2C.c ****     }
 430:Generated_Source\PSoC4/EZI2C_CAM_EZI2C.c ****     #else
 431:Generated_Source\PSoC4/EZI2C_CAM_EZI2C.c ****     {
 432:Generated_Source\PSoC4/EZI2C_CAM_EZI2C.c ****         address = (EZI2C_CAM_GET_RX_MATCH_ADDR(EZI2C_CAM_RX_MATCH_REG) >>
 332              		.loc 1 432 0
 333 0006 054B     		ldr	r3, .L16
 334 0008 1B68     		ldr	r3, [r3]
 335 000a FF22     		movs	r2, #255
 336 000c 1340     		ands	r3, r2
 337 000e 5B08     		lsrs	r3, r3, #1
 338 0010 7B60     		str	r3, [r7, #4]
 433:Generated_Source\PSoC4/EZI2C_CAM_EZI2C.c ****                    EZI2C_CAM_I2C_SLAVE_ADDR_POS);
 434:Generated_Source\PSoC4/EZI2C_CAM_EZI2C.c ****     }
 435:Generated_Source\PSoC4/EZI2C_CAM_EZI2C.c ****     #endif
 436:Generated_Source\PSoC4/EZI2C_CAM_EZI2C.c **** 
 437:Generated_Source\PSoC4/EZI2C_CAM_EZI2C.c ****     return(address);
 339              		.loc 1 437 0
 340 0012 7B68     		ldr	r3, [r7, #4]
 438:Generated_Source\PSoC4/EZI2C_CAM_EZI2C.c **** }
 341              		.loc 1 438 0
 342 0014 1800     		movs	r0, r3
 343 0016 BD46     		mov	sp, r7
 344 0018 02B0     		add	sp, sp, #8
 345              		@ sp needed
 346 001a 80BD     		pop	{r7, pc}
 347              	.L17:
 348              		.align	2
 349              	.L16:
 350 001c 10030740 		.word	1074201360
 351              		.cfi_endproc
 352              	.LFE4:
 353              		.size	EZI2C_CAM_EzI2CGetAddress1, .-EZI2C_CAM_EzI2CGetAddress1
 354              		.section	.text.EZI2C_CAM_EzI2CSetBuffer1,"ax",%progbits
 355              		.align	2
 356              		.global	EZI2C_CAM_EzI2CSetBuffer1
 357              		.code	16
 358              		.thumb_func
 359              		.type	EZI2C_CAM_EzI2CSetBuffer1, %function
 360              	EZI2C_CAM_EzI2CSetBuffer1:
ARM GAS  C:\Users\ilya\AppData\Local\Temp\ccyexrGp.s 			page 15


 361              	.LFB5:
 439:Generated_Source\PSoC4/EZI2C_CAM_EZI2C.c **** 
 440:Generated_Source\PSoC4/EZI2C_CAM_EZI2C.c **** 
 441:Generated_Source\PSoC4/EZI2C_CAM_EZI2C.c **** /*******************************************************************************
 442:Generated_Source\PSoC4/EZI2C_CAM_EZI2C.c **** * Function Name: EZI2C_CAM_EzI2CSetBuffer1
 443:Generated_Source\PSoC4/EZI2C_CAM_EZI2C.c **** ****************************************************************************//**
 444:Generated_Source\PSoC4/EZI2C_CAM_EZI2C.c **** *
 445:Generated_Source\PSoC4/EZI2C_CAM_EZI2C.c **** *  Sets up the data buffer to be exposed to the I2C master on a primary slave
 446:Generated_Source\PSoC4/EZI2C_CAM_EZI2C.c **** *  address request.
 447:Generated_Source\PSoC4/EZI2C_CAM_EZI2C.c **** *
 448:Generated_Source\PSoC4/EZI2C_CAM_EZI2C.c **** * \param bufSize: Size of the buffer in bytes.
 449:Generated_Source\PSoC4/EZI2C_CAM_EZI2C.c **** * \param rwBoundary: Number of data bytes starting from the beginning of the 
 450:Generated_Source\PSoC4/EZI2C_CAM_EZI2C.c **** *  buffer with read and write access. Data bytes located at offset rwBoundary 
 451:Generated_Source\PSoC4/EZI2C_CAM_EZI2C.c **** *  or greater are read only.
 452:Generated_Source\PSoC4/EZI2C_CAM_EZI2C.c **** *  This value must be less than or equal to the buffer size.
 453:Generated_Source\PSoC4/EZI2C_CAM_EZI2C.c **** * \param buffer: Pointer to the data buffer.
 454:Generated_Source\PSoC4/EZI2C_CAM_EZI2C.c **** *
 455:Generated_Source\PSoC4/EZI2C_CAM_EZI2C.c **** * \sideeffect
 456:Generated_Source\PSoC4/EZI2C_CAM_EZI2C.c **** *  Calling this function in the middle of a transaction intended for the 
 457:Generated_Source\PSoC4/EZI2C_CAM_EZI2C.c **** *  primary slave address leads to unexpected behavior.
 458:Generated_Source\PSoC4/EZI2C_CAM_EZI2C.c **** *
 459:Generated_Source\PSoC4/EZI2C_CAM_EZI2C.c **** * \globalvars
 460:Generated_Source\PSoC4/EZI2C_CAM_EZI2C.c **** *  EZI2C_CAM_dataBuffer1 – the pointer to the buffer to be exposed to the
 461:Generated_Source\PSoC4/EZI2C_CAM_EZI2C.c **** *  master on a primary address.
 462:Generated_Source\PSoC4/EZI2C_CAM_EZI2C.c **** *  EZI2C_CAM_bufSizeBuf1 - the size of the buffer to be exposed to the 
 463:Generated_Source\PSoC4/EZI2C_CAM_EZI2C.c **** *  master on a primary address.
 464:Generated_Source\PSoC4/EZI2C_CAM_EZI2C.c **** *  EZI2C_CAM_protectBuf1 - the start index of the read-only region in the
 465:Generated_Source\PSoC4/EZI2C_CAM_EZI2C.c **** *  buffer to be exposed to the master on a primary address. The read-only region
 466:Generated_Source\PSoC4/EZI2C_CAM_EZI2C.c **** *  continues up to the end the buffer.
 467:Generated_Source\PSoC4/EZI2C_CAM_EZI2C.c **** *
 468:Generated_Source\PSoC4/EZI2C_CAM_EZI2C.c **** *******************************************************************************/
 469:Generated_Source\PSoC4/EZI2C_CAM_EZI2C.c **** void EZI2C_CAM_EzI2CSetBuffer1(uint32 bufSize, uint32 rwBoundary, volatile uint8 * buffer)
 470:Generated_Source\PSoC4/EZI2C_CAM_EZI2C.c **** {
 362              		.loc 1 470 0
 363              		.cfi_startproc
 364              		@ args = 0, pretend = 0, frame = 16
 365              		@ frame_needed = 1, uses_anonymous_args = 0
 366 0000 80B5     		push	{r7, lr}
 367              		.cfi_def_cfa_offset 8
 368              		.cfi_offset 7, -8
 369              		.cfi_offset 14, -4
 370 0002 84B0     		sub	sp, sp, #16
 371              		.cfi_def_cfa_offset 24
 372 0004 00AF     		add	r7, sp, #0
 373              		.cfi_def_cfa_register 7
 374 0006 F860     		str	r0, [r7, #12]
 375 0008 B960     		str	r1, [r7, #8]
 376 000a 7A60     		str	r2, [r7, #4]
 471:Generated_Source\PSoC4/EZI2C_CAM_EZI2C.c ****     if (NULL != buffer)
 377              		.loc 1 471 0
 378 000c 7B68     		ldr	r3, [r7, #4]
 379 000e 002B     		cmp	r3, #0
 380 0010 10D0     		beq	.L20
 472:Generated_Source\PSoC4/EZI2C_CAM_EZI2C.c ****     {
 473:Generated_Source\PSoC4/EZI2C_CAM_EZI2C.c ****         EZI2C_CAM_DisableInt();  /* Lock from interruption */
 381              		.loc 1 473 0
 382 0012 0B20     		movs	r0, #11
ARM GAS  C:\Users\ilya\AppData\Local\Temp\ccyexrGp.s 			page 16


 383 0014 FFF7FEFF 		bl	CyIntDisable
 474:Generated_Source\PSoC4/EZI2C_CAM_EZI2C.c **** 
 475:Generated_Source\PSoC4/EZI2C_CAM_EZI2C.c ****         EZI2C_CAM_dataBuffer1 =  buffer;
 384              		.loc 1 475 0
 385 0018 084B     		ldr	r3, .L21
 386 001a 7A68     		ldr	r2, [r7, #4]
 387 001c 1A60     		str	r2, [r3]
 476:Generated_Source\PSoC4/EZI2C_CAM_EZI2C.c ****         EZI2C_CAM_bufSizeBuf1 = (uint16) bufSize;
 388              		.loc 1 476 0
 389 001e FB68     		ldr	r3, [r7, #12]
 390 0020 9AB2     		uxth	r2, r3
 391 0022 074B     		ldr	r3, .L21+4
 392 0024 1A80     		strh	r2, [r3]
 477:Generated_Source\PSoC4/EZI2C_CAM_EZI2C.c ****         EZI2C_CAM_protectBuf1 = (uint16) rwBoundary;
 393              		.loc 1 477 0
 394 0026 BB68     		ldr	r3, [r7, #8]
 395 0028 9AB2     		uxth	r2, r3
 396 002a 064B     		ldr	r3, .L21+8
 397 002c 1A80     		strh	r2, [r3]
 478:Generated_Source\PSoC4/EZI2C_CAM_EZI2C.c **** 
 479:Generated_Source\PSoC4/EZI2C_CAM_EZI2C.c ****         EZI2C_CAM_EnableInt();   /* Release lock */
 398              		.loc 1 479 0
 399 002e 0B20     		movs	r0, #11
 400 0030 FFF7FEFF 		bl	CyIntEnable
 401              	.L20:
 480:Generated_Source\PSoC4/EZI2C_CAM_EZI2C.c ****     }
 481:Generated_Source\PSoC4/EZI2C_CAM_EZI2C.c **** }
 402              		.loc 1 481 0
 403 0034 C046     		nop
 404 0036 BD46     		mov	sp, r7
 405 0038 04B0     		add	sp, sp, #16
 406              		@ sp needed
 407 003a 80BD     		pop	{r7, pc}
 408              	.L22:
 409              		.align	2
 410              	.L21:
 411 003c 00000000 		.word	EZI2C_CAM_dataBuffer1
 412 0040 00000000 		.word	EZI2C_CAM_bufSizeBuf1
 413 0044 00000000 		.word	EZI2C_CAM_protectBuf1
 414              		.cfi_endproc
 415              	.LFE5:
 416              		.size	EZI2C_CAM_EzI2CSetBuffer1, .-EZI2C_CAM_EzI2CSetBuffer1
 417              		.section	.text.EZI2C_CAM_EzI2CSetReadBoundaryBuffer1,"ax",%progbits
 418              		.align	2
 419              		.global	EZI2C_CAM_EzI2CSetReadBoundaryBuffer1
 420              		.code	16
 421              		.thumb_func
 422              		.type	EZI2C_CAM_EzI2CSetReadBoundaryBuffer1, %function
 423              	EZI2C_CAM_EzI2CSetReadBoundaryBuffer1:
 424              	.LFB6:
 482:Generated_Source\PSoC4/EZI2C_CAM_EZI2C.c **** 
 483:Generated_Source\PSoC4/EZI2C_CAM_EZI2C.c **** 
 484:Generated_Source\PSoC4/EZI2C_CAM_EZI2C.c **** /*******************************************************************************
 485:Generated_Source\PSoC4/EZI2C_CAM_EZI2C.c **** * Function Name: EZI2C_CAM_EzI2CSetReadBoundaryBuffer1
 486:Generated_Source\PSoC4/EZI2C_CAM_EZI2C.c **** ****************************************************************************//**
 487:Generated_Source\PSoC4/EZI2C_CAM_EZI2C.c **** *
 488:Generated_Source\PSoC4/EZI2C_CAM_EZI2C.c **** *  Sets the read only boundary in the data buffer to be exposed to the I2C
ARM GAS  C:\Users\ilya\AppData\Local\Temp\ccyexrGp.s 			page 17


 489:Generated_Source\PSoC4/EZI2C_CAM_EZI2C.c **** *  master on a primary slave address request.
 490:Generated_Source\PSoC4/EZI2C_CAM_EZI2C.c **** *
 491:Generated_Source\PSoC4/EZI2C_CAM_EZI2C.c **** * \param rwBoundry: Number of data bytes starting from the beginning of the 
 492:Generated_Source\PSoC4/EZI2C_CAM_EZI2C.c **** *  buffer with read and write access. Data bytes located at offset rwBoundary 
 493:Generated_Source\PSoC4/EZI2C_CAM_EZI2C.c **** *  or greater are read only.
 494:Generated_Source\PSoC4/EZI2C_CAM_EZI2C.c **** *  This value must be less than or equal to the buffer size.
 495:Generated_Source\PSoC4/EZI2C_CAM_EZI2C.c **** *
 496:Generated_Source\PSoC4/EZI2C_CAM_EZI2C.c **** * \sideeffect
 497:Generated_Source\PSoC4/EZI2C_CAM_EZI2C.c **** *  Calling this function in the middle of a transaction intended for the 
 498:Generated_Source\PSoC4/EZI2C_CAM_EZI2C.c **** *  primary slave address leads to unexpected behavior.
 499:Generated_Source\PSoC4/EZI2C_CAM_EZI2C.c **** *
 500:Generated_Source\PSoC4/EZI2C_CAM_EZI2C.c **** * \globalvars
 501:Generated_Source\PSoC4/EZI2C_CAM_EZI2C.c **** *  EZI2C_CAM_protectBuf1 - the start index of the read-only region in the
 502:Generated_Source\PSoC4/EZI2C_CAM_EZI2C.c **** *  buffer to be exposed to the master on a primary address. The read-only region
 503:Generated_Source\PSoC4/EZI2C_CAM_EZI2C.c **** *  continues up to the end the buffer.
 504:Generated_Source\PSoC4/EZI2C_CAM_EZI2C.c **** *
 505:Generated_Source\PSoC4/EZI2C_CAM_EZI2C.c **** *******************************************************************************/
 506:Generated_Source\PSoC4/EZI2C_CAM_EZI2C.c **** void EZI2C_CAM_EzI2CSetReadBoundaryBuffer1(uint32 rwBoundary)
 507:Generated_Source\PSoC4/EZI2C_CAM_EZI2C.c **** {
 425              		.loc 1 507 0
 426              		.cfi_startproc
 427              		@ args = 0, pretend = 0, frame = 8
 428              		@ frame_needed = 1, uses_anonymous_args = 0
 429 0000 80B5     		push	{r7, lr}
 430              		.cfi_def_cfa_offset 8
 431              		.cfi_offset 7, -8
 432              		.cfi_offset 14, -4
 433 0002 82B0     		sub	sp, sp, #8
 434              		.cfi_def_cfa_offset 16
 435 0004 00AF     		add	r7, sp, #0
 436              		.cfi_def_cfa_register 7
 437 0006 7860     		str	r0, [r7, #4]
 508:Generated_Source\PSoC4/EZI2C_CAM_EZI2C.c ****     EZI2C_CAM_protectBuf1 = (uint16) rwBoundary;
 438              		.loc 1 508 0
 439 0008 7B68     		ldr	r3, [r7, #4]
 440 000a 9AB2     		uxth	r2, r3
 441 000c 024B     		ldr	r3, .L24
 442 000e 1A80     		strh	r2, [r3]
 509:Generated_Source\PSoC4/EZI2C_CAM_EZI2C.c **** }
 443              		.loc 1 509 0
 444 0010 C046     		nop
 445 0012 BD46     		mov	sp, r7
 446 0014 02B0     		add	sp, sp, #8
 447              		@ sp needed
 448 0016 80BD     		pop	{r7, pc}
 449              	.L25:
 450              		.align	2
 451              	.L24:
 452 0018 00000000 		.word	EZI2C_CAM_protectBuf1
 453              		.cfi_endproc
 454              	.LFE6:
 455              		.size	EZI2C_CAM_EzI2CSetReadBoundaryBuffer1, .-EZI2C_CAM_EzI2CSetReadBoundaryBuffer1
 456              		.text
 457              	.Letext0:
 458              		.file 2 "Generated_Source\\PSoC4/cytypes.h"
 459              		.section	.debug_info,"",%progbits
 460              	.Ldebug_info0:
ARM GAS  C:\Users\ilya\AppData\Local\Temp\ccyexrGp.s 			page 18


 461 0000 62020000 		.4byte	0x262
 462 0004 0400     		.2byte	0x4
 463 0006 00000000 		.4byte	.Ldebug_abbrev0
 464 000a 04       		.byte	0x4
 465 000b 01       		.uleb128 0x1
 466 000c 27010000 		.4byte	.LASF38
 467 0010 0C       		.byte	0xc
 468 0011 FE000000 		.4byte	.LASF39
 469 0015 5D020000 		.4byte	.LASF40
 470 0019 00000000 		.4byte	.Ldebug_ranges0+0
 471 001d 00000000 		.4byte	0
 472 0021 00000000 		.4byte	.Ldebug_line0
 473 0025 02       		.uleb128 0x2
 474 0026 01       		.byte	0x1
 475 0027 06       		.byte	0x6
 476 0028 FC020000 		.4byte	.LASF0
 477 002c 02       		.uleb128 0x2
 478 002d 01       		.byte	0x1
 479 002e 08       		.byte	0x8
 480 002f D8000000 		.4byte	.LASF1
 481 0033 02       		.uleb128 0x2
 482 0034 02       		.byte	0x2
 483 0035 05       		.byte	0x5
 484 0036 B8020000 		.4byte	.LASF2
 485 003a 02       		.uleb128 0x2
 486 003b 02       		.byte	0x2
 487 003c 07       		.byte	0x7
 488 003d 86000000 		.4byte	.LASF3
 489 0041 02       		.uleb128 0x2
 490 0042 04       		.byte	0x4
 491 0043 05       		.byte	0x5
 492 0044 DE020000 		.4byte	.LASF4
 493 0048 02       		.uleb128 0x2
 494 0049 04       		.byte	0x4
 495 004a 07       		.byte	0x7
 496 004b E6000000 		.4byte	.LASF5
 497 004f 02       		.uleb128 0x2
 498 0050 08       		.byte	0x8
 499 0051 05       		.byte	0x5
 500 0052 A5020000 		.4byte	.LASF6
 501 0056 02       		.uleb128 0x2
 502 0057 08       		.byte	0x8
 503 0058 07       		.byte	0x7
 504 0059 46020000 		.4byte	.LASF7
 505 005d 03       		.uleb128 0x3
 506 005e 04       		.byte	0x4
 507 005f 05       		.byte	0x5
 508 0060 696E7400 		.ascii	"int\000"
 509 0064 02       		.uleb128 0x2
 510 0065 04       		.byte	0x4
 511 0066 07       		.byte	0x7
 512 0067 FB010000 		.4byte	.LASF8
 513 006b 04       		.uleb128 0x4
 514 006c F8000000 		.4byte	.LASF9
 515 0070 02       		.byte	0x2
 516 0071 B901     		.2byte	0x1b9
 517 0073 2C000000 		.4byte	0x2c
ARM GAS  C:\Users\ilya\AppData\Local\Temp\ccyexrGp.s 			page 19


 518 0077 04       		.uleb128 0x4
 519 0078 ED010000 		.4byte	.LASF10
 520 007c 02       		.byte	0x2
 521 007d BA01     		.2byte	0x1ba
 522 007f 3A000000 		.4byte	0x3a
 523 0083 04       		.uleb128 0x4
 524 0084 F4010000 		.4byte	.LASF11
 525 0088 02       		.byte	0x2
 526 0089 BB01     		.2byte	0x1bb
 527 008b 48000000 		.4byte	0x48
 528 008f 02       		.uleb128 0x2
 529 0090 04       		.byte	0x4
 530 0091 04       		.byte	0x4
 531 0092 D2000000 		.4byte	.LASF12
 532 0096 02       		.uleb128 0x2
 533 0097 08       		.byte	0x8
 534 0098 04       		.byte	0x4
 535 0099 D0010000 		.4byte	.LASF13
 536 009d 02       		.uleb128 0x2
 537 009e 01       		.byte	0x1
 538 009f 08       		.byte	0x8
 539 00a0 B3020000 		.4byte	.LASF14
 540 00a4 05       		.uleb128 0x5
 541 00a5 6B000000 		.4byte	0x6b
 542 00a9 04       		.uleb128 0x4
 543 00aa 16000000 		.4byte	.LASF15
 544 00ae 02       		.byte	0x2
 545 00af 6502     		.2byte	0x265
 546 00b1 B5000000 		.4byte	0xb5
 547 00b5 05       		.uleb128 0x5
 548 00b6 83000000 		.4byte	0x83
 549 00ba 02       		.uleb128 0x2
 550 00bb 08       		.byte	0x8
 551 00bc 04       		.byte	0x4
 552 00bd F0020000 		.4byte	.LASF16
 553 00c1 02       		.uleb128 0x2
 554 00c2 04       		.byte	0x4
 555 00c3 07       		.byte	0x7
 556 00c4 9C020000 		.4byte	.LASF17
 557 00c8 06       		.uleb128 0x6
 558 00c9 1C000000 		.4byte	.LASF18
 559 00cd 01       		.byte	0x1
 560 00ce D3       		.byte	0xd3
 561 00cf 00000000 		.4byte	.LFB0
 562 00d3 F0000000 		.4byte	.LFE0-.LFB0
 563 00d7 01       		.uleb128 0x1
 564 00d8 9C       		.byte	0x9c
 565 00d9 07       		.uleb128 0x7
 566 00da 4C000000 		.4byte	.LASF19
 567 00de 01       		.byte	0x1
 568 00df 1A01     		.2byte	0x11a
 569 00e1 00000000 		.4byte	.LFB1
 570 00e5 14000000 		.4byte	.LFE1-.LFB1
 571 00e9 01       		.uleb128 0x1
 572 00ea 9C       		.byte	0x9c
 573 00eb 08       		.uleb128 0x8
 574 00ec 08020000 		.4byte	.LASF22
ARM GAS  C:\Users\ilya\AppData\Local\Temp\ccyexrGp.s 			page 20


 575 00f0 01       		.byte	0x1
 576 00f1 4901     		.2byte	0x149
 577 00f3 83000000 		.4byte	0x83
 578 00f7 00000000 		.4byte	.LFB2
 579 00fb 38000000 		.4byte	.LFE2-.LFB2
 580 00ff 01       		.uleb128 0x1
 581 0100 9C       		.byte	0x9c
 582 0101 15010000 		.4byte	0x115
 583 0105 09       		.uleb128 0x9
 584 0106 B7000000 		.4byte	.LASF20
 585 010a 01       		.byte	0x1
 586 010b 4B01     		.2byte	0x14b
 587 010d 83000000 		.4byte	0x83
 588 0111 02       		.uleb128 0x2
 589 0112 91       		.byte	0x91
 590 0113 74       		.sleb128 -12
 591 0114 00       		.byte	0
 592 0115 0A       		.uleb128 0xa
 593 0116 B5010000 		.4byte	.LASF25
 594 011a 01       		.byte	0x1
 595 011b 7D01     		.2byte	0x17d
 596 011d 00000000 		.4byte	.LFB3
 597 0121 38000000 		.4byte	.LFE3-.LFB3
 598 0125 01       		.uleb128 0x1
 599 0126 9C       		.byte	0x9c
 600 0127 54010000 		.4byte	0x154
 601 012b 0B       		.uleb128 0xb
 602 012c 3E020000 		.4byte	.LASF24
 603 0130 01       		.byte	0x1
 604 0131 7D01     		.2byte	0x17d
 605 0133 83000000 		.4byte	0x83
 606 0137 02       		.uleb128 0x2
 607 0138 91       		.byte	0x91
 608 0139 6C       		.sleb128 -20
 609 013a 0C       		.uleb128 0xc
 610 013b 08000000 		.4byte	.LBB2
 611 013f 22000000 		.4byte	.LBE2-.LBB2
 612 0143 09       		.uleb128 0x9
 613 0144 E7020000 		.4byte	.LASF21
 614 0148 01       		.byte	0x1
 615 0149 8801     		.2byte	0x188
 616 014b 83000000 		.4byte	0x83
 617 014f 02       		.uleb128 0x2
 618 0150 91       		.byte	0x91
 619 0151 74       		.sleb128 -12
 620 0152 00       		.byte	0
 621 0153 00       		.byte	0
 622 0154 0D       		.uleb128 0xd
 623 0155 23020000 		.4byte	.LASF23
 624 0159 01       		.byte	0x1
 625 015a A601     		.2byte	0x1a6
 626 015c 83000000 		.4byte	0x83
 627 0160 00000000 		.4byte	.LFB4
 628 0164 20000000 		.4byte	.LFE4-.LFB4
 629 0168 01       		.uleb128 0x1
 630 0169 9C       		.byte	0x9c
 631 016a 7E010000 		.4byte	0x17e
ARM GAS  C:\Users\ilya\AppData\Local\Temp\ccyexrGp.s 			page 21


 632 016e 09       		.uleb128 0x9
 633 016f 3E020000 		.4byte	.LASF24
 634 0173 01       		.byte	0x1
 635 0174 A801     		.2byte	0x1a8
 636 0176 83000000 		.4byte	0x83
 637 017a 02       		.uleb128 0x2
 638 017b 91       		.byte	0x91
 639 017c 74       		.sleb128 -12
 640 017d 00       		.byte	0
 641 017e 0E       		.uleb128 0xe
 642 017f 08030000 		.4byte	.LASF26
 643 0183 01       		.byte	0x1
 644 0184 D501     		.2byte	0x1d5
 645 0186 00000000 		.4byte	.LFB5
 646 018a 48000000 		.4byte	.LFE5-.LFB5
 647 018e 01       		.uleb128 0x1
 648 018f 9C       		.byte	0x9c
 649 0190 C2010000 		.4byte	0x1c2
 650 0194 0B       		.uleb128 0xb
 651 0195 C2020000 		.4byte	.LASF27
 652 0199 01       		.byte	0x1
 653 019a D501     		.2byte	0x1d5
 654 019c 83000000 		.4byte	0x83
 655 01a0 02       		.uleb128 0x2
 656 01a1 91       		.byte	0x91
 657 01a2 74       		.sleb128 -12
 658 01a3 0B       		.uleb128 0xb
 659 01a4 99000000 		.4byte	.LASF28
 660 01a8 01       		.byte	0x1
 661 01a9 D501     		.2byte	0x1d5
 662 01ab 83000000 		.4byte	0x83
 663 01af 02       		.uleb128 0x2
 664 01b0 91       		.byte	0x91
 665 01b1 70       		.sleb128 -16
 666 01b2 0B       		.uleb128 0xb
 667 01b3 30000000 		.4byte	.LASF29
 668 01b7 01       		.byte	0x1
 669 01b8 D501     		.2byte	0x1d5
 670 01ba C2010000 		.4byte	0x1c2
 671 01be 02       		.uleb128 0x2
 672 01bf 91       		.byte	0x91
 673 01c0 6C       		.sleb128 -20
 674 01c1 00       		.byte	0
 675 01c2 0F       		.uleb128 0xf
 676 01c3 04       		.byte	0x4
 677 01c4 A4000000 		.4byte	0xa4
 678 01c8 0A       		.uleb128 0xa
 679 01c9 60000000 		.4byte	.LASF30
 680 01cd 01       		.byte	0x1
 681 01ce FA01     		.2byte	0x1fa
 682 01d0 00000000 		.4byte	.LFB6
 683 01d4 1C000000 		.4byte	.LFE6-.LFB6
 684 01d8 01       		.uleb128 0x1
 685 01d9 9C       		.byte	0x9c
 686 01da EE010000 		.4byte	0x1ee
 687 01de 0B       		.uleb128 0xb
 688 01df 99000000 		.4byte	.LASF28
ARM GAS  C:\Users\ilya\AppData\Local\Temp\ccyexrGp.s 			page 22


 689 01e3 01       		.byte	0x1
 690 01e4 FA01     		.2byte	0x1fa
 691 01e6 83000000 		.4byte	0x83
 692 01ea 02       		.uleb128 0x2
 693 01eb 91       		.byte	0x91
 694 01ec 74       		.sleb128 -12
 695 01ed 00       		.byte	0
 696 01ee 10       		.uleb128 0x10
 697 01ef CA020000 		.4byte	.LASF31
 698 01f3 01       		.byte	0x1
 699 01f4 1B       		.byte	0x1b
 700 01f5 A4000000 		.4byte	0xa4
 701 01f9 05       		.uleb128 0x5
 702 01fa 03       		.byte	0x3
 703 01fb 00000000 		.4byte	EZI2C_CAM_curStatus
 704 01ff 10       		.uleb128 0x10
 705 0200 A4000000 		.4byte	.LASF32
 706 0204 01       		.byte	0x1
 707 0205 1C       		.byte	0x1c
 708 0206 6B000000 		.4byte	0x6b
 709 020a 05       		.uleb128 0x5
 710 020b 03       		.byte	0x3
 711 020c 00000000 		.4byte	EZI2C_CAM_fsmState
 712 0210 10       		.uleb128 0x10
 713 0211 00000000 		.4byte	.LASF33
 714 0215 01       		.byte	0x1
 715 0216 1F       		.byte	0x1f
 716 0217 C2010000 		.4byte	0x1c2
 717 021b 05       		.uleb128 0x5
 718 021c 03       		.byte	0x3
 719 021d 00000000 		.4byte	EZI2C_CAM_dataBuffer1
 720 0221 10       		.uleb128 0x10
 721 0222 D7010000 		.4byte	.LASF34
 722 0226 01       		.byte	0x1
 723 0227 20       		.byte	0x20
 724 0228 77000000 		.4byte	0x77
 725 022c 05       		.uleb128 0x5
 726 022d 03       		.byte	0x3
 727 022e 00000000 		.4byte	EZI2C_CAM_bufSizeBuf1
 728 0232 10       		.uleb128 0x10
 729 0233 86020000 		.4byte	.LASF35
 730 0237 01       		.byte	0x1
 731 0238 21       		.byte	0x21
 732 0239 77000000 		.4byte	0x77
 733 023d 05       		.uleb128 0x5
 734 023e 03       		.byte	0x3
 735 023f 00000000 		.4byte	EZI2C_CAM_protectBuf1
 736 0243 10       		.uleb128 0x10
 737 0244 37000000 		.4byte	.LASF36
 738 0248 01       		.byte	0x1
 739 0249 22       		.byte	0x22
 740 024a 6B000000 		.4byte	0x6b
 741 024e 05       		.uleb128 0x5
 742 024f 03       		.byte	0x3
 743 0250 00000000 		.4byte	EZI2C_CAM_offsetBuf1
 744 0254 10       		.uleb128 0x10
 745 0255 BE000000 		.4byte	.LASF37
ARM GAS  C:\Users\ilya\AppData\Local\Temp\ccyexrGp.s 			page 23


 746 0259 01       		.byte	0x1
 747 025a 23       		.byte	0x23
 748 025b 77000000 		.4byte	0x77
 749 025f 05       		.uleb128 0x5
 750 0260 03       		.byte	0x3
 751 0261 00000000 		.4byte	EZI2C_CAM_indexBuf1
 752 0265 00       		.byte	0
 753              		.section	.debug_abbrev,"",%progbits
 754              	.Ldebug_abbrev0:
 755 0000 01       		.uleb128 0x1
 756 0001 11       		.uleb128 0x11
 757 0002 01       		.byte	0x1
 758 0003 25       		.uleb128 0x25
 759 0004 0E       		.uleb128 0xe
 760 0005 13       		.uleb128 0x13
 761 0006 0B       		.uleb128 0xb
 762 0007 03       		.uleb128 0x3
 763 0008 0E       		.uleb128 0xe
 764 0009 1B       		.uleb128 0x1b
 765 000a 0E       		.uleb128 0xe
 766 000b 55       		.uleb128 0x55
 767 000c 17       		.uleb128 0x17
 768 000d 11       		.uleb128 0x11
 769 000e 01       		.uleb128 0x1
 770 000f 10       		.uleb128 0x10
 771 0010 17       		.uleb128 0x17
 772 0011 00       		.byte	0
 773 0012 00       		.byte	0
 774 0013 02       		.uleb128 0x2
 775 0014 24       		.uleb128 0x24
 776 0015 00       		.byte	0
 777 0016 0B       		.uleb128 0xb
 778 0017 0B       		.uleb128 0xb
 779 0018 3E       		.uleb128 0x3e
 780 0019 0B       		.uleb128 0xb
 781 001a 03       		.uleb128 0x3
 782 001b 0E       		.uleb128 0xe
 783 001c 00       		.byte	0
 784 001d 00       		.byte	0
 785 001e 03       		.uleb128 0x3
 786 001f 24       		.uleb128 0x24
 787 0020 00       		.byte	0
 788 0021 0B       		.uleb128 0xb
 789 0022 0B       		.uleb128 0xb
 790 0023 3E       		.uleb128 0x3e
 791 0024 0B       		.uleb128 0xb
 792 0025 03       		.uleb128 0x3
 793 0026 08       		.uleb128 0x8
 794 0027 00       		.byte	0
 795 0028 00       		.byte	0
 796 0029 04       		.uleb128 0x4
 797 002a 16       		.uleb128 0x16
 798 002b 00       		.byte	0
 799 002c 03       		.uleb128 0x3
 800 002d 0E       		.uleb128 0xe
 801 002e 3A       		.uleb128 0x3a
 802 002f 0B       		.uleb128 0xb
ARM GAS  C:\Users\ilya\AppData\Local\Temp\ccyexrGp.s 			page 24


 803 0030 3B       		.uleb128 0x3b
 804 0031 05       		.uleb128 0x5
 805 0032 49       		.uleb128 0x49
 806 0033 13       		.uleb128 0x13
 807 0034 00       		.byte	0
 808 0035 00       		.byte	0
 809 0036 05       		.uleb128 0x5
 810 0037 35       		.uleb128 0x35
 811 0038 00       		.byte	0
 812 0039 49       		.uleb128 0x49
 813 003a 13       		.uleb128 0x13
 814 003b 00       		.byte	0
 815 003c 00       		.byte	0
 816 003d 06       		.uleb128 0x6
 817 003e 2E       		.uleb128 0x2e
 818 003f 00       		.byte	0
 819 0040 3F       		.uleb128 0x3f
 820 0041 19       		.uleb128 0x19
 821 0042 03       		.uleb128 0x3
 822 0043 0E       		.uleb128 0xe
 823 0044 3A       		.uleb128 0x3a
 824 0045 0B       		.uleb128 0xb
 825 0046 3B       		.uleb128 0x3b
 826 0047 0B       		.uleb128 0xb
 827 0048 27       		.uleb128 0x27
 828 0049 19       		.uleb128 0x19
 829 004a 11       		.uleb128 0x11
 830 004b 01       		.uleb128 0x1
 831 004c 12       		.uleb128 0x12
 832 004d 06       		.uleb128 0x6
 833 004e 40       		.uleb128 0x40
 834 004f 18       		.uleb128 0x18
 835 0050 9642     		.uleb128 0x2116
 836 0052 19       		.uleb128 0x19
 837 0053 00       		.byte	0
 838 0054 00       		.byte	0
 839 0055 07       		.uleb128 0x7
 840 0056 2E       		.uleb128 0x2e
 841 0057 00       		.byte	0
 842 0058 3F       		.uleb128 0x3f
 843 0059 19       		.uleb128 0x19
 844 005a 03       		.uleb128 0x3
 845 005b 0E       		.uleb128 0xe
 846 005c 3A       		.uleb128 0x3a
 847 005d 0B       		.uleb128 0xb
 848 005e 3B       		.uleb128 0x3b
 849 005f 05       		.uleb128 0x5
 850 0060 27       		.uleb128 0x27
 851 0061 19       		.uleb128 0x19
 852 0062 11       		.uleb128 0x11
 853 0063 01       		.uleb128 0x1
 854 0064 12       		.uleb128 0x12
 855 0065 06       		.uleb128 0x6
 856 0066 40       		.uleb128 0x40
 857 0067 18       		.uleb128 0x18
 858 0068 9742     		.uleb128 0x2117
 859 006a 19       		.uleb128 0x19
ARM GAS  C:\Users\ilya\AppData\Local\Temp\ccyexrGp.s 			page 25


 860 006b 00       		.byte	0
 861 006c 00       		.byte	0
 862 006d 08       		.uleb128 0x8
 863 006e 2E       		.uleb128 0x2e
 864 006f 01       		.byte	0x1
 865 0070 3F       		.uleb128 0x3f
 866 0071 19       		.uleb128 0x19
 867 0072 03       		.uleb128 0x3
 868 0073 0E       		.uleb128 0xe
 869 0074 3A       		.uleb128 0x3a
 870 0075 0B       		.uleb128 0xb
 871 0076 3B       		.uleb128 0x3b
 872 0077 05       		.uleb128 0x5
 873 0078 27       		.uleb128 0x27
 874 0079 19       		.uleb128 0x19
 875 007a 49       		.uleb128 0x49
 876 007b 13       		.uleb128 0x13
 877 007c 11       		.uleb128 0x11
 878 007d 01       		.uleb128 0x1
 879 007e 12       		.uleb128 0x12
 880 007f 06       		.uleb128 0x6
 881 0080 40       		.uleb128 0x40
 882 0081 18       		.uleb128 0x18
 883 0082 9642     		.uleb128 0x2116
 884 0084 19       		.uleb128 0x19
 885 0085 01       		.uleb128 0x1
 886 0086 13       		.uleb128 0x13
 887 0087 00       		.byte	0
 888 0088 00       		.byte	0
 889 0089 09       		.uleb128 0x9
 890 008a 34       		.uleb128 0x34
 891 008b 00       		.byte	0
 892 008c 03       		.uleb128 0x3
 893 008d 0E       		.uleb128 0xe
 894 008e 3A       		.uleb128 0x3a
 895 008f 0B       		.uleb128 0xb
 896 0090 3B       		.uleb128 0x3b
 897 0091 05       		.uleb128 0x5
 898 0092 49       		.uleb128 0x49
 899 0093 13       		.uleb128 0x13
 900 0094 02       		.uleb128 0x2
 901 0095 18       		.uleb128 0x18
 902 0096 00       		.byte	0
 903 0097 00       		.byte	0
 904 0098 0A       		.uleb128 0xa
 905 0099 2E       		.uleb128 0x2e
 906 009a 01       		.byte	0x1
 907 009b 3F       		.uleb128 0x3f
 908 009c 19       		.uleb128 0x19
 909 009d 03       		.uleb128 0x3
 910 009e 0E       		.uleb128 0xe
 911 009f 3A       		.uleb128 0x3a
 912 00a0 0B       		.uleb128 0xb
 913 00a1 3B       		.uleb128 0x3b
 914 00a2 05       		.uleb128 0x5
 915 00a3 27       		.uleb128 0x27
 916 00a4 19       		.uleb128 0x19
ARM GAS  C:\Users\ilya\AppData\Local\Temp\ccyexrGp.s 			page 26


 917 00a5 11       		.uleb128 0x11
 918 00a6 01       		.uleb128 0x1
 919 00a7 12       		.uleb128 0x12
 920 00a8 06       		.uleb128 0x6
 921 00a9 40       		.uleb128 0x40
 922 00aa 18       		.uleb128 0x18
 923 00ab 9742     		.uleb128 0x2117
 924 00ad 19       		.uleb128 0x19
 925 00ae 01       		.uleb128 0x1
 926 00af 13       		.uleb128 0x13
 927 00b0 00       		.byte	0
 928 00b1 00       		.byte	0
 929 00b2 0B       		.uleb128 0xb
 930 00b3 05       		.uleb128 0x5
 931 00b4 00       		.byte	0
 932 00b5 03       		.uleb128 0x3
 933 00b6 0E       		.uleb128 0xe
 934 00b7 3A       		.uleb128 0x3a
 935 00b8 0B       		.uleb128 0xb
 936 00b9 3B       		.uleb128 0x3b
 937 00ba 05       		.uleb128 0x5
 938 00bb 49       		.uleb128 0x49
 939 00bc 13       		.uleb128 0x13
 940 00bd 02       		.uleb128 0x2
 941 00be 18       		.uleb128 0x18
 942 00bf 00       		.byte	0
 943 00c0 00       		.byte	0
 944 00c1 0C       		.uleb128 0xc
 945 00c2 0B       		.uleb128 0xb
 946 00c3 01       		.byte	0x1
 947 00c4 11       		.uleb128 0x11
 948 00c5 01       		.uleb128 0x1
 949 00c6 12       		.uleb128 0x12
 950 00c7 06       		.uleb128 0x6
 951 00c8 00       		.byte	0
 952 00c9 00       		.byte	0
 953 00ca 0D       		.uleb128 0xd
 954 00cb 2E       		.uleb128 0x2e
 955 00cc 01       		.byte	0x1
 956 00cd 3F       		.uleb128 0x3f
 957 00ce 19       		.uleb128 0x19
 958 00cf 03       		.uleb128 0x3
 959 00d0 0E       		.uleb128 0xe
 960 00d1 3A       		.uleb128 0x3a
 961 00d2 0B       		.uleb128 0xb
 962 00d3 3B       		.uleb128 0x3b
 963 00d4 05       		.uleb128 0x5
 964 00d5 27       		.uleb128 0x27
 965 00d6 19       		.uleb128 0x19
 966 00d7 49       		.uleb128 0x49
 967 00d8 13       		.uleb128 0x13
 968 00d9 11       		.uleb128 0x11
 969 00da 01       		.uleb128 0x1
 970 00db 12       		.uleb128 0x12
 971 00dc 06       		.uleb128 0x6
 972 00dd 40       		.uleb128 0x40
 973 00de 18       		.uleb128 0x18
ARM GAS  C:\Users\ilya\AppData\Local\Temp\ccyexrGp.s 			page 27


 974 00df 9742     		.uleb128 0x2117
 975 00e1 19       		.uleb128 0x19
 976 00e2 01       		.uleb128 0x1
 977 00e3 13       		.uleb128 0x13
 978 00e4 00       		.byte	0
 979 00e5 00       		.byte	0
 980 00e6 0E       		.uleb128 0xe
 981 00e7 2E       		.uleb128 0x2e
 982 00e8 01       		.byte	0x1
 983 00e9 3F       		.uleb128 0x3f
 984 00ea 19       		.uleb128 0x19
 985 00eb 03       		.uleb128 0x3
 986 00ec 0E       		.uleb128 0xe
 987 00ed 3A       		.uleb128 0x3a
 988 00ee 0B       		.uleb128 0xb
 989 00ef 3B       		.uleb128 0x3b
 990 00f0 05       		.uleb128 0x5
 991 00f1 27       		.uleb128 0x27
 992 00f2 19       		.uleb128 0x19
 993 00f3 11       		.uleb128 0x11
 994 00f4 01       		.uleb128 0x1
 995 00f5 12       		.uleb128 0x12
 996 00f6 06       		.uleb128 0x6
 997 00f7 40       		.uleb128 0x40
 998 00f8 18       		.uleb128 0x18
 999 00f9 9642     		.uleb128 0x2116
 1000 00fb 19       		.uleb128 0x19
 1001 00fc 01       		.uleb128 0x1
 1002 00fd 13       		.uleb128 0x13
 1003 00fe 00       		.byte	0
 1004 00ff 00       		.byte	0
 1005 0100 0F       		.uleb128 0xf
 1006 0101 0F       		.uleb128 0xf
 1007 0102 00       		.byte	0
 1008 0103 0B       		.uleb128 0xb
 1009 0104 0B       		.uleb128 0xb
 1010 0105 49       		.uleb128 0x49
 1011 0106 13       		.uleb128 0x13
 1012 0107 00       		.byte	0
 1013 0108 00       		.byte	0
 1014 0109 10       		.uleb128 0x10
 1015 010a 34       		.uleb128 0x34
 1016 010b 00       		.byte	0
 1017 010c 03       		.uleb128 0x3
 1018 010d 0E       		.uleb128 0xe
 1019 010e 3A       		.uleb128 0x3a
 1020 010f 0B       		.uleb128 0xb
 1021 0110 3B       		.uleb128 0x3b
 1022 0111 0B       		.uleb128 0xb
 1023 0112 49       		.uleb128 0x49
 1024 0113 13       		.uleb128 0x13
 1025 0114 3F       		.uleb128 0x3f
 1026 0115 19       		.uleb128 0x19
 1027 0116 02       		.uleb128 0x2
 1028 0117 18       		.uleb128 0x18
 1029 0118 00       		.byte	0
 1030 0119 00       		.byte	0
ARM GAS  C:\Users\ilya\AppData\Local\Temp\ccyexrGp.s 			page 28


 1031 011a 00       		.byte	0
 1032              		.section	.debug_aranges,"",%progbits
 1033 0000 4C000000 		.4byte	0x4c
 1034 0004 0200     		.2byte	0x2
 1035 0006 00000000 		.4byte	.Ldebug_info0
 1036 000a 04       		.byte	0x4
 1037 000b 00       		.byte	0
 1038 000c 0000     		.2byte	0
 1039 000e 0000     		.2byte	0
 1040 0010 00000000 		.4byte	.LFB0
 1041 0014 F0000000 		.4byte	.LFE0-.LFB0
 1042 0018 00000000 		.4byte	.LFB1
 1043 001c 14000000 		.4byte	.LFE1-.LFB1
 1044 0020 00000000 		.4byte	.LFB2
 1045 0024 38000000 		.4byte	.LFE2-.LFB2
 1046 0028 00000000 		.4byte	.LFB3
 1047 002c 38000000 		.4byte	.LFE3-.LFB3
 1048 0030 00000000 		.4byte	.LFB4
 1049 0034 20000000 		.4byte	.LFE4-.LFB4
 1050 0038 00000000 		.4byte	.LFB5
 1051 003c 48000000 		.4byte	.LFE5-.LFB5
 1052 0040 00000000 		.4byte	.LFB6
 1053 0044 1C000000 		.4byte	.LFE6-.LFB6
 1054 0048 00000000 		.4byte	0
 1055 004c 00000000 		.4byte	0
 1056              		.section	.debug_ranges,"",%progbits
 1057              	.Ldebug_ranges0:
 1058 0000 00000000 		.4byte	.LFB0
 1059 0004 F0000000 		.4byte	.LFE0
 1060 0008 00000000 		.4byte	.LFB1
 1061 000c 14000000 		.4byte	.LFE1
 1062 0010 00000000 		.4byte	.LFB2
 1063 0014 38000000 		.4byte	.LFE2
 1064 0018 00000000 		.4byte	.LFB3
 1065 001c 38000000 		.4byte	.LFE3
 1066 0020 00000000 		.4byte	.LFB4
 1067 0024 20000000 		.4byte	.LFE4
 1068 0028 00000000 		.4byte	.LFB5
 1069 002c 48000000 		.4byte	.LFE5
 1070 0030 00000000 		.4byte	.LFB6
 1071 0034 1C000000 		.4byte	.LFE6
 1072 0038 00000000 		.4byte	0
 1073 003c 00000000 		.4byte	0
 1074              		.section	.debug_line,"",%progbits
 1075              	.Ldebug_line0:
 1076 0000 FB000000 		.section	.debug_str,"MS",%progbits,1
 1076      02004C00 
 1076      00000201 
 1076      FB0E0D00 
 1076      01010101 
 1077              	.LASF33:
 1078 0000 455A4932 		.ascii	"EZI2C_CAM_dataBuffer1\000"
 1078      435F4341 
 1078      4D5F6461 
 1078      74614275 
 1078      66666572 
 1079              	.LASF15:
ARM GAS  C:\Users\ilya\AppData\Local\Temp\ccyexrGp.s 			page 29


 1080 0016 72656733 		.ascii	"reg32\000"
 1080      3200
 1081              	.LASF18:
 1082 001c 455A4932 		.ascii	"EZI2C_CAM_EzI2CInit\000"
 1082      435F4341 
 1082      4D5F457A 
 1082      49324349 
 1082      6E697400 
 1083              	.LASF29:
 1084 0030 62756666 		.ascii	"buffer\000"
 1084      657200
 1085              	.LASF36:
 1086 0037 455A4932 		.ascii	"EZI2C_CAM_offsetBuf1\000"
 1086      435F4341 
 1086      4D5F6F66 
 1086      66736574 
 1086      42756631 
 1087              	.LASF19:
 1088 004c 455A4932 		.ascii	"EZI2C_CAM_EzI2CStop\000"
 1088      435F4341 
 1088      4D5F457A 
 1088      49324353 
 1088      746F7000 
 1089              	.LASF30:
 1090 0060 455A4932 		.ascii	"EZI2C_CAM_EzI2CSetReadBoundaryBuffer1\000"
 1090      435F4341 
 1090      4D5F457A 
 1090      49324353 
 1090      65745265 
 1091              	.LASF3:
 1092 0086 73686F72 		.ascii	"short unsigned int\000"
 1092      7420756E 
 1092      7369676E 
 1092      65642069 
 1092      6E7400
 1093              	.LASF28:
 1094 0099 7277426F 		.ascii	"rwBoundary\000"
 1094      756E6461 
 1094      727900
 1095              	.LASF32:
 1096 00a4 455A4932 		.ascii	"EZI2C_CAM_fsmState\000"
 1096      435F4341 
 1096      4D5F6673 
 1096      6D537461 
 1096      746500
 1097              	.LASF20:
 1098 00b7 73746174 		.ascii	"status\000"
 1098      757300
 1099              	.LASF37:
 1100 00be 455A4932 		.ascii	"EZI2C_CAM_indexBuf1\000"
 1100      435F4341 
 1100      4D5F696E 
 1100      64657842 
 1100      75663100 
 1101              	.LASF12:
 1102 00d2 666C6F61 		.ascii	"float\000"
 1102      7400
ARM GAS  C:\Users\ilya\AppData\Local\Temp\ccyexrGp.s 			page 30


 1103              	.LASF1:
 1104 00d8 756E7369 		.ascii	"unsigned char\000"
 1104      676E6564 
 1104      20636861 
 1104      7200
 1105              	.LASF5:
 1106 00e6 6C6F6E67 		.ascii	"long unsigned int\000"
 1106      20756E73 
 1106      69676E65 
 1106      6420696E 
 1106      7400
 1107              	.LASF9:
 1108 00f8 75696E74 		.ascii	"uint8\000"
 1108      3800
 1109              	.LASF39:
 1110 00fe 47656E65 		.ascii	"Generated_Source\\PSoC4\\EZI2C_CAM_EZI2C.c\000"
 1110      72617465 
 1110      645F536F 
 1110      75726365 
 1110      5C50536F 
 1111              	.LASF38:
 1112 0127 474E5520 		.ascii	"GNU C11 5.4.1 20160609 (release) [ARM/embedded-5-br"
 1112      43313120 
 1112      352E342E 
 1112      31203230 
 1112      31363036 
 1113 015a 616E6368 		.ascii	"anch revision 237715] -mcpu=cortex-m0 -mthumb -g -O"
 1113      20726576 
 1113      6973696F 
 1113      6E203233 
 1113      37373135 
 1114 018d 30202D66 		.ascii	"0 -ffunction-sections -ffat-lto-objects\000"
 1114      66756E63 
 1114      74696F6E 
 1114      2D736563 
 1114      74696F6E 
 1115              	.LASF25:
 1116 01b5 455A4932 		.ascii	"EZI2C_CAM_EzI2CSetAddress1\000"
 1116      435F4341 
 1116      4D5F457A 
 1116      49324353 
 1116      65744164 
 1117              	.LASF13:
 1118 01d0 646F7562 		.ascii	"double\000"
 1118      6C6500
 1119              	.LASF34:
 1120 01d7 455A4932 		.ascii	"EZI2C_CAM_bufSizeBuf1\000"
 1120      435F4341 
 1120      4D5F6275 
 1120      6653697A 
 1120      65427566 
 1121              	.LASF10:
 1122 01ed 75696E74 		.ascii	"uint16\000"
 1122      313600
 1123              	.LASF11:
 1124 01f4 75696E74 		.ascii	"uint32\000"
 1124      333200
ARM GAS  C:\Users\ilya\AppData\Local\Temp\ccyexrGp.s 			page 31


 1125              	.LASF8:
 1126 01fb 756E7369 		.ascii	"unsigned int\000"
 1126      676E6564 
 1126      20696E74 
 1126      00
 1127              	.LASF22:
 1128 0208 455A4932 		.ascii	"EZI2C_CAM_EzI2CGetActivity\000"
 1128      435F4341 
 1128      4D5F457A 
 1128      49324347 
 1128      65744163 
 1129              	.LASF23:
 1130 0223 455A4932 		.ascii	"EZI2C_CAM_EzI2CGetAddress1\000"
 1130      435F4341 
 1130      4D5F457A 
 1130      49324347 
 1130      65744164 
 1131              	.LASF24:
 1132 023e 61646472 		.ascii	"address\000"
 1132      65737300 
 1133              	.LASF7:
 1134 0246 6C6F6E67 		.ascii	"long long unsigned int\000"
 1134      206C6F6E 
 1134      6720756E 
 1134      7369676E 
 1134      65642069 
 1135              	.LASF40:
 1136 025d 433A5C70 		.ascii	"C:\\psoc\\chamonix\\fixed\\Fixed\\fixed.cydsn\000"
 1136      736F635C 
 1136      6368616D 
 1136      6F6E6978 
 1136      5C666978 
 1137              	.LASF35:
 1138 0286 455A4932 		.ascii	"EZI2C_CAM_protectBuf1\000"
 1138      435F4341 
 1138      4D5F7072 
 1138      6F746563 
 1138      74427566 
 1139              	.LASF17:
 1140 029c 73697A65 		.ascii	"sizetype\000"
 1140      74797065 
 1140      00
 1141              	.LASF6:
 1142 02a5 6C6F6E67 		.ascii	"long long int\000"
 1142      206C6F6E 
 1142      6720696E 
 1142      7400
 1143              	.LASF14:
 1144 02b3 63686172 		.ascii	"char\000"
 1144      00
 1145              	.LASF2:
 1146 02b8 73686F72 		.ascii	"short int\000"
 1146      7420696E 
 1146      7400
 1147              	.LASF27:
 1148 02c2 62756653 		.ascii	"bufSize\000"
 1148      697A6500 
ARM GAS  C:\Users\ilya\AppData\Local\Temp\ccyexrGp.s 			page 32


 1149              	.LASF31:
 1150 02ca 455A4932 		.ascii	"EZI2C_CAM_curStatus\000"
 1150      435F4341 
 1150      4D5F6375 
 1150      72537461 
 1150      74757300 
 1151              	.LASF4:
 1152 02de 6C6F6E67 		.ascii	"long int\000"
 1152      20696E74 
 1152      00
 1153              	.LASF21:
 1154 02e7 6D617463 		.ascii	"matchReg\000"
 1154      68526567 
 1154      00
 1155              	.LASF16:
 1156 02f0 6C6F6E67 		.ascii	"long double\000"
 1156      20646F75 
 1156      626C6500 
 1157              	.LASF0:
 1158 02fc 7369676E 		.ascii	"signed char\000"
 1158      65642063 
 1158      68617200 
 1159              	.LASF26:
 1160 0308 455A4932 		.ascii	"EZI2C_CAM_EzI2CSetBuffer1\000"
 1160      435F4341 
 1160      4D5F457A 
 1160      49324353 
 1160      65744275 
 1161              		.ident	"GCC: (GNU Tools for ARM Embedded Processors) 5.4.1 20160609 (release) [ARM/embedded-5-bran
