ARM GAS  C:\Users\yqh\AppData\Local\Temp\ccL4ifMr.s 			page 1


   1              		.syntax unified
   2              		.cpu cortex-m3
   3              		.fpu softvfp
   4              		.eabi_attribute 20, 1
   5              		.eabi_attribute 21, 1
   6              		.eabi_attribute 23, 3
   7              		.eabi_attribute 24, 1
   8              		.eabi_attribute 25, 1
   9              		.eabi_attribute 26, 1
  10              		.eabi_attribute 30, 6
  11              		.eabi_attribute 34, 1
  12              		.eabi_attribute 18, 4
  13              		.thumb
  14              		.file	"UART_ACS_INT.c"
  15              		.text
  16              	.Ltext0:
  17              		.cfi_sections	.debug_frame
  18              		.section	.text.UART_ACS_RXISR,"ax",%progbits
  19              		.align	2
  20              		.global	UART_ACS_RXISR
  21              		.thumb
  22              		.thumb_func
  23              		.type	UART_ACS_RXISR, %function
  24              	UART_ACS_RXISR:
  25              	.LFB0:
  26              		.file 1 ".\\Generated_Source\\PSoC5\\UART_ACS_INT.c"
   1:.\Generated_Source\PSoC5/UART_ACS_INT.c **** /*******************************************************************************
   2:.\Generated_Source\PSoC5/UART_ACS_INT.c **** * File Name: UART_ACSINT.c
   3:.\Generated_Source\PSoC5/UART_ACS_INT.c **** * Version 2.50
   4:.\Generated_Source\PSoC5/UART_ACS_INT.c **** *
   5:.\Generated_Source\PSoC5/UART_ACS_INT.c **** * Description:
   6:.\Generated_Source\PSoC5/UART_ACS_INT.c **** *  This file provides all Interrupt Service functionality of the UART component
   7:.\Generated_Source\PSoC5/UART_ACS_INT.c **** *
   8:.\Generated_Source\PSoC5/UART_ACS_INT.c **** ********************************************************************************
   9:.\Generated_Source\PSoC5/UART_ACS_INT.c **** * Copyright 2008-2015, Cypress Semiconductor Corporation.  All rights reserved.
  10:.\Generated_Source\PSoC5/UART_ACS_INT.c **** * You may use this file only in accordance with the license, terms, conditions,
  11:.\Generated_Source\PSoC5/UART_ACS_INT.c **** * disclaimers, and limitations in the end user license agreement accompanying
  12:.\Generated_Source\PSoC5/UART_ACS_INT.c **** * the software package with which this file was provided.
  13:.\Generated_Source\PSoC5/UART_ACS_INT.c **** *******************************************************************************/
  14:.\Generated_Source\PSoC5/UART_ACS_INT.c **** 
  15:.\Generated_Source\PSoC5/UART_ACS_INT.c **** #include "UART_ACS.h"
  16:.\Generated_Source\PSoC5/UART_ACS_INT.c **** 
  17:.\Generated_Source\PSoC5/UART_ACS_INT.c **** 
  18:.\Generated_Source\PSoC5/UART_ACS_INT.c **** 
  19:.\Generated_Source\PSoC5/UART_ACS_INT.c **** /***************************************
  20:.\Generated_Source\PSoC5/UART_ACS_INT.c **** * Custom Declarations
  21:.\Generated_Source\PSoC5/UART_ACS_INT.c **** ***************************************/
  22:.\Generated_Source\PSoC5/UART_ACS_INT.c **** /* `#START CUSTOM_DECLARATIONS` Place your declaration here */
  23:.\Generated_Source\PSoC5/UART_ACS_INT.c **** 
  24:.\Generated_Source\PSoC5/UART_ACS_INT.c **** /* `#END` */
  25:.\Generated_Source\PSoC5/UART_ACS_INT.c **** 
  26:.\Generated_Source\PSoC5/UART_ACS_INT.c **** #if (UART_ACS_RX_INTERRUPT_ENABLED && (UART_ACS_RX_ENABLED || UART_ACS_HD_ENABLED))
  27:.\Generated_Source\PSoC5/UART_ACS_INT.c ****     /*******************************************************************************
  28:.\Generated_Source\PSoC5/UART_ACS_INT.c ****     * Function Name: UART_ACS_RXISR
  29:.\Generated_Source\PSoC5/UART_ACS_INT.c ****     ********************************************************************************
  30:.\Generated_Source\PSoC5/UART_ACS_INT.c ****     *
  31:.\Generated_Source\PSoC5/UART_ACS_INT.c ****     * Summary:
ARM GAS  C:\Users\yqh\AppData\Local\Temp\ccL4ifMr.s 			page 2


  32:.\Generated_Source\PSoC5/UART_ACS_INT.c ****     *  Interrupt Service Routine for RX portion of the UART
  33:.\Generated_Source\PSoC5/UART_ACS_INT.c ****     *
  34:.\Generated_Source\PSoC5/UART_ACS_INT.c ****     * Parameters:
  35:.\Generated_Source\PSoC5/UART_ACS_INT.c ****     *  None.
  36:.\Generated_Source\PSoC5/UART_ACS_INT.c ****     *
  37:.\Generated_Source\PSoC5/UART_ACS_INT.c ****     * Return:
  38:.\Generated_Source\PSoC5/UART_ACS_INT.c ****     *  None.
  39:.\Generated_Source\PSoC5/UART_ACS_INT.c ****     *
  40:.\Generated_Source\PSoC5/UART_ACS_INT.c ****     * Global Variables:
  41:.\Generated_Source\PSoC5/UART_ACS_INT.c ****     *  UART_ACS_rxBuffer - RAM buffer pointer for save received data.
  42:.\Generated_Source\PSoC5/UART_ACS_INT.c ****     *  UART_ACS_rxBufferWrite - cyclic index for write to rxBuffer,
  43:.\Generated_Source\PSoC5/UART_ACS_INT.c ****     *     increments after each byte saved to buffer.
  44:.\Generated_Source\PSoC5/UART_ACS_INT.c ****     *  UART_ACS_rxBufferRead - cyclic index for read from rxBuffer,
  45:.\Generated_Source\PSoC5/UART_ACS_INT.c ****     *     checked to detect overflow condition.
  46:.\Generated_Source\PSoC5/UART_ACS_INT.c ****     *  UART_ACS_rxBufferOverflow - software overflow flag. Set to one
  47:.\Generated_Source\PSoC5/UART_ACS_INT.c ****     *     when UART_ACS_rxBufferWrite index overtakes
  48:.\Generated_Source\PSoC5/UART_ACS_INT.c ****     *     UART_ACS_rxBufferRead index.
  49:.\Generated_Source\PSoC5/UART_ACS_INT.c ****     *  UART_ACS_rxBufferLoopDetect - additional variable to detect overflow.
  50:.\Generated_Source\PSoC5/UART_ACS_INT.c ****     *     Set to one when UART_ACS_rxBufferWrite is equal to
  51:.\Generated_Source\PSoC5/UART_ACS_INT.c ****     *    UART_ACS_rxBufferRead
  52:.\Generated_Source\PSoC5/UART_ACS_INT.c ****     *  UART_ACS_rxAddressMode - this variable contains the Address mode,
  53:.\Generated_Source\PSoC5/UART_ACS_INT.c ****     *     selected in customizer or set by UART_SetRxAddressMode() API.
  54:.\Generated_Source\PSoC5/UART_ACS_INT.c ****     *  UART_ACS_rxAddressDetected - set to 1 when correct address received,
  55:.\Generated_Source\PSoC5/UART_ACS_INT.c ****     *     and analysed to store following addressed data bytes to the buffer.
  56:.\Generated_Source\PSoC5/UART_ACS_INT.c ****     *     When not correct address received, set to 0 to skip following data bytes.
  57:.\Generated_Source\PSoC5/UART_ACS_INT.c ****     *
  58:.\Generated_Source\PSoC5/UART_ACS_INT.c ****     *******************************************************************************/
  59:.\Generated_Source\PSoC5/UART_ACS_INT.c ****     CY_ISR(UART_ACS_RXISR)
  60:.\Generated_Source\PSoC5/UART_ACS_INT.c ****     {
  27              		.loc 1 60 0
  28              		.cfi_startproc
  29              		@ args = 0, pretend = 0, frame = 8
  30              		@ frame_needed = 1, uses_anonymous_args = 0
  31              		@ link register save eliminated.
  32 0000 80B4     		push	{r7}
  33              		.cfi_def_cfa_offset 4
  34              		.cfi_offset 7, -4
  35 0002 83B0     		sub	sp, sp, #12
  36              		.cfi_def_cfa_offset 16
  37 0004 00AF     		add	r7, sp, #0
  38              		.cfi_def_cfa_register 7
  61:.\Generated_Source\PSoC5/UART_ACS_INT.c ****         uint8 readData;
  62:.\Generated_Source\PSoC5/UART_ACS_INT.c ****         uint8 readStatus;
  63:.\Generated_Source\PSoC5/UART_ACS_INT.c ****         uint8 increment_pointer = 0u;
  39              		.loc 1 63 0
  40 0006 0023     		movs	r3, #0
  41 0008 FB71     		strb	r3, [r7, #7]
  42              	.L6:
  64:.\Generated_Source\PSoC5/UART_ACS_INT.c **** 
  65:.\Generated_Source\PSoC5/UART_ACS_INT.c ****     #if(CY_PSOC3)
  66:.\Generated_Source\PSoC5/UART_ACS_INT.c ****         uint8 int_en;
  67:.\Generated_Source\PSoC5/UART_ACS_INT.c ****     #endif /* (CY_PSOC3) */
  68:.\Generated_Source\PSoC5/UART_ACS_INT.c **** 
  69:.\Generated_Source\PSoC5/UART_ACS_INT.c ****     #ifdef UART_ACS_RXISR_ENTRY_CALLBACK
  70:.\Generated_Source\PSoC5/UART_ACS_INT.c ****         UART_ACS_RXISR_EntryCallback();
  71:.\Generated_Source\PSoC5/UART_ACS_INT.c ****     #endif /* UART_ACS_RXISR_ENTRY_CALLBACK */
  72:.\Generated_Source\PSoC5/UART_ACS_INT.c **** 
ARM GAS  C:\Users\yqh\AppData\Local\Temp\ccL4ifMr.s 			page 3


  73:.\Generated_Source\PSoC5/UART_ACS_INT.c ****         /* User code required at start of ISR */
  74:.\Generated_Source\PSoC5/UART_ACS_INT.c ****         /* `#START UART_ACS_RXISR_START` */
  75:.\Generated_Source\PSoC5/UART_ACS_INT.c **** 
  76:.\Generated_Source\PSoC5/UART_ACS_INT.c ****         /* `#END` */
  77:.\Generated_Source\PSoC5/UART_ACS_INT.c **** 
  78:.\Generated_Source\PSoC5/UART_ACS_INT.c ****     #if(CY_PSOC3)   /* Make sure nested interrupt is enabled */
  79:.\Generated_Source\PSoC5/UART_ACS_INT.c ****         int_en = EA;
  80:.\Generated_Source\PSoC5/UART_ACS_INT.c ****         CyGlobalIntEnable;
  81:.\Generated_Source\PSoC5/UART_ACS_INT.c ****     #endif /* (CY_PSOC3) */
  82:.\Generated_Source\PSoC5/UART_ACS_INT.c **** 
  83:.\Generated_Source\PSoC5/UART_ACS_INT.c ****         do
  84:.\Generated_Source\PSoC5/UART_ACS_INT.c ****         {
  85:.\Generated_Source\PSoC5/UART_ACS_INT.c ****             /* Read receiver status register */
  86:.\Generated_Source\PSoC5/UART_ACS_INT.c ****             readStatus = UART_ACS_RXSTATUS_REG;
  43              		.loc 1 86 0
  44 000a 2B4B     		ldr	r3, .L7
  45 000c 1B78     		ldrb	r3, [r3]
  46 000e BB71     		strb	r3, [r7, #6]
  87:.\Generated_Source\PSoC5/UART_ACS_INT.c ****             /* Copy the same status to readData variable for backward compatibility support 
  88:.\Generated_Source\PSoC5/UART_ACS_INT.c ****             *  of the user code in UART_ACS_RXISR_ERROR` section. 
  89:.\Generated_Source\PSoC5/UART_ACS_INT.c ****             */
  90:.\Generated_Source\PSoC5/UART_ACS_INT.c ****             readData = readStatus;
  47              		.loc 1 90 0
  48 0010 BB79     		ldrb	r3, [r7, #6]
  49 0012 7B71     		strb	r3, [r7, #5]
  91:.\Generated_Source\PSoC5/UART_ACS_INT.c **** 
  92:.\Generated_Source\PSoC5/UART_ACS_INT.c ****             if((readStatus & (UART_ACS_RX_STS_BREAK | 
  93:.\Generated_Source\PSoC5/UART_ACS_INT.c ****                             UART_ACS_RX_STS_PAR_ERROR |
  94:.\Generated_Source\PSoC5/UART_ACS_INT.c ****                             UART_ACS_RX_STS_STOP_ERROR | 
  95:.\Generated_Source\PSoC5/UART_ACS_INT.c ****                             UART_ACS_RX_STS_OVERRUN)) != 0u)
  50              		.loc 1 95 0
  51 0014 BB79     		ldrb	r3, [r7, #6]	@ zero_extendqisi2
  52 0016 03F01E03 		and	r3, r3, #30
  92:.\Generated_Source\PSoC5/UART_ACS_INT.c ****                             UART_ACS_RX_STS_PAR_ERROR |
  53              		.loc 1 92 0
  54 001a 002B     		cmp	r3, #0
  55 001c 0BD0     		beq	.L2
  96:.\Generated_Source\PSoC5/UART_ACS_INT.c ****             {
  97:.\Generated_Source\PSoC5/UART_ACS_INT.c ****                 /* ERROR handling. */
  98:.\Generated_Source\PSoC5/UART_ACS_INT.c ****                 UART_ACS_errorStatus |= readStatus & ( UART_ACS_RX_STS_BREAK | 
  56              		.loc 1 98 0
  57 001e BB79     		ldrb	r3, [r7, #6]	@ zero_extendqisi2
  58 0020 03F01E03 		and	r3, r3, #30
  59 0024 DAB2     		uxtb	r2, r3
  60 0026 254B     		ldr	r3, .L7+4
  61 0028 1B78     		ldrb	r3, [r3]	@ zero_extendqisi2
  62 002a DBB2     		uxtb	r3, r3
  63 002c 1343     		orrs	r3, r3, r2
  64 002e DBB2     		uxtb	r3, r3
  65 0030 DAB2     		uxtb	r2, r3
  66 0032 224B     		ldr	r3, .L7+4
  67 0034 1A70     		strb	r2, [r3]
  68              	.L2:
  99:.\Generated_Source\PSoC5/UART_ACS_INT.c ****                                                             UART_ACS_RX_STS_PAR_ERROR | 
 100:.\Generated_Source\PSoC5/UART_ACS_INT.c ****                                                             UART_ACS_RX_STS_STOP_ERROR | 
 101:.\Generated_Source\PSoC5/UART_ACS_INT.c ****                                                             UART_ACS_RX_STS_OVERRUN);
 102:.\Generated_Source\PSoC5/UART_ACS_INT.c ****                 /* `#START UART_ACS_RXISR_ERROR` */
ARM GAS  C:\Users\yqh\AppData\Local\Temp\ccL4ifMr.s 			page 4


 103:.\Generated_Source\PSoC5/UART_ACS_INT.c **** 
 104:.\Generated_Source\PSoC5/UART_ACS_INT.c ****                 /* `#END` */
 105:.\Generated_Source\PSoC5/UART_ACS_INT.c ****                 
 106:.\Generated_Source\PSoC5/UART_ACS_INT.c ****             #ifdef UART_ACS_RXISR_ERROR_CALLBACK
 107:.\Generated_Source\PSoC5/UART_ACS_INT.c ****                 UART_ACS_RXISR_ERROR_Callback();
 108:.\Generated_Source\PSoC5/UART_ACS_INT.c ****             #endif /* UART_ACS_RXISR_ERROR_CALLBACK */
 109:.\Generated_Source\PSoC5/UART_ACS_INT.c ****             }
 110:.\Generated_Source\PSoC5/UART_ACS_INT.c ****             
 111:.\Generated_Source\PSoC5/UART_ACS_INT.c ****             if((readStatus & UART_ACS_RX_STS_FIFO_NOTEMPTY) != 0u)
  69              		.loc 1 111 0
  70 0036 BB79     		ldrb	r3, [r7, #6]	@ zero_extendqisi2
  71 0038 03F02003 		and	r3, r3, #32
  72 003c 002B     		cmp	r3, #0
  73 003e 30D0     		beq	.L3
 112:.\Generated_Source\PSoC5/UART_ACS_INT.c ****             {
 113:.\Generated_Source\PSoC5/UART_ACS_INT.c ****                 /* Read data from the RX data register */
 114:.\Generated_Source\PSoC5/UART_ACS_INT.c ****                 readData = UART_ACS_RXDATA_REG;
  74              		.loc 1 114 0
  75 0040 1F4B     		ldr	r3, .L7+8
  76 0042 1B78     		ldrb	r3, [r3]
  77 0044 7B71     		strb	r3, [r7, #5]
 115:.\Generated_Source\PSoC5/UART_ACS_INT.c ****             #if (UART_ACS_RXHW_ADDRESS_ENABLED)
 116:.\Generated_Source\PSoC5/UART_ACS_INT.c ****                 if(UART_ACS_rxAddressMode == (uint8)UART_ACS__B_UART__AM_SW_DETECT_TO_BUFFER)
 117:.\Generated_Source\PSoC5/UART_ACS_INT.c ****                 {
 118:.\Generated_Source\PSoC5/UART_ACS_INT.c ****                     if((readStatus & UART_ACS_RX_STS_MRKSPC) != 0u)
 119:.\Generated_Source\PSoC5/UART_ACS_INT.c ****                     {
 120:.\Generated_Source\PSoC5/UART_ACS_INT.c ****                         if ((readStatus & UART_ACS_RX_STS_ADDR_MATCH) != 0u)
 121:.\Generated_Source\PSoC5/UART_ACS_INT.c ****                         {
 122:.\Generated_Source\PSoC5/UART_ACS_INT.c ****                             UART_ACS_rxAddressDetected = 1u;
 123:.\Generated_Source\PSoC5/UART_ACS_INT.c ****                         }
 124:.\Generated_Source\PSoC5/UART_ACS_INT.c ****                         else
 125:.\Generated_Source\PSoC5/UART_ACS_INT.c ****                         {
 126:.\Generated_Source\PSoC5/UART_ACS_INT.c ****                             UART_ACS_rxAddressDetected = 0u;
 127:.\Generated_Source\PSoC5/UART_ACS_INT.c ****                         }
 128:.\Generated_Source\PSoC5/UART_ACS_INT.c ****                     }
 129:.\Generated_Source\PSoC5/UART_ACS_INT.c ****                     if(UART_ACS_rxAddressDetected != 0u)
 130:.\Generated_Source\PSoC5/UART_ACS_INT.c ****                     {   /* Store only addressed data */
 131:.\Generated_Source\PSoC5/UART_ACS_INT.c ****                         UART_ACS_rxBuffer[UART_ACS_rxBufferWrite] = readData;
 132:.\Generated_Source\PSoC5/UART_ACS_INT.c ****                         increment_pointer = 1u;
 133:.\Generated_Source\PSoC5/UART_ACS_INT.c ****                     }
 134:.\Generated_Source\PSoC5/UART_ACS_INT.c ****                 }
 135:.\Generated_Source\PSoC5/UART_ACS_INT.c ****                 else /* Without software addressing */
 136:.\Generated_Source\PSoC5/UART_ACS_INT.c ****                 {
 137:.\Generated_Source\PSoC5/UART_ACS_INT.c ****                     UART_ACS_rxBuffer[UART_ACS_rxBufferWrite] = readData;
 138:.\Generated_Source\PSoC5/UART_ACS_INT.c ****                     increment_pointer = 1u;
 139:.\Generated_Source\PSoC5/UART_ACS_INT.c ****                 }
 140:.\Generated_Source\PSoC5/UART_ACS_INT.c ****             #else  /* Without addressing */
 141:.\Generated_Source\PSoC5/UART_ACS_INT.c ****                 UART_ACS_rxBuffer[UART_ACS_rxBufferWrite] = readData;
  78              		.loc 1 141 0
  79 0046 1F4B     		ldr	r3, .L7+12
  80 0048 1B88     		ldrh	r3, [r3]	@ movhi
  81 004a 9BB2     		uxth	r3, r3
  82 004c 1946     		mov	r1, r3
  83 004e 1E4A     		ldr	r2, .L7+16
  84 0050 7B79     		ldrb	r3, [r7, #5]
  85 0052 5354     		strb	r3, [r2, r1]
 142:.\Generated_Source\PSoC5/UART_ACS_INT.c ****                 increment_pointer = 1u;
ARM GAS  C:\Users\yqh\AppData\Local\Temp\ccL4ifMr.s 			page 5


  86              		.loc 1 142 0
  87 0054 0123     		movs	r3, #1
  88 0056 FB71     		strb	r3, [r7, #7]
 143:.\Generated_Source\PSoC5/UART_ACS_INT.c ****             #endif /* (UART_ACS_RXHW_ADDRESS_ENABLED) */
 144:.\Generated_Source\PSoC5/UART_ACS_INT.c **** 
 145:.\Generated_Source\PSoC5/UART_ACS_INT.c ****                 /* Do not increment buffer pointer when skip not addressed data */
 146:.\Generated_Source\PSoC5/UART_ACS_INT.c ****                 if(increment_pointer != 0u)
  89              		.loc 1 146 0
  90 0058 FB79     		ldrb	r3, [r7, #7]	@ zero_extendqisi2
  91 005a 002B     		cmp	r3, #0
  92 005c 21D0     		beq	.L3
 147:.\Generated_Source\PSoC5/UART_ACS_INT.c ****                 {
 148:.\Generated_Source\PSoC5/UART_ACS_INT.c ****                     if(UART_ACS_rxBufferLoopDetect != 0u)
  93              		.loc 1 148 0
  94 005e 1B4B     		ldr	r3, .L7+20
  95 0060 1B78     		ldrb	r3, [r3]
  96 0062 DBB2     		uxtb	r3, r3
  97 0064 002B     		cmp	r3, #0
  98 0066 02D0     		beq	.L4
 149:.\Generated_Source\PSoC5/UART_ACS_INT.c ****                     {   /* Set Software Buffer status Overflow */
 150:.\Generated_Source\PSoC5/UART_ACS_INT.c ****                         UART_ACS_rxBufferOverflow = 1u;
  99              		.loc 1 150 0
 100 0068 194B     		ldr	r3, .L7+24
 101 006a 0122     		movs	r2, #1
 102 006c 1A70     		strb	r2, [r3]
 103              	.L4:
 151:.\Generated_Source\PSoC5/UART_ACS_INT.c ****                     }
 152:.\Generated_Source\PSoC5/UART_ACS_INT.c ****                     /* Set next pointer. */
 153:.\Generated_Source\PSoC5/UART_ACS_INT.c ****                     UART_ACS_rxBufferWrite++;
 104              		.loc 1 153 0
 105 006e 154B     		ldr	r3, .L7+12
 106 0070 1B88     		ldrh	r3, [r3]	@ movhi
 107 0072 9BB2     		uxth	r3, r3
 108 0074 0133     		adds	r3, r3, #1
 109 0076 9AB2     		uxth	r2, r3
 110 0078 124B     		ldr	r3, .L7+12
 111 007a 1A80     		strh	r2, [r3]	@ movhi
 154:.\Generated_Source\PSoC5/UART_ACS_INT.c **** 
 155:.\Generated_Source\PSoC5/UART_ACS_INT.c ****                     /* Check pointer for a loop condition */
 156:.\Generated_Source\PSoC5/UART_ACS_INT.c ****                     if(UART_ACS_rxBufferWrite >= UART_ACS_RX_BUFFER_SIZE)
 112              		.loc 1 156 0
 113 007c 114B     		ldr	r3, .L7+12
 114 007e 1B88     		ldrh	r3, [r3]	@ movhi
 115 0080 9BB2     		uxth	r3, r3
 116 0082 FF2B     		cmp	r3, #255
 117 0084 02D9     		bls	.L5
 157:.\Generated_Source\PSoC5/UART_ACS_INT.c ****                     {
 158:.\Generated_Source\PSoC5/UART_ACS_INT.c ****                         UART_ACS_rxBufferWrite = 0u;
 118              		.loc 1 158 0
 119 0086 0F4B     		ldr	r3, .L7+12
 120 0088 0022     		movs	r2, #0
 121 008a 1A80     		strh	r2, [r3]	@ movhi
 122              	.L5:
 159:.\Generated_Source\PSoC5/UART_ACS_INT.c ****                     }
 160:.\Generated_Source\PSoC5/UART_ACS_INT.c **** 
 161:.\Generated_Source\PSoC5/UART_ACS_INT.c ****                     /* Detect pre-overload condition and set flag */
 162:.\Generated_Source\PSoC5/UART_ACS_INT.c ****                     if(UART_ACS_rxBufferWrite == UART_ACS_rxBufferRead)
ARM GAS  C:\Users\yqh\AppData\Local\Temp\ccL4ifMr.s 			page 6


 123              		.loc 1 162 0
 124 008c 0D4B     		ldr	r3, .L7+12
 125 008e 1B88     		ldrh	r3, [r3]	@ movhi
 126 0090 9AB2     		uxth	r2, r3
 127 0092 104B     		ldr	r3, .L7+28
 128 0094 1B88     		ldrh	r3, [r3]	@ movhi
 129 0096 9BB2     		uxth	r3, r3
 130 0098 9A42     		cmp	r2, r3
 131 009a 02D1     		bne	.L3
 163:.\Generated_Source\PSoC5/UART_ACS_INT.c ****                     {
 164:.\Generated_Source\PSoC5/UART_ACS_INT.c ****                         UART_ACS_rxBufferLoopDetect = 1u;
 132              		.loc 1 164 0
 133 009c 0B4B     		ldr	r3, .L7+20
 134 009e 0122     		movs	r2, #1
 135 00a0 1A70     		strb	r2, [r3]
 136              	.L3:
 165:.\Generated_Source\PSoC5/UART_ACS_INT.c ****                         /* When Hardware Flow Control selected */
 166:.\Generated_Source\PSoC5/UART_ACS_INT.c ****                         #if (UART_ACS_FLOW_CONTROL != 0u)
 167:.\Generated_Source\PSoC5/UART_ACS_INT.c ****                             /* Disable RX interrupt mask, it is enabled when user read data from th
 168:.\Generated_Source\PSoC5/UART_ACS_INT.c ****                             UART_ACS_RXSTATUS_MASK_REG  &= (uint8)~UART_ACS_RX_STS_FIFO_NOTEMPTY;
 169:.\Generated_Source\PSoC5/UART_ACS_INT.c ****                             CyIntClearPending(UART_ACS_RX_VECT_NUM);
 170:.\Generated_Source\PSoC5/UART_ACS_INT.c ****                             break; /* Break the reading of the FIFO loop, leave the data there for 
 171:.\Generated_Source\PSoC5/UART_ACS_INT.c ****                         #endif /* (UART_ACS_FLOW_CONTROL != 0u) */
 172:.\Generated_Source\PSoC5/UART_ACS_INT.c ****                     }
 173:.\Generated_Source\PSoC5/UART_ACS_INT.c ****                 }
 174:.\Generated_Source\PSoC5/UART_ACS_INT.c ****             }
 175:.\Generated_Source\PSoC5/UART_ACS_INT.c ****         }while((readStatus & UART_ACS_RX_STS_FIFO_NOTEMPTY) != 0u);
 137              		.loc 1 175 0
 138 00a2 BB79     		ldrb	r3, [r7, #6]	@ zero_extendqisi2
 139 00a4 03F02003 		and	r3, r3, #32
 140 00a8 002B     		cmp	r3, #0
 141 00aa AED1     		bne	.L6
 176:.\Generated_Source\PSoC5/UART_ACS_INT.c **** 
 177:.\Generated_Source\PSoC5/UART_ACS_INT.c ****         /* User code required at end of ISR (Optional) */
 178:.\Generated_Source\PSoC5/UART_ACS_INT.c ****         /* `#START UART_ACS_RXISR_END` */
 179:.\Generated_Source\PSoC5/UART_ACS_INT.c **** 
 180:.\Generated_Source\PSoC5/UART_ACS_INT.c ****         /* `#END` */
 181:.\Generated_Source\PSoC5/UART_ACS_INT.c **** 
 182:.\Generated_Source\PSoC5/UART_ACS_INT.c ****     #ifdef UART_ACS_RXISR_EXIT_CALLBACK
 183:.\Generated_Source\PSoC5/UART_ACS_INT.c ****         UART_ACS_RXISR_ExitCallback();
 184:.\Generated_Source\PSoC5/UART_ACS_INT.c ****     #endif /* UART_ACS_RXISR_EXIT_CALLBACK */
 185:.\Generated_Source\PSoC5/UART_ACS_INT.c **** 
 186:.\Generated_Source\PSoC5/UART_ACS_INT.c ****     #if(CY_PSOC3)
 187:.\Generated_Source\PSoC5/UART_ACS_INT.c ****         EA = int_en;
 188:.\Generated_Source\PSoC5/UART_ACS_INT.c ****     #endif /* (CY_PSOC3) */
 189:.\Generated_Source\PSoC5/UART_ACS_INT.c ****     }
 142              		.loc 1 189 0
 143 00ac 0C37     		adds	r7, r7, #12
 144              		.cfi_def_cfa_offset 4
 145 00ae BD46     		mov	sp, r7
 146              		.cfi_def_cfa_register 13
 147              		@ sp needed
 148 00b0 5DF8047B 		ldr	r7, [sp], #4
 149              		.cfi_restore 7
 150              		.cfi_def_cfa_offset 0
 151 00b4 7047     		bx	lr
 152              	.L8:
ARM GAS  C:\Users\yqh\AppData\Local\Temp\ccL4ifMr.s 			page 7


 153 00b6 00BF     		.align	2
 154              	.L7:
 155 00b8 66640040 		.word	1073767526
 156 00bc 00000000 		.word	UART_ACS_errorStatus
 157 00c0 46640040 		.word	1073767494
 158 00c4 00000000 		.word	UART_ACS_rxBufferWrite
 159 00c8 00000000 		.word	UART_ACS_rxBuffer
 160 00cc 00000000 		.word	UART_ACS_rxBufferLoopDetect
 161 00d0 00000000 		.word	UART_ACS_rxBufferOverflow
 162 00d4 00000000 		.word	UART_ACS_rxBufferRead
 163              		.cfi_endproc
 164              	.LFE0:
 165              		.size	UART_ACS_RXISR, .-UART_ACS_RXISR
 166              		.text
 167              	.Letext0:
 168              		.file 2 ".\\Generated_Source\\PSoC5\\cytypes.h"
 169              		.file 3 ".\\Generated_Source\\PSoC5\\UART_ACS.h"
 170              		.section	.debug_info,"",%progbits
 171              	.Ldebug_info0:
 172 0000 4F010000 		.4byte	0x14f
 173 0004 0400     		.2byte	0x4
 174 0006 00000000 		.4byte	.Ldebug_abbrev0
 175 000a 04       		.byte	0x4
 176 000b 01       		.uleb128 0x1
 177 000c 48010000 		.4byte	.LASF25
 178 0010 01       		.byte	0x1
 179 0011 74000000 		.4byte	.LASF26
 180 0015 0E000000 		.4byte	.LASF27
 181 0019 00000000 		.4byte	.Ldebug_ranges0+0
 182 001d 00000000 		.4byte	0
 183 0021 00000000 		.4byte	.Ldebug_line0
 184 0025 02       		.uleb128 0x2
 185 0026 01       		.byte	0x1
 186 0027 06       		.byte	0x6
 187 0028 0F020000 		.4byte	.LASF0
 188 002c 02       		.uleb128 0x2
 189 002d 01       		.byte	0x1
 190 002e 08       		.byte	0x8
 191 002f 1A010000 		.4byte	.LASF1
 192 0033 02       		.uleb128 0x2
 193 0034 02       		.byte	0x2
 194 0035 05       		.byte	0x5
 195 0036 3E020000 		.4byte	.LASF2
 196 003a 02       		.uleb128 0x2
 197 003b 02       		.byte	0x2
 198 003c 07       		.byte	0x7
 199 003d FC010000 		.4byte	.LASF3
 200 0041 02       		.uleb128 0x2
 201 0042 04       		.byte	0x4
 202 0043 05       		.byte	0x5
 203 0044 3F010000 		.4byte	.LASF4
 204 0048 02       		.uleb128 0x2
 205 0049 04       		.byte	0x4
 206 004a 07       		.byte	0x7
 207 004b B4000000 		.4byte	.LASF5
 208 004f 02       		.uleb128 0x2
 209 0050 08       		.byte	0x8
ARM GAS  C:\Users\yqh\AppData\Local\Temp\ccL4ifMr.s 			page 8


 210 0051 05       		.byte	0x5
 211 0052 00000000 		.4byte	.LASF6
 212 0056 02       		.uleb128 0x2
 213 0057 08       		.byte	0x8
 214 0058 07       		.byte	0x7
 215 0059 C6000000 		.4byte	.LASF7
 216 005d 03       		.uleb128 0x3
 217 005e 04       		.byte	0x4
 218 005f 05       		.byte	0x5
 219 0060 696E7400 		.ascii	"int\000"
 220 0064 02       		.uleb128 0x2
 221 0065 04       		.byte	0x4
 222 0066 07       		.byte	0x7
 223 0067 55000000 		.4byte	.LASF8
 224 006b 04       		.uleb128 0x4
 225 006c AE000000 		.4byte	.LASF9
 226 0070 02       		.byte	0x2
 227 0071 9201     		.2byte	0x192
 228 0073 2C000000 		.4byte	0x2c
 229 0077 04       		.uleb128 0x4
 230 0078 48020000 		.4byte	.LASF10
 231 007c 02       		.byte	0x2
 232 007d 9301     		.2byte	0x193
 233 007f 3A000000 		.4byte	0x3a
 234 0083 02       		.uleb128 0x2
 235 0084 04       		.byte	0x4
 236 0085 04       		.byte	0x4
 237 0086 DD000000 		.4byte	.LASF11
 238 008a 02       		.uleb128 0x2
 239 008b 08       		.byte	0x8
 240 008c 04       		.byte	0x4
 241 008d DB010000 		.4byte	.LASF12
 242 0091 02       		.uleb128 0x2
 243 0092 01       		.byte	0x1
 244 0093 08       		.byte	0x8
 245 0094 15010000 		.4byte	.LASF13
 246 0098 04       		.uleb128 0x4
 247 0099 D6010000 		.4byte	.LASF14
 248 009d 02       		.byte	0x2
 249 009e 3C02     		.2byte	0x23c
 250 00a0 A4000000 		.4byte	0xa4
 251 00a4 05       		.uleb128 0x5
 252 00a5 6B000000 		.4byte	0x6b
 253 00a9 05       		.uleb128 0x5
 254 00aa 77000000 		.4byte	0x77
 255 00ae 02       		.uleb128 0x2
 256 00af 04       		.byte	0x4
 257 00b0 07       		.byte	0x7
 258 00b1 26020000 		.4byte	.LASF15
 259 00b5 06       		.uleb128 0x6
 260 00b6 2F020000 		.4byte	.LASF28
 261 00ba 01       		.byte	0x1
 262 00bb 3B       		.byte	0x3b
 263 00bc 00000000 		.4byte	.LFB0
 264 00c0 D8000000 		.4byte	.LFE0-.LFB0
 265 00c4 01       		.uleb128 0x1
 266 00c5 9C       		.byte	0x9c
ARM GAS  C:\Users\yqh\AppData\Local\Temp\ccL4ifMr.s 			page 9


 267 00c6 F5000000 		.4byte	0xf5
 268 00ca 07       		.uleb128 0x7
 269 00cb 4F020000 		.4byte	.LASF16
 270 00cf 01       		.byte	0x1
 271 00d0 3D       		.byte	0x3d
 272 00d1 6B000000 		.4byte	0x6b
 273 00d5 02       		.uleb128 0x2
 274 00d6 91       		.byte	0x91
 275 00d7 75       		.sleb128 -11
 276 00d8 07       		.uleb128 0x7
 277 00d9 1B020000 		.4byte	.LASF17
 278 00dd 01       		.byte	0x1
 279 00de 3E       		.byte	0x3e
 280 00df 6B000000 		.4byte	0x6b
 281 00e3 02       		.uleb128 0x2
 282 00e4 91       		.byte	0x91
 283 00e5 76       		.sleb128 -10
 284 00e6 07       		.uleb128 0x7
 285 00e7 62000000 		.4byte	.LASF18
 286 00eb 01       		.byte	0x1
 287 00ec 3F       		.byte	0x3f
 288 00ed 6B000000 		.4byte	0x6b
 289 00f1 02       		.uleb128 0x2
 290 00f2 91       		.byte	0x91
 291 00f3 77       		.sleb128 -9
 292 00f4 00       		.byte	0
 293 00f5 08       		.uleb128 0x8
 294 00f6 58020000 		.4byte	.LASF19
 295 00fa 03       		.byte	0x3
 296 00fb 3D01     		.2byte	0x13d
 297 00fd 6B000000 		.4byte	0x6b
 298 0101 09       		.uleb128 0x9
 299 0102 6B000000 		.4byte	0x6b
 300 0106 11010000 		.4byte	0x111
 301 010a 0A       		.uleb128 0xa
 302 010b AE000000 		.4byte	0xae
 303 010f FF       		.byte	0xff
 304 0110 00       		.byte	0
 305 0111 08       		.uleb128 0x8
 306 0112 9C000000 		.4byte	.LASF20
 307 0116 03       		.byte	0x3
 308 0117 3E01     		.2byte	0x13e
 309 0119 1D010000 		.4byte	0x11d
 310 011d 05       		.uleb128 0x5
 311 011e 01010000 		.4byte	0x101
 312 0122 08       		.uleb128 0x8
 313 0123 FF000000 		.4byte	.LASF21
 314 0127 03       		.byte	0x3
 315 0128 3F01     		.2byte	0x13f
 316 012a A9000000 		.4byte	0xa9
 317 012e 08       		.uleb128 0x8
 318 012f 28010000 		.4byte	.LASF22
 319 0133 03       		.byte	0x3
 320 0134 4001     		.2byte	0x140
 321 0136 A9000000 		.4byte	0xa9
 322 013a 08       		.uleb128 0x8
 323 013b E3000000 		.4byte	.LASF23
ARM GAS  C:\Users\yqh\AppData\Local\Temp\ccL4ifMr.s 			page 10


 324 013f 03       		.byte	0x3
 325 0140 4101     		.2byte	0x141
 326 0142 A4000000 		.4byte	0xa4
 327 0146 08       		.uleb128 0x8
 328 0147 E2010000 		.4byte	.LASF24
 329 014b 03       		.byte	0x3
 330 014c 4201     		.2byte	0x142
 331 014e A4000000 		.4byte	0xa4
 332 0152 00       		.byte	0
 333              		.section	.debug_abbrev,"",%progbits
 334              	.Ldebug_abbrev0:
 335 0000 01       		.uleb128 0x1
 336 0001 11       		.uleb128 0x11
 337 0002 01       		.byte	0x1
 338 0003 25       		.uleb128 0x25
 339 0004 0E       		.uleb128 0xe
 340 0005 13       		.uleb128 0x13
 341 0006 0B       		.uleb128 0xb
 342 0007 03       		.uleb128 0x3
 343 0008 0E       		.uleb128 0xe
 344 0009 1B       		.uleb128 0x1b
 345 000a 0E       		.uleb128 0xe
 346 000b 55       		.uleb128 0x55
 347 000c 17       		.uleb128 0x17
 348 000d 11       		.uleb128 0x11
 349 000e 01       		.uleb128 0x1
 350 000f 10       		.uleb128 0x10
 351 0010 17       		.uleb128 0x17
 352 0011 00       		.byte	0
 353 0012 00       		.byte	0
 354 0013 02       		.uleb128 0x2
 355 0014 24       		.uleb128 0x24
 356 0015 00       		.byte	0
 357 0016 0B       		.uleb128 0xb
 358 0017 0B       		.uleb128 0xb
 359 0018 3E       		.uleb128 0x3e
 360 0019 0B       		.uleb128 0xb
 361 001a 03       		.uleb128 0x3
 362 001b 0E       		.uleb128 0xe
 363 001c 00       		.byte	0
 364 001d 00       		.byte	0
 365 001e 03       		.uleb128 0x3
 366 001f 24       		.uleb128 0x24
 367 0020 00       		.byte	0
 368 0021 0B       		.uleb128 0xb
 369 0022 0B       		.uleb128 0xb
 370 0023 3E       		.uleb128 0x3e
 371 0024 0B       		.uleb128 0xb
 372 0025 03       		.uleb128 0x3
 373 0026 08       		.uleb128 0x8
 374 0027 00       		.byte	0
 375 0028 00       		.byte	0
 376 0029 04       		.uleb128 0x4
 377 002a 16       		.uleb128 0x16
 378 002b 00       		.byte	0
 379 002c 03       		.uleb128 0x3
 380 002d 0E       		.uleb128 0xe
ARM GAS  C:\Users\yqh\AppData\Local\Temp\ccL4ifMr.s 			page 11


 381 002e 3A       		.uleb128 0x3a
 382 002f 0B       		.uleb128 0xb
 383 0030 3B       		.uleb128 0x3b
 384 0031 05       		.uleb128 0x5
 385 0032 49       		.uleb128 0x49
 386 0033 13       		.uleb128 0x13
 387 0034 00       		.byte	0
 388 0035 00       		.byte	0
 389 0036 05       		.uleb128 0x5
 390 0037 35       		.uleb128 0x35
 391 0038 00       		.byte	0
 392 0039 49       		.uleb128 0x49
 393 003a 13       		.uleb128 0x13
 394 003b 00       		.byte	0
 395 003c 00       		.byte	0
 396 003d 06       		.uleb128 0x6
 397 003e 2E       		.uleb128 0x2e
 398 003f 01       		.byte	0x1
 399 0040 3F       		.uleb128 0x3f
 400 0041 19       		.uleb128 0x19
 401 0042 03       		.uleb128 0x3
 402 0043 0E       		.uleb128 0xe
 403 0044 3A       		.uleb128 0x3a
 404 0045 0B       		.uleb128 0xb
 405 0046 3B       		.uleb128 0x3b
 406 0047 0B       		.uleb128 0xb
 407 0048 27       		.uleb128 0x27
 408 0049 19       		.uleb128 0x19
 409 004a 11       		.uleb128 0x11
 410 004b 01       		.uleb128 0x1
 411 004c 12       		.uleb128 0x12
 412 004d 06       		.uleb128 0x6
 413 004e 40       		.uleb128 0x40
 414 004f 18       		.uleb128 0x18
 415 0050 9742     		.uleb128 0x2117
 416 0052 19       		.uleb128 0x19
 417 0053 01       		.uleb128 0x1
 418 0054 13       		.uleb128 0x13
 419 0055 00       		.byte	0
 420 0056 00       		.byte	0
 421 0057 07       		.uleb128 0x7
 422 0058 34       		.uleb128 0x34
 423 0059 00       		.byte	0
 424 005a 03       		.uleb128 0x3
 425 005b 0E       		.uleb128 0xe
 426 005c 3A       		.uleb128 0x3a
 427 005d 0B       		.uleb128 0xb
 428 005e 3B       		.uleb128 0x3b
 429 005f 0B       		.uleb128 0xb
 430 0060 49       		.uleb128 0x49
 431 0061 13       		.uleb128 0x13
 432 0062 02       		.uleb128 0x2
 433 0063 18       		.uleb128 0x18
 434 0064 00       		.byte	0
 435 0065 00       		.byte	0
 436 0066 08       		.uleb128 0x8
 437 0067 34       		.uleb128 0x34
ARM GAS  C:\Users\yqh\AppData\Local\Temp\ccL4ifMr.s 			page 12


 438 0068 00       		.byte	0
 439 0069 03       		.uleb128 0x3
 440 006a 0E       		.uleb128 0xe
 441 006b 3A       		.uleb128 0x3a
 442 006c 0B       		.uleb128 0xb
 443 006d 3B       		.uleb128 0x3b
 444 006e 05       		.uleb128 0x5
 445 006f 49       		.uleb128 0x49
 446 0070 13       		.uleb128 0x13
 447 0071 3F       		.uleb128 0x3f
 448 0072 19       		.uleb128 0x19
 449 0073 3C       		.uleb128 0x3c
 450 0074 19       		.uleb128 0x19
 451 0075 00       		.byte	0
 452 0076 00       		.byte	0
 453 0077 09       		.uleb128 0x9
 454 0078 01       		.uleb128 0x1
 455 0079 01       		.byte	0x1
 456 007a 49       		.uleb128 0x49
 457 007b 13       		.uleb128 0x13
 458 007c 01       		.uleb128 0x1
 459 007d 13       		.uleb128 0x13
 460 007e 00       		.byte	0
 461 007f 00       		.byte	0
 462 0080 0A       		.uleb128 0xa
 463 0081 21       		.uleb128 0x21
 464 0082 00       		.byte	0
 465 0083 49       		.uleb128 0x49
 466 0084 13       		.uleb128 0x13
 467 0085 2F       		.uleb128 0x2f
 468 0086 0B       		.uleb128 0xb
 469 0087 00       		.byte	0
 470 0088 00       		.byte	0
 471 0089 00       		.byte	0
 472              		.section	.debug_aranges,"",%progbits
 473 0000 1C000000 		.4byte	0x1c
 474 0004 0200     		.2byte	0x2
 475 0006 00000000 		.4byte	.Ldebug_info0
 476 000a 04       		.byte	0x4
 477 000b 00       		.byte	0
 478 000c 0000     		.2byte	0
 479 000e 0000     		.2byte	0
 480 0010 00000000 		.4byte	.LFB0
 481 0014 D8000000 		.4byte	.LFE0-.LFB0
 482 0018 00000000 		.4byte	0
 483 001c 00000000 		.4byte	0
 484              		.section	.debug_ranges,"",%progbits
 485              	.Ldebug_ranges0:
 486 0000 00000000 		.4byte	.LFB0
 487 0004 D8000000 		.4byte	.LFE0
 488 0008 00000000 		.4byte	0
 489 000c 00000000 		.4byte	0
 490              		.section	.debug_line,"",%progbits
 491              	.Ldebug_line0:
 492 0000 8C000000 		.section	.debug_str,"MS",%progbits,1
 492      02005900 
 492      00000201 
ARM GAS  C:\Users\yqh\AppData\Local\Temp\ccL4ifMr.s 			page 13


 492      FB0E0D00 
 492      01010101 
 493              	.LASF6:
 494 0000 6C6F6E67 		.ascii	"long long int\000"
 494      206C6F6E 
 494      6720696E 
 494      7400
 495              	.LASF27:
 496 000e 433A5C55 		.ascii	"C:\\Users\\yqh\\Documents\\works\\NanoNXT\\Pass_TOC"
 496      73657273 
 496      5C797168 
 496      5C446F63 
 496      756D656E 
 497 003b 5C332E35 		.ascii	"\\3.5.2\\nanoNxt_ICM3.cydsn\000"
 497      2E325C6E 
 497      616E6F4E 
 497      78745F49 
 497      434D332E 
 498              	.LASF8:
 499 0055 756E7369 		.ascii	"unsigned int\000"
 499      676E6564 
 499      20696E74 
 499      00
 500              	.LASF18:
 501 0062 696E6372 		.ascii	"increment_pointer\000"
 501      656D656E 
 501      745F706F 
 501      696E7465 
 501      7200
 502              	.LASF26:
 503 0074 2E5C4765 		.ascii	".\\Generated_Source\\PSoC5\\UART_ACS_INT.c\000"
 503      6E657261 
 503      7465645F 
 503      536F7572 
 503      63655C50 
 504              	.LASF20:
 505 009c 55415254 		.ascii	"UART_ACS_rxBuffer\000"
 505      5F414353 
 505      5F727842 
 505      75666665 
 505      7200
 506              	.LASF9:
 507 00ae 75696E74 		.ascii	"uint8\000"
 507      3800
 508              	.LASF5:
 509 00b4 6C6F6E67 		.ascii	"long unsigned int\000"
 509      20756E73 
 509      69676E65 
 509      6420696E 
 509      7400
 510              	.LASF7:
 511 00c6 6C6F6E67 		.ascii	"long long unsigned int\000"
 511      206C6F6E 
 511      6720756E 
 511      7369676E 
 511      65642069 
 512              	.LASF11:
ARM GAS  C:\Users\yqh\AppData\Local\Temp\ccL4ifMr.s 			page 14


 513 00dd 666C6F61 		.ascii	"float\000"
 513      7400
 514              	.LASF23:
 515 00e3 55415254 		.ascii	"UART_ACS_rxBufferLoopDetect\000"
 515      5F414353 
 515      5F727842 
 515      75666665 
 515      724C6F6F 
 516              	.LASF21:
 517 00ff 55415254 		.ascii	"UART_ACS_rxBufferRead\000"
 517      5F414353 
 517      5F727842 
 517      75666665 
 517      72526561 
 518              	.LASF13:
 519 0115 63686172 		.ascii	"char\000"
 519      00
 520              	.LASF1:
 521 011a 756E7369 		.ascii	"unsigned char\000"
 521      676E6564 
 521      20636861 
 521      7200
 522              	.LASF22:
 523 0128 55415254 		.ascii	"UART_ACS_rxBufferWrite\000"
 523      5F414353 
 523      5F727842 
 523      75666665 
 523      72577269 
 524              	.LASF4:
 525 013f 6C6F6E67 		.ascii	"long int\000"
 525      20696E74 
 525      00
 526              	.LASF25:
 527 0148 474E5520 		.ascii	"GNU C 4.9.3 20150303 (release) [ARM/embedded-4_9-br"
 527      4320342E 
 527      392E3320 
 527      32303135 
 527      30333033 
 528 017b 616E6368 		.ascii	"anch revision 221220] -mcpu=cortex-m3 -mthumb -g -O"
 528      20726576 
 528      6973696F 
 528      6E203232 
 528      31323230 
 529 01ae 30202D66 		.ascii	"0 -ffunction-sections -ffat-lto-objects\000"
 529      66756E63 
 529      74696F6E 
 529      2D736563 
 529      74696F6E 
 530              	.LASF14:
 531 01d6 72656738 		.ascii	"reg8\000"
 531      00
 532              	.LASF12:
 533 01db 646F7562 		.ascii	"double\000"
 533      6C6500
 534              	.LASF24:
 535 01e2 55415254 		.ascii	"UART_ACS_rxBufferOverflow\000"
 535      5F414353 
ARM GAS  C:\Users\yqh\AppData\Local\Temp\ccL4ifMr.s 			page 15


 535      5F727842 
 535      75666665 
 535      724F7665 
 536              	.LASF3:
 537 01fc 73686F72 		.ascii	"short unsigned int\000"
 537      7420756E 
 537      7369676E 
 537      65642069 
 537      6E7400
 538              	.LASF0:
 539 020f 7369676E 		.ascii	"signed char\000"
 539      65642063 
 539      68617200 
 540              	.LASF17:
 541 021b 72656164 		.ascii	"readStatus\000"
 541      53746174 
 541      757300
 542              	.LASF15:
 543 0226 73697A65 		.ascii	"sizetype\000"
 543      74797065 
 543      00
 544              	.LASF28:
 545 022f 55415254 		.ascii	"UART_ACS_RXISR\000"
 545      5F414353 
 545      5F525849 
 545      535200
 546              	.LASF2:
 547 023e 73686F72 		.ascii	"short int\000"
 547      7420696E 
 547      7400
 548              	.LASF10:
 549 0248 75696E74 		.ascii	"uint16\000"
 549      313600
 550              	.LASF16:
 551 024f 72656164 		.ascii	"readData\000"
 551      44617461 
 551      00
 552              	.LASF19:
 553 0258 55415254 		.ascii	"UART_ACS_errorStatus\000"
 553      5F414353 
 553      5F657272 
 553      6F725374 
 553      61747573 
 554              		.ident	"GCC: (GNU Tools for ARM Embedded Processors) 4.9.3 20150303 (release) [ARM/embedded-4_9-br
