Archive member included to satisfy reference by file (symbol)

.\CortexM3\ARM_GCC_541\Debug\ext_usb_boot.a(USBUART.o)
                              .\CortexM3\ARM_GCC_541\Debug\Communication.o (USBUART_Start)
.\CortexM3\ARM_GCC_541\Debug\ext_usb_boot.a(USBUART_cdc.o)
                              .\CortexM3\ARM_GCC_541\Debug\Communication.o (USBUART_CDC_Init)
.\CortexM3\ARM_GCC_541\Debug\ext_usb_boot.a(USBUART_drv.o)
                              .\CortexM3\ARM_GCC_541\Debug\ext_usb_boot.a(USBUART.o) (USBUART_lastPacketSize)
.\CortexM3\ARM_GCC_541\Debug\ext_usb_boot.a(USBUART_episr.o)
                              .\CortexM3\ARM_GCC_541\Debug\ext_usb_boot.a(USBUART.o) (USBUART_EP_1_ISR)
.\CortexM3\ARM_GCC_541\Debug\ext_usb_boot.a(USBUART_pm.o)
                              .\CortexM3\ARM_GCC_541\Debug\ext_usb_boot.a(USBUART.o) (USBUART_DP_ISR)
.\CortexM3\ARM_GCC_541\Debug\ext_usb_boot.a(USBUART_std.o)
                              .\CortexM3\ARM_GCC_541\Debug\ext_usb_boot.a(USBUART_pm.o) (USBUART_ConfigReg)
.\CortexM3\ARM_GCC_541\Debug\ext_usb_boot.a(USBUART_vnd.o)
                              .\CortexM3\ARM_GCC_541\Debug\ext_usb_boot.a(USBUART_drv.o) (USBUART_HandleVendorRqst)
.\CortexM3\ARM_GCC_541\Debug\ext_usb_boot.a(Bootloader_1.o)
                              .\CortexM3\ARM_GCC_541\Debug\Cm3Start.o (CyBtldr_CheckLaunch)
.\CortexM3\ARM_GCC_541\Debug\ext_usb_boot.a(USBUART_Dp.o)
                              .\CortexM3\ARM_GCC_541\Debug\ext_usb_boot.a(USBUART.o) (USBUART_Dp_ClearInterrupt)
.\CortexM3\ARM_GCC_541\Debug\ext_usb_boot.a(CyFlash.o)
                              .\CortexM3\ARM_GCC_541\Debug\main.o (CySetTemp)
.\CortexM3\ARM_GCC_541\Debug\ext_usb_boot.a(CyLib.o)
                              .\CortexM3\ARM_GCC_541\Debug\Cm3Start.o (CyHalt)
.\CortexM3\ARM_GCC_541\Debug\ext_usb_boot.a(cyPm.o)
                              .\CortexM3\ARM_GCC_541\Debug\ext_usb_boot.a(CyLib.o) (CyPmReadStatus)
.\CortexM3\ARM_GCC_541\Debug\ext_usb_boot.a(CySpc.o)
                              .\CortexM3\ARM_GCC_541\Debug\ext_usb_boot.a(CyFlash.o) (CySpcStart)
.\CortexM3\ARM_GCC_541\Debug\ext_usb_boot.a(EEPROM.o)
                              .\CortexM3\ARM_GCC_541\Debug\main.o (EEPROM_Start)
.\CortexM3\ARM_GCC_541\Debug\ext_usb_boot.a(ST_LED_0.o)
                              .\CortexM3\ARM_GCC_541\Debug\main.o (ST_LED_0_Write)
.\CortexM3\ARM_GCC_541\Debug\ext_usb_boot.a(ST_LED_1.o)
                              .\CortexM3\ARM_GCC_541\Debug\main.o (ST_LED_1_Write)
.\CortexM3\ARM_GCC_541\Debug\ext_usb_boot.a(ST_LED_2.o)
                              .\CortexM3\ARM_GCC_541\Debug\main.o (ST_LED_2_Write)
.\CortexM3\ARM_GCC_541\Debug\ext_usb_boot.a(CyBootAsmGnu.o)
                              .\CortexM3\ARM_GCC_541\Debug\cyfitter_cfg.o (CyDelayCycles)
.\CortexM3\ARM_GCC_541\Debug\ext_usb_boot.a(USBUART_cls.o)
                              .\CortexM3\ARM_GCC_541\Debug\ext_usb_boot.a(USBUART_drv.o) (USBUART_DispatchClassRqst)
.\CortexM3\ARM_GCC_541\Debug\ext_usb_boot.a(USBUART_descr.o)
                              .\CortexM3\ARM_GCC_541\Debug\ext_usb_boot.a(USBUART_std.o) (USBUART_idSerialNumberStringDescriptor)
c:/program files (x86)/cypress/psoc creator/4.2/psoc creator/import/gnu/arm/5.4.1/bin/../lib/gcc/arm-none-eabi/5.4.1/../../../../arm-none-eabi/lib/armv7-m\libg_nano.a(lib_a-errno.o)
                              .\CortexM3\ARM_GCC_541\Debug\Cm3Start.o (__errno)
c:/program files (x86)/cypress/psoc creator/4.2/psoc creator/import/gnu/arm/5.4.1/bin/../lib/gcc/arm-none-eabi/5.4.1/../../../../arm-none-eabi/lib/armv7-m\libg_nano.a(lib_a-exit.o)
                              c:/program files (x86)/cypress/psoc creator/4.2/psoc creator/import/gnu/arm/5.4.1/bin/../lib/gcc/arm-none-eabi/5.4.1/../../../../arm-none-eabi/lib/armv7-m/crt0.o (exit)
c:/program files (x86)/cypress/psoc creator/4.2/psoc creator/import/gnu/arm/5.4.1/bin/../lib/gcc/arm-none-eabi/5.4.1/../../../../arm-none-eabi/lib/armv7-m\libg_nano.a(lib_a-impure.o)
                              c:/program files (x86)/cypress/psoc creator/4.2/psoc creator/import/gnu/arm/5.4.1/bin/../lib/gcc/arm-none-eabi/5.4.1/../../../../arm-none-eabi/lib/armv7-m\libg_nano.a(lib_a-exit.o) (_global_impure_ptr)
c:/program files (x86)/cypress/psoc creator/4.2/psoc creator/import/gnu/arm/5.4.1/bin/../lib/gcc/arm-none-eabi/5.4.1/../../../../arm-none-eabi/lib/armv7-m\libg_nano.a(lib_a-init.o)
                              c:/program files (x86)/cypress/psoc creator/4.2/psoc creator/import/gnu/arm/5.4.1/bin/../lib/gcc/arm-none-eabi/5.4.1/../../../../arm-none-eabi/lib/armv7-m/crt0.o (__libc_init_array)
c:/program files (x86)/cypress/psoc creator/4.2/psoc creator/import/gnu/arm/5.4.1/bin/../lib/gcc/arm-none-eabi/5.4.1/../../../../arm-none-eabi/lib/armv7-m\libg_nano.a(lib_a-memcpy-stub.o)
                              .\CortexM3\ARM_GCC_541\Debug\cyfitter_cfg.o (memcpy)
[...]
Memory Configuration

Name             Origin             Length             Attributes
rom              0x00000000         0x00020000         xr
ram              0x1fffc000         0x00008000         xrw
*default*        0x00000000         0xffffffff

Linker script and memory map

LOAD c:/program files (x86)/cypress/psoc creator/4.2/psoc creator/import/gnu/arm/5.4.1/bin/../lib/gcc/arm-none-eabi/5.4.1/armv7-m/crti.o
LOAD c:/program files (x86)/cypress/psoc creator/4.2/psoc creator/import/gnu/arm/5.4.1/bin/../lib/gcc/arm-none-eabi/5.4.1/armv7-m/crtbegin.o
LOAD c:/program files (x86)/cypress/psoc creator/4.2/psoc creator/import/gnu/arm/5.4.1/bin/../lib/gcc/arm-none-eabi/5.4.1/../../../../arm-none-eabi/lib/armv7-m/crt0.o
START GROUP
LOAD .\CortexM3\ARM_GCC_541\Debug\main.o
LOAD .\CortexM3\ARM_GCC_541\Debug\Communication.o
LOAD .\CortexM3\ARM_GCC_541\Debug\cyfitter_cfg.o
LOAD .\CortexM3\ARM_GCC_541\Debug\cymetadata.o
LOAD .\CortexM3\ARM_GCC_541\Debug\Cm3Start.o
LOAD .\CortexM3\ARM_GCC_541\Debug\ext_usb_boot.a
LOAD C:\Program Files (x86)\Cypress\PSoC Creator\4.2\PSoC Creator\psoc\content\cycomponentlibrary\CyComponentLibrary.cylib\CortexM3\ARM_GCC_541\Debug\CyComponentLibrary.a
END GROUP
START GROUP
LOAD c:/program files (x86)/cypress/psoc creator/4.2/psoc creator/import/gnu/arm/5.4.1/bin/../lib/gcc/arm-none-eabi/5.4.1/armv7-m\libgcc.a
LOAD c:/program files (x86)/cypress/psoc creator/4.2/psoc creator/import/gnu/arm/5.4.1/bin/../lib/gcc/arm-none-eabi/5.4.1/../../../../arm-none-eabi/lib/armv7-m\libg_nano.a
LOAD c:/program files (x86)/cypress/psoc creator/4.2/psoc creator/import/gnu/arm/5.4.1/bin/../lib/gcc/arm-none-eabi/5.4.1/../../../../arm-none-eabi/lib/armv7-m\libc_nano.a
END GROUP
START GROUP
LOAD c:/program files (x86)/cypress/psoc creator/4.2/psoc creator/import/gnu/arm/5.4.1/bin/../lib/gcc/arm-none-eabi/5.4.1/armv7-m\libgcc.a
LOAD c:/program files (x86)/cypress/psoc creator/4.2/psoc creator/import/gnu/arm/5.4.1/bin/../lib/gcc/arm-none-eabi/5.4.1/../../../../arm-none-eabi/lib/armv7-m\libc_nano.a
END GROUP
LOAD c:/program files (x86)/cypress/psoc creator/4.2/psoc creator/import/gnu/arm/5.4.1/bin/../lib/gcc/arm-none-eabi/5.4.1/armv7-m/crtend.o
LOAD c:/program files (x86)/cypress/psoc creator/4.2/psoc creator/import/gnu/arm/5.4.1/bin/../lib/gcc/arm-none-eabi/5.4.1/armv7-m/crtn.o
START GROUP
LOAD c:/program files (x86)/cypress/psoc creator/4.2/psoc creator/import/gnu/arm/5.4.1/bin/../lib/gcc/arm-none-eabi/5.4.1/armv7-m\libgcc.a
LOAD c:/program files (x86)/cypress/psoc creator/4.2/psoc creator/import/gnu/arm/5.4.1/bin/../lib/gcc/arm-none-eabi/5.4.1/../../../../arm-none-eabi/lib/armv7-m\libc.a
LOAD c:/program files (x86)/cypress/psoc creator/4.2/psoc creator/import/gnu/arm/5.4.1/bin/../lib/gcc/arm-none-eabi/5.4.1/../../../../arm-none-eabi/lib/armv7-m\libnosys.a
END GROUP
                0x00000000                CY_APPL_ORIGIN = 0x0
                0x00000100                CY_FLASH_ROW_SIZE = 0x100
                0x00000020                CY_ECC_ROW_SIZE = 0x20
                0x00000000                CY_EE_IN_BTLDR = 0x0
                0x00000000                CY_APPL_LOADABLE = 0x0
                0x00000800                CY_EE_SIZE = 0x800
                0x00000001                CY_APPL_NUM = 0x1
                0x00000001                CY_APPL_MAX = 0x1
                0x00000040                CY_METADATA_SIZE = 0x40
                0x00000000                CY_APPL_LOADABLE = 0x0
                0x00000000                CY_CHECKSUM_EXCLUDE_SIZE = ALIGN (0x0, CY_FLASH_ROW_SIZE)
                [!provide]                PROVIDE (__cy_heap_start, _end)
                0x00000001                PROVIDE (__cy_region_num, ((__cy_regions_end - __cy_regions) / 0x10))
                0x20004000                PROVIDE (__cy_stack, (ORIGIN (ram) + LENGTH (ram)))
                [!provide]                PROVIDE (__cy_heap_end, (__cy_stack - 0x800))

.cybootloader   0x00000000        0x0
 *(.cybootloader)
                0x00000000                appl1_start = CY_APPL_ORIGIN?CY_APPL_ORIGIN:ALIGN (CY_FLASH_ROW_SIZE)
                0x0000ff00                appl2_start = (appl1_start + ALIGN ((((LENGTH (rom) - appl1_start) - (0x2 * CY_FLASH_ROW_SIZE)) / 0x2), CY_FLASH_ROW_SIZE))
                0x00000000                appl_start = (CY_APPL_NUM == 0x1)?appl1_start:appl2_start
                0x00000000                ecc_offset = ((appl_start / CY_FLASH_ROW_SIZE) * CY_ECC_ROW_SIZE)
                0x00000000                ee_offset = (CY_APPL_LOADABLE && ! (CY_EE_IN_BTLDR))?((CY_EE_SIZE / CY_APPL_MAX) * (CY_APPL_NUM - 0x1)):0x0
                0x00000800                ee_size = (CY_APPL_LOADABLE && ! (CY_EE_IN_BTLDR))?(CY_EE_SIZE / CY_APPL_MAX):CY_EE_SIZE
                [!provide]                PROVIDE (CY_ECC_OFFSET, ecc_offset)

.text           0x00000000     0x28d5
 CREATE_OBJECT_SYMBOLS
                0x00000000                PROVIDE (__cy_interrupt_vector, RomVectors)
 *(.romvectors)
 .romvectors    0x00000000       0x10 .\CortexM3\ARM_GCC_541\Debug\Cm3Start.o
                0x00000000                RomVectors
                0x00000001                ASSERT ((. != __cy_interrupt_vector), No interrupt vector)
                0x00000001                ASSERT (CY_APPL_ORIGIN?(SIZEOF (.cybootloader) <= CY_APPL_ORIGIN):0x1, Wrong image location)
                0x00000010                PROVIDE (__cy_reset, Reset)
 *(.text.Reset)
 .text.Reset    0x00000010       0x1c .\CortexM3\ARM_GCC_541\Debug\Cm3Start.o
                0x00000010                Reset
                0x00000001                ASSERT ((. != __cy_reset), No reset code)
 *(.dma_init)
                0x00000001                ASSERT ((((appl_start + .) <= 0x10000) || 0x1), DMA Init must be within the first 64k of flash)
 *(.text .text.* .gnu.linkonce.t.*)
 .text          0x0000002c       0x5c c:/program files (x86)/cypress/psoc creator/4.2/psoc creator/import/gnu/arm/5.4.1/bin/../lib/gcc/arm-none-eabi/5.4.1/armv7-m/crtbegin.o
 .text.main     0x00000088       0x40 .\CortexM3\ARM_GCC_541\Debug\main.o
                0x00000088                main
 .text.CyBtldrCommStart
                0x000000c8       0x18 .\CortexM3\ARM_GCC_541\Debug\Communication.o
                0x000000c8                CyBtldrCommStart
 .text.CyBtldrCommStop
                0x000000e0        0x8 .\CortexM3\ARM_GCC_541\Debug\Communication.o
                0x000000e0                CyBtldrCommStop
 .text.CyBtldrCommReset
                0x000000e8        0x8 .\CortexM3\ARM_GCC_541\Debug\Communication.o
                0x000000e8                CyBtldrCommReset
 .text.CyBtldrCommWrite
                0x000000f0       0x70 .\CortexM3\ARM_GCC_541\Debug\Communication.o
                0x000000f0                CyBtldrCommWrite
 .text.CyBtldrCommRead
                0x00000160       0xa4 .\CortexM3\ARM_GCC_541\Debug\Communication.o
                0x00000160                CyBtldrCommRead
 .text.CyClockStartupError
                0x00000204        0x4 .\CortexM3\ARM_GCC_541\Debug\cyfitter_cfg.o
 .text.cfg_write_bytes32
                0x00000208       0x34 .\CortexM3\ARM_GCC_541\Debug\cyfitter_cfg.o
 .text.AnalogSetDefault
                0x0000023c       0x28 .\CortexM3\ARM_GCC_541\Debug\cyfitter_cfg.o
 .text.CYMEMZERO
                0x00000264        0xc .\CortexM3\ARM_GCC_541\Debug\cyfitter_cfg.o
 .text.CYCONFIGCPYCODE
                0x00000270        0x8 .\CortexM3\ARM_GCC_541\Debug\cyfitter_cfg.o
 .text.CYCONFIGCPY
                0x00000278        0x8 .\CortexM3\ARM_GCC_541\Debug\cyfitter_cfg.o
 .text.ClockSetup
                0x00000280       0xa0 .\CortexM3\ARM_GCC_541\Debug\cyfitter_cfg.o
 .text.cyfitter_cfg
                0x00000320       0xc8 .\CortexM3\ARM_GCC_541\Debug\cyfitter_cfg.o
                0x00000320                cyfitter_cfg
 .text.IntDefaultHandler
                0x000003e8       0x10 .\CortexM3\ARM_GCC_541\Debug\Cm3Start.o
                0x000003e8                IntDefaultHandler
 .text.Start_c  0x000003f8       0x4c .\CortexM3\ARM_GCC_541\Debug\Cm3Start.o
                0x000003f8                Start_c
 .text.initialize_psoc
                0x00000444       0x68 .\CortexM3\ARM_GCC_541\Debug\Cm3Start.o
                0x00000444                initialize_psoc
 .text.USBUART_Init
                0x000004ac      0x140 .\CortexM3\ARM_GCC_541\Debug\ext_usb_boot.a(USBUART.o)
                0x000004ac                USBUART_Init
 .text.USBUART_InitComponent
                0x000005ec       0xb8 .\CortexM3\ARM_GCC_541\Debug\ext_usb_boot.a(USBUART.o)
                0x000005ec                USBUART_InitComponent
 .text.USBUART_Start
                0x000006a4       0x24 .\CortexM3\ARM_GCC_541\Debug\ext_usb_boot.a(USBUART.o)
                0x000006a4                USBUART_Start
 .text.USBUART_ReInitComponent
                0x000006c8       0x4c .\CortexM3\ARM_GCC_541\Debug\ext_usb_boot.a(USBUART.o)
                0x000006c8                USBUART_ReInitComponent
 .text.USBUART_Stop
                0x00000714       0xb8 .\CortexM3\ARM_GCC_541\Debug\ext_usb_boot.a(USBUART.o)
                0x00000714                USBUART_Stop
 .text.USBUART_GetConfiguration
                0x000007cc        0xc .\CortexM3\ARM_GCC_541\Debug\ext_usb_boot.a(USBUART.o)
                0x000007cc                USBUART_GetConfiguration
 .text.USBUART_IsConfigurationChanged
                0x000007d8       0x20 .\CortexM3\ARM_GCC_541\Debug\ext_usb_boot.a(USBUART.o)
                0x000007d8                USBUART_IsConfigurationChanged
 .text.USBUART_GetEPState
                0x000007f8       0x14 .\CortexM3\ARM_GCC_541\Debug\ext_usb_boot.a(USBUART.o)
                0x000007f8                USBUART_GetEPState
 .text.USBUART_GetEPCount
                0x0000080c       0x28 .\CortexM3\ARM_GCC_541\Debug\ext_usb_boot.a(USBUART.o)
                0x0000080c                USBUART_GetEPCount
 .text.USBUART_LoadInEP
                0x00000834       0x94 .\CortexM3\ARM_GCC_541\Debug\ext_usb_boot.a(USBUART.o)
                0x00000834                USBUART_LoadInEP
 .text.USBUART_EnableOutEP
                0x000008c8       0x2c .\CortexM3\ARM_GCC_541\Debug\ext_usb_boot.a(USBUART.o)
                0x000008c8                USBUART_EnableOutEP
 .text.USBUART_ReadOutEP
                0x000008f4       0x50 .\CortexM3\ARM_GCC_541\Debug\ext_usb_boot.a(USBUART.o)
                0x000008f4                USBUART_ReadOutEP
 .text.USBUART_GetInterfaceComPort
                0x00000944       0x38 .\CortexM3\ARM_GCC_541\Debug\ext_usb_boot.a(USBUART_cdc.o)
                0x00000944                USBUART_GetInterfaceComPort
 .text.USBUART_DispatchCDCClassRqst
                0x0000097c       0x98 .\CortexM3\ARM_GCC_541\Debug\ext_usb_boot.a(USBUART_cdc.o)
                0x0000097c                USBUART_DispatchCDCClassRqst
 .text.USBUART_CDC_Init
                0x00000a14       0x98 .\CortexM3\ARM_GCC_541\Debug\ext_usb_boot.a(USBUART_cdc.o)
                0x00000a14                USBUART_CDC_Init
 .text.USBUART_Cdc_EpInit
                0x00000aac       0x50 .\CortexM3\ARM_GCC_541\Debug\ext_usb_boot.a(USBUART_cdc.o)
                0x00000aac                USBUART_Cdc_EpInit
 .text.USBUART_LoadEP0
                0x00000afc       0x98 .\CortexM3\ARM_GCC_541\Debug\ext_usb_boot.a(USBUART_drv.o)
                0x00000afc                USBUART_LoadEP0
 .text.USBUART_InitZeroLengthControlTransfer
                0x00000b94       0x34 .\CortexM3\ARM_GCC_541\Debug\ext_usb_boot.a(USBUART_drv.o)
                0x00000b94                USBUART_InitZeroLengthControlTransfer
 .text.USBUART_ControlReadDataStage
                0x00000bc8        0x8 .\CortexM3\ARM_GCC_541\Debug\ext_usb_boot.a(USBUART_drv.o)
                0x00000bc8                USBUART_ControlReadDataStage
 .text.USBUART_ControlWriteDataStage
                0x00000bd0       0x84 .\CortexM3\ARM_GCC_541\Debug\ext_usb_boot.a(USBUART_drv.o)
                0x00000bd0                USBUART_ControlWriteDataStage
 .text.USBUART_InitNoDataControlTransfer
                0x00000c54       0x2c .\CortexM3\ARM_GCC_541\Debug\ext_usb_boot.a(USBUART_drv.o)
                0x00000c54                USBUART_InitNoDataControlTransfer
 .text.USBUART_UpdateStatusBlock
                0x00000c80       0x24 .\CortexM3\ARM_GCC_541\Debug\ext_usb_boot.a(USBUART_drv.o)
                0x00000c80                USBUART_UpdateStatusBlock
 .text.USBUART_HandleSetup
                0x00000ca4       0x5c .\CortexM3\ARM_GCC_541\Debug\ext_usb_boot.a(USBUART_drv.o)
                0x00000ca4                USBUART_HandleSetup
 .text.USBUART_ControlReadStatusStage
                0x00000d00       0x38 .\CortexM3\ARM_GCC_541\Debug\ext_usb_boot.a(USBUART_drv.o)
                0x00000d00                USBUART_ControlReadStatusStage
 .text.USBUART_HandleOUT
                0x00000d38       0x38 .\CortexM3\ARM_GCC_541\Debug\ext_usb_boot.a(USBUART_drv.o)
                0x00000d38                USBUART_HandleOUT
 .text.USBUART_ControlWriteStatusStage
                0x00000d70       0x20 .\CortexM3\ARM_GCC_541\Debug\ext_usb_boot.a(USBUART_drv.o)
                0x00000d70                USBUART_ControlWriteStatusStage
 .text.USBUART_NoDataControlStatusStage
                0x00000d90       0x40 .\CortexM3\ARM_GCC_541\Debug\ext_usb_boot.a(USBUART_drv.o)
                0x00000d90                USBUART_NoDataControlStatusStage
 .text.USBUART_HandleIN
                0x00000dd0       0x2c .\CortexM3\ARM_GCC_541\Debug\ext_usb_boot.a(USBUART_drv.o)
                0x00000dd0                USBUART_HandleIN
 .text.USBUART_EP_0_ISR
                0x00000dfc       0xb8 .\CortexM3\ARM_GCC_541\Debug\ext_usb_boot.a(USBUART_drv.o)
                0x00000dfc                USBUART_EP_0_ISR
 .text.USBUART_InitializeStatusBlock
                0x00000eb4       0x24 .\CortexM3\ARM_GCC_541\Debug\ext_usb_boot.a(USBUART_drv.o)
                0x00000eb4                USBUART_InitializeStatusBlock
 .text.USBUART_InitControlRead
                0x00000ed8       0x50 .\CortexM3\ARM_GCC_541\Debug\ext_usb_boot.a(USBUART_drv.o)
                0x00000ed8                USBUART_InitControlRead
 .text.USBUART_InitControlWrite
                0x00000f28       0x48 .\CortexM3\ARM_GCC_541\Debug\ext_usb_boot.a(USBUART_drv.o)
                0x00000f28                USBUART_InitControlWrite
 .text.USBUART_EP_1_ISR
                0x00000f70       0x30 .\CortexM3\ARM_GCC_541\Debug\ext_usb_boot.a(USBUART_episr.o)
                0x00000f70                USBUART_EP_1_ISR
 .text.USBUART_EP_2_ISR
                0x00000fa0       0x34 .\CortexM3\ARM_GCC_541\Debug\ext_usb_boot.a(USBUART_episr.o)
                0x00000fa0                USBUART_EP_2_ISR
 .text.USBUART_EP_3_ISR
                0x00000fd4       0x3c .\CortexM3\ARM_GCC_541\Debug\ext_usb_boot.a(USBUART_episr.o)
                0x00000fd4                USBUART_EP_3_ISR
 .text.USBUART_SOF_ISR
                0x00001010        0x4 .\CortexM3\ARM_GCC_541\Debug\ext_usb_boot.a(USBUART_episr.o)
                0x00001010                USBUART_SOF_ISR
 .text.USBUART_BUS_RESET_ISR
                0x00001014        0x8 .\CortexM3\ARM_GCC_541\Debug\ext_usb_boot.a(USBUART_episr.o)
                0x00001014                USBUART_BUS_RESET_ISR
 .text.USBUART_DP_ISR
                0x0000101c        0x8 .\CortexM3\ARM_GCC_541\Debug\ext_usb_boot.a(USBUART_pm.o)
                0x0000101c                USBUART_DP_ISR
 .text.USBUART_ReadDieID
                0x00001024       0x6c .\CortexM3\ARM_GCC_541\Debug\ext_usb_boot.a(USBUART_std.o)
                0x00001024                USBUART_ReadDieID
 .text.USBUART_ConfigReg
                0x00001090       0xa4 .\CortexM3\ARM_GCC_541\Debug\ext_usb_boot.a(USBUART_std.o)
                0x00001090                USBUART_ConfigReg
 .text.USBUART_GetConfigTablePtr
                0x00001134       0x28 .\CortexM3\ARM_GCC_541\Debug\ext_usb_boot.a(USBUART_std.o)
                0x00001134                USBUART_GetConfigTablePtr
 .text.USBUART_ConfigAltChanged
                0x0000115c      0x11c .\CortexM3\ARM_GCC_541\Debug\ext_usb_boot.a(USBUART_std.o)
                0x0000115c                USBUART_ConfigAltChanged
 .text.USBUART_GetDeviceTablePtr
                0x00001278       0x18 .\CortexM3\ARM_GCC_541\Debug\ext_usb_boot.a(USBUART_std.o)
                0x00001278                USBUART_GetDeviceTablePtr
 .text.USBUART_GetInterfaceClassTablePtr
                0x00001290       0x28 .\CortexM3\ARM_GCC_541\Debug\ext_usb_boot.a(USBUART_std.o)
                0x00001290                USBUART_GetInterfaceClassTablePtr
 .text.USBUART_Config
                0x000012b8      0x1ec .\CortexM3\ARM_GCC_541\Debug\ext_usb_boot.a(USBUART_std.o)
                0x000012b8                USBUART_Config
 .text.USBUART_SetEndpointHalt
                0x000014a4       0x64 .\CortexM3\ARM_GCC_541\Debug\ext_usb_boot.a(USBUART_std.o)
                0x000014a4                USBUART_SetEndpointHalt
 .text.USBUART_ClearEndpointHalt
                0x00001508       0xa8 .\CortexM3\ARM_GCC_541\Debug\ext_usb_boot.a(USBUART_std.o)
                0x00001508                USBUART_ClearEndpointHalt
 .text.USBUART_ValidateAlternateSetting
                0x000015b0       0x4c .\CortexM3\ARM_GCC_541\Debug\ext_usb_boot.a(USBUART_std.o)
                0x000015b0                USBUART_ValidateAlternateSetting
 .text.USBUART_HandleStandardRqst
                0x000015fc      0x354 .\CortexM3\ARM_GCC_541\Debug\ext_usb_boot.a(USBUART_std.o)
                0x000015fc                USBUART_HandleStandardRqst
 .text.USBUART_HandleVendorRqst
                0x00001950       0x18 .\CortexM3\ARM_GCC_541\Debug\ext_usb_boot.a(USBUART_vnd.o)
                0x00001950                USBUART_HandleVendorRqst
 .text.Bootloader_1_CalcPacketChecksum
                0x00001968       0x1c .\CortexM3\ARM_GCC_541\Debug\ext_usb_boot.a(Bootloader_1.o)
 .text.Bootloader_1_LaunchBootloadable
                0x00001984        0x4 .\CortexM3\ARM_GCC_541\Debug\ext_usb_boot.a(Bootloader_1.o)
 .text.Bootloader_1_LaunchApplication
                0x00001988       0x14 .\CortexM3\ARM_GCC_541\Debug\ext_usb_boot.a(Bootloader_1.o)
 .text.Bootloader_1_WritePacket
                0x0000199c       0x54 .\CortexM3\ARM_GCC_541\Debug\ext_usb_boot.a(Bootloader_1.o)
 .text.Bootloader_1_Calc8BitSum
                0x000019f0       0x30 .\CortexM3\ARM_GCC_541\Debug\ext_usb_boot.a(Bootloader_1.o)
                0x000019f0                Bootloader_1_Calc8BitSum
 .text.Bootloader_1_GetMetadata
                0x00001a20      0x12c .\CortexM3\ARM_GCC_541\Debug\ext_usb_boot.a(Bootloader_1.o)
                0x00001a20                Bootloader_1_GetMetadata
 .text.CyBtldr_CheckLaunch
                0x00001b4c       0x30 .\CortexM3\ARM_GCC_541\Debug\ext_usb_boot.a(Bootloader_1.o)
                0x00001b4c                CyBtldr_CheckLaunch
 .text.Bootloader_1_ValidateBootloadable
                0x00001b7c       0x94 .\CortexM3\ARM_GCC_541\Debug\ext_usb_boot.a(Bootloader_1.o)
                0x00001b7c                Bootloader_1_ValidateBootloadable
 .text.Bootloader_1_HostLink
                0x00001c10      0x48c .\CortexM3\ARM_GCC_541\Debug\ext_usb_boot.a(Bootloader_1.o)
 .text.Bootloader_1_Start
                0x0000209c       0x60 .\CortexM3\ARM_GCC_541\Debug\ext_usb_boot.a(Bootloader_1.o)
                0x0000209c                Bootloader_1_Start
 .text.USBUART_Dp_ClearInterrupt
                0x000020fc       0x10 .\CortexM3\ARM_GCC_541\Debug\ext_usb_boot.a(USBUART_Dp.o)
                0x000020fc                USBUART_Dp_ClearInterrupt
 .text.CyFlashGetSpcAlgorithm
                0x0000210c       0x4c .\CortexM3\ARM_GCC_541\Debug\ext_usb_boot.a(CyFlash.o)
 .text.CySetTempInt
                0x00002158       0x60 .\CortexM3\ARM_GCC_541\Debug\ext_usb_boot.a(CyFlash.o)
 .text.CySetTemp
                0x000021b8       0x14 .\CortexM3\ARM_GCC_541\Debug\ext_usb_boot.a(CyFlash.o)
                0x000021b8                CySetTemp
 .text.CyWriteRowFull
                0x000021cc       0xf8 .\CortexM3\ARM_GCC_541\Debug\ext_usb_boot.a(CyFlash.o)
                0x000021cc                CyWriteRowFull
 .text.CyEEPROM_Start
                0x000022c4       0x54 .\CortexM3\ARM_GCC_541\Debug\ext_usb_boot.a(CyFlash.o)
                0x000022c4                CyEEPROM_Start
 .text.CyEEPROM_ReadReserve
                0x00002318       0x1c .\CortexM3\ARM_GCC_541\Debug\ext_usb_boot.a(CyFlash.o)
                0x00002318                CyEEPROM_ReadReserve
 .text.CyEEPROM_ReadRelease
                0x00002334       0x10 .\CortexM3\ARM_GCC_541\Debug\ext_usb_boot.a(CyFlash.o)
                0x00002334                CyEEPROM_ReadRelease
 .text.CyHalt   0x00002344        0x4 .\CortexM3\ARM_GCC_541\Debug\ext_usb_boot.a(CyLib.o)
                0x00002344                CyHalt
 .text.CySoftwareReset
                0x00002348       0x10 .\CortexM3\ARM_GCC_541\Debug\ext_usb_boot.a(CyLib.o)
                0x00002348                CySoftwareReset
 .text.CyDelay  0x00002358       0x2c .\CortexM3\ARM_GCC_541\Debug\ext_usb_boot.a(CyLib.o)
                0x00002358                CyDelay
 .text.CyDelayUs
                0x00002384       0x14 .\CortexM3\ARM_GCC_541\Debug\ext_usb_boot.a(CyLib.o)
                0x00002384                CyDelayUs
 .text.CyFlushCache
                0x00002398       0x44 .\CortexM3\ARM_GCC_541\Debug\ext_usb_boot.a(CyLib.o)
                0x00002398                CyFlushCache
 .text.CyIntSetVector
                0x000023dc       0x28 .\CortexM3\ARM_GCC_541\Debug\ext_usb_boot.a(CyLib.o)
                0x000023dc                CyIntSetVector
 .text.CyIntSetPriority
                0x00002404       0x30 .\CortexM3\ARM_GCC_541\Debug\ext_usb_boot.a(CyLib.o)
                0x00002404                CyIntSetPriority
 .text.CyGetUniqueId
                0x00002434       0x70 .\CortexM3\ARM_GCC_541\Debug\ext_usb_boot.a(CyLib.o)
                0x00002434                CyGetUniqueId
 .text.CySpcStart
                0x000024a4       0x24 .\CortexM3\ARM_GCC_541\Debug\ext_usb_boot.a(CySpc.o)
                0x000024a4                CySpcStart
 .text.CySpcReadData
                0x000024c8       0x34 .\CortexM3\ARM_GCC_541\Debug\ext_usb_boot.a(CySpc.o)
                0x000024c8                CySpcReadData
 .text.CySpcLoadRowFull
                0x000024fc       0x80 .\CortexM3\ARM_GCC_541\Debug\ext_usb_boot.a(CySpc.o)
                0x000024fc                CySpcLoadRowFull
 .text.CySpcWriteRow
                0x0000257c       0x4c .\CortexM3\ARM_GCC_541\Debug\ext_usb_boot.a(CySpc.o)
                0x0000257c                CySpcWriteRow
 .text.CySpcEraseSector
                0x000025c8       0x3c .\CortexM3\ARM_GCC_541\Debug\ext_usb_boot.a(CySpc.o)
                0x000025c8                CySpcEraseSector
 .text.CySpcGetTemp
                0x00002604       0x3c .\CortexM3\ARM_GCC_541\Debug\ext_usb_boot.a(CySpc.o)
                0x00002604                CySpcGetTemp
 .text.CySpcLock
                0x00002640       0x4c .\CortexM3\ARM_GCC_541\Debug\ext_usb_boot.a(CySpc.o)
                0x00002640                CySpcLock
 .text.CySpcUnlock
                0x0000268c       0x38 .\CortexM3\ARM_GCC_541\Debug\ext_usb_boot.a(CySpc.o)
                0x0000268c                CySpcUnlock
 .text.CySpcGetAlgorithm
                0x000026c4       0x28 .\CortexM3\ARM_GCC_541\Debug\ext_usb_boot.a(CySpc.o)
                0x000026c4                CySpcGetAlgorithm
 .text.EEPROM_Enable
                0x000026ec        0xc .\CortexM3\ARM_GCC_541\Debug\ext_usb_boot.a(EEPROM.o)
                0x000026ec                EEPROM_Enable
 .text.EEPROM_Start
                0x000026f8        0x8 .\CortexM3\ARM_GCC_541\Debug\ext_usb_boot.a(EEPROM.o)
                0x000026f8                EEPROM_Start
 .text.EEPROM_ReadByte
                0x00002700       0x28 .\CortexM3\ARM_GCC_541\Debug\ext_usb_boot.a(EEPROM.o)
                0x00002700                EEPROM_ReadByte
 .text.EEPROM_EraseSector
                0x00002728       0x64 .\CortexM3\ARM_GCC_541\Debug\ext_usb_boot.a(EEPROM.o)
                0x00002728                EEPROM_EraseSector
 .text.ST_LED_0_Write
                0x0000278c       0x18 .\CortexM3\ARM_GCC_541\Debug\ext_usb_boot.a(ST_LED_0.o)
                0x0000278c                ST_LED_0_Write
 .text.ST_LED_1_Write
                0x000027a4       0x18 .\CortexM3\ARM_GCC_541\Debug\ext_usb_boot.a(ST_LED_1.o)
                0x000027a4                ST_LED_1_Write
 .text.ST_LED_2_Write
                0x000027bc       0x18 .\CortexM3\ARM_GCC_541\Debug\ext_usb_boot.a(ST_LED_2.o)
                0x000027bc                ST_LED_2_Write
 *fill*         0x000027d4        0x4 
 .text          0x000027d8       0x20 .\CortexM3\ARM_GCC_541\Debug\ext_usb_boot.a(CyBootAsmGnu.o)
                0x000027d8                CyDelayCycles
                0x000027e8                CyEnterCriticalSection
                0x000027f0                CyExitCriticalSection
 .text.USBUART_DispatchClassRqst
                0x000027f8       0x58 .\CortexM3\ARM_GCC_541\Debug\ext_usb_boot.a(USBUART_cls.o)
                0x000027f8                USBUART_DispatchClassRqst
 .text.__errno  0x00002850        0xc c:/program files (x86)/cypress/psoc creator/4.2/psoc creator/import/gnu/arm/5.4.1/bin/../lib/gcc/arm-none-eabi/5.4.1/../../../../arm-none-eabi/lib/armv7-m\libg_nano.a(lib_a-errno.o)
                0x00002850                __errno
 .text.__libc_init_array
                0x0000285c       0x4c c:/program files (x86)/cypress/psoc creator/4.2/psoc creator/import/gnu/arm/5.4.1/bin/../lib/gcc/arm-none-eabi/5.4.1/../../../../arm-none-eabi/lib/armv7-m\libg_nano.a(lib_a-init.o)
                0x0000285c                __libc_init_array
 .text.memcpy   0x000028a8       0x16 c:/program files (x86)/cypress/psoc creator/4.2/psoc creator/import/gnu/arm/5.4.1/bin/../lib/gcc/arm-none-eabi/5.4.1/../../../../arm-none-eabi/lib/armv7-m\libg_nano.a(lib_a-memcpy-stub.o)
                0x000028a8                memcpy
 .text.memset   0x000028be       0x10 c:/program files (x86)/cypress/psoc creator/4.2/psoc creator/import/gnu/arm/5.4.1/bin/../lib/gcc/arm-none-eabi/5.4.1/../../../../arm-none-eabi/lib/armv7-m\libg_nano.a(lib_a-memset.o)
                0x000028be                memset
 *(.plt)
 *(.gnu.warning)
 *(.glue_7t)
 .glue_7t       0x000028ce        0x0 linker stubs
 *(.glue_7)
 .glue_7        0x000028ce        0x0 linker stubs
 *(.vfp11_veneer)
 .vfp11_veneer  0x000028ce        0x0 linker stubs
 *(.bootloader)
 *fill*         0x000028ce        0x2 
 .bootloader    0x000028d0        0x5 .\CortexM3\ARM_GCC_541\Debug\ext_usb_boot.a(Bootloader_1.o)
                0x000028d0                Bootloader_1_SizeBytes
                0x000028d4                Bootloader_1_Checksum
 *(.ARM.extab* .gnu.linkonce.armextab.*)
 *(.gcc_except_table)

.v4_bx          0x000028d8        0x0
 .v4_bx         0x000028d8        0x0 linker stubs

.iplt           0x000028d8        0x0
 .iplt          0x000028d8        0x0 c:/program files (x86)/cypress/psoc creator/4.2/psoc creator/import/gnu/arm/5.4.1/bin/../lib/gcc/arm-none-eabi/5.4.1/armv7-m/crtbegin.o

.eh_frame_hdr
 *(.eh_frame_hdr)

.eh_frame       0x000028d8        0x4
 *(.eh_frame)
 .eh_frame      0x000028d8        0x0 c:/program files (x86)/cypress/psoc creator/4.2/psoc creator/import/gnu/arm/5.4.1/bin/../lib/gcc/arm-none-eabi/5.4.1/armv7-m/crtbegin.o
 .eh_frame      0x000028d8        0x4 c:/program files (x86)/cypress/psoc creator/4.2/psoc creator/import/gnu/arm/5.4.1/bin/../lib/gcc/arm-none-eabi/5.4.1/armv7-m/crtend.o
                [!provide]                PROVIDE (__exidx_start, .)

.ARM.exidx
 *(.ARM.exidx* .gnu.linkonce.armexidx.*)
                0x000028dc                __exidx_end = .

.rodata         0x000028dc      0x26c
 *(.rodata .rodata.* .gnu.linkonce.r.*)
 .rodata        0x000028dc       0xb8 .\CortexM3\ARM_GCC_541\Debug\cyfitter_cfg.o
 .rodata.str1.4
                0x00002994       0x14 .\CortexM3\ARM_GCC_541\Debug\ext_usb_boot.a(USBUART_std.o)
                                 0x11 (size before relaxing)
 .rodata        0x000029a8        0x8 .\CortexM3\ARM_GCC_541\Debug\ext_usb_boot.a(Bootloader_1.o)
 .rodata        0x000029b0      0x162 .\CortexM3\ARM_GCC_541\Debug\ext_usb_boot.a(USBUART_descr.o)
                0x000029b0                USBUART_TABLE
                0x000029b8                USBUART_DEVICE0_TABLE
                0x000029d0                USBUART_DEVICE0_CONFIGURATION0_TABLE
                0x000029f8                USBUART_DEVICE0_CONFIGURATION0_INTERFACE_CLASS
                0x000029fc                USBUART_DEVICE0_CONFIGURATION0_EP_SETTINGS_TABLE
                0x00002a14                USBUART_SN_STRING_DESCRIPTOR
                0x00002a18                USBUART_STRING_DESCRIPTORS
                0x00002abc                USBUART_DEVICE0_CONFIGURATION0_DESCR
                0x00002b00                USBUART_DEVICE0_DESCR
 .rodata.str1.1
                0x00002b12        0x2 c:/program files (x86)/cypress/psoc creator/4.2/psoc creator/import/gnu/arm/5.4.1/bin/../lib/gcc/arm-none-eabi/5.4.1/../../../../arm-none-eabi/lib/armv7-m\libg_nano.a(lib_a-impure.o)
                0x00002b14                . = ALIGN (0x4)
 *(.init)
 .init          0x00002b14        0x4 c:/program files (x86)/cypress/psoc creator/4.2/psoc creator/import/gnu/arm/5.4.1/bin/../lib/gcc/arm-none-eabi/5.4.1/armv7-m/crti.o
                0x00002b14                _init
 .init          0x00002b18        0x8 c:/program files (x86)/cypress/psoc creator/4.2/psoc creator/import/gnu/arm/5.4.1/bin/../lib/gcc/arm-none-eabi/5.4.1/armv7-m/crtn.o
                0x00002b20                . = ALIGN (0x4)
                0x00002b20                __preinit_array_start = .
 *(.preinit_array)
                0x00002b20                __preinit_array_end = .
                0x00002b20                . = ALIGN (0x4)
                0x00002b20                __init_array_start = .
 *(SORT(.init_array.*))
 *(.init_array)
 .init_array    0x00002b20        0x4 c:/program files (x86)/cypress/psoc creator/4.2/psoc creator/import/gnu/arm/5.4.1/bin/../lib/gcc/arm-none-eabi/5.4.1/armv7-m/crtbegin.o
 .init_array    0x00002b24        0x4 .\CortexM3\ARM_GCC_541\Debug\Cm3Start.o
                0x00002b28                __init_array_end = .
                0x00002b28                . = ALIGN (0x4)
 *(.fini)
 .fini          0x00002b28        0x4 c:/program files (x86)/cypress/psoc creator/4.2/psoc creator/import/gnu/arm/5.4.1/bin/../lib/gcc/arm-none-eabi/5.4.1/armv7-m/crti.o
                0x00002b28                _fini
 .fini          0x00002b2c        0x8 c:/program files (x86)/cypress/psoc creator/4.2/psoc creator/import/gnu/arm/5.4.1/bin/../lib/gcc/arm-none-eabi/5.4.1/armv7-m/crtn.o
                0x00002b34                . = ALIGN (0x4)
                0x00002b34                __fini_array_start = .
 *(.fini_array)
 .fini_array    0x00002b34        0x4 c:/program files (x86)/cypress/psoc creator/4.2/psoc creator/import/gnu/arm/5.4.1/bin/../lib/gcc/arm-none-eabi/5.4.1/armv7-m/crtbegin.o
 *(SORT(.fini_array.*))
                0x00002b38                __fini_array_end = .
                0x00002b38                . = ALIGN (0x4)
 *crtbegin.o(.ctors)
 *(EXCLUDE_FILE(*crtend.o) .ctors)
 *(SORT(.ctors.*))
 *crtend.o(.ctors)
                0x00002b38                . = ALIGN (0x4)
 *crtbegin.o(.dtors)
 *(EXCLUDE_FILE(*crtend.o) .dtors)
 *(SORT(.dtors.*))
 *crtend.o(.dtors)
                0x00002b38                . = ALIGN (0x4)
                0x00002b38                __cy_regions = .
                0x00002b38        0x4 LONG 0x2b48 __cy_region_init_ram
                0x00002b3c        0x4 LONG 0x1fffc0c8 __cy_region_start_data
                0x00002b40        0x4 LONG 0xa0 __cy_region_init_size_ram
                0x00002b44        0x4 LONG 0x110 __cy_region_zero_size_ram
                0x00002b48                __cy_regions_end = .
                0x00002b48                . = ALIGN (0x8)
                0x00002b48                _etext = .

.cy_checksum_exclude
                0x00002b48        0x0
 *(.cy_checksum_exclude)

.ramvectors     0x1fffc000       0xc0
                0x1fffc000                __cy_region_start_ram = .
 *(.ramvectors)
 .ramvectors    0x1fffc000       0xc0 .\CortexM3\ARM_GCC_541\Debug\Cm3Start.o
                0x1fffc000                CyRamVectors

.noinit         0x1fffc0c0        0x1
 *(.noinit)
 .noinit        0x1fffc0c0        0x1 .\CortexM3\ARM_GCC_541\Debug\ext_usb_boot.a(CyLib.o)
                0x1fffc0c0                CyResetStatus

.data           0x1fffc0c8       0xa0 load address 0x00002b48
                0x1fffc0c8                __cy_region_start_data = .
 *(.jcr)
 .jcr           0x1fffc0c8        0x0 c:/program files (x86)/cypress/psoc creator/4.2/psoc creator/import/gnu/arm/5.4.1/bin/../lib/gcc/arm-none-eabi/5.4.1/armv7-m/crtbegin.o
 .jcr           0x1fffc0c8        0x4 c:/program files (x86)/cypress/psoc creator/4.2/psoc creator/import/gnu/arm/5.4.1/bin/../lib/gcc/arm-none-eabi/5.4.1/armv7-m/crtend.o
 *(.got.plt)
 *(.got)
 *(.shdata)
 *(.data .data.* .gnu.linkonce.d.*)
 .data          0x1fffc0cc       0x1a .\CortexM3\ARM_GCC_541\Debug\ext_usb_boot.a(USBUART_cdc.o)
                0x1fffc0cc                USBUART_linesCoding
 *fill*         0x1fffc0e6        0x2 
 .data          0x1fffc0e8        0x8 .\CortexM3\ARM_GCC_541\Debug\ext_usb_boot.a(Bootloader_1.o)
                0x1fffc0e8                Bootloader_1_SizeBytesAccess
                0x1fffc0ec                Bootloader_1_ChecksumAccess
 .data          0x1fffc0f0       0x10 .\CortexM3\ARM_GCC_541\Debug\ext_usb_boot.a(CyLib.o)
                0x1fffc0f0                cydelay_32k_ms
                0x1fffc0f4                cydelay_freq_khz
                0x1fffc0f8                cydelay_freq_mhz
                0x1fffc0fc                cydelay_freq_hz
 .data.impure_data
                0x1fffc100       0x60 c:/program files (x86)/cypress/psoc creator/4.2/psoc creator/import/gnu/arm/5.4.1/bin/../lib/gcc/arm-none-eabi/5.4.1/../../../../arm-none-eabi/lib/armv7-m\libg_nano.a(lib_a-impure.o)
 .data._impure_ptr
                0x1fffc160        0x4 c:/program files (x86)/cypress/psoc creator/4.2/psoc creator/import/gnu/arm/5.4.1/bin/../lib/gcc/arm-none-eabi/5.4.1/../../../../arm-none-eabi/lib/armv7-m\libg_nano.a(lib_a-impure.o)
                0x1fffc160                _impure_ptr
                0x1fffc168                . = ALIGN (0x8)
 *fill*         0x1fffc164        0x4 
 *(.ram)
                0x1fffc168                _edata = .

.igot.plt       0x1fffc168        0x0 load address 0x00002be8
 .igot.plt      0x1fffc168        0x0 c:/program files (x86)/cypress/psoc creator/4.2/psoc creator/import/gnu/arm/5.4.1/bin/../lib/gcc/arm-none-eabi/5.4.1/armv7-m/crtbegin.o

.bss            0x1fffc168      0x110 load address 0x00002be8
                0x1fffc168                PROVIDE (__bss_start__, .)
 *(.shbss)
 *(.bss .bss.* .gnu.linkonce.b.*)
 .bss           0x1fffc168       0x1c c:/program files (x86)/cypress/psoc creator/4.2/psoc creator/import/gnu/arm/5.4.1/bin/../lib/gcc/arm-none-eabi/5.4.1/armv7-m/crtbegin.o
 .bss           0x1fffc184        0x1 .\CortexM3\ARM_GCC_541\Debug\Communication.o
 .bss           0x1fffc185        0x1 .\CortexM3\ARM_GCC_541\Debug\ext_usb_boot.a(USBUART.o)
                0x1fffc185                USBUART_initVar
 .bss           0x1fffc186        0x1 .\CortexM3\ARM_GCC_541\Debug\ext_usb_boot.a(USBUART_cdc.o)
 *fill*         0x1fffc187        0x1 
 .bss           0x1fffc188        0x2 .\CortexM3\ARM_GCC_541\Debug\ext_usb_boot.a(USBUART_std.o)
 *fill*         0x1fffc18a        0x2 
 .bss           0x1fffc18c        0x4 .\CortexM3\ARM_GCC_541\Debug\ext_usb_boot.a(Bootloader_1.o)
 .bss           0x1fffc190        0x8 .\CortexM3\ARM_GCC_541\Debug\ext_usb_boot.a(CySpc.o)
                0x1fffc190                SpcLockState
 *(COMMON)
 COMMON         0x1fffc198       0x18 .\CortexM3\ARM_GCC_541\Debug\ext_usb_boot.a(USBUART_cdc.o)
                0x1fffc198                USBUART_linesChanged
                0x1fffc19c                USBUART_cdcDataInEp
                0x1fffc1a0                USBUART_cdcCommInInterruptEp
                0x1fffc1a4                USBUART_cdcDataOutEp
                0x1fffc1a8                USBUART_serialStateBitmap
                0x1fffc1ac                USBUART_linesControlBitmap
 COMMON         0x1fffc1b0       0x9a .\CortexM3\ARM_GCC_541\Debug\ext_usb_boot.a(USBUART_drv.o)
                0x1fffc1b0                USBUART_lastPacketSize
                0x1fffc1b1                USBUART_device
                0x1fffc1b2                USBUART_transferByteCount
                0x1fffc1b4                USBUART_transferState
                0x1fffc1b8                USBUART_interfaceSettingLast
                0x1fffc1bc                USBUART_currentTD
                0x1fffc1c8                USBUART_interfaceNumber
                0x1fffc1cc                USBUART_interfaceClass
                0x1fffc1d0                USBUART_configurationChanged
                0x1fffc1d1                USBUART_ep0Mode
                0x1fffc1d2                USBUART_deviceAddress
                0x1fffc1d3                USBUART_configuration
                0x1fffc1d4                USBUART_ep0Count
                0x1fffc1d5                USBUART_deviceStatus
                0x1fffc1d8                USBUART_EP
                0x1fffc244                USBUART_interfaceSetting
                0x1fffc246                USBUART_ep0Toggle
                0x1fffc248                USBUART_interfaceStatus
 *fill*         0x1fffc24a        0x2 
 COMMON         0x1fffc24c        0x2 .\CortexM3\ARM_GCC_541\Debug\ext_usb_boot.a(CyFlash.o)
                0x1fffc24c                dieTemperature
 *fill*         0x1fffc24e        0x2 
 COMMON         0x1fffc250       0x22 .\CortexM3\ARM_GCC_541\Debug\ext_usb_boot.a(USBUART_descr.o)
                0x1fffc250                USBUART_idSerialNumberStringDescriptor
                0x1fffc278                . = ALIGN (0x8)
 *fill*         0x1fffc272        0x6 
 *(.ram.b)
                0x1fffc278                _end = .
                0x1fffc278                __end = .
                0x1fffc278                PROVIDE (end, .)
                0x1fffc278                PROVIDE (__bss_end__, .)
                0x00002b48                __cy_region_init_ram = LOADADDR (.data)
                0x000000a0                __cy_region_init_size_ram = (_edata - ADDR (.data))
                0x00000110                __cy_region_zero_size_ram = (_end - _edata)

.heap           0x1fffc278       0x80 load address 0x00002be8
                0x1fffc278                . = _end
                0x1fffc2f8                . = (. + 0x80)
 *fill*         0x1fffc278       0x80 
                0x1fffc2f8                __cy_heap_limit = .

.stack          0x20003800      0x800
                0x20003800                __cy_stack_limit = .
                0x20004000                . = (. + 0x800)
 *fill*         0x20003800      0x800 
                0x00000001                ASSERT ((__cy_stack_limit >= __cy_heap_limit), region RAM overflowed with stack)
                0x00000000                cy_checksum_exclude_size = (CY_APPL_LOADABLE == 0x1)?SIZEOF (.cy_checksum_exclude):0x0
                0x00000001                ASSERT ((cy_checksum_exclude_size <= CY_CHECKSUM_EXCLUDE_SIZE), CY_BOOT: Section .cy_checksum_exclude size exceedes specified limit.)

.cyloadermeta   0x0001ffc0       0x40
 *(.cyloadermeta)
 .cyloadermeta  0x0001ffc0       0x40 .\CortexM3\ARM_GCC_541\Debug\cymetadata.o
                0x0001ffc0                cy_meta_loader

.cyloadablemeta
 *(.cyloadablemeta)

.cyconfigecc    0x80000000        0x1
 *(.cyconfigecc)
 .cyconfigecc   0x80000000        0x1 .\CortexM3\ARM_GCC_541\Debug\cymetadata.o
                0x80000000                cy_meta_configecc

.cycustnvl      0x90000000        0x4
 *(.cycustnvl)
 .cycustnvl     0x90000000        0x4 .\CortexM3\ARM_GCC_541\Debug\cymetadata.o
                0x90000000                cy_meta_custnvl

.cywolatch      0x90100000        0x4
 *(.cywolatch)
 .cywolatch     0x90100000        0x4 .\CortexM3\ARM_GCC_541\Debug\cymetadata.o
                0x90100000                cy_meta_wonvl

.cyeeprom       0x90200000        0x0
 *(.cyeeprom)
                0x00000001                ASSERT ((. <= ((0x90200000 + ee_offset) + ee_size)), .cyeeprom data will not fit in EEPROM)

.cyflashprotect
                0x90400000       0x80
 *(.cyflashprotect)
 .cyflashprotect
                0x90400000       0x80 .\CortexM3\ARM_GCC_541\Debug\cymetadata.o
                0x90400000                cy_meta_flashprotect

.cymeta         0x90500000        0xc
 *(.cymeta)
 .cymeta        0x90500000        0xc .\CortexM3\ARM_GCC_541\Debug\cymetadata.o
                0x90500000                cy_metadata

.rel.dyn        0x00002be8        0x0 load address 0x9050000c
 .rel.iplt      0x00002be8        0x0 c:/program files (x86)/cypress/psoc creator/4.2/psoc creator/import/gnu/arm/5.4.1/bin/../lib/gcc/arm-none-eabi/5.4.1/armv7-m/crtbegin.o

.stab
 *(.stab)

.stabstr
 *(.stabstr)

.debug
 *(.debug)

.line
 *(.line)

.debug_srcinfo
 *(.debug_srcinfo)

.debug_sfnames
 *(.debug_sfnames)

.debug_aranges  0x00000000      0xaf8
 *(.debug_aranges)
 .debug_aranges
                0x00000000       0x20 .\CortexM3\ARM_GCC_541\Debug\main.o
 .debug_aranges
                0x00000020       0x40 .\CortexM3\ARM_GCC_541\Debug\Communication.o
 .debug_aranges
                0x00000060       0x60 .\CortexM3\ARM_GCC_541\Debug\cyfitter_cfg.o
 .debug_aranges
                0x000000c0       0x18 .\CortexM3\ARM_GCC_541\Debug\cymetadata.o
 .debug_aranges
                0x000000d8       0x48 .\CortexM3\ARM_GCC_541\Debug\Cm3Start.o
 .debug_aranges
                0x00000120       0xc8 .\CortexM3\ARM_GCC_541\Debug\ext_usb_boot.a(USBUART.o)
 .debug_aranges
                0x000001e8       0xe8 .\CortexM3\ARM_GCC_541\Debug\ext_usb_boot.a(USBUART_cdc.o)
 .debug_aranges
                0x000002d0       0x98 .\CortexM3\ARM_GCC_541\Debug\ext_usb_boot.a(USBUART_drv.o)
 .debug_aranges
                0x00000368       0x40 .\CortexM3\ARM_GCC_541\Debug\ext_usb_boot.a(USBUART_episr.o)
 .debug_aranges
                0x000003a8       0x40 .\CortexM3\ARM_GCC_541\Debug\ext_usb_boot.a(USBUART_pm.o)
 .debug_aranges
                0x000003e8       0x80 .\CortexM3\ARM_GCC_541\Debug\ext_usb_boot.a(USBUART_std.o)
 .debug_aranges
                0x00000468       0x20 .\CortexM3\ARM_GCC_541\Debug\ext_usb_boot.a(USBUART_vnd.o)
 .debug_aranges
                0x00000488       0x80 .\CortexM3\ARM_GCC_541\Debug\ext_usb_boot.a(Bootloader_1.o)
 .debug_aranges
                0x00000508       0x48 .\CortexM3\ARM_GCC_541\Debug\ext_usb_boot.a(USBUART_Dp.o)
 .debug_aranges
                0x00000550       0x80 .\CortexM3\ARM_GCC_541\Debug\ext_usb_boot.a(CyFlash.o)
 .debug_aranges
                0x000005d0      0x2a0 .\CortexM3\ARM_GCC_541\Debug\ext_usb_boot.a(CyLib.o)
 .debug_aranges
                0x00000870       0x98 .\CortexM3\ARM_GCC_541\Debug\ext_usb_boot.a(cyPm.o)
 .debug_aranges
                0x00000908       0x78 .\CortexM3\ARM_GCC_541\Debug\ext_usb_boot.a(CySpc.o)
 .debug_aranges
                0x00000980       0x78 .\CortexM3\ARM_GCC_541\Debug\ext_usb_boot.a(EEPROM.o)
 .debug_aranges
                0x000009f8       0x38 .\CortexM3\ARM_GCC_541\Debug\ext_usb_boot.a(ST_LED_0.o)
 .debug_aranges
                0x00000a30       0x38 .\CortexM3\ARM_GCC_541\Debug\ext_usb_boot.a(ST_LED_1.o)
 .debug_aranges
                0x00000a68       0x38 .\CortexM3\ARM_GCC_541\Debug\ext_usb_boot.a(ST_LED_2.o)
 .debug_aranges
                0x00000aa0       0x20 .\CortexM3\ARM_GCC_541\Debug\ext_usb_boot.a(CyBootAsmGnu.o)
 .debug_aranges
                0x00000ac0       0x20 .\CortexM3\ARM_GCC_541\Debug\ext_usb_boot.a(USBUART_cls.o)
 .debug_aranges
                0x00000ae0       0x18 .\CortexM3\ARM_GCC_541\Debug\ext_usb_boot.a(USBUART_descr.o)

.debug_pubnames
 *(.debug_pubnames)

.debug_info     0x00000000     0x815e
 *(.debug_info .gnu.linkonce.wi.*)
 .debug_info    0x00000000      0x1ce .\CortexM3\ARM_GCC_541\Debug\main.o
 .debug_info    0x000001ce      0x3cc .\CortexM3\ARM_GCC_541\Debug\Communication.o
 .debug_info    0x0000059a      0x5db .\CortexM3\ARM_GCC_541\Debug\cyfitter_cfg.o
 .debug_info    0x00000b75      0x15a .\CortexM3\ARM_GCC_541\Debug\cymetadata.o
 .debug_info    0x00000ccf      0x3cf .\CortexM3\ARM_GCC_541\Debug\Cm3Start.o
 .debug_info    0x0000109e      0x995 .\CortexM3\ARM_GCC_541\Debug\ext_usb_boot.a(USBUART.o)
 .debug_info    0x00001a33      0xaf7 .\CortexM3\ARM_GCC_541\Debug\ext_usb_boot.a(USBUART_cdc.o)
 .debug_info    0x0000252a      0x655 .\CortexM3\ARM_GCC_541\Debug\ext_usb_boot.a(USBUART_drv.o)
 .debug_info    0x00002b7f      0x254 .\CortexM3\ARM_GCC_541\Debug\ext_usb_boot.a(USBUART_episr.o)
 .debug_info    0x00002dd3      0x2e4 .\CortexM3\ARM_GCC_541\Debug\ext_usb_boot.a(USBUART_pm.o)
 .debug_info    0x000030b7      0xb26 .\CortexM3\ARM_GCC_541\Debug\ext_usb_boot.a(USBUART_std.o)
 .debug_info    0x00003bdd       0xed .\CortexM3\ARM_GCC_541\Debug\ext_usb_boot.a(USBUART_vnd.o)
 .debug_info    0x00003cca      0xc3f .\CortexM3\ARM_GCC_541\Debug\ext_usb_boot.a(Bootloader_1.o)
 .debug_info    0x00004909      0x174 .\CortexM3\ARM_GCC_541\Debug\ext_usb_boot.a(USBUART_Dp.o)
 .debug_info    0x00004a7d      0x5b8 .\CortexM3\ARM_GCC_541\Debug\ext_usb_boot.a(CyFlash.o)
 .debug_info    0x00005035     0x1374 .\CortexM3\ARM_GCC_541\Debug\ext_usb_boot.a(CyLib.o)
 .debug_info    0x000063a9      0xa2a .\CortexM3\ARM_GCC_541\Debug\ext_usb_boot.a(cyPm.o)
 .debug_info    0x00006dd3      0x4e9 .\CortexM3\ARM_GCC_541\Debug\ext_usb_boot.a(CySpc.o)
 .debug_info    0x000072bc      0x630 .\CortexM3\ARM_GCC_541\Debug\ext_usb_boot.a(EEPROM.o)
 .debug_info    0x000078ec      0x11f .\CortexM3\ARM_GCC_541\Debug\ext_usb_boot.a(ST_LED_0.o)
 .debug_info    0x00007a0b      0x11f .\CortexM3\ARM_GCC_541\Debug\ext_usb_boot.a(ST_LED_1.o)
 .debug_info    0x00007b2a      0x11f .\CortexM3\ARM_GCC_541\Debug\ext_usb_boot.a(ST_LED_2.o)
 .debug_info    0x00007c49       0x94 .\CortexM3\ARM_GCC_541\Debug\ext_usb_boot.a(CyBootAsmGnu.o)
 .debug_info    0x00007cdd      0x1de .\CortexM3\ARM_GCC_541\Debug\ext_usb_boot.a(USBUART_cls.o)
 .debug_info    0x00007ebb      0x2a3 .\CortexM3\ARM_GCC_541\Debug\ext_usb_boot.a(USBUART_descr.o)

.debug_abbrev   0x00000000     0x1f2f
 *(.debug_abbrev)
 .debug_abbrev  0x00000000       0xbc .\CortexM3\ARM_GCC_541\Debug\main.o
 .debug_abbrev  0x000000bc      0x119 .\CortexM3\ARM_GCC_541\Debug\Communication.o
 .debug_abbrev  0x000001d5      0x1fe .\CortexM3\ARM_GCC_541\Debug\cyfitter_cfg.o
 .debug_abbrev  0x000003d3       0x5d .\CortexM3\ARM_GCC_541\Debug\cymetadata.o
 .debug_abbrev  0x00000430      0x1e8 .\CortexM3\ARM_GCC_541\Debug\Cm3Start.o
 .debug_abbrev  0x00000618      0x215 .\CortexM3\ARM_GCC_541\Debug\ext_usb_boot.a(USBUART.o)
 .debug_abbrev  0x0000082d      0x245 .\CortexM3\ARM_GCC_541\Debug\ext_usb_boot.a(USBUART_cdc.o)
 .debug_abbrev  0x00000a72      0x189 .\CortexM3\ARM_GCC_541\Debug\ext_usb_boot.a(USBUART_drv.o)
 .debug_abbrev  0x00000bfb      0x11b .\CortexM3\ARM_GCC_541\Debug\ext_usb_boot.a(USBUART_episr.o)
 .debug_abbrev  0x00000d16      0x108 .\CortexM3\ARM_GCC_541\Debug\ext_usb_boot.a(USBUART_pm.o)
 .debug_abbrev  0x00000e1e      0x20a .\CortexM3\ARM_GCC_541\Debug\ext_usb_boot.a(USBUART_std.o)
 .debug_abbrev  0x00001028       0x9b .\CortexM3\ARM_GCC_541\Debug\ext_usb_boot.a(USBUART_vnd.o)
 .debug_abbrev  0x000010c3      0x20a .\CortexM3\ARM_GCC_541\Debug\ext_usb_boot.a(Bootloader_1.o)
 .debug_abbrev  0x000012cd       0x90 .\CortexM3\ARM_GCC_541\Debug\ext_usb_boot.a(USBUART_Dp.o)
 .debug_abbrev  0x0000135d      0x198 .\CortexM3\ARM_GCC_541\Debug\ext_usb_boot.a(CyFlash.o)
 .debug_abbrev  0x000014f5      0x254 .\CortexM3\ARM_GCC_541\Debug\ext_usb_boot.a(CyLib.o)
 .debug_abbrev  0x00001749      0x1ab .\CortexM3\ARM_GCC_541\Debug\ext_usb_boot.a(cyPm.o)
 .debug_abbrev  0x000018f4      0x194 .\CortexM3\ARM_GCC_541\Debug\ext_usb_boot.a(CySpc.o)
 .debug_abbrev  0x00001a88      0x14e .\CortexM3\ARM_GCC_541\Debug\ext_usb_boot.a(EEPROM.o)
 .debug_abbrev  0x00001bd6       0x90 .\CortexM3\ARM_GCC_541\Debug\ext_usb_boot.a(ST_LED_0.o)
 .debug_abbrev  0x00001c66       0x90 .\CortexM3\ARM_GCC_541\Debug\ext_usb_boot.a(ST_LED_1.o)
 .debug_abbrev  0x00001cf6       0x90 .\CortexM3\ARM_GCC_541\Debug\ext_usb_boot.a(ST_LED_2.o)
 .debug_abbrev  0x00001d86       0x14 .\CortexM3\ARM_GCC_541\Debug\ext_usb_boot.a(CyBootAsmGnu.o)
 .debug_abbrev  0x00001d9a       0xe1 .\CortexM3\ARM_GCC_541\Debug\ext_usb_boot.a(USBUART_cls.o)
 .debug_abbrev  0x00001e7b       0xb4 .\CortexM3\ARM_GCC_541\Debug\ext_usb_boot.a(USBUART_descr.o)

.debug_line     0x00000000     0x32e4
 *(.debug_line)
 .debug_line    0x00000000      0x1c6 .\CortexM3\ARM_GCC_541\Debug\main.o
 .debug_line    0x000001c6      0x221 .\CortexM3\ARM_GCC_541\Debug\Communication.o
 .debug_line    0x000003e7      0x1e5 .\CortexM3\ARM_GCC_541\Debug\cyfitter_cfg.o
 .debug_line    0x000005cc      0x141 .\CortexM3\ARM_GCC_541\Debug\cymetadata.o
 .debug_line    0x0000070d      0x235 .\CortexM3\ARM_GCC_541\Debug\Cm3Start.o
 .debug_line    0x00000942      0x2dc .\CortexM3\ARM_GCC_541\Debug\ext_usb_boot.a(USBUART.o)
 .debug_line    0x00000c1e      0x2f2 .\CortexM3\ARM_GCC_541\Debug\ext_usb_boot.a(USBUART_cdc.o)
 .debug_line    0x00000f10      0x221 .\CortexM3\ARM_GCC_541\Debug\ext_usb_boot.a(USBUART_drv.o)
 .debug_line    0x00001131       0xe6 .\CortexM3\ARM_GCC_541\Debug\ext_usb_boot.a(USBUART_episr.o)
 .debug_line    0x00001217      0x10e .\CortexM3\ARM_GCC_541\Debug\ext_usb_boot.a(USBUART_pm.o)
 .debug_line    0x00001325      0x3e2 .\CortexM3\ARM_GCC_541\Debug\ext_usb_boot.a(USBUART_std.o)
 .debug_line    0x00001707       0x73 .\CortexM3\ARM_GCC_541\Debug\ext_usb_boot.a(USBUART_vnd.o)
 .debug_line    0x0000177a      0x591 .\CortexM3\ARM_GCC_541\Debug\ext_usb_boot.a(Bootloader_1.o)
 .debug_line    0x00001d0b       0xbb .\CortexM3\ARM_GCC_541\Debug\ext_usb_boot.a(USBUART_Dp.o)
 .debug_line    0x00001dc6      0x1e9 .\CortexM3\ARM_GCC_541\Debug\ext_usb_boot.a(CyFlash.o)
 .debug_line    0x00001faf      0x816 .\CortexM3\ARM_GCC_541\Debug\ext_usb_boot.a(CyLib.o)
 .debug_line    0x000027c5      0x367 .\CortexM3\ARM_GCC_541\Debug\ext_usb_boot.a(cyPm.o)
 .debug_line    0x00002b2c      0x23c .\CortexM3\ARM_GCC_541\Debug\ext_usb_boot.a(CySpc.o)
 .debug_line    0x00002d68      0x264 .\CortexM3\ARM_GCC_541\Debug\ext_usb_boot.a(EEPROM.o)
 .debug_line    0x00002fcc       0x95 .\CortexM3\ARM_GCC_541\Debug\ext_usb_boot.a(ST_LED_0.o)
 .debug_line    0x00003061       0x95 .\CortexM3\ARM_GCC_541\Debug\ext_usb_boot.a(ST_LED_1.o)
 .debug_line    0x000030f6       0x95 .\CortexM3\ARM_GCC_541\Debug\ext_usb_boot.a(ST_LED_2.o)
 .debug_line    0x0000318b       0x66 .\CortexM3\ARM_GCC_541\Debug\ext_usb_boot.a(CyBootAsmGnu.o)
 .debug_line    0x000031f1       0x92 .\CortexM3\ARM_GCC_541\Debug\ext_usb_boot.a(USBUART_cls.o)
 .debug_line    0x00003283       0x61 .\CortexM3\ARM_GCC_541\Debug\ext_usb_boot.a(USBUART_descr.o)

.debug_frame    0x00000000     0x1ca0
 *(.debug_frame)
 .debug_frame   0x00000000       0x2c .\CortexM3\ARM_GCC_541\Debug\main.o
 .debug_frame   0x0000002c       0xb8 .\CortexM3\ARM_GCC_541\Debug\Communication.o
 .debug_frame   0x000000e4      0x100 .\CortexM3\ARM_GCC_541\Debug\cyfitter_cfg.o
 .debug_frame   0x000001e4       0xb8 .\CortexM3\ARM_GCC_541\Debug\Cm3Start.o
 .debug_frame   0x0000029c      0x1dc .\CortexM3\ARM_GCC_541\Debug\ext_usb_boot.a(USBUART.o)
 .debug_frame   0x00000478      0x27c .\CortexM3\ARM_GCC_541\Debug\ext_usb_boot.a(USBUART_cdc.o)
 .debug_frame   0x000006f4      0x194 .\CortexM3\ARM_GCC_541\Debug\ext_usb_boot.a(USBUART_drv.o)
 .debug_frame   0x00000888       0x6c .\CortexM3\ARM_GCC_541\Debug\ext_usb_boot.a(USBUART_episr.o)
 .debug_frame   0x000008f4       0xa0 .\CortexM3\ARM_GCC_541\Debug\ext_usb_boot.a(USBUART_pm.o)
 .debug_frame   0x00000994      0x17c .\CortexM3\ARM_GCC_541\Debug\ext_usb_boot.a(USBUART_std.o)
 .debug_frame   0x00000b10       0x20 .\CortexM3\ARM_GCC_541\Debug\ext_usb_boot.a(USBUART_vnd.o)
 .debug_frame   0x00000b30      0x1a8 .\CortexM3\ARM_GCC_541\Debug\ext_usb_boot.a(Bootloader_1.o)
 .debug_frame   0x00000cd8       0x70 .\CortexM3\ARM_GCC_541\Debug\ext_usb_boot.a(USBUART_Dp.o)
 .debug_frame   0x00000d48      0x174 .\CortexM3\ARM_GCC_541\Debug\ext_usb_boot.a(CyFlash.o)
 .debug_frame   0x00000ebc      0x738 .\CortexM3\ARM_GCC_541\Debug\ext_usb_boot.a(CyLib.o)
 .debug_frame   0x000015f4      0x1f8 .\CortexM3\ARM_GCC_541\Debug\ext_usb_boot.a(cyPm.o)
 .debug_frame   0x000017ec      0x160 .\CortexM3\ARM_GCC_541\Debug\ext_usb_boot.a(CySpc.o)
 .debug_frame   0x0000194c      0x17c .\CortexM3\ARM_GCC_541\Debug\ext_usb_boot.a(EEPROM.o)
 .debug_frame   0x00001ac8       0x50 .\CortexM3\ARM_GCC_541\Debug\ext_usb_boot.a(ST_LED_0.o)
 .debug_frame   0x00001b18       0x50 .\CortexM3\ARM_GCC_541\Debug\ext_usb_boot.a(ST_LED_1.o)
 .debug_frame   0x00001b68       0x50 .\CortexM3\ARM_GCC_541\Debug\ext_usb_boot.a(ST_LED_2.o)
 .debug_frame   0x00001bb8       0x2c .\CortexM3\ARM_GCC_541\Debug\ext_usb_boot.a(USBUART_cls.o)
 .debug_frame   0x00001be4       0x20 c:/program files (x86)/cypress/psoc creator/4.2/psoc creator/import/gnu/arm/5.4.1/bin/../lib/gcc/arm-none-eabi/5.4.1/../../../../arm-none-eabi/lib/armv7-m\libg_nano.a(lib_a-errno.o)
 .debug_frame   0x00001c04       0x28 c:/program files (x86)/cypress/psoc creator/4.2/psoc creator/import/gnu/arm/5.4.1/bin/../lib/gcc/arm-none-eabi/5.4.1/../../../../arm-none-eabi/lib/armv7-m\libg_nano.a(lib_a-exit.o)
 .debug_frame   0x00001c2c       0x2c c:/program files (x86)/cypress/psoc creator/4.2/psoc creator/import/gnu/arm/5.4.1/bin/../lib/gcc/arm-none-eabi/5.4.1/../../../../arm-none-eabi/lib/armv7-m\libg_nano.a(lib_a-init.o)
 .debug_frame   0x00001c58       0x28 c:/program files (x86)/cypress/psoc creator/4.2/psoc creator/import/gnu/arm/5.4.1/bin/../lib/gcc/arm-none-eabi/5.4.1/../../../../arm-none-eabi/lib/armv7-m\libg_nano.a(lib_a-memcpy-stub.o)
 .debug_frame   0x00001c80       0x20 c:/program files (x86)/cypress/psoc creator/4.2/psoc creator/import/gnu/arm/5.4.1/bin/../lib/gcc/arm-none-eabi/5.4.1/../../../../arm-none-eabi/lib/armv7-m\libg_nano.a(lib_a-memset.o)

.debug_str      0x00000000     0x2c0a
 *(.debug_str)
 .debug_str     0x00000000      0x1f7 .\CortexM3\ARM_GCC_541\Debug\main.o
                                0x24c (size before relaxing)
 .debug_str     0x000001f7      0x15c .\CortexM3\ARM_GCC_541\Debug\Communication.o
                                0x31f (size before relaxing)
 .debug_str     0x00000353      0x206 .\CortexM3\ARM_GCC_541\Debug\cyfitter_cfg.o
                                0x37a (size before relaxing)
 .debug_str     0x00000559       0x8e .\CortexM3\ARM_GCC_541\Debug\cymetadata.o
                                0x1f7 (size before relaxing)
 .debug_str     0x000005e7      0x158 .\CortexM3\ARM_GCC_541\Debug\Cm3Start.o
                                0x322 (size before relaxing)
 .debug_str     0x0000073f      0x41c .\CortexM3\ARM_GCC_541\Debug\ext_usb_boot.a(USBUART.o)
                                0x66e (size before relaxing)
 .debug_str     0x00000b5b      0x518 .\CortexM3\ARM_GCC_541\Debug\ext_usb_boot.a(USBUART_cdc.o)
                                0x7d5 (size before relaxing)
 .debug_str     0x00001073      0x291 .\CortexM3\ARM_GCC_541\Debug\ext_usb_boot.a(USBUART_drv.o)
                                0x64c (size before relaxing)
 .debug_str     0x00001304       0x80 .\CortexM3\ARM_GCC_541\Debug\ext_usb_boot.a(USBUART_episr.o)
                                0x2e3 (size before relaxing)
 .debug_str     0x00001384       0xd2 .\CortexM3\ARM_GCC_541\Debug\ext_usb_boot.a(USBUART_pm.o)
                                0x2f4 (size before relaxing)
 .debug_str     0x00001456      0x270 .\CortexM3\ARM_GCC_541\Debug\ext_usb_boot.a(USBUART_std.o)
                                0x7bb (size before relaxing)
 .debug_str     0x000016c6       0x25 .\CortexM3\ARM_GCC_541\Debug\ext_usb_boot.a(USBUART_vnd.o)
                                0x1f1 (size before relaxing)
 .debug_str     0x000016eb      0x478 .\CortexM3\ARM_GCC_541\Debug\ext_usb_boot.a(Bootloader_1.o)
                                0x700 (size before relaxing)
 .debug_str     0x00001b63       0xa4 .\CortexM3\ARM_GCC_541\Debug\ext_usb_boot.a(USBUART_Dp.o)
                                0x245 (size before relaxing)
 .debug_str     0x00001c07      0x178 .\CortexM3\ARM_GCC_541\Debug\ext_usb_boot.a(CyFlash.o)
                                0x3a5 (size before relaxing)
 .debug_str     0x00001d7f      0x799 .\CortexM3\ARM_GCC_541\Debug\ext_usb_boot.a(CyLib.o)
                                0xa4b (size before relaxing)
 .debug_str     0x00002518      0x34f .\CortexM3\ARM_GCC_541\Debug\ext_usb_boot.a(cyPm.o)
                                0x737 (size before relaxing)
 .debug_str     0x00002867       0xac .\CortexM3\ARM_GCC_541\Debug\ext_usb_boot.a(CySpc.o)
                                0x32e (size before relaxing)
 .debug_str     0x00002913       0xbd .\CortexM3\ARM_GCC_541\Debug\ext_usb_boot.a(EEPROM.o)
                                0x3c6 (size before relaxing)
 .debug_str     0x000029d0       0x5b .\CortexM3\ARM_GCC_541\Debug\ext_usb_boot.a(ST_LED_0.o)
                                0x1f5 (size before relaxing)
 .debug_str     0x00002a2b       0x5b .\CortexM3\ARM_GCC_541\Debug\ext_usb_boot.a(ST_LED_1.o)
                                0x1f5 (size before relaxing)
 .debug_str     0x00002a86       0x5b .\CortexM3\ARM_GCC_541\Debug\ext_usb_boot.a(ST_LED_2.o)
                                0x1f5 (size before relaxing)
 .debug_str     0x00002ae1       0x25 .\CortexM3\ARM_GCC_541\Debug\ext_usb_boot.a(USBUART_cls.o)
                                0x2b0 (size before relaxing)
 .debug_str     0x00002b06      0x104 .\CortexM3\ARM_GCC_541\Debug\ext_usb_boot.a(USBUART_descr.o)
                                0x35d (size before relaxing)

.debug_loc      0x00000000     0x4250
 *(.debug_loc)
 .debug_loc     0x00000000       0x13 .\CortexM3\ARM_GCC_541\Debug\main.o
 .debug_loc     0x00000013      0x272 .\CortexM3\ARM_GCC_541\Debug\Communication.o
 .debug_loc     0x00000285      0x23a .\CortexM3\ARM_GCC_541\Debug\cyfitter_cfg.o
 .debug_loc     0x000004bf      0x144 .\CortexM3\ARM_GCC_541\Debug\Cm3Start.o
 .debug_loc     0x00000603      0x3e1 .\CortexM3\ARM_GCC_541\Debug\ext_usb_boot.a(USBUART.o)
 .debug_loc     0x000009e4      0x557 .\CortexM3\ARM_GCC_541\Debug\ext_usb_boot.a(USBUART_cdc.o)
 .debug_loc     0x00000f3b      0x171 .\CortexM3\ARM_GCC_541\Debug\ext_usb_boot.a(USBUART_drv.o)
 .debug_loc     0x000010ac       0x26 .\CortexM3\ARM_GCC_541\Debug\ext_usb_boot.a(USBUART_pm.o)
 .debug_loc     0x000010d2      0x945 .\CortexM3\ARM_GCC_541\Debug\ext_usb_boot.a(USBUART_std.o)
 .debug_loc     0x00001a17      0xcd5 .\CortexM3\ARM_GCC_541\Debug\ext_usb_boot.a(Bootloader_1.o)
 .debug_loc     0x000026ec       0x84 .\CortexM3\ARM_GCC_541\Debug\ext_usb_boot.a(USBUART_Dp.o)
 .debug_loc     0x00002770      0x2f2 .\CortexM3\ARM_GCC_541\Debug\ext_usb_boot.a(CyFlash.o)
 .debug_loc     0x00002a62      0xa11 .\CortexM3\ARM_GCC_541\Debug\ext_usb_boot.a(CyLib.o)
 .debug_loc     0x00003473      0x1e4 .\CortexM3\ARM_GCC_541\Debug\ext_usb_boot.a(cyPm.o)
 .debug_loc     0x00003657      0x64d .\CortexM3\ARM_GCC_541\Debug\ext_usb_boot.a(CySpc.o)
 .debug_loc     0x00003ca4      0x49f .\CortexM3\ARM_GCC_541\Debug\ext_usb_boot.a(EEPROM.o)
 .debug_loc     0x00004143       0x42 .\CortexM3\ARM_GCC_541\Debug\ext_usb_boot.a(ST_LED_0.o)
 .debug_loc     0x00004185       0x42 .\CortexM3\ARM_GCC_541\Debug\ext_usb_boot.a(ST_LED_1.o)
 .debug_loc     0x000041c7       0x42 .\CortexM3\ARM_GCC_541\Debug\ext_usb_boot.a(ST_LED_2.o)
 .debug_loc     0x00004209       0x47 .\CortexM3\ARM_GCC_541\Debug\ext_usb_boot.a(USBUART_cls.o)

.debug_macinfo
 *(.debug_macinfo)

.debug_ranges   0x00000000      0xab0
 *(.debug_ranges)
 .debug_ranges  0x00000000       0x10 .\CortexM3\ARM_GCC_541\Debug\main.o
 .debug_ranges  0x00000010       0x30 .\CortexM3\ARM_GCC_541\Debug\Communication.o
 .debug_ranges  0x00000040       0x50 .\CortexM3\ARM_GCC_541\Debug\cyfitter_cfg.o
 .debug_ranges  0x00000090       0x38 .\CortexM3\ARM_GCC_541\Debug\Cm3Start.o
 .debug_ranges  0x000000c8       0xd0 .\CortexM3\ARM_GCC_541\Debug\ext_usb_boot.a(USBUART.o)
 .debug_ranges  0x00000198       0xd8 .\CortexM3\ARM_GCC_541\Debug\ext_usb_boot.a(USBUART_cdc.o)
 .debug_ranges  0x00000270       0x88 .\CortexM3\ARM_GCC_541\Debug\ext_usb_boot.a(USBUART_drv.o)
 .debug_ranges  0x000002f8       0x30 .\CortexM3\ARM_GCC_541\Debug\ext_usb_boot.a(USBUART_episr.o)
 .debug_ranges  0x00000328       0x30 .\CortexM3\ARM_GCC_541\Debug\ext_usb_boot.a(USBUART_pm.o)
 .debug_ranges  0x00000358       0x70 .\CortexM3\ARM_GCC_541\Debug\ext_usb_boot.a(USBUART_std.o)
 .debug_ranges  0x000003c8       0x10 .\CortexM3\ARM_GCC_541\Debug\ext_usb_boot.a(USBUART_vnd.o)
 .debug_ranges  0x000003d8      0x1c0 .\CortexM3\ARM_GCC_541\Debug\ext_usb_boot.a(Bootloader_1.o)
 .debug_ranges  0x00000598       0x38 .\CortexM3\ARM_GCC_541\Debug\ext_usb_boot.a(USBUART_Dp.o)
 .debug_ranges  0x000005d0       0x70 .\CortexM3\ARM_GCC_541\Debug\ext_usb_boot.a(CyFlash.o)
 .debug_ranges  0x00000640      0x290 .\CortexM3\ARM_GCC_541\Debug\ext_usb_boot.a(CyLib.o)
 .debug_ranges  0x000008d0       0x88 .\CortexM3\ARM_GCC_541\Debug\ext_usb_boot.a(cyPm.o)
 .debug_ranges  0x00000958       0x68 .\CortexM3\ARM_GCC_541\Debug\ext_usb_boot.a(CySpc.o)
 .debug_ranges  0x000009c0       0x68 .\CortexM3\ARM_GCC_541\Debug\ext_usb_boot.a(EEPROM.o)
 .debug_ranges  0x00000a28       0x28 .\CortexM3\ARM_GCC_541\Debug\ext_usb_boot.a(ST_LED_0.o)
 .debug_ranges  0x00000a50       0x28 .\CortexM3\ARM_GCC_541\Debug\ext_usb_boot.a(ST_LED_1.o)
 .debug_ranges  0x00000a78       0x28 .\CortexM3\ARM_GCC_541\Debug\ext_usb_boot.a(ST_LED_2.o)
 .debug_ranges  0x00000aa0       0x10 .\CortexM3\ARM_GCC_541\Debug\ext_usb_boot.a(USBUART_cls.o)

.comment        0x00000000       0x6e
 .comment       0x00000000       0x6e .\CortexM3\ARM_GCC_541\Debug\main.o
                                 0x6f (size before relaxing)
 .comment       0x0000006e       0x6f .\CortexM3\ARM_GCC_541\Debug\Communication.o
 .comment       0x0000006e       0x6f .\CortexM3\ARM_GCC_541\Debug\cyfitter_cfg.o
 .comment       0x0000006e       0x6f .\CortexM3\ARM_GCC_541\Debug\cymetadata.o
 .comment       0x0000006e       0x6f .\CortexM3\ARM_GCC_541\Debug\Cm3Start.o
 .comment       0x0000006e       0x6f .\CortexM3\ARM_GCC_541\Debug\ext_usb_boot.a(USBUART.o)
 .comment       0x0000006e       0x6f .\CortexM3\ARM_GCC_541\Debug\ext_usb_boot.a(USBUART_cdc.o)
 .comment       0x0000006e       0x6f .\CortexM3\ARM_GCC_541\Debug\ext_usb_boot.a(USBUART_drv.o)
 .comment       0x0000006e       0x6f .\CortexM3\ARM_GCC_541\Debug\ext_usb_boot.a(USBUART_episr.o)
 .comment       0x0000006e       0x6f .\CortexM3\ARM_GCC_541\Debug\ext_usb_boot.a(USBUART_pm.o)
 .comment       0x0000006e       0x6f .\CortexM3\ARM_GCC_541\Debug\ext_usb_boot.a(USBUART_std.o)
 .comment       0x0000006e       0x6f .\CortexM3\ARM_GCC_541\Debug\ext_usb_boot.a(USBUART_vnd.o)
 .comment       0x0000006e       0x6f .\CortexM3\ARM_GCC_541\Debug\ext_usb_boot.a(Bootloader_1.o)
 .comment       0x0000006e       0x6f .\CortexM3\ARM_GCC_541\Debug\ext_usb_boot.a(USBUART_Dp.o)
 .comment       0x0000006e       0x6f .\CortexM3\ARM_GCC_541\Debug\ext_usb_boot.a(CyFlash.o)
 .comment       0x0000006e       0x6f .\CortexM3\ARM_GCC_541\Debug\ext_usb_boot.a(CyLib.o)
 .comment       0x0000006e       0x6f .\CortexM3\ARM_GCC_541\Debug\ext_usb_boot.a(cyPm.o)
 .comment       0x0000006e       0x6f .\CortexM3\ARM_GCC_541\Debug\ext_usb_boot.a(CySpc.o)
 .comment       0x0000006e       0x6f .\CortexM3\ARM_GCC_541\Debug\ext_usb_boot.a(EEPROM.o)
 .comment       0x0000006e       0x6f .\CortexM3\ARM_GCC_541\Debug\ext_usb_boot.a(ST_LED_0.o)
 .comment       0x0000006e       0x6f .\CortexM3\ARM_GCC_541\Debug\ext_usb_boot.a(ST_LED_1.o)
 .comment       0x0000006e       0x6f .\CortexM3\ARM_GCC_541\Debug\ext_usb_boot.a(ST_LED_2.o)
 .comment       0x0000006e       0x6f .\CortexM3\ARM_GCC_541\Debug\ext_usb_boot.a(USBUART_cls.o)
 .comment       0x0000006e       0x6f .\CortexM3\ARM_GCC_541\Debug\ext_usb_boot.a(USBUART_descr.o)

.debug_weaknames
 *(.debug_weaknames)

.debug_funcnames
 *(.debug_funcnames)

.debug_typenames
 *(.debug_typenames)

.debug_varnames
 *(.debug_varnames)

.note.gnu.arm.ident
 *(.note.gnu.arm.ident)

.ARM.attributes
                0x00000000       0x29
 *(.ARM.attributes)
 .ARM.attributes
                0x00000000       0x1d c:/program files (x86)/cypress/psoc creator/4.2/psoc creator/import/gnu/arm/5.4.1/bin/../lib/gcc/arm-none-eabi/5.4.1/armv7-m/crti.o
 .ARM.attributes
                0x0000001d       0x2d c:/program files (x86)/cypress/psoc creator/4.2/psoc creator/import/gnu/arm/5.4.1/bin/../lib/gcc/arm-none-eabi/5.4.1/armv7-m/crtbegin.o
 .ARM.attributes
                0x0000004a       0x1b c:/program files (x86)/cypress/psoc creator/4.2/psoc creator/import/gnu/arm/5.4.1/bin/../lib/gcc/arm-none-eabi/5.4.1/../../../../arm-none-eabi/lib/armv7-m/crt0.o
 .ARM.attributes
                0x00000065       0x33 .\CortexM3\ARM_GCC_541\Debug\main.o
 .ARM.attributes
                0x00000098       0x33 .\CortexM3\ARM_GCC_541\Debug\Communication.o
 .ARM.attributes
                0x000000cb       0x33 .\CortexM3\ARM_GCC_541\Debug\cyfitter_cfg.o
 .ARM.attributes
                0x000000fe       0x33 .\CortexM3\ARM_GCC_541\Debug\cymetadata.o
 .ARM.attributes
                0x00000131       0x33 .\CortexM3\ARM_GCC_541\Debug\Cm3Start.o
 .ARM.attributes
                0x00000164       0x33 .\CortexM3\ARM_GCC_541\Debug\ext_usb_boot.a(USBUART.o)
 .ARM.attributes
                0x00000197       0x33 .\CortexM3\ARM_GCC_541\Debug\ext_usb_boot.a(USBUART_cdc.o)
 .ARM.attributes
                0x000001ca       0x33 .\CortexM3\ARM_GCC_541\Debug\ext_usb_boot.a(USBUART_drv.o)
 .ARM.attributes
                0x000001fd       0x33 .\CortexM3\ARM_GCC_541\Debug\ext_usb_boot.a(USBUART_episr.o)
 .ARM.attributes
                0x00000230       0x33 .\CortexM3\ARM_GCC_541\Debug\ext_usb_boot.a(USBUART_pm.o)
 .ARM.attributes
                0x00000263       0x33 .\CortexM3\ARM_GCC_541\Debug\ext_usb_boot.a(USBUART_std.o)
 .ARM.attributes
                0x00000296       0x33 .\CortexM3\ARM_GCC_541\Debug\ext_usb_boot.a(USBUART_vnd.o)
 .ARM.attributes
                0x000002c9       0x33 .\CortexM3\ARM_GCC_541\Debug\ext_usb_boot.a(Bootloader_1.o)
 .ARM.attributes
                0x000002fc       0x33 .\CortexM3\ARM_GCC_541\Debug\ext_usb_boot.a(USBUART_Dp.o)
 .ARM.attributes
                0x0000032f       0x33 .\CortexM3\ARM_GCC_541\Debug\ext_usb_boot.a(CyFlash.o)
 .ARM.attributes
                0x00000362       0x33 .\CortexM3\ARM_GCC_541\Debug\ext_usb_boot.a(CyLib.o)
 .ARM.attributes
                0x00000395       0x33 .\CortexM3\ARM_GCC_541\Debug\ext_usb_boot.a(cyPm.o)
 .ARM.attributes
                0x000003c8       0x33 .\CortexM3\ARM_GCC_541\Debug\ext_usb_boot.a(CySpc.o)
 .ARM.attributes
                0x000003fb       0x33 .\CortexM3\ARM_GCC_541\Debug\ext_usb_boot.a(EEPROM.o)
 .ARM.attributes
                0x0000042e       0x33 .\CortexM3\ARM_GCC_541\Debug\ext_usb_boot.a(ST_LED_0.o)
 .ARM.attributes
                0x00000461       0x33 .\CortexM3\ARM_GCC_541\Debug\ext_usb_boot.a(ST_LED_1.o)
 .ARM.attributes
                0x00000494       0x33 .\CortexM3\ARM_GCC_541\Debug\ext_usb_boot.a(ST_LED_2.o)
 .ARM.attributes
                0x000004c7       0x21 .\CortexM3\ARM_GCC_541\Debug\ext_usb_boot.a(CyBootAsmGnu.o)
 .ARM.attributes
                0x000004e8       0x33 .\CortexM3\ARM_GCC_541\Debug\ext_usb_boot.a(USBUART_cls.o)
 .ARM.attributes
                0x0000051b       0x33 .\CortexM3\ARM_GCC_541\Debug\ext_usb_boot.a(USBUART_descr.o)
 .ARM.attributes
                0x0000054e       0x2d c:/program files (x86)/cypress/psoc creator/4.2/psoc creator/import/gnu/arm/5.4.1/bin/../lib/gcc/arm-none-eabi/5.4.1/../../../../arm-none-eabi/lib/armv7-m\libg_nano.a(lib_a-errno.o)
 .ARM.attributes
                0x0000057b       0x2d c:/program files (x86)/cypress/psoc creator/4.2/psoc creator/import/gnu/arm/5.4.1/bin/../lib/gcc/arm-none-eabi/5.4.1/../../../../arm-none-eabi/lib/armv7-m\libg_nano.a(lib_a-exit.o)
 .ARM.attributes
                0x000005a8       0x2d c:/program files (x86)/cypress/psoc creator/4.2/psoc creator/import/gnu/arm/5.4.1/bin/../lib/gcc/arm-none-eabi/5.4.1/../../../../arm-none-eabi/lib/armv7-m\libg_nano.a(lib_a-impure.o)
 .ARM.attributes
                0x000005d5       0x2d c:/program files (x86)/cypress/psoc creator/4.2/psoc creator/import/gnu/arm/5.4.1/bin/../lib/gcc/arm-none-eabi/5.4.1/../../../../arm-none-eabi/lib/armv7-m\libg_nano.a(lib_a-init.o)
 .ARM.attributes
                0x00000602       0x2d c:/program files (x86)/cypress/psoc creator/4.2/psoc creator/import/gnu/arm/5.4.1/bin/../lib/gcc/arm-none-eabi/5.4.1/../../../../arm-none-eabi/lib/armv7-m\libg_nano.a(lib_a-memcpy-stub.o)
 .ARM.attributes
                0x0000062f       0x2d c:/program files (x86)/cypress/psoc creator/4.2/psoc creator/import/gnu/arm/5.4.1/bin/../lib/gcc/arm-none-eabi/5.4.1/../../../../arm-none-eabi/lib/armv7-m\libg_nano.a(lib_a-memset.o)
 .ARM.attributes
                0x0000065c       0x2d c:/program files (x86)/cypress/psoc creator/4.2/psoc creator/import/gnu/arm/5.4.1/bin/../lib/gcc/arm-none-eabi/5.4.1/armv7-m/crtend.o
 .ARM.attributes
                0x00000689       0x1d c:/program files (x86)/cypress/psoc creator/4.2/psoc creator/import/gnu/arm/5.4.1/bin/../lib/gcc/arm-none-eabi/5.4.1/armv7-m/crtn.o

/DISCARD/
 *(.note.GNU-stack)
OUTPUT(C:\psoc\chamonix\icm_stuff\nanoNxt_ICM3_be_before_russian\ext_usb_boot\ext_usb_boot.cydsn\CortexM3\ARM_GCC_541\Debug\ext_usb_boot.elf elf32-littlearm)
