ARM GAS  C:\Users\ilya\AppData\Local\Temp\ccOZQBEY.s 			page 1


   1              		.syntax unified
   2              		.cpu cortex-m3
   3              		.fpu softvfp
   4              		.eabi_attribute 20, 1
   5              		.eabi_attribute 21, 1
   6              		.eabi_attribute 23, 3
   7              		.eabi_attribute 24, 1
   8              		.eabi_attribute 25, 1
   9              		.eabi_attribute 26, 1
  10              		.eabi_attribute 30, 6
  11              		.eabi_attribute 34, 1
  12              		.eabi_attribute 18, 4
  13              		.thumb
  14              		.syntax unified
  15              		.file	"isr_Sleep.c"
  16              		.text
  17              	.Ltext0:
  18              		.cfi_sections	.debug_frame
  19              		.section	.text.isr_Sleep_Start,"ax",%progbits
  20              		.align	2
  21              		.global	isr_Sleep_Start
  22              		.thumb
  23              		.thumb_func
  24              		.type	isr_Sleep_Start, %function
  25              	isr_Sleep_Start:
  26              	.LFB0:
  27              		.file 1 "Generated_Source\\PSoC5\\isr_Sleep.c"
   1:Generated_Source\PSoC5/isr_Sleep.c **** /*******************************************************************************
   2:Generated_Source\PSoC5/isr_Sleep.c **** * File Name: isr_Sleep.c  
   3:Generated_Source\PSoC5/isr_Sleep.c **** * Version 1.70
   4:Generated_Source\PSoC5/isr_Sleep.c **** *
   5:Generated_Source\PSoC5/isr_Sleep.c **** *  Description:
   6:Generated_Source\PSoC5/isr_Sleep.c **** *   API for controlling the state of an interrupt.
   7:Generated_Source\PSoC5/isr_Sleep.c **** *
   8:Generated_Source\PSoC5/isr_Sleep.c **** *
   9:Generated_Source\PSoC5/isr_Sleep.c **** *  Note:
  10:Generated_Source\PSoC5/isr_Sleep.c **** *
  11:Generated_Source\PSoC5/isr_Sleep.c **** ********************************************************************************
  12:Generated_Source\PSoC5/isr_Sleep.c **** * Copyright 2008-2015, Cypress Semiconductor Corporation.  All rights reserved.
  13:Generated_Source\PSoC5/isr_Sleep.c **** * You may use this file only in accordance with the license, terms, conditions, 
  14:Generated_Source\PSoC5/isr_Sleep.c **** * disclaimers, and limitations in the end user license agreement accompanying 
  15:Generated_Source\PSoC5/isr_Sleep.c **** * the software package with which this file was provided.
  16:Generated_Source\PSoC5/isr_Sleep.c **** *******************************************************************************/
  17:Generated_Source\PSoC5/isr_Sleep.c **** 
  18:Generated_Source\PSoC5/isr_Sleep.c **** 
  19:Generated_Source\PSoC5/isr_Sleep.c **** #include <cydevice_trm.h>
  20:Generated_Source\PSoC5/isr_Sleep.c **** #include <CyLib.h>
  21:Generated_Source\PSoC5/isr_Sleep.c **** #include <isr_Sleep.h>
  22:Generated_Source\PSoC5/isr_Sleep.c **** 
  23:Generated_Source\PSoC5/isr_Sleep.c **** 
  24:Generated_Source\PSoC5/isr_Sleep.c **** #if !defined(isr_Sleep__REMOVED) /* Check for removal by optimization */
  25:Generated_Source\PSoC5/isr_Sleep.c **** 
  26:Generated_Source\PSoC5/isr_Sleep.c **** /*******************************************************************************
  27:Generated_Source\PSoC5/isr_Sleep.c **** *  Place your includes, defines and code here 
  28:Generated_Source\PSoC5/isr_Sleep.c **** ********************************************************************************/
  29:Generated_Source\PSoC5/isr_Sleep.c **** /* `#START isr_Sleep_intc` */
  30:Generated_Source\PSoC5/isr_Sleep.c **** 
ARM GAS  C:\Users\ilya\AppData\Local\Temp\ccOZQBEY.s 			page 2


  31:Generated_Source\PSoC5/isr_Sleep.c **** /* `#END` */
  32:Generated_Source\PSoC5/isr_Sleep.c **** 
  33:Generated_Source\PSoC5/isr_Sleep.c **** #ifndef CYINT_IRQ_BASE
  34:Generated_Source\PSoC5/isr_Sleep.c **** #define CYINT_IRQ_BASE      16
  35:Generated_Source\PSoC5/isr_Sleep.c **** #endif /* CYINT_IRQ_BASE */
  36:Generated_Source\PSoC5/isr_Sleep.c **** #ifndef CYINT_VECT_TABLE
  37:Generated_Source\PSoC5/isr_Sleep.c **** #define CYINT_VECT_TABLE    ((cyisraddress **) CYREG_NVIC_VECT_OFFSET)
  38:Generated_Source\PSoC5/isr_Sleep.c **** #endif /* CYINT_VECT_TABLE */
  39:Generated_Source\PSoC5/isr_Sleep.c **** 
  40:Generated_Source\PSoC5/isr_Sleep.c **** /* Declared in startup, used to set unused interrupts to. */
  41:Generated_Source\PSoC5/isr_Sleep.c **** CY_ISR_PROTO(IntDefaultHandler);
  42:Generated_Source\PSoC5/isr_Sleep.c **** 
  43:Generated_Source\PSoC5/isr_Sleep.c **** 
  44:Generated_Source\PSoC5/isr_Sleep.c **** /*******************************************************************************
  45:Generated_Source\PSoC5/isr_Sleep.c **** * Function Name: isr_Sleep_Start
  46:Generated_Source\PSoC5/isr_Sleep.c **** ********************************************************************************
  47:Generated_Source\PSoC5/isr_Sleep.c **** *
  48:Generated_Source\PSoC5/isr_Sleep.c **** * Summary:
  49:Generated_Source\PSoC5/isr_Sleep.c **** *  Set up the interrupt and enable it. This function disables the interrupt, 
  50:Generated_Source\PSoC5/isr_Sleep.c **** *  sets the default interrupt vector, sets the priority from the value in the
  51:Generated_Source\PSoC5/isr_Sleep.c **** *  Design Wide Resources Interrupt Editor, then enables the interrupt to the 
  52:Generated_Source\PSoC5/isr_Sleep.c **** *  interrupt controller.
  53:Generated_Source\PSoC5/isr_Sleep.c **** *
  54:Generated_Source\PSoC5/isr_Sleep.c **** * Parameters:  
  55:Generated_Source\PSoC5/isr_Sleep.c **** *   None
  56:Generated_Source\PSoC5/isr_Sleep.c **** *
  57:Generated_Source\PSoC5/isr_Sleep.c **** * Return:
  58:Generated_Source\PSoC5/isr_Sleep.c **** *   None
  59:Generated_Source\PSoC5/isr_Sleep.c **** *
  60:Generated_Source\PSoC5/isr_Sleep.c **** *******************************************************************************/
  61:Generated_Source\PSoC5/isr_Sleep.c **** void isr_Sleep_Start(void)
  62:Generated_Source\PSoC5/isr_Sleep.c **** {
  28              		.loc 1 62 0
  29              		.cfi_startproc
  30              		@ args = 0, pretend = 0, frame = 0
  31              		@ frame_needed = 1, uses_anonymous_args = 0
  32 0000 80B5     		push	{r7, lr}
  33              		.cfi_def_cfa_offset 8
  34              		.cfi_offset 7, -8
  35              		.cfi_offset 14, -4
  36 0002 00AF     		add	r7, sp, #0
  37              		.cfi_def_cfa_register 7
  63:Generated_Source\PSoC5/isr_Sleep.c ****     /* For all we know the interrupt is active. */
  64:Generated_Source\PSoC5/isr_Sleep.c ****     isr_Sleep_Disable();
  38              		.loc 1 64 0
  39 0004 FFF7FEFF 		bl	isr_Sleep_Disable
  65:Generated_Source\PSoC5/isr_Sleep.c **** 
  66:Generated_Source\PSoC5/isr_Sleep.c ****     /* Set the ISR to point to the isr_Sleep Interrupt. */
  67:Generated_Source\PSoC5/isr_Sleep.c ****     isr_Sleep_SetVector(&isr_Sleep_Interrupt);
  40              		.loc 1 67 0
  41 0008 0448     		ldr	r0, .L2
  42 000a FFF7FEFF 		bl	isr_Sleep_SetVector
  68:Generated_Source\PSoC5/isr_Sleep.c **** 
  69:Generated_Source\PSoC5/isr_Sleep.c ****     /* Set the priority. */
  70:Generated_Source\PSoC5/isr_Sleep.c ****     isr_Sleep_SetPriority((uint8)isr_Sleep_INTC_PRIOR_NUMBER);
  43              		.loc 1 70 0
  44 000e 0720     		movs	r0, #7
ARM GAS  C:\Users\ilya\AppData\Local\Temp\ccOZQBEY.s 			page 3


  45 0010 FFF7FEFF 		bl	isr_Sleep_SetPriority
  71:Generated_Source\PSoC5/isr_Sleep.c **** 
  72:Generated_Source\PSoC5/isr_Sleep.c ****     /* Enable it. */
  73:Generated_Source\PSoC5/isr_Sleep.c ****     isr_Sleep_Enable();
  46              		.loc 1 73 0
  47 0014 FFF7FEFF 		bl	isr_Sleep_Enable
  74:Generated_Source\PSoC5/isr_Sleep.c **** }
  48              		.loc 1 74 0
  49 0018 00BF     		nop
  50 001a 80BD     		pop	{r7, pc}
  51              	.L3:
  52              		.align	2
  53              	.L2:
  54 001c 00000000 		.word	isr_Sleep_Interrupt
  55              		.cfi_endproc
  56              	.LFE0:
  57              		.size	isr_Sleep_Start, .-isr_Sleep_Start
  58              		.section	.text.isr_Sleep_StartEx,"ax",%progbits
  59              		.align	2
  60              		.global	isr_Sleep_StartEx
  61              		.thumb
  62              		.thumb_func
  63              		.type	isr_Sleep_StartEx, %function
  64              	isr_Sleep_StartEx:
  65              	.LFB1:
  75:Generated_Source\PSoC5/isr_Sleep.c **** 
  76:Generated_Source\PSoC5/isr_Sleep.c **** 
  77:Generated_Source\PSoC5/isr_Sleep.c **** /*******************************************************************************
  78:Generated_Source\PSoC5/isr_Sleep.c **** * Function Name: isr_Sleep_StartEx
  79:Generated_Source\PSoC5/isr_Sleep.c **** ********************************************************************************
  80:Generated_Source\PSoC5/isr_Sleep.c **** *
  81:Generated_Source\PSoC5/isr_Sleep.c **** * Summary:
  82:Generated_Source\PSoC5/isr_Sleep.c **** *  Sets up the interrupt and enables it. This function disables the interrupt,
  83:Generated_Source\PSoC5/isr_Sleep.c **** *  sets the interrupt vector based on the address passed in, sets the priority 
  84:Generated_Source\PSoC5/isr_Sleep.c **** *  from the value in the Design Wide Resources Interrupt Editor, then enables 
  85:Generated_Source\PSoC5/isr_Sleep.c **** *  the interrupt to the interrupt controller.
  86:Generated_Source\PSoC5/isr_Sleep.c **** *  
  87:Generated_Source\PSoC5/isr_Sleep.c **** *  When defining ISR functions, the CY_ISR and CY_ISR_PROTO macros should be 
  88:Generated_Source\PSoC5/isr_Sleep.c **** *  used to provide consistent definition across compilers:
  89:Generated_Source\PSoC5/isr_Sleep.c **** *  
  90:Generated_Source\PSoC5/isr_Sleep.c **** *  Function definition example:
  91:Generated_Source\PSoC5/isr_Sleep.c **** *   CY_ISR(MyISR)
  92:Generated_Source\PSoC5/isr_Sleep.c **** *   {
  93:Generated_Source\PSoC5/isr_Sleep.c **** *   }
  94:Generated_Source\PSoC5/isr_Sleep.c **** *   Function prototype example:
  95:Generated_Source\PSoC5/isr_Sleep.c **** *   CY_ISR_PROTO(MyISR);
  96:Generated_Source\PSoC5/isr_Sleep.c **** *
  97:Generated_Source\PSoC5/isr_Sleep.c **** * Parameters:  
  98:Generated_Source\PSoC5/isr_Sleep.c **** *   address: Address of the ISR to set in the interrupt vector table.
  99:Generated_Source\PSoC5/isr_Sleep.c **** *
 100:Generated_Source\PSoC5/isr_Sleep.c **** * Return:
 101:Generated_Source\PSoC5/isr_Sleep.c **** *   None
 102:Generated_Source\PSoC5/isr_Sleep.c **** *
 103:Generated_Source\PSoC5/isr_Sleep.c **** *******************************************************************************/
 104:Generated_Source\PSoC5/isr_Sleep.c **** void isr_Sleep_StartEx(cyisraddress address)
 105:Generated_Source\PSoC5/isr_Sleep.c **** {
  66              		.loc 1 105 0
ARM GAS  C:\Users\ilya\AppData\Local\Temp\ccOZQBEY.s 			page 4


  67              		.cfi_startproc
  68              		@ args = 0, pretend = 0, frame = 8
  69              		@ frame_needed = 1, uses_anonymous_args = 0
  70 0000 80B5     		push	{r7, lr}
  71              		.cfi_def_cfa_offset 8
  72              		.cfi_offset 7, -8
  73              		.cfi_offset 14, -4
  74 0002 82B0     		sub	sp, sp, #8
  75              		.cfi_def_cfa_offset 16
  76 0004 00AF     		add	r7, sp, #0
  77              		.cfi_def_cfa_register 7
  78 0006 7860     		str	r0, [r7, #4]
 106:Generated_Source\PSoC5/isr_Sleep.c ****     /* For all we know the interrupt is active. */
 107:Generated_Source\PSoC5/isr_Sleep.c ****     isr_Sleep_Disable();
  79              		.loc 1 107 0
  80 0008 FFF7FEFF 		bl	isr_Sleep_Disable
 108:Generated_Source\PSoC5/isr_Sleep.c **** 
 109:Generated_Source\PSoC5/isr_Sleep.c ****     /* Set the ISR to point to the isr_Sleep Interrupt. */
 110:Generated_Source\PSoC5/isr_Sleep.c ****     isr_Sleep_SetVector(address);
  81              		.loc 1 110 0
  82 000c 7868     		ldr	r0, [r7, #4]
  83 000e FFF7FEFF 		bl	isr_Sleep_SetVector
 111:Generated_Source\PSoC5/isr_Sleep.c **** 
 112:Generated_Source\PSoC5/isr_Sleep.c ****     /* Set the priority. */
 113:Generated_Source\PSoC5/isr_Sleep.c ****     isr_Sleep_SetPriority((uint8)isr_Sleep_INTC_PRIOR_NUMBER);
  84              		.loc 1 113 0
  85 0012 0720     		movs	r0, #7
  86 0014 FFF7FEFF 		bl	isr_Sleep_SetPriority
 114:Generated_Source\PSoC5/isr_Sleep.c **** 
 115:Generated_Source\PSoC5/isr_Sleep.c ****     /* Enable it. */
 116:Generated_Source\PSoC5/isr_Sleep.c ****     isr_Sleep_Enable();
  87              		.loc 1 116 0
  88 0018 FFF7FEFF 		bl	isr_Sleep_Enable
 117:Generated_Source\PSoC5/isr_Sleep.c **** }
  89              		.loc 1 117 0
  90 001c 00BF     		nop
  91 001e 0837     		adds	r7, r7, #8
  92              		.cfi_def_cfa_offset 8
  93 0020 BD46     		mov	sp, r7
  94              		.cfi_def_cfa_register 13
  95              		@ sp needed
  96 0022 80BD     		pop	{r7, pc}
  97              		.cfi_endproc
  98              	.LFE1:
  99              		.size	isr_Sleep_StartEx, .-isr_Sleep_StartEx
 100              		.section	.text.isr_Sleep_Stop,"ax",%progbits
 101              		.align	2
 102              		.global	isr_Sleep_Stop
 103              		.thumb
 104              		.thumb_func
 105              		.type	isr_Sleep_Stop, %function
 106              	isr_Sleep_Stop:
 107              	.LFB2:
 118:Generated_Source\PSoC5/isr_Sleep.c **** 
 119:Generated_Source\PSoC5/isr_Sleep.c **** 
 120:Generated_Source\PSoC5/isr_Sleep.c **** /*******************************************************************************
 121:Generated_Source\PSoC5/isr_Sleep.c **** * Function Name: isr_Sleep_Stop
ARM GAS  C:\Users\ilya\AppData\Local\Temp\ccOZQBEY.s 			page 5


 122:Generated_Source\PSoC5/isr_Sleep.c **** ********************************************************************************
 123:Generated_Source\PSoC5/isr_Sleep.c **** *
 124:Generated_Source\PSoC5/isr_Sleep.c **** * Summary:
 125:Generated_Source\PSoC5/isr_Sleep.c **** *   Disables and removes the interrupt.
 126:Generated_Source\PSoC5/isr_Sleep.c **** *
 127:Generated_Source\PSoC5/isr_Sleep.c **** * Parameters:  
 128:Generated_Source\PSoC5/isr_Sleep.c **** *   None
 129:Generated_Source\PSoC5/isr_Sleep.c **** *
 130:Generated_Source\PSoC5/isr_Sleep.c **** * Return:
 131:Generated_Source\PSoC5/isr_Sleep.c **** *   None
 132:Generated_Source\PSoC5/isr_Sleep.c **** *
 133:Generated_Source\PSoC5/isr_Sleep.c **** *******************************************************************************/
 134:Generated_Source\PSoC5/isr_Sleep.c **** void isr_Sleep_Stop(void)
 135:Generated_Source\PSoC5/isr_Sleep.c **** {
 108              		.loc 1 135 0
 109              		.cfi_startproc
 110              		@ args = 0, pretend = 0, frame = 0
 111              		@ frame_needed = 1, uses_anonymous_args = 0
 112 0000 80B5     		push	{r7, lr}
 113              		.cfi_def_cfa_offset 8
 114              		.cfi_offset 7, -8
 115              		.cfi_offset 14, -4
 116 0002 00AF     		add	r7, sp, #0
 117              		.cfi_def_cfa_register 7
 136:Generated_Source\PSoC5/isr_Sleep.c ****     /* Disable this interrupt. */
 137:Generated_Source\PSoC5/isr_Sleep.c ****     isr_Sleep_Disable();
 118              		.loc 1 137 0
 119 0004 FFF7FEFF 		bl	isr_Sleep_Disable
 138:Generated_Source\PSoC5/isr_Sleep.c **** 
 139:Generated_Source\PSoC5/isr_Sleep.c ****     /* Set the ISR to point to the passive one. */
 140:Generated_Source\PSoC5/isr_Sleep.c ****     isr_Sleep_SetVector(&IntDefaultHandler);
 120              		.loc 1 140 0
 121 0008 0248     		ldr	r0, .L6
 122 000a FFF7FEFF 		bl	isr_Sleep_SetVector
 141:Generated_Source\PSoC5/isr_Sleep.c **** }
 123              		.loc 1 141 0
 124 000e 00BF     		nop
 125 0010 80BD     		pop	{r7, pc}
 126              	.L7:
 127 0012 00BF     		.align	2
 128              	.L6:
 129 0014 00000000 		.word	IntDefaultHandler
 130              		.cfi_endproc
 131              	.LFE2:
 132              		.size	isr_Sleep_Stop, .-isr_Sleep_Stop
 133              		.section	.text.isr_Sleep_Interrupt,"ax",%progbits
 134              		.align	2
 135              		.global	isr_Sleep_Interrupt
 136              		.thumb
 137              		.thumb_func
 138              		.type	isr_Sleep_Interrupt, %function
 139              	isr_Sleep_Interrupt:
 140              	.LFB3:
 142:Generated_Source\PSoC5/isr_Sleep.c **** 
 143:Generated_Source\PSoC5/isr_Sleep.c **** 
 144:Generated_Source\PSoC5/isr_Sleep.c **** /*******************************************************************************
 145:Generated_Source\PSoC5/isr_Sleep.c **** * Function Name: isr_Sleep_Interrupt
ARM GAS  C:\Users\ilya\AppData\Local\Temp\ccOZQBEY.s 			page 6


 146:Generated_Source\PSoC5/isr_Sleep.c **** ********************************************************************************
 147:Generated_Source\PSoC5/isr_Sleep.c **** *
 148:Generated_Source\PSoC5/isr_Sleep.c **** * Summary:
 149:Generated_Source\PSoC5/isr_Sleep.c **** *   The default Interrupt Service Routine for isr_Sleep.
 150:Generated_Source\PSoC5/isr_Sleep.c **** *
 151:Generated_Source\PSoC5/isr_Sleep.c **** *   Add custom code between the coments to keep the next version of this file
 152:Generated_Source\PSoC5/isr_Sleep.c **** *   from over writting your code.
 153:Generated_Source\PSoC5/isr_Sleep.c **** *
 154:Generated_Source\PSoC5/isr_Sleep.c **** * Parameters:  
 155:Generated_Source\PSoC5/isr_Sleep.c **** *
 156:Generated_Source\PSoC5/isr_Sleep.c **** * Return:
 157:Generated_Source\PSoC5/isr_Sleep.c **** *   None
 158:Generated_Source\PSoC5/isr_Sleep.c **** *
 159:Generated_Source\PSoC5/isr_Sleep.c **** *******************************************************************************/
 160:Generated_Source\PSoC5/isr_Sleep.c **** CY_ISR(isr_Sleep_Interrupt)
 161:Generated_Source\PSoC5/isr_Sleep.c **** {
 141              		.loc 1 161 0
 142              		.cfi_startproc
 143              		@ args = 0, pretend = 0, frame = 0
 144              		@ frame_needed = 1, uses_anonymous_args = 0
 145 0000 80B5     		push	{r7, lr}
 146              		.cfi_def_cfa_offset 8
 147              		.cfi_offset 7, -8
 148              		.cfi_offset 14, -4
 149 0002 00AF     		add	r7, sp, #0
 150              		.cfi_def_cfa_register 7
 151              	.LBB2:
 162:Generated_Source\PSoC5/isr_Sleep.c ****     #ifdef isr_Sleep_INTERRUPT_INTERRUPT_CALLBACK
 163:Generated_Source\PSoC5/isr_Sleep.c ****         isr_Sleep_Interrupt_InterruptCallback();
 164:Generated_Source\PSoC5/isr_Sleep.c ****     #endif /* isr_Sleep_INTERRUPT_INTERRUPT_CALLBACK */ 
 165:Generated_Source\PSoC5/isr_Sleep.c **** 
 166:Generated_Source\PSoC5/isr_Sleep.c ****     /*  Place your Interrupt code here. */
 167:Generated_Source\PSoC5/isr_Sleep.c ****     /* `#START isr_Sleep_Interrupt` */
 168:Generated_Source\PSoC5/isr_Sleep.c ****     {
 169:Generated_Source\PSoC5/isr_Sleep.c ****         extern int tick_count;
 170:Generated_Source\PSoC5/isr_Sleep.c ****         tick_count++;
 152              		.loc 1 170 0
 153 0004 044B     		ldr	r3, .L9
 154 0006 1B68     		ldr	r3, [r3]
 155 0008 0133     		adds	r3, r3, #1
 156 000a 034A     		ldr	r2, .L9
 157 000c 1360     		str	r3, [r2]
 171:Generated_Source\PSoC5/isr_Sleep.c ****          SleepTimer_GetStatus();
 158              		.loc 1 171 0
 159 000e FFF7FEFF 		bl	SleepTimer_GetStatus
 160              	.LBE2:
 172:Generated_Source\PSoC5/isr_Sleep.c ****          //       HandleUSB();
 173:Generated_Source\PSoC5/isr_Sleep.c **** 
 174:Generated_Source\PSoC5/isr_Sleep.c ****     }
 175:Generated_Source\PSoC5/isr_Sleep.c ****     /* `#END` */
 176:Generated_Source\PSoC5/isr_Sleep.c **** }
 161              		.loc 1 176 0
 162 0012 00BF     		nop
 163 0014 80BD     		pop	{r7, pc}
 164              	.L10:
 165 0016 00BF     		.align	2
 166              	.L9:
ARM GAS  C:\Users\ilya\AppData\Local\Temp\ccOZQBEY.s 			page 7


 167 0018 00000000 		.word	tick_count
 168              		.cfi_endproc
 169              	.LFE3:
 170              		.size	isr_Sleep_Interrupt, .-isr_Sleep_Interrupt
 171              		.section	.text.isr_Sleep_SetVector,"ax",%progbits
 172              		.align	2
 173              		.global	isr_Sleep_SetVector
 174              		.thumb
 175              		.thumb_func
 176              		.type	isr_Sleep_SetVector, %function
 177              	isr_Sleep_SetVector:
 178              	.LFB4:
 177:Generated_Source\PSoC5/isr_Sleep.c **** 
 178:Generated_Source\PSoC5/isr_Sleep.c **** 
 179:Generated_Source\PSoC5/isr_Sleep.c **** /*******************************************************************************
 180:Generated_Source\PSoC5/isr_Sleep.c **** * Function Name: isr_Sleep_SetVector
 181:Generated_Source\PSoC5/isr_Sleep.c **** ********************************************************************************
 182:Generated_Source\PSoC5/isr_Sleep.c **** *
 183:Generated_Source\PSoC5/isr_Sleep.c **** * Summary:
 184:Generated_Source\PSoC5/isr_Sleep.c **** *   Change the ISR vector for the Interrupt. Note calling isr_Sleep_Start
 185:Generated_Source\PSoC5/isr_Sleep.c **** *   will override any effect this method would have had. To set the vector 
 186:Generated_Source\PSoC5/isr_Sleep.c **** *   before the component has been started use isr_Sleep_StartEx instead.
 187:Generated_Source\PSoC5/isr_Sleep.c **** * 
 188:Generated_Source\PSoC5/isr_Sleep.c **** *   When defining ISR functions, the CY_ISR and CY_ISR_PROTO macros should be 
 189:Generated_Source\PSoC5/isr_Sleep.c **** *   used to provide consistent definition across compilers:
 190:Generated_Source\PSoC5/isr_Sleep.c **** *
 191:Generated_Source\PSoC5/isr_Sleep.c **** *   Function definition example:
 192:Generated_Source\PSoC5/isr_Sleep.c **** *   CY_ISR(MyISR)
 193:Generated_Source\PSoC5/isr_Sleep.c **** *   {
 194:Generated_Source\PSoC5/isr_Sleep.c **** *   }
 195:Generated_Source\PSoC5/isr_Sleep.c **** *
 196:Generated_Source\PSoC5/isr_Sleep.c **** *   Function prototype example:
 197:Generated_Source\PSoC5/isr_Sleep.c **** *     CY_ISR_PROTO(MyISR);
 198:Generated_Source\PSoC5/isr_Sleep.c **** *
 199:Generated_Source\PSoC5/isr_Sleep.c **** * Parameters:
 200:Generated_Source\PSoC5/isr_Sleep.c **** *   address: Address of the ISR to set in the interrupt vector table.
 201:Generated_Source\PSoC5/isr_Sleep.c **** *
 202:Generated_Source\PSoC5/isr_Sleep.c **** * Return:
 203:Generated_Source\PSoC5/isr_Sleep.c **** *   None
 204:Generated_Source\PSoC5/isr_Sleep.c **** *
 205:Generated_Source\PSoC5/isr_Sleep.c **** *******************************************************************************/
 206:Generated_Source\PSoC5/isr_Sleep.c **** void isr_Sleep_SetVector(cyisraddress address)
 207:Generated_Source\PSoC5/isr_Sleep.c **** {
 179              		.loc 1 207 0
 180              		.cfi_startproc
 181              		@ args = 0, pretend = 0, frame = 16
 182              		@ frame_needed = 1, uses_anonymous_args = 0
 183              		@ link register save eliminated.
 184 0000 80B4     		push	{r7}
 185              		.cfi_def_cfa_offset 4
 186              		.cfi_offset 7, -4
 187 0002 85B0     		sub	sp, sp, #20
 188              		.cfi_def_cfa_offset 24
 189 0004 00AF     		add	r7, sp, #0
 190              		.cfi_def_cfa_register 7
 191 0006 7860     		str	r0, [r7, #4]
 208:Generated_Source\PSoC5/isr_Sleep.c ****     cyisraddress * ramVectorTable;
ARM GAS  C:\Users\ilya\AppData\Local\Temp\ccOZQBEY.s 			page 8


 209:Generated_Source\PSoC5/isr_Sleep.c **** 
 210:Generated_Source\PSoC5/isr_Sleep.c ****     ramVectorTable = (cyisraddress *) *CYINT_VECT_TABLE;
 192              		.loc 1 210 0
 193 0008 054B     		ldr	r3, .L12
 194 000a 1B68     		ldr	r3, [r3]
 195 000c FB60     		str	r3, [r7, #12]
 211:Generated_Source\PSoC5/isr_Sleep.c **** 
 212:Generated_Source\PSoC5/isr_Sleep.c ****     ramVectorTable[CYINT_IRQ_BASE + (uint32)isr_Sleep__INTC_NUMBER] = address;
 196              		.loc 1 212 0
 197 000e FB68     		ldr	r3, [r7, #12]
 198 0010 6833     		adds	r3, r3, #104
 199 0012 7A68     		ldr	r2, [r7, #4]
 200 0014 1A60     		str	r2, [r3]
 213:Generated_Source\PSoC5/isr_Sleep.c **** }
 201              		.loc 1 213 0
 202 0016 00BF     		nop
 203 0018 1437     		adds	r7, r7, #20
 204              		.cfi_def_cfa_offset 4
 205 001a BD46     		mov	sp, r7
 206              		.cfi_def_cfa_register 13
 207              		@ sp needed
 208 001c 80BC     		pop	{r7}
 209              		.cfi_restore 7
 210              		.cfi_def_cfa_offset 0
 211 001e 7047     		bx	lr
 212              	.L13:
 213              		.align	2
 214              	.L12:
 215 0020 08ED00E0 		.word	-536810232
 216              		.cfi_endproc
 217              	.LFE4:
 218              		.size	isr_Sleep_SetVector, .-isr_Sleep_SetVector
 219              		.section	.text.isr_Sleep_GetVector,"ax",%progbits
 220              		.align	2
 221              		.global	isr_Sleep_GetVector
 222              		.thumb
 223              		.thumb_func
 224              		.type	isr_Sleep_GetVector, %function
 225              	isr_Sleep_GetVector:
 226              	.LFB5:
 214:Generated_Source\PSoC5/isr_Sleep.c **** 
 215:Generated_Source\PSoC5/isr_Sleep.c **** 
 216:Generated_Source\PSoC5/isr_Sleep.c **** /*******************************************************************************
 217:Generated_Source\PSoC5/isr_Sleep.c **** * Function Name: isr_Sleep_GetVector
 218:Generated_Source\PSoC5/isr_Sleep.c **** ********************************************************************************
 219:Generated_Source\PSoC5/isr_Sleep.c **** *
 220:Generated_Source\PSoC5/isr_Sleep.c **** * Summary:
 221:Generated_Source\PSoC5/isr_Sleep.c **** *   Gets the "address" of the current ISR vector for the Interrupt.
 222:Generated_Source\PSoC5/isr_Sleep.c **** *
 223:Generated_Source\PSoC5/isr_Sleep.c **** * Parameters:
 224:Generated_Source\PSoC5/isr_Sleep.c **** *   None
 225:Generated_Source\PSoC5/isr_Sleep.c **** *
 226:Generated_Source\PSoC5/isr_Sleep.c **** * Return:
 227:Generated_Source\PSoC5/isr_Sleep.c **** *   Address of the ISR in the interrupt vector table.
 228:Generated_Source\PSoC5/isr_Sleep.c **** *
 229:Generated_Source\PSoC5/isr_Sleep.c **** *******************************************************************************/
 230:Generated_Source\PSoC5/isr_Sleep.c **** cyisraddress isr_Sleep_GetVector(void)
ARM GAS  C:\Users\ilya\AppData\Local\Temp\ccOZQBEY.s 			page 9


 231:Generated_Source\PSoC5/isr_Sleep.c **** {
 227              		.loc 1 231 0
 228              		.cfi_startproc
 229              		@ args = 0, pretend = 0, frame = 8
 230              		@ frame_needed = 1, uses_anonymous_args = 0
 231              		@ link register save eliminated.
 232 0000 80B4     		push	{r7}
 233              		.cfi_def_cfa_offset 4
 234              		.cfi_offset 7, -4
 235 0002 83B0     		sub	sp, sp, #12
 236              		.cfi_def_cfa_offset 16
 237 0004 00AF     		add	r7, sp, #0
 238              		.cfi_def_cfa_register 7
 232:Generated_Source\PSoC5/isr_Sleep.c ****     cyisraddress * ramVectorTable;
 233:Generated_Source\PSoC5/isr_Sleep.c **** 
 234:Generated_Source\PSoC5/isr_Sleep.c ****     ramVectorTable = (cyisraddress *) *CYINT_VECT_TABLE;
 239              		.loc 1 234 0
 240 0006 054B     		ldr	r3, .L16
 241 0008 1B68     		ldr	r3, [r3]
 242 000a 7B60     		str	r3, [r7, #4]
 235:Generated_Source\PSoC5/isr_Sleep.c **** 
 236:Generated_Source\PSoC5/isr_Sleep.c ****     return ramVectorTable[CYINT_IRQ_BASE + (uint32)isr_Sleep__INTC_NUMBER];
 243              		.loc 1 236 0
 244 000c 7B68     		ldr	r3, [r7, #4]
 245 000e 9B6E     		ldr	r3, [r3, #104]
 237:Generated_Source\PSoC5/isr_Sleep.c **** }
 246              		.loc 1 237 0
 247 0010 1846     		mov	r0, r3
 248 0012 0C37     		adds	r7, r7, #12
 249              		.cfi_def_cfa_offset 4
 250 0014 BD46     		mov	sp, r7
 251              		.cfi_def_cfa_register 13
 252              		@ sp needed
 253 0016 80BC     		pop	{r7}
 254              		.cfi_restore 7
 255              		.cfi_def_cfa_offset 0
 256 0018 7047     		bx	lr
 257              	.L17:
 258 001a 00BF     		.align	2
 259              	.L16:
 260 001c 08ED00E0 		.word	-536810232
 261              		.cfi_endproc
 262              	.LFE5:
 263              		.size	isr_Sleep_GetVector, .-isr_Sleep_GetVector
 264              		.section	.text.isr_Sleep_SetPriority,"ax",%progbits
 265              		.align	2
 266              		.global	isr_Sleep_SetPriority
 267              		.thumb
 268              		.thumb_func
 269              		.type	isr_Sleep_SetPriority, %function
 270              	isr_Sleep_SetPriority:
 271              	.LFB6:
 238:Generated_Source\PSoC5/isr_Sleep.c **** 
 239:Generated_Source\PSoC5/isr_Sleep.c **** 
 240:Generated_Source\PSoC5/isr_Sleep.c **** /*******************************************************************************
 241:Generated_Source\PSoC5/isr_Sleep.c **** * Function Name: isr_Sleep_SetPriority
 242:Generated_Source\PSoC5/isr_Sleep.c **** ********************************************************************************
ARM GAS  C:\Users\ilya\AppData\Local\Temp\ccOZQBEY.s 			page 10


 243:Generated_Source\PSoC5/isr_Sleep.c **** *
 244:Generated_Source\PSoC5/isr_Sleep.c **** * Summary:
 245:Generated_Source\PSoC5/isr_Sleep.c **** *   Sets the Priority of the Interrupt. 
 246:Generated_Source\PSoC5/isr_Sleep.c **** *
 247:Generated_Source\PSoC5/isr_Sleep.c **** *   Note calling isr_Sleep_Start or isr_Sleep_StartEx will 
 248:Generated_Source\PSoC5/isr_Sleep.c **** *   override any effect this API would have had. This API should only be called
 249:Generated_Source\PSoC5/isr_Sleep.c **** *   after isr_Sleep_Start or isr_Sleep_StartEx has been called. 
 250:Generated_Source\PSoC5/isr_Sleep.c **** *   To set the initial priority for the component, use the Design-Wide Resources
 251:Generated_Source\PSoC5/isr_Sleep.c **** *   Interrupt Editor.
 252:Generated_Source\PSoC5/isr_Sleep.c **** *
 253:Generated_Source\PSoC5/isr_Sleep.c **** *   Note This API has no effect on Non-maskable interrupt NMI).
 254:Generated_Source\PSoC5/isr_Sleep.c **** *
 255:Generated_Source\PSoC5/isr_Sleep.c **** * Parameters:
 256:Generated_Source\PSoC5/isr_Sleep.c **** *   priority: Priority of the interrupt, 0 being the highest priority
 257:Generated_Source\PSoC5/isr_Sleep.c **** *             PSoC 3 and PSoC 5LP: Priority is from 0 to 7.
 258:Generated_Source\PSoC5/isr_Sleep.c **** *             PSoC 4: Priority is from 0 to 3.
 259:Generated_Source\PSoC5/isr_Sleep.c **** *
 260:Generated_Source\PSoC5/isr_Sleep.c **** * Return:
 261:Generated_Source\PSoC5/isr_Sleep.c **** *   None
 262:Generated_Source\PSoC5/isr_Sleep.c **** *
 263:Generated_Source\PSoC5/isr_Sleep.c **** *******************************************************************************/
 264:Generated_Source\PSoC5/isr_Sleep.c **** void isr_Sleep_SetPriority(uint8 priority)
 265:Generated_Source\PSoC5/isr_Sleep.c **** {
 272              		.loc 1 265 0
 273              		.cfi_startproc
 274              		@ args = 0, pretend = 0, frame = 8
 275              		@ frame_needed = 1, uses_anonymous_args = 0
 276              		@ link register save eliminated.
 277 0000 80B4     		push	{r7}
 278              		.cfi_def_cfa_offset 4
 279              		.cfi_offset 7, -4
 280 0002 83B0     		sub	sp, sp, #12
 281              		.cfi_def_cfa_offset 16
 282 0004 00AF     		add	r7, sp, #0
 283              		.cfi_def_cfa_register 7
 284 0006 0346     		mov	r3, r0
 285 0008 FB71     		strb	r3, [r7, #7]
 266:Generated_Source\PSoC5/isr_Sleep.c ****     *isr_Sleep_INTC_PRIOR = priority << 5;
 286              		.loc 1 266 0
 287 000a 054A     		ldr	r2, .L19
 288 000c FB79     		ldrb	r3, [r7, #7]
 289 000e 5B01     		lsls	r3, r3, #5
 290 0010 DBB2     		uxtb	r3, r3
 291 0012 1370     		strb	r3, [r2]
 267:Generated_Source\PSoC5/isr_Sleep.c **** }
 292              		.loc 1 267 0
 293 0014 00BF     		nop
 294 0016 0C37     		adds	r7, r7, #12
 295              		.cfi_def_cfa_offset 4
 296 0018 BD46     		mov	sp, r7
 297              		.cfi_def_cfa_register 13
 298              		@ sp needed
 299 001a 80BC     		pop	{r7}
 300              		.cfi_restore 7
 301              		.cfi_def_cfa_offset 0
 302 001c 7047     		bx	lr
 303              	.L20:
ARM GAS  C:\Users\ilya\AppData\Local\Temp\ccOZQBEY.s 			page 11


 304 001e 00BF     		.align	2
 305              	.L19:
 306 0020 0AE400E0 		.word	-536812534
 307              		.cfi_endproc
 308              	.LFE6:
 309              		.size	isr_Sleep_SetPriority, .-isr_Sleep_SetPriority
 310              		.section	.text.isr_Sleep_GetPriority,"ax",%progbits
 311              		.align	2
 312              		.global	isr_Sleep_GetPriority
 313              		.thumb
 314              		.thumb_func
 315              		.type	isr_Sleep_GetPriority, %function
 316              	isr_Sleep_GetPriority:
 317              	.LFB7:
 268:Generated_Source\PSoC5/isr_Sleep.c **** 
 269:Generated_Source\PSoC5/isr_Sleep.c **** 
 270:Generated_Source\PSoC5/isr_Sleep.c **** /*******************************************************************************
 271:Generated_Source\PSoC5/isr_Sleep.c **** * Function Name: isr_Sleep_GetPriority
 272:Generated_Source\PSoC5/isr_Sleep.c **** ********************************************************************************
 273:Generated_Source\PSoC5/isr_Sleep.c **** *
 274:Generated_Source\PSoC5/isr_Sleep.c **** * Summary:
 275:Generated_Source\PSoC5/isr_Sleep.c **** *   Gets the Priority of the Interrupt.
 276:Generated_Source\PSoC5/isr_Sleep.c **** *
 277:Generated_Source\PSoC5/isr_Sleep.c **** * Parameters:
 278:Generated_Source\PSoC5/isr_Sleep.c **** *   None
 279:Generated_Source\PSoC5/isr_Sleep.c **** *
 280:Generated_Source\PSoC5/isr_Sleep.c **** * Return:
 281:Generated_Source\PSoC5/isr_Sleep.c **** *   Priority of the interrupt, 0 being the highest priority
 282:Generated_Source\PSoC5/isr_Sleep.c **** *    PSoC 3 and PSoC 5LP: Priority is from 0 to 7.
 283:Generated_Source\PSoC5/isr_Sleep.c **** *    PSoC 4: Priority is from 0 to 3.
 284:Generated_Source\PSoC5/isr_Sleep.c **** *
 285:Generated_Source\PSoC5/isr_Sleep.c **** *******************************************************************************/
 286:Generated_Source\PSoC5/isr_Sleep.c **** uint8 isr_Sleep_GetPriority(void)
 287:Generated_Source\PSoC5/isr_Sleep.c **** {
 318              		.loc 1 287 0
 319              		.cfi_startproc
 320              		@ args = 0, pretend = 0, frame = 8
 321              		@ frame_needed = 1, uses_anonymous_args = 0
 322              		@ link register save eliminated.
 323 0000 80B4     		push	{r7}
 324              		.cfi_def_cfa_offset 4
 325              		.cfi_offset 7, -4
 326 0002 83B0     		sub	sp, sp, #12
 327              		.cfi_def_cfa_offset 16
 328 0004 00AF     		add	r7, sp, #0
 329              		.cfi_def_cfa_register 7
 288:Generated_Source\PSoC5/isr_Sleep.c ****     uint8 priority;
 289:Generated_Source\PSoC5/isr_Sleep.c **** 
 290:Generated_Source\PSoC5/isr_Sleep.c **** 
 291:Generated_Source\PSoC5/isr_Sleep.c ****     priority = *isr_Sleep_INTC_PRIOR >> 5;
 330              		.loc 1 291 0
 331 0006 054B     		ldr	r3, .L23
 332 0008 1B78     		ldrb	r3, [r3]
 333 000a DBB2     		uxtb	r3, r3
 334 000c 5B09     		lsrs	r3, r3, #5
 335 000e FB71     		strb	r3, [r7, #7]
 292:Generated_Source\PSoC5/isr_Sleep.c **** 
ARM GAS  C:\Users\ilya\AppData\Local\Temp\ccOZQBEY.s 			page 12


 293:Generated_Source\PSoC5/isr_Sleep.c ****     return priority;
 336              		.loc 1 293 0
 337 0010 FB79     		ldrb	r3, [r7, #7]	@ zero_extendqisi2
 294:Generated_Source\PSoC5/isr_Sleep.c **** }
 338              		.loc 1 294 0
 339 0012 1846     		mov	r0, r3
 340 0014 0C37     		adds	r7, r7, #12
 341              		.cfi_def_cfa_offset 4
 342 0016 BD46     		mov	sp, r7
 343              		.cfi_def_cfa_register 13
 344              		@ sp needed
 345 0018 80BC     		pop	{r7}
 346              		.cfi_restore 7
 347              		.cfi_def_cfa_offset 0
 348 001a 7047     		bx	lr
 349              	.L24:
 350              		.align	2
 351              	.L23:
 352 001c 0AE400E0 		.word	-536812534
 353              		.cfi_endproc
 354              	.LFE7:
 355              		.size	isr_Sleep_GetPriority, .-isr_Sleep_GetPriority
 356              		.section	.text.isr_Sleep_Enable,"ax",%progbits
 357              		.align	2
 358              		.global	isr_Sleep_Enable
 359              		.thumb
 360              		.thumb_func
 361              		.type	isr_Sleep_Enable, %function
 362              	isr_Sleep_Enable:
 363              	.LFB8:
 295:Generated_Source\PSoC5/isr_Sleep.c **** 
 296:Generated_Source\PSoC5/isr_Sleep.c **** 
 297:Generated_Source\PSoC5/isr_Sleep.c **** /*******************************************************************************
 298:Generated_Source\PSoC5/isr_Sleep.c **** * Function Name: isr_Sleep_Enable
 299:Generated_Source\PSoC5/isr_Sleep.c **** ********************************************************************************
 300:Generated_Source\PSoC5/isr_Sleep.c **** *
 301:Generated_Source\PSoC5/isr_Sleep.c **** * Summary:
 302:Generated_Source\PSoC5/isr_Sleep.c **** *   Enables the interrupt to the interrupt controller. Do not call this function
 303:Generated_Source\PSoC5/isr_Sleep.c **** *   unless ISR_Start() has been called or the functionality of the ISR_Start() 
 304:Generated_Source\PSoC5/isr_Sleep.c **** *   function, which sets the vector and the priority, has been called.
 305:Generated_Source\PSoC5/isr_Sleep.c **** *
 306:Generated_Source\PSoC5/isr_Sleep.c **** * Parameters:
 307:Generated_Source\PSoC5/isr_Sleep.c **** *   None
 308:Generated_Source\PSoC5/isr_Sleep.c **** *
 309:Generated_Source\PSoC5/isr_Sleep.c **** * Return:
 310:Generated_Source\PSoC5/isr_Sleep.c **** *   None
 311:Generated_Source\PSoC5/isr_Sleep.c **** *
 312:Generated_Source\PSoC5/isr_Sleep.c **** *******************************************************************************/
 313:Generated_Source\PSoC5/isr_Sleep.c **** void isr_Sleep_Enable(void)
 314:Generated_Source\PSoC5/isr_Sleep.c **** {
 364              		.loc 1 314 0
 365              		.cfi_startproc
 366              		@ args = 0, pretend = 0, frame = 0
 367              		@ frame_needed = 1, uses_anonymous_args = 0
 368              		@ link register save eliminated.
 369 0000 80B4     		push	{r7}
 370              		.cfi_def_cfa_offset 4
ARM GAS  C:\Users\ilya\AppData\Local\Temp\ccOZQBEY.s 			page 13


 371              		.cfi_offset 7, -4
 372 0002 00AF     		add	r7, sp, #0
 373              		.cfi_def_cfa_register 7
 315:Generated_Source\PSoC5/isr_Sleep.c ****     /* Enable the general interrupt. */
 316:Generated_Source\PSoC5/isr_Sleep.c ****     *isr_Sleep_INTC_SET_EN = isr_Sleep__INTC_MASK;
 374              		.loc 1 316 0
 375 0004 034B     		ldr	r3, .L26
 376 0006 4FF48062 		mov	r2, #1024
 377 000a 1A60     		str	r2, [r3]
 317:Generated_Source\PSoC5/isr_Sleep.c **** }
 378              		.loc 1 317 0
 379 000c 00BF     		nop
 380 000e BD46     		mov	sp, r7
 381              		.cfi_def_cfa_register 13
 382              		@ sp needed
 383 0010 80BC     		pop	{r7}
 384              		.cfi_restore 7
 385              		.cfi_def_cfa_offset 0
 386 0012 7047     		bx	lr
 387              	.L27:
 388              		.align	2
 389              	.L26:
 390 0014 00E100E0 		.word	-536813312
 391              		.cfi_endproc
 392              	.LFE8:
 393              		.size	isr_Sleep_Enable, .-isr_Sleep_Enable
 394              		.section	.text.isr_Sleep_GetState,"ax",%progbits
 395              		.align	2
 396              		.global	isr_Sleep_GetState
 397              		.thumb
 398              		.thumb_func
 399              		.type	isr_Sleep_GetState, %function
 400              	isr_Sleep_GetState:
 401              	.LFB9:
 318:Generated_Source\PSoC5/isr_Sleep.c **** 
 319:Generated_Source\PSoC5/isr_Sleep.c **** 
 320:Generated_Source\PSoC5/isr_Sleep.c **** /*******************************************************************************
 321:Generated_Source\PSoC5/isr_Sleep.c **** * Function Name: isr_Sleep_GetState
 322:Generated_Source\PSoC5/isr_Sleep.c **** ********************************************************************************
 323:Generated_Source\PSoC5/isr_Sleep.c **** *
 324:Generated_Source\PSoC5/isr_Sleep.c **** * Summary:
 325:Generated_Source\PSoC5/isr_Sleep.c **** *   Gets the state (enabled, disabled) of the Interrupt.
 326:Generated_Source\PSoC5/isr_Sleep.c **** *
 327:Generated_Source\PSoC5/isr_Sleep.c **** * Parameters:
 328:Generated_Source\PSoC5/isr_Sleep.c **** *   None
 329:Generated_Source\PSoC5/isr_Sleep.c **** *
 330:Generated_Source\PSoC5/isr_Sleep.c **** * Return:
 331:Generated_Source\PSoC5/isr_Sleep.c **** *   1 if enabled, 0 if disabled.
 332:Generated_Source\PSoC5/isr_Sleep.c **** *
 333:Generated_Source\PSoC5/isr_Sleep.c **** *******************************************************************************/
 334:Generated_Source\PSoC5/isr_Sleep.c **** uint8 isr_Sleep_GetState(void)
 335:Generated_Source\PSoC5/isr_Sleep.c **** {
 402              		.loc 1 335 0
 403              		.cfi_startproc
 404              		@ args = 0, pretend = 0, frame = 0
 405              		@ frame_needed = 1, uses_anonymous_args = 0
 406              		@ link register save eliminated.
ARM GAS  C:\Users\ilya\AppData\Local\Temp\ccOZQBEY.s 			page 14


 407 0000 80B4     		push	{r7}
 408              		.cfi_def_cfa_offset 4
 409              		.cfi_offset 7, -4
 410 0002 00AF     		add	r7, sp, #0
 411              		.cfi_def_cfa_register 7
 336:Generated_Source\PSoC5/isr_Sleep.c ****     /* Get the state of the general interrupt. */
 337:Generated_Source\PSoC5/isr_Sleep.c ****     return ((*isr_Sleep_INTC_SET_EN & (uint32)isr_Sleep__INTC_MASK) != 0u) ? 1u:0u;
 412              		.loc 1 337 0
 413 0004 064B     		ldr	r3, .L32
 414 0006 1B68     		ldr	r3, [r3]
 415 0008 03F48063 		and	r3, r3, #1024
 416 000c 002B     		cmp	r3, #0
 417 000e 01D0     		beq	.L29
 418              		.loc 1 337 0 is_stmt 0 discriminator 1
 419 0010 0123     		movs	r3, #1
 420 0012 00E0     		b	.L30
 421              	.L29:
 422              		.loc 1 337 0 discriminator 2
 423 0014 0023     		movs	r3, #0
 424              	.L30:
 338:Generated_Source\PSoC5/isr_Sleep.c **** }
 425              		.loc 1 338 0 is_stmt 1 discriminator 4
 426 0016 1846     		mov	r0, r3
 427 0018 BD46     		mov	sp, r7
 428              		.cfi_def_cfa_register 13
 429              		@ sp needed
 430 001a 80BC     		pop	{r7}
 431              		.cfi_restore 7
 432              		.cfi_def_cfa_offset 0
 433 001c 7047     		bx	lr
 434              	.L33:
 435 001e 00BF     		.align	2
 436              	.L32:
 437 0020 00E100E0 		.word	-536813312
 438              		.cfi_endproc
 439              	.LFE9:
 440              		.size	isr_Sleep_GetState, .-isr_Sleep_GetState
 441              		.section	.text.isr_Sleep_Disable,"ax",%progbits
 442              		.align	2
 443              		.global	isr_Sleep_Disable
 444              		.thumb
 445              		.thumb_func
 446              		.type	isr_Sleep_Disable, %function
 447              	isr_Sleep_Disable:
 448              	.LFB10:
 339:Generated_Source\PSoC5/isr_Sleep.c **** 
 340:Generated_Source\PSoC5/isr_Sleep.c **** 
 341:Generated_Source\PSoC5/isr_Sleep.c **** /*******************************************************************************
 342:Generated_Source\PSoC5/isr_Sleep.c **** * Function Name: isr_Sleep_Disable
 343:Generated_Source\PSoC5/isr_Sleep.c **** ********************************************************************************
 344:Generated_Source\PSoC5/isr_Sleep.c **** *
 345:Generated_Source\PSoC5/isr_Sleep.c **** * Summary:
 346:Generated_Source\PSoC5/isr_Sleep.c **** *   Disables the Interrupt in the interrupt controller.
 347:Generated_Source\PSoC5/isr_Sleep.c **** *
 348:Generated_Source\PSoC5/isr_Sleep.c **** * Parameters:
 349:Generated_Source\PSoC5/isr_Sleep.c **** *   None
 350:Generated_Source\PSoC5/isr_Sleep.c **** *
ARM GAS  C:\Users\ilya\AppData\Local\Temp\ccOZQBEY.s 			page 15


 351:Generated_Source\PSoC5/isr_Sleep.c **** * Return:
 352:Generated_Source\PSoC5/isr_Sleep.c **** *   None
 353:Generated_Source\PSoC5/isr_Sleep.c **** *
 354:Generated_Source\PSoC5/isr_Sleep.c **** *******************************************************************************/
 355:Generated_Source\PSoC5/isr_Sleep.c **** void isr_Sleep_Disable(void)
 356:Generated_Source\PSoC5/isr_Sleep.c **** {
 449              		.loc 1 356 0
 450              		.cfi_startproc
 451              		@ args = 0, pretend = 0, frame = 0
 452              		@ frame_needed = 1, uses_anonymous_args = 0
 453              		@ link register save eliminated.
 454 0000 80B4     		push	{r7}
 455              		.cfi_def_cfa_offset 4
 456              		.cfi_offset 7, -4
 457 0002 00AF     		add	r7, sp, #0
 458              		.cfi_def_cfa_register 7
 357:Generated_Source\PSoC5/isr_Sleep.c ****     /* Disable the general interrupt. */
 358:Generated_Source\PSoC5/isr_Sleep.c ****     *isr_Sleep_INTC_CLR_EN = isr_Sleep__INTC_MASK;
 459              		.loc 1 358 0
 460 0004 034B     		ldr	r3, .L35
 461 0006 4FF48062 		mov	r2, #1024
 462 000a 1A60     		str	r2, [r3]
 359:Generated_Source\PSoC5/isr_Sleep.c **** }
 463              		.loc 1 359 0
 464 000c 00BF     		nop
 465 000e BD46     		mov	sp, r7
 466              		.cfi_def_cfa_register 13
 467              		@ sp needed
 468 0010 80BC     		pop	{r7}
 469              		.cfi_restore 7
 470              		.cfi_def_cfa_offset 0
 471 0012 7047     		bx	lr
 472              	.L36:
 473              		.align	2
 474              	.L35:
 475 0014 80E100E0 		.word	-536813184
 476              		.cfi_endproc
 477              	.LFE10:
 478              		.size	isr_Sleep_Disable, .-isr_Sleep_Disable
 479              		.section	.text.isr_Sleep_SetPending,"ax",%progbits
 480              		.align	2
 481              		.global	isr_Sleep_SetPending
 482              		.thumb
 483              		.thumb_func
 484              		.type	isr_Sleep_SetPending, %function
 485              	isr_Sleep_SetPending:
 486              	.LFB11:
 360:Generated_Source\PSoC5/isr_Sleep.c **** 
 361:Generated_Source\PSoC5/isr_Sleep.c **** 
 362:Generated_Source\PSoC5/isr_Sleep.c **** /*******************************************************************************
 363:Generated_Source\PSoC5/isr_Sleep.c **** * Function Name: isr_Sleep_SetPending
 364:Generated_Source\PSoC5/isr_Sleep.c **** ********************************************************************************
 365:Generated_Source\PSoC5/isr_Sleep.c **** *
 366:Generated_Source\PSoC5/isr_Sleep.c **** * Summary:
 367:Generated_Source\PSoC5/isr_Sleep.c **** *   Causes the Interrupt to enter the pending state, a software method of
 368:Generated_Source\PSoC5/isr_Sleep.c **** *   generating the interrupt.
 369:Generated_Source\PSoC5/isr_Sleep.c **** *
ARM GAS  C:\Users\ilya\AppData\Local\Temp\ccOZQBEY.s 			page 16


 370:Generated_Source\PSoC5/isr_Sleep.c **** * Parameters:
 371:Generated_Source\PSoC5/isr_Sleep.c **** *   None
 372:Generated_Source\PSoC5/isr_Sleep.c **** *
 373:Generated_Source\PSoC5/isr_Sleep.c **** * Return:
 374:Generated_Source\PSoC5/isr_Sleep.c **** *   None
 375:Generated_Source\PSoC5/isr_Sleep.c **** *
 376:Generated_Source\PSoC5/isr_Sleep.c **** * Side Effects:
 377:Generated_Source\PSoC5/isr_Sleep.c **** *   If interrupts are enabled and the interrupt is set up properly, the ISR is
 378:Generated_Source\PSoC5/isr_Sleep.c **** *   entered (depending on the priority of this interrupt and other pending 
 379:Generated_Source\PSoC5/isr_Sleep.c **** *   interrupts).
 380:Generated_Source\PSoC5/isr_Sleep.c **** *
 381:Generated_Source\PSoC5/isr_Sleep.c **** *******************************************************************************/
 382:Generated_Source\PSoC5/isr_Sleep.c **** void isr_Sleep_SetPending(void)
 383:Generated_Source\PSoC5/isr_Sleep.c **** {
 487              		.loc 1 383 0
 488              		.cfi_startproc
 489              		@ args = 0, pretend = 0, frame = 0
 490              		@ frame_needed = 1, uses_anonymous_args = 0
 491              		@ link register save eliminated.
 492 0000 80B4     		push	{r7}
 493              		.cfi_def_cfa_offset 4
 494              		.cfi_offset 7, -4
 495 0002 00AF     		add	r7, sp, #0
 496              		.cfi_def_cfa_register 7
 384:Generated_Source\PSoC5/isr_Sleep.c ****     *isr_Sleep_INTC_SET_PD = isr_Sleep__INTC_MASK;
 497              		.loc 1 384 0
 498 0004 034B     		ldr	r3, .L38
 499 0006 4FF48062 		mov	r2, #1024
 500 000a 1A60     		str	r2, [r3]
 385:Generated_Source\PSoC5/isr_Sleep.c **** }
 501              		.loc 1 385 0
 502 000c 00BF     		nop
 503 000e BD46     		mov	sp, r7
 504              		.cfi_def_cfa_register 13
 505              		@ sp needed
 506 0010 80BC     		pop	{r7}
 507              		.cfi_restore 7
 508              		.cfi_def_cfa_offset 0
 509 0012 7047     		bx	lr
 510              	.L39:
 511              		.align	2
 512              	.L38:
 513 0014 00E200E0 		.word	-536813056
 514              		.cfi_endproc
 515              	.LFE11:
 516              		.size	isr_Sleep_SetPending, .-isr_Sleep_SetPending
 517              		.section	.text.isr_Sleep_ClearPending,"ax",%progbits
 518              		.align	2
 519              		.global	isr_Sleep_ClearPending
 520              		.thumb
 521              		.thumb_func
 522              		.type	isr_Sleep_ClearPending, %function
 523              	isr_Sleep_ClearPending:
 524              	.LFB12:
 386:Generated_Source\PSoC5/isr_Sleep.c **** 
 387:Generated_Source\PSoC5/isr_Sleep.c **** 
 388:Generated_Source\PSoC5/isr_Sleep.c **** /*******************************************************************************
ARM GAS  C:\Users\ilya\AppData\Local\Temp\ccOZQBEY.s 			page 17


 389:Generated_Source\PSoC5/isr_Sleep.c **** * Function Name: isr_Sleep_ClearPending
 390:Generated_Source\PSoC5/isr_Sleep.c **** ********************************************************************************
 391:Generated_Source\PSoC5/isr_Sleep.c **** *
 392:Generated_Source\PSoC5/isr_Sleep.c **** * Summary:
 393:Generated_Source\PSoC5/isr_Sleep.c **** *   Clears a pending interrupt in the interrupt controller.
 394:Generated_Source\PSoC5/isr_Sleep.c **** *
 395:Generated_Source\PSoC5/isr_Sleep.c **** *   Note Some interrupt sources are clear-on-read and require the block 
 396:Generated_Source\PSoC5/isr_Sleep.c **** *   interrupt/status register to be read/cleared with the appropriate block API 
 397:Generated_Source\PSoC5/isr_Sleep.c **** *   (GPIO, UART, and so on). Otherwise the ISR will continue to remain in 
 398:Generated_Source\PSoC5/isr_Sleep.c **** *   pending state even though the interrupt itself is cleared using this API.
 399:Generated_Source\PSoC5/isr_Sleep.c **** *
 400:Generated_Source\PSoC5/isr_Sleep.c **** * Parameters:
 401:Generated_Source\PSoC5/isr_Sleep.c **** *   None
 402:Generated_Source\PSoC5/isr_Sleep.c **** *
 403:Generated_Source\PSoC5/isr_Sleep.c **** * Return:
 404:Generated_Source\PSoC5/isr_Sleep.c **** *   None
 405:Generated_Source\PSoC5/isr_Sleep.c **** *
 406:Generated_Source\PSoC5/isr_Sleep.c **** *******************************************************************************/
 407:Generated_Source\PSoC5/isr_Sleep.c **** void isr_Sleep_ClearPending(void)
 408:Generated_Source\PSoC5/isr_Sleep.c **** {
 525              		.loc 1 408 0
 526              		.cfi_startproc
 527              		@ args = 0, pretend = 0, frame = 0
 528              		@ frame_needed = 1, uses_anonymous_args = 0
 529              		@ link register save eliminated.
 530 0000 80B4     		push	{r7}
 531              		.cfi_def_cfa_offset 4
 532              		.cfi_offset 7, -4
 533 0002 00AF     		add	r7, sp, #0
 534              		.cfi_def_cfa_register 7
 409:Generated_Source\PSoC5/isr_Sleep.c ****     *isr_Sleep_INTC_CLR_PD = isr_Sleep__INTC_MASK;
 535              		.loc 1 409 0
 536 0004 034B     		ldr	r3, .L41
 537 0006 4FF48062 		mov	r2, #1024
 538 000a 1A60     		str	r2, [r3]
 410:Generated_Source\PSoC5/isr_Sleep.c **** }
 539              		.loc 1 410 0
 540 000c 00BF     		nop
 541 000e BD46     		mov	sp, r7
 542              		.cfi_def_cfa_register 13
 543              		@ sp needed
 544 0010 80BC     		pop	{r7}
 545              		.cfi_restore 7
 546              		.cfi_def_cfa_offset 0
 547 0012 7047     		bx	lr
 548              	.L42:
 549              		.align	2
 550              	.L41:
 551 0014 80E200E0 		.word	-536812928
 552              		.cfi_endproc
 553              	.LFE12:
 554              		.size	isr_Sleep_ClearPending, .-isr_Sleep_ClearPending
 555              		.text
 556              	.Letext0:
 557              		.file 2 "Generated_Source\\PSoC5/cytypes.h"
 558              		.section	.debug_info,"",%progbits
 559              	.Ldebug_info0:
ARM GAS  C:\Users\ilya\AppData\Local\Temp\ccOZQBEY.s 			page 18


 560 0000 6F020000 		.4byte	0x26f
 561 0004 0400     		.2byte	0x4
 562 0006 00000000 		.4byte	.Ldebug_abbrev0
 563 000a 04       		.byte	0x4
 564 000b 01       		.uleb128 0x1
 565 000c 18000000 		.4byte	.LASF35
 566 0010 0C       		.byte	0xc
 567 0011 7B010000 		.4byte	.LASF36
 568 0015 D1010000 		.4byte	.LASF37
 569 0019 00000000 		.4byte	.Ldebug_ranges0+0
 570 001d 00000000 		.4byte	0
 571 0021 00000000 		.4byte	.Ldebug_line0
 572 0025 02       		.uleb128 0x2
 573 0026 04       		.byte	0x4
 574 0027 05       		.byte	0x5
 575 0028 696E7400 		.ascii	"int\000"
 576 002c 03       		.uleb128 0x3
 577 002d 04       		.byte	0x4
 578 002e 07       		.byte	0x7
 579 002f A5010000 		.4byte	.LASF0
 580 0033 03       		.uleb128 0x3
 581 0034 08       		.byte	0x8
 582 0035 05       		.byte	0x5
 583 0036 50020000 		.4byte	.LASF1
 584 003a 03       		.uleb128 0x3
 585 003b 08       		.byte	0x8
 586 003c 04       		.byte	0x4
 587 003d D1020000 		.4byte	.LASF2
 588 0041 03       		.uleb128 0x3
 589 0042 01       		.byte	0x1
 590 0043 06       		.byte	0x6
 591 0044 DD020000 		.4byte	.LASF3
 592 0048 03       		.uleb128 0x3
 593 0049 01       		.byte	0x1
 594 004a 08       		.byte	0x8
 595 004b 55010000 		.4byte	.LASF4
 596 004f 03       		.uleb128 0x3
 597 0050 02       		.byte	0x2
 598 0051 05       		.byte	0x5
 599 0052 85020000 		.4byte	.LASF5
 600 0056 03       		.uleb128 0x3
 601 0057 02       		.byte	0x2
 602 0058 07       		.byte	0x7
 603 0059 C6000000 		.4byte	.LASF6
 604 005d 03       		.uleb128 0x3
 605 005e 04       		.byte	0x4
 606 005f 05       		.byte	0x5
 607 0060 B8020000 		.4byte	.LASF7
 608 0064 03       		.uleb128 0x3
 609 0065 04       		.byte	0x4
 610 0066 07       		.byte	0x7
 611 0067 1E010000 		.4byte	.LASF8
 612 006b 03       		.uleb128 0x3
 613 006c 08       		.byte	0x8
 614 006d 07       		.byte	0x7
 615 006e BA010000 		.4byte	.LASF9
 616 0072 03       		.uleb128 0x3
ARM GAS  C:\Users\ilya\AppData\Local\Temp\ccOZQBEY.s 			page 19


 617 0073 04       		.byte	0x4
 618 0074 07       		.byte	0x7
 619 0075 47020000 		.4byte	.LASF10
 620 0079 03       		.uleb128 0x3
 621 007a 01       		.byte	0x1
 622 007b 08       		.byte	0x8
 623 007c 5E020000 		.4byte	.LASF11
 624 0080 04       		.uleb128 0x4
 625 0081 04       		.byte	0x4
 626 0082 86000000 		.4byte	0x86
 627 0086 05       		.uleb128 0x5
 628 0087 06       		.uleb128 0x6
 629 0088 30010000 		.4byte	.LASF12
 630 008c 02       		.byte	0x2
 631 008d 9201     		.2byte	0x192
 632 008f 48000000 		.4byte	0x48
 633 0093 06       		.uleb128 0x6
 634 0094 9E010000 		.4byte	.LASF13
 635 0098 02       		.byte	0x2
 636 0099 9401     		.2byte	0x194
 637 009b 64000000 		.4byte	0x64
 638 009f 03       		.uleb128 0x3
 639 00a0 04       		.byte	0x4
 640 00a1 04       		.byte	0x4
 641 00a2 E8000000 		.4byte	.LASF14
 642 00a6 03       		.uleb128 0x3
 643 00a7 08       		.byte	0x8
 644 00a8 04       		.byte	0x4
 645 00a9 74010000 		.4byte	.LASF15
 646 00ad 06       		.uleb128 0x6
 647 00ae 19010000 		.4byte	.LASF16
 648 00b2 02       		.byte	0x2
 649 00b3 3C02     		.2byte	0x23c
 650 00b5 B9000000 		.4byte	0xb9
 651 00b9 07       		.uleb128 0x7
 652 00ba 87000000 		.4byte	0x87
 653 00be 06       		.uleb128 0x6
 654 00bf 12000000 		.4byte	.LASF17
 655 00c3 02       		.byte	0x2
 656 00c4 3E02     		.2byte	0x23e
 657 00c6 CA000000 		.4byte	0xca
 658 00ca 07       		.uleb128 0x7
 659 00cb 93000000 		.4byte	0x93
 660 00cf 06       		.uleb128 0x6
 661 00d0 26020000 		.4byte	.LASF18
 662 00d4 02       		.byte	0x2
 663 00d5 4E02     		.2byte	0x24e
 664 00d7 80000000 		.4byte	0x80
 665 00db 08       		.uleb128 0x8
 666 00dc C1020000 		.4byte	.LASF19
 667 00e0 01       		.byte	0x1
 668 00e1 3D       		.byte	0x3d
 669 00e2 00000000 		.4byte	.LFB0
 670 00e6 20000000 		.4byte	.LFE0-.LFB0
 671 00ea 01       		.uleb128 0x1
 672 00eb 9C       		.byte	0x9c
 673 00ec 09       		.uleb128 0x9
ARM GAS  C:\Users\ilya\AppData\Local\Temp\ccOZQBEY.s 			page 20


 674 00ed A6020000 		.4byte	.LASF21
 675 00f1 01       		.byte	0x1
 676 00f2 68       		.byte	0x68
 677 00f3 00000000 		.4byte	.LFB1
 678 00f7 24000000 		.4byte	.LFE1-.LFB1
 679 00fb 01       		.uleb128 0x1
 680 00fc 9C       		.byte	0x9c
 681 00fd 10010000 		.4byte	0x110
 682 0101 0A       		.uleb128 0xa
 683 0102 B2010000 		.4byte	.LASF24
 684 0106 01       		.byte	0x1
 685 0107 68       		.byte	0x68
 686 0108 CF000000 		.4byte	0xcf
 687 010c 02       		.uleb128 0x2
 688 010d 91       		.byte	0x91
 689 010e 74       		.sleb128 -12
 690 010f 00       		.byte	0
 691 0110 08       		.uleb128 0x8
 692 0111 D9000000 		.4byte	.LASF20
 693 0115 01       		.byte	0x1
 694 0116 86       		.byte	0x86
 695 0117 00000000 		.4byte	.LFB2
 696 011b 18000000 		.4byte	.LFE2-.LFB2
 697 011f 01       		.uleb128 0x1
 698 0120 9C       		.byte	0x9c
 699 0121 09       		.uleb128 0x9
 700 0122 FD020000 		.4byte	.LASF22
 701 0126 01       		.byte	0x1
 702 0127 A0       		.byte	0xa0
 703 0128 00000000 		.4byte	.LFB3
 704 012c 1C000000 		.4byte	.LFE3-.LFB3
 705 0130 01       		.uleb128 0x1
 706 0131 9C       		.byte	0x9c
 707 0132 59010000 		.4byte	0x159
 708 0136 0B       		.uleb128 0xb
 709 0137 04000000 		.4byte	.LBB2
 710 013b 0E000000 		.4byte	.LBE2-.LBB2
 711 013f 0C       		.uleb128 0xc
 712 0140 A6000000 		.4byte	.LASF34
 713 0144 01       		.byte	0x1
 714 0145 A9       		.byte	0xa9
 715 0146 25000000 		.4byte	0x25
 716 014a 0D       		.uleb128 0xd
 717 014b EE000000 		.4byte	.LASF38
 718 014f 01       		.byte	0x1
 719 0150 AB       		.byte	0xab
 720 0151 25000000 		.4byte	0x25
 721 0155 0E       		.uleb128 0xe
 722 0156 00       		.byte	0
 723 0157 00       		.byte	0
 724 0158 00       		.byte	0
 725 0159 0F       		.uleb128 0xf
 726 015a 33020000 		.4byte	.LASF23
 727 015e 01       		.byte	0x1
 728 015f CE       		.byte	0xce
 729 0160 00000000 		.4byte	.LFB4
 730 0164 24000000 		.4byte	.LFE4-.LFB4
ARM GAS  C:\Users\ilya\AppData\Local\Temp\ccOZQBEY.s 			page 21


 731 0168 01       		.uleb128 0x1
 732 0169 9C       		.byte	0x9c
 733 016a 8B010000 		.4byte	0x18b
 734 016e 0A       		.uleb128 0xa
 735 016f B2010000 		.4byte	.LASF24
 736 0173 01       		.byte	0x1
 737 0174 CE       		.byte	0xce
 738 0175 CF000000 		.4byte	0xcf
 739 0179 02       		.uleb128 0x2
 740 017a 91       		.byte	0x91
 741 017b 6C       		.sleb128 -20
 742 017c 10       		.uleb128 0x10
 743 017d 63020000 		.4byte	.LASF25
 744 0181 01       		.byte	0x1
 745 0182 D0       		.byte	0xd0
 746 0183 8B010000 		.4byte	0x18b
 747 0187 02       		.uleb128 0x2
 748 0188 91       		.byte	0x91
 749 0189 74       		.sleb128 -12
 750 018a 00       		.byte	0
 751 018b 04       		.uleb128 0x4
 752 018c 04       		.byte	0x4
 753 018d CF000000 		.4byte	0xcf
 754 0191 11       		.uleb128 0x11
 755 0192 E9020000 		.4byte	.LASF28
 756 0196 01       		.byte	0x1
 757 0197 E6       		.byte	0xe6
 758 0198 CF000000 		.4byte	0xcf
 759 019c 00000000 		.4byte	.LFB5
 760 01a0 20000000 		.4byte	.LFE5-.LFB5
 761 01a4 01       		.uleb128 0x1
 762 01a5 9C       		.byte	0x9c
 763 01a6 B9010000 		.4byte	0x1b9
 764 01aa 10       		.uleb128 0x10
 765 01ab 63020000 		.4byte	.LASF25
 766 01af 01       		.byte	0x1
 767 01b0 E8       		.byte	0xe8
 768 01b1 8B010000 		.4byte	0x18b
 769 01b5 02       		.uleb128 0x2
 770 01b6 91       		.byte	0x91
 771 01b7 74       		.sleb128 -12
 772 01b8 00       		.byte	0
 773 01b9 12       		.uleb128 0x12
 774 01ba 03010000 		.4byte	.LASF26
 775 01be 01       		.byte	0x1
 776 01bf 0801     		.2byte	0x108
 777 01c1 00000000 		.4byte	.LFB6
 778 01c5 24000000 		.4byte	.LFE6-.LFB6
 779 01c9 01       		.uleb128 0x1
 780 01ca 9C       		.byte	0x9c
 781 01cb DF010000 		.4byte	0x1df
 782 01cf 13       		.uleb128 0x13
 783 01d0 36010000 		.4byte	.LASF27
 784 01d4 01       		.byte	0x1
 785 01d5 0801     		.2byte	0x108
 786 01d7 87000000 		.4byte	0x87
 787 01db 02       		.uleb128 0x2
ARM GAS  C:\Users\ilya\AppData\Local\Temp\ccOZQBEY.s 			page 22


 788 01dc 91       		.byte	0x91
 789 01dd 77       		.sleb128 -9
 790 01de 00       		.byte	0
 791 01df 14       		.uleb128 0x14
 792 01e0 3F010000 		.4byte	.LASF29
 793 01e4 01       		.byte	0x1
 794 01e5 1E01     		.2byte	0x11e
 795 01e7 87000000 		.4byte	0x87
 796 01eb 00000000 		.4byte	.LFB7
 797 01ef 20000000 		.4byte	.LFE7-.LFB7
 798 01f3 01       		.uleb128 0x1
 799 01f4 9C       		.byte	0x9c
 800 01f5 09020000 		.4byte	0x209
 801 01f9 15       		.uleb128 0x15
 802 01fa 36010000 		.4byte	.LASF27
 803 01fe 01       		.byte	0x1
 804 01ff 2001     		.2byte	0x120
 805 0201 87000000 		.4byte	0x87
 806 0205 02       		.uleb128 0x2
 807 0206 91       		.byte	0x91
 808 0207 77       		.sleb128 -9
 809 0208 00       		.byte	0
 810 0209 16       		.uleb128 0x16
 811 020a 63010000 		.4byte	.LASF30
 812 020e 01       		.byte	0x1
 813 020f 3901     		.2byte	0x139
 814 0211 00000000 		.4byte	.LFB8
 815 0215 18000000 		.4byte	.LFE8-.LFB8
 816 0219 01       		.uleb128 0x1
 817 021a 9C       		.byte	0x9c
 818 021b 17       		.uleb128 0x17
 819 021c 72020000 		.4byte	.LASF39
 820 0220 01       		.byte	0x1
 821 0221 4E01     		.2byte	0x14e
 822 0223 87000000 		.4byte	0x87
 823 0227 00000000 		.4byte	.LFB9
 824 022b 24000000 		.4byte	.LFE9-.LFB9
 825 022f 01       		.uleb128 0x1
 826 0230 9C       		.byte	0x9c
 827 0231 16       		.uleb128 0x16
 828 0232 00000000 		.4byte	.LASF31
 829 0236 01       		.byte	0x1
 830 0237 6301     		.2byte	0x163
 831 0239 00000000 		.4byte	.LFB10
 832 023d 18000000 		.4byte	.LFE10-.LFB10
 833 0241 01       		.uleb128 0x1
 834 0242 9C       		.byte	0x9c
 835 0243 16       		.uleb128 0x16
 836 0244 B1000000 		.4byte	.LASF32
 837 0248 01       		.byte	0x1
 838 0249 7E01     		.2byte	0x17e
 839 024b 00000000 		.4byte	.LFB11
 840 024f 18000000 		.4byte	.LFE11-.LFB11
 841 0253 01       		.uleb128 0x1
 842 0254 9C       		.byte	0x9c
 843 0255 16       		.uleb128 0x16
 844 0256 8F020000 		.4byte	.LASF33
ARM GAS  C:\Users\ilya\AppData\Local\Temp\ccOZQBEY.s 			page 23


 845 025a 01       		.byte	0x1
 846 025b 9701     		.2byte	0x197
 847 025d 00000000 		.4byte	.LFB12
 848 0261 18000000 		.4byte	.LFE12-.LFB12
 849 0265 01       		.uleb128 0x1
 850 0266 9C       		.byte	0x9c
 851 0267 0C       		.uleb128 0xc
 852 0268 A6000000 		.4byte	.LASF34
 853 026c 01       		.byte	0x1
 854 026d A9       		.byte	0xa9
 855 026e 25000000 		.4byte	0x25
 856 0272 00       		.byte	0
 857              		.section	.debug_abbrev,"",%progbits
 858              	.Ldebug_abbrev0:
 859 0000 01       		.uleb128 0x1
 860 0001 11       		.uleb128 0x11
 861 0002 01       		.byte	0x1
 862 0003 25       		.uleb128 0x25
 863 0004 0E       		.uleb128 0xe
 864 0005 13       		.uleb128 0x13
 865 0006 0B       		.uleb128 0xb
 866 0007 03       		.uleb128 0x3
 867 0008 0E       		.uleb128 0xe
 868 0009 1B       		.uleb128 0x1b
 869 000a 0E       		.uleb128 0xe
 870 000b 55       		.uleb128 0x55
 871 000c 17       		.uleb128 0x17
 872 000d 11       		.uleb128 0x11
 873 000e 01       		.uleb128 0x1
 874 000f 10       		.uleb128 0x10
 875 0010 17       		.uleb128 0x17
 876 0011 00       		.byte	0
 877 0012 00       		.byte	0
 878 0013 02       		.uleb128 0x2
 879 0014 24       		.uleb128 0x24
 880 0015 00       		.byte	0
 881 0016 0B       		.uleb128 0xb
 882 0017 0B       		.uleb128 0xb
 883 0018 3E       		.uleb128 0x3e
 884 0019 0B       		.uleb128 0xb
 885 001a 03       		.uleb128 0x3
 886 001b 08       		.uleb128 0x8
 887 001c 00       		.byte	0
 888 001d 00       		.byte	0
 889 001e 03       		.uleb128 0x3
 890 001f 24       		.uleb128 0x24
 891 0020 00       		.byte	0
 892 0021 0B       		.uleb128 0xb
 893 0022 0B       		.uleb128 0xb
 894 0023 3E       		.uleb128 0x3e
 895 0024 0B       		.uleb128 0xb
 896 0025 03       		.uleb128 0x3
 897 0026 0E       		.uleb128 0xe
 898 0027 00       		.byte	0
 899 0028 00       		.byte	0
 900 0029 04       		.uleb128 0x4
 901 002a 0F       		.uleb128 0xf
ARM GAS  C:\Users\ilya\AppData\Local\Temp\ccOZQBEY.s 			page 24


 902 002b 00       		.byte	0
 903 002c 0B       		.uleb128 0xb
 904 002d 0B       		.uleb128 0xb
 905 002e 49       		.uleb128 0x49
 906 002f 13       		.uleb128 0x13
 907 0030 00       		.byte	0
 908 0031 00       		.byte	0
 909 0032 05       		.uleb128 0x5
 910 0033 15       		.uleb128 0x15
 911 0034 00       		.byte	0
 912 0035 27       		.uleb128 0x27
 913 0036 19       		.uleb128 0x19
 914 0037 00       		.byte	0
 915 0038 00       		.byte	0
 916 0039 06       		.uleb128 0x6
 917 003a 16       		.uleb128 0x16
 918 003b 00       		.byte	0
 919 003c 03       		.uleb128 0x3
 920 003d 0E       		.uleb128 0xe
 921 003e 3A       		.uleb128 0x3a
 922 003f 0B       		.uleb128 0xb
 923 0040 3B       		.uleb128 0x3b
 924 0041 05       		.uleb128 0x5
 925 0042 49       		.uleb128 0x49
 926 0043 13       		.uleb128 0x13
 927 0044 00       		.byte	0
 928 0045 00       		.byte	0
 929 0046 07       		.uleb128 0x7
 930 0047 35       		.uleb128 0x35
 931 0048 00       		.byte	0
 932 0049 49       		.uleb128 0x49
 933 004a 13       		.uleb128 0x13
 934 004b 00       		.byte	0
 935 004c 00       		.byte	0
 936 004d 08       		.uleb128 0x8
 937 004e 2E       		.uleb128 0x2e
 938 004f 00       		.byte	0
 939 0050 3F       		.uleb128 0x3f
 940 0051 19       		.uleb128 0x19
 941 0052 03       		.uleb128 0x3
 942 0053 0E       		.uleb128 0xe
 943 0054 3A       		.uleb128 0x3a
 944 0055 0B       		.uleb128 0xb
 945 0056 3B       		.uleb128 0x3b
 946 0057 0B       		.uleb128 0xb
 947 0058 27       		.uleb128 0x27
 948 0059 19       		.uleb128 0x19
 949 005a 11       		.uleb128 0x11
 950 005b 01       		.uleb128 0x1
 951 005c 12       		.uleb128 0x12
 952 005d 06       		.uleb128 0x6
 953 005e 40       		.uleb128 0x40
 954 005f 18       		.uleb128 0x18
 955 0060 9642     		.uleb128 0x2116
 956 0062 19       		.uleb128 0x19
 957 0063 00       		.byte	0
 958 0064 00       		.byte	0
ARM GAS  C:\Users\ilya\AppData\Local\Temp\ccOZQBEY.s 			page 25


 959 0065 09       		.uleb128 0x9
 960 0066 2E       		.uleb128 0x2e
 961 0067 01       		.byte	0x1
 962 0068 3F       		.uleb128 0x3f
 963 0069 19       		.uleb128 0x19
 964 006a 03       		.uleb128 0x3
 965 006b 0E       		.uleb128 0xe
 966 006c 3A       		.uleb128 0x3a
 967 006d 0B       		.uleb128 0xb
 968 006e 3B       		.uleb128 0x3b
 969 006f 0B       		.uleb128 0xb
 970 0070 27       		.uleb128 0x27
 971 0071 19       		.uleb128 0x19
 972 0072 11       		.uleb128 0x11
 973 0073 01       		.uleb128 0x1
 974 0074 12       		.uleb128 0x12
 975 0075 06       		.uleb128 0x6
 976 0076 40       		.uleb128 0x40
 977 0077 18       		.uleb128 0x18
 978 0078 9642     		.uleb128 0x2116
 979 007a 19       		.uleb128 0x19
 980 007b 01       		.uleb128 0x1
 981 007c 13       		.uleb128 0x13
 982 007d 00       		.byte	0
 983 007e 00       		.byte	0
 984 007f 0A       		.uleb128 0xa
 985 0080 05       		.uleb128 0x5
 986 0081 00       		.byte	0
 987 0082 03       		.uleb128 0x3
 988 0083 0E       		.uleb128 0xe
 989 0084 3A       		.uleb128 0x3a
 990 0085 0B       		.uleb128 0xb
 991 0086 3B       		.uleb128 0x3b
 992 0087 0B       		.uleb128 0xb
 993 0088 49       		.uleb128 0x49
 994 0089 13       		.uleb128 0x13
 995 008a 02       		.uleb128 0x2
 996 008b 18       		.uleb128 0x18
 997 008c 00       		.byte	0
 998 008d 00       		.byte	0
 999 008e 0B       		.uleb128 0xb
 1000 008f 0B       		.uleb128 0xb
 1001 0090 01       		.byte	0x1
 1002 0091 11       		.uleb128 0x11
 1003 0092 01       		.uleb128 0x1
 1004 0093 12       		.uleb128 0x12
 1005 0094 06       		.uleb128 0x6
 1006 0095 00       		.byte	0
 1007 0096 00       		.byte	0
 1008 0097 0C       		.uleb128 0xc
 1009 0098 34       		.uleb128 0x34
 1010 0099 00       		.byte	0
 1011 009a 03       		.uleb128 0x3
 1012 009b 0E       		.uleb128 0xe
 1013 009c 3A       		.uleb128 0x3a
 1014 009d 0B       		.uleb128 0xb
 1015 009e 3B       		.uleb128 0x3b
ARM GAS  C:\Users\ilya\AppData\Local\Temp\ccOZQBEY.s 			page 26


 1016 009f 0B       		.uleb128 0xb
 1017 00a0 49       		.uleb128 0x49
 1018 00a1 13       		.uleb128 0x13
 1019 00a2 3F       		.uleb128 0x3f
 1020 00a3 19       		.uleb128 0x19
 1021 00a4 3C       		.uleb128 0x3c
 1022 00a5 19       		.uleb128 0x19
 1023 00a6 00       		.byte	0
 1024 00a7 00       		.byte	0
 1025 00a8 0D       		.uleb128 0xd
 1026 00a9 2E       		.uleb128 0x2e
 1027 00aa 01       		.byte	0x1
 1028 00ab 3F       		.uleb128 0x3f
 1029 00ac 19       		.uleb128 0x19
 1030 00ad 03       		.uleb128 0x3
 1031 00ae 0E       		.uleb128 0xe
 1032 00af 3A       		.uleb128 0x3a
 1033 00b0 0B       		.uleb128 0xb
 1034 00b1 3B       		.uleb128 0x3b
 1035 00b2 0B       		.uleb128 0xb
 1036 00b3 49       		.uleb128 0x49
 1037 00b4 13       		.uleb128 0x13
 1038 00b5 3C       		.uleb128 0x3c
 1039 00b6 19       		.uleb128 0x19
 1040 00b7 00       		.byte	0
 1041 00b8 00       		.byte	0
 1042 00b9 0E       		.uleb128 0xe
 1043 00ba 18       		.uleb128 0x18
 1044 00bb 00       		.byte	0
 1045 00bc 00       		.byte	0
 1046 00bd 00       		.byte	0
 1047 00be 0F       		.uleb128 0xf
 1048 00bf 2E       		.uleb128 0x2e
 1049 00c0 01       		.byte	0x1
 1050 00c1 3F       		.uleb128 0x3f
 1051 00c2 19       		.uleb128 0x19
 1052 00c3 03       		.uleb128 0x3
 1053 00c4 0E       		.uleb128 0xe
 1054 00c5 3A       		.uleb128 0x3a
 1055 00c6 0B       		.uleb128 0xb
 1056 00c7 3B       		.uleb128 0x3b
 1057 00c8 0B       		.uleb128 0xb
 1058 00c9 27       		.uleb128 0x27
 1059 00ca 19       		.uleb128 0x19
 1060 00cb 11       		.uleb128 0x11
 1061 00cc 01       		.uleb128 0x1
 1062 00cd 12       		.uleb128 0x12
 1063 00ce 06       		.uleb128 0x6
 1064 00cf 40       		.uleb128 0x40
 1065 00d0 18       		.uleb128 0x18
 1066 00d1 9742     		.uleb128 0x2117
 1067 00d3 19       		.uleb128 0x19
 1068 00d4 01       		.uleb128 0x1
 1069 00d5 13       		.uleb128 0x13
 1070 00d6 00       		.byte	0
 1071 00d7 00       		.byte	0
 1072 00d8 10       		.uleb128 0x10
ARM GAS  C:\Users\ilya\AppData\Local\Temp\ccOZQBEY.s 			page 27


 1073 00d9 34       		.uleb128 0x34
 1074 00da 00       		.byte	0
 1075 00db 03       		.uleb128 0x3
 1076 00dc 0E       		.uleb128 0xe
 1077 00dd 3A       		.uleb128 0x3a
 1078 00de 0B       		.uleb128 0xb
 1079 00df 3B       		.uleb128 0x3b
 1080 00e0 0B       		.uleb128 0xb
 1081 00e1 49       		.uleb128 0x49
 1082 00e2 13       		.uleb128 0x13
 1083 00e3 02       		.uleb128 0x2
 1084 00e4 18       		.uleb128 0x18
 1085 00e5 00       		.byte	0
 1086 00e6 00       		.byte	0
 1087 00e7 11       		.uleb128 0x11
 1088 00e8 2E       		.uleb128 0x2e
 1089 00e9 01       		.byte	0x1
 1090 00ea 3F       		.uleb128 0x3f
 1091 00eb 19       		.uleb128 0x19
 1092 00ec 03       		.uleb128 0x3
 1093 00ed 0E       		.uleb128 0xe
 1094 00ee 3A       		.uleb128 0x3a
 1095 00ef 0B       		.uleb128 0xb
 1096 00f0 3B       		.uleb128 0x3b
 1097 00f1 0B       		.uleb128 0xb
 1098 00f2 27       		.uleb128 0x27
 1099 00f3 19       		.uleb128 0x19
 1100 00f4 49       		.uleb128 0x49
 1101 00f5 13       		.uleb128 0x13
 1102 00f6 11       		.uleb128 0x11
 1103 00f7 01       		.uleb128 0x1
 1104 00f8 12       		.uleb128 0x12
 1105 00f9 06       		.uleb128 0x6
 1106 00fa 40       		.uleb128 0x40
 1107 00fb 18       		.uleb128 0x18
 1108 00fc 9742     		.uleb128 0x2117
 1109 00fe 19       		.uleb128 0x19
 1110 00ff 01       		.uleb128 0x1
 1111 0100 13       		.uleb128 0x13
 1112 0101 00       		.byte	0
 1113 0102 00       		.byte	0
 1114 0103 12       		.uleb128 0x12
 1115 0104 2E       		.uleb128 0x2e
 1116 0105 01       		.byte	0x1
 1117 0106 3F       		.uleb128 0x3f
 1118 0107 19       		.uleb128 0x19
 1119 0108 03       		.uleb128 0x3
 1120 0109 0E       		.uleb128 0xe
 1121 010a 3A       		.uleb128 0x3a
 1122 010b 0B       		.uleb128 0xb
 1123 010c 3B       		.uleb128 0x3b
 1124 010d 05       		.uleb128 0x5
 1125 010e 27       		.uleb128 0x27
 1126 010f 19       		.uleb128 0x19
 1127 0110 11       		.uleb128 0x11
 1128 0111 01       		.uleb128 0x1
 1129 0112 12       		.uleb128 0x12
ARM GAS  C:\Users\ilya\AppData\Local\Temp\ccOZQBEY.s 			page 28


 1130 0113 06       		.uleb128 0x6
 1131 0114 40       		.uleb128 0x40
 1132 0115 18       		.uleb128 0x18
 1133 0116 9742     		.uleb128 0x2117
 1134 0118 19       		.uleb128 0x19
 1135 0119 01       		.uleb128 0x1
 1136 011a 13       		.uleb128 0x13
 1137 011b 00       		.byte	0
 1138 011c 00       		.byte	0
 1139 011d 13       		.uleb128 0x13
 1140 011e 05       		.uleb128 0x5
 1141 011f 00       		.byte	0
 1142 0120 03       		.uleb128 0x3
 1143 0121 0E       		.uleb128 0xe
 1144 0122 3A       		.uleb128 0x3a
 1145 0123 0B       		.uleb128 0xb
 1146 0124 3B       		.uleb128 0x3b
 1147 0125 05       		.uleb128 0x5
 1148 0126 49       		.uleb128 0x49
 1149 0127 13       		.uleb128 0x13
 1150 0128 02       		.uleb128 0x2
 1151 0129 18       		.uleb128 0x18
 1152 012a 00       		.byte	0
 1153 012b 00       		.byte	0
 1154 012c 14       		.uleb128 0x14
 1155 012d 2E       		.uleb128 0x2e
 1156 012e 01       		.byte	0x1
 1157 012f 3F       		.uleb128 0x3f
 1158 0130 19       		.uleb128 0x19
 1159 0131 03       		.uleb128 0x3
 1160 0132 0E       		.uleb128 0xe
 1161 0133 3A       		.uleb128 0x3a
 1162 0134 0B       		.uleb128 0xb
 1163 0135 3B       		.uleb128 0x3b
 1164 0136 05       		.uleb128 0x5
 1165 0137 27       		.uleb128 0x27
 1166 0138 19       		.uleb128 0x19
 1167 0139 49       		.uleb128 0x49
 1168 013a 13       		.uleb128 0x13
 1169 013b 11       		.uleb128 0x11
 1170 013c 01       		.uleb128 0x1
 1171 013d 12       		.uleb128 0x12
 1172 013e 06       		.uleb128 0x6
 1173 013f 40       		.uleb128 0x40
 1174 0140 18       		.uleb128 0x18
 1175 0141 9742     		.uleb128 0x2117
 1176 0143 19       		.uleb128 0x19
 1177 0144 01       		.uleb128 0x1
 1178 0145 13       		.uleb128 0x13
 1179 0146 00       		.byte	0
 1180 0147 00       		.byte	0
 1181 0148 15       		.uleb128 0x15
 1182 0149 34       		.uleb128 0x34
 1183 014a 00       		.byte	0
 1184 014b 03       		.uleb128 0x3
 1185 014c 0E       		.uleb128 0xe
 1186 014d 3A       		.uleb128 0x3a
ARM GAS  C:\Users\ilya\AppData\Local\Temp\ccOZQBEY.s 			page 29


 1187 014e 0B       		.uleb128 0xb
 1188 014f 3B       		.uleb128 0x3b
 1189 0150 05       		.uleb128 0x5
 1190 0151 49       		.uleb128 0x49
 1191 0152 13       		.uleb128 0x13
 1192 0153 02       		.uleb128 0x2
 1193 0154 18       		.uleb128 0x18
 1194 0155 00       		.byte	0
 1195 0156 00       		.byte	0
 1196 0157 16       		.uleb128 0x16
 1197 0158 2E       		.uleb128 0x2e
 1198 0159 00       		.byte	0
 1199 015a 3F       		.uleb128 0x3f
 1200 015b 19       		.uleb128 0x19
 1201 015c 03       		.uleb128 0x3
 1202 015d 0E       		.uleb128 0xe
 1203 015e 3A       		.uleb128 0x3a
 1204 015f 0B       		.uleb128 0xb
 1205 0160 3B       		.uleb128 0x3b
 1206 0161 05       		.uleb128 0x5
 1207 0162 27       		.uleb128 0x27
 1208 0163 19       		.uleb128 0x19
 1209 0164 11       		.uleb128 0x11
 1210 0165 01       		.uleb128 0x1
 1211 0166 12       		.uleb128 0x12
 1212 0167 06       		.uleb128 0x6
 1213 0168 40       		.uleb128 0x40
 1214 0169 18       		.uleb128 0x18
 1215 016a 9742     		.uleb128 0x2117
 1216 016c 19       		.uleb128 0x19
 1217 016d 00       		.byte	0
 1218 016e 00       		.byte	0
 1219 016f 17       		.uleb128 0x17
 1220 0170 2E       		.uleb128 0x2e
 1221 0171 00       		.byte	0
 1222 0172 3F       		.uleb128 0x3f
 1223 0173 19       		.uleb128 0x19
 1224 0174 03       		.uleb128 0x3
 1225 0175 0E       		.uleb128 0xe
 1226 0176 3A       		.uleb128 0x3a
 1227 0177 0B       		.uleb128 0xb
 1228 0178 3B       		.uleb128 0x3b
 1229 0179 05       		.uleb128 0x5
 1230 017a 27       		.uleb128 0x27
 1231 017b 19       		.uleb128 0x19
 1232 017c 49       		.uleb128 0x49
 1233 017d 13       		.uleb128 0x13
 1234 017e 11       		.uleb128 0x11
 1235 017f 01       		.uleb128 0x1
 1236 0180 12       		.uleb128 0x12
 1237 0181 06       		.uleb128 0x6
 1238 0182 40       		.uleb128 0x40
 1239 0183 18       		.uleb128 0x18
 1240 0184 9742     		.uleb128 0x2117
 1241 0186 19       		.uleb128 0x19
 1242 0187 00       		.byte	0
 1243 0188 00       		.byte	0
ARM GAS  C:\Users\ilya\AppData\Local\Temp\ccOZQBEY.s 			page 30


 1244 0189 00       		.byte	0
 1245              		.section	.debug_aranges,"",%progbits
 1246 0000 7C000000 		.4byte	0x7c
 1247 0004 0200     		.2byte	0x2
 1248 0006 00000000 		.4byte	.Ldebug_info0
 1249 000a 04       		.byte	0x4
 1250 000b 00       		.byte	0
 1251 000c 0000     		.2byte	0
 1252 000e 0000     		.2byte	0
 1253 0010 00000000 		.4byte	.LFB0
 1254 0014 20000000 		.4byte	.LFE0-.LFB0
 1255 0018 00000000 		.4byte	.LFB1
 1256 001c 24000000 		.4byte	.LFE1-.LFB1
 1257 0020 00000000 		.4byte	.LFB2
 1258 0024 18000000 		.4byte	.LFE2-.LFB2
 1259 0028 00000000 		.4byte	.LFB3
 1260 002c 1C000000 		.4byte	.LFE3-.LFB3
 1261 0030 00000000 		.4byte	.LFB4
 1262 0034 24000000 		.4byte	.LFE4-.LFB4
 1263 0038 00000000 		.4byte	.LFB5
 1264 003c 20000000 		.4byte	.LFE5-.LFB5
 1265 0040 00000000 		.4byte	.LFB6
 1266 0044 24000000 		.4byte	.LFE6-.LFB6
 1267 0048 00000000 		.4byte	.LFB7
 1268 004c 20000000 		.4byte	.LFE7-.LFB7
 1269 0050 00000000 		.4byte	.LFB8
 1270 0054 18000000 		.4byte	.LFE8-.LFB8
 1271 0058 00000000 		.4byte	.LFB9
 1272 005c 24000000 		.4byte	.LFE9-.LFB9
 1273 0060 00000000 		.4byte	.LFB10
 1274 0064 18000000 		.4byte	.LFE10-.LFB10
 1275 0068 00000000 		.4byte	.LFB11
 1276 006c 18000000 		.4byte	.LFE11-.LFB11
 1277 0070 00000000 		.4byte	.LFB12
 1278 0074 18000000 		.4byte	.LFE12-.LFB12
 1279 0078 00000000 		.4byte	0
 1280 007c 00000000 		.4byte	0
 1281              		.section	.debug_ranges,"",%progbits
 1282              	.Ldebug_ranges0:
 1283 0000 00000000 		.4byte	.LFB0
 1284 0004 20000000 		.4byte	.LFE0
 1285 0008 00000000 		.4byte	.LFB1
 1286 000c 24000000 		.4byte	.LFE1
 1287 0010 00000000 		.4byte	.LFB2
 1288 0014 18000000 		.4byte	.LFE2
 1289 0018 00000000 		.4byte	.LFB3
 1290 001c 1C000000 		.4byte	.LFE3
 1291 0020 00000000 		.4byte	.LFB4
 1292 0024 24000000 		.4byte	.LFE4
 1293 0028 00000000 		.4byte	.LFB5
 1294 002c 20000000 		.4byte	.LFE5
 1295 0030 00000000 		.4byte	.LFB6
 1296 0034 24000000 		.4byte	.LFE6
 1297 0038 00000000 		.4byte	.LFB7
 1298 003c 20000000 		.4byte	.LFE7
 1299 0040 00000000 		.4byte	.LFB8
 1300 0044 18000000 		.4byte	.LFE8
ARM GAS  C:\Users\ilya\AppData\Local\Temp\ccOZQBEY.s 			page 31


 1301 0048 00000000 		.4byte	.LFB9
 1302 004c 24000000 		.4byte	.LFE9
 1303 0050 00000000 		.4byte	.LFB10
 1304 0054 18000000 		.4byte	.LFE10
 1305 0058 00000000 		.4byte	.LFB11
 1306 005c 18000000 		.4byte	.LFE11
 1307 0060 00000000 		.4byte	.LFB12
 1308 0064 18000000 		.4byte	.LFE12
 1309 0068 00000000 		.4byte	0
 1310 006c 00000000 		.4byte	0
 1311              		.section	.debug_line,"",%progbits
 1312              	.Ldebug_line0:
 1313 0000 52010000 		.section	.debug_str,"MS",%progbits,1
 1313      02004600 
 1313      00000201 
 1313      FB0E0D00 
 1313      01010101 
 1314              	.LASF31:
 1315 0000 6973725F 		.ascii	"isr_Sleep_Disable\000"
 1315      536C6565 
 1315      705F4469 
 1315      7361626C 
 1315      6500
 1316              	.LASF17:
 1317 0012 72656733 		.ascii	"reg32\000"
 1317      3200
 1318              	.LASF35:
 1319 0018 474E5520 		.ascii	"GNU C11 5.4.1 20160609 (release) [ARM/embedded-5-br"
 1319      43313120 
 1319      352E342E 
 1319      31203230 
 1319      31363036 
 1320 004b 616E6368 		.ascii	"anch revision 237715] -mcpu=cortex-m3 -mthumb -g -O"
 1320      20726576 
 1320      6973696F 
 1320      6E203233 
 1320      37373135 
 1321 007e 30202D66 		.ascii	"0 -ffunction-sections -ffat-lto-objects\000"
 1321      66756E63 
 1321      74696F6E 
 1321      2D736563 
 1321      74696F6E 
 1322              	.LASF34:
 1323 00a6 7469636B 		.ascii	"tick_count\000"
 1323      5F636F75 
 1323      6E7400
 1324              	.LASF32:
 1325 00b1 6973725F 		.ascii	"isr_Sleep_SetPending\000"
 1325      536C6565 
 1325      705F5365 
 1325      7450656E 
 1325      64696E67 
 1326              	.LASF6:
 1327 00c6 73686F72 		.ascii	"short unsigned int\000"
 1327      7420756E 
 1327      7369676E 
 1327      65642069 
ARM GAS  C:\Users\ilya\AppData\Local\Temp\ccOZQBEY.s 			page 32


 1327      6E7400
 1328              	.LASF20:
 1329 00d9 6973725F 		.ascii	"isr_Sleep_Stop\000"
 1329      536C6565 
 1329      705F5374 
 1329      6F7000
 1330              	.LASF14:
 1331 00e8 666C6F61 		.ascii	"float\000"
 1331      7400
 1332              	.LASF38:
 1333 00ee 536C6565 		.ascii	"SleepTimer_GetStatus\000"
 1333      7054696D 
 1333      65725F47 
 1333      65745374 
 1333      61747573 
 1334              	.LASF26:
 1335 0103 6973725F 		.ascii	"isr_Sleep_SetPriority\000"
 1335      536C6565 
 1335      705F5365 
 1335      74507269 
 1335      6F726974 
 1336              	.LASF16:
 1337 0119 72656738 		.ascii	"reg8\000"
 1337      00
 1338              	.LASF8:
 1339 011e 6C6F6E67 		.ascii	"long unsigned int\000"
 1339      20756E73 
 1339      69676E65 
 1339      6420696E 
 1339      7400
 1340              	.LASF12:
 1341 0130 75696E74 		.ascii	"uint8\000"
 1341      3800
 1342              	.LASF27:
 1343 0136 7072696F 		.ascii	"priority\000"
 1343      72697479 
 1343      00
 1344              	.LASF29:
 1345 013f 6973725F 		.ascii	"isr_Sleep_GetPriority\000"
 1345      536C6565 
 1345      705F4765 
 1345      74507269 
 1345      6F726974 
 1346              	.LASF4:
 1347 0155 756E7369 		.ascii	"unsigned char\000"
 1347      676E6564 
 1347      20636861 
 1347      7200
 1348              	.LASF30:
 1349 0163 6973725F 		.ascii	"isr_Sleep_Enable\000"
 1349      536C6565 
 1349      705F456E 
 1349      61626C65 
 1349      00
 1350              	.LASF15:
 1351 0174 646F7562 		.ascii	"double\000"
 1351      6C6500
ARM GAS  C:\Users\ilya\AppData\Local\Temp\ccOZQBEY.s 			page 33


 1352              	.LASF36:
 1353 017b 47656E65 		.ascii	"Generated_Source\\PSoC5\\isr_Sleep.c\000"
 1353      72617465 
 1353      645F536F 
 1353      75726365 
 1353      5C50536F 
 1354              	.LASF13:
 1355 019e 75696E74 		.ascii	"uint32\000"
 1355      333200
 1356              	.LASF0:
 1357 01a5 756E7369 		.ascii	"unsigned int\000"
 1357      676E6564 
 1357      20696E74 
 1357      00
 1358              	.LASF24:
 1359 01b2 61646472 		.ascii	"address\000"
 1359      65737300 
 1360              	.LASF9:
 1361 01ba 6C6F6E67 		.ascii	"long long unsigned int\000"
 1361      206C6F6E 
 1361      6720756E 
 1361      7369676E 
 1361      65642069 
 1362              	.LASF37:
 1363 01d1 433A5C70 		.ascii	"C:\\psoc\\chamonix\\icm_stuff\\nanoNxt_ICM3_be_befo"
 1363      736F635C 
 1363      6368616D 
 1363      6F6E6978 
 1363      5C69636D 
 1364 0200 72655F72 		.ascii	"re_russian\\nanoNxt_ICM3\\ext_pim.cydsn\000"
 1364      75737369 
 1364      616E5C6E 
 1364      616E6F4E 
 1364      78745F49 
 1365              	.LASF18:
 1366 0226 63796973 		.ascii	"cyisraddress\000"
 1366      72616464 
 1366      72657373 
 1366      00
 1367              	.LASF23:
 1368 0233 6973725F 		.ascii	"isr_Sleep_SetVector\000"
 1368      536C6565 
 1368      705F5365 
 1368      74566563 
 1368      746F7200 
 1369              	.LASF10:
 1370 0247 73697A65 		.ascii	"sizetype\000"
 1370      74797065 
 1370      00
 1371              	.LASF1:
 1372 0250 6C6F6E67 		.ascii	"long long int\000"
 1372      206C6F6E 
 1372      6720696E 
 1372      7400
 1373              	.LASF11:
 1374 025e 63686172 		.ascii	"char\000"
 1374      00
ARM GAS  C:\Users\ilya\AppData\Local\Temp\ccOZQBEY.s 			page 34


 1375              	.LASF25:
 1376 0263 72616D56 		.ascii	"ramVectorTable\000"
 1376      6563746F 
 1376      72546162 
 1376      6C6500
 1377              	.LASF39:
 1378 0272 6973725F 		.ascii	"isr_Sleep_GetState\000"
 1378      536C6565 
 1378      705F4765 
 1378      74537461 
 1378      746500
 1379              	.LASF5:
 1380 0285 73686F72 		.ascii	"short int\000"
 1380      7420696E 
 1380      7400
 1381              	.LASF33:
 1382 028f 6973725F 		.ascii	"isr_Sleep_ClearPending\000"
 1382      536C6565 
 1382      705F436C 
 1382      65617250 
 1382      656E6469 
 1383              	.LASF21:
 1384 02a6 6973725F 		.ascii	"isr_Sleep_StartEx\000"
 1384      536C6565 
 1384      705F5374 
 1384      61727445 
 1384      7800
 1385              	.LASF7:
 1386 02b8 6C6F6E67 		.ascii	"long int\000"
 1386      20696E74 
 1386      00
 1387              	.LASF19:
 1388 02c1 6973725F 		.ascii	"isr_Sleep_Start\000"
 1388      536C6565 
 1388      705F5374 
 1388      61727400 
 1389              	.LASF2:
 1390 02d1 6C6F6E67 		.ascii	"long double\000"
 1390      20646F75 
 1390      626C6500 
 1391              	.LASF3:
 1392 02dd 7369676E 		.ascii	"signed char\000"
 1392      65642063 
 1392      68617200 
 1393              	.LASF28:
 1394 02e9 6973725F 		.ascii	"isr_Sleep_GetVector\000"
 1394      536C6565 
 1394      705F4765 
 1394      74566563 
 1394      746F7200 
 1395              	.LASF22:
 1396 02fd 6973725F 		.ascii	"isr_Sleep_Interrupt\000"
 1396      536C6565 
 1396      705F496E 
 1396      74657272 
 1396      75707400 
 1397              		.ident	"GCC: (GNU Tools for ARM Embedded Processors) 5.4.1 20160609 (release) [ARM/embedded-5-bran
ARM GAS  C:\Users\ilya\AppData\Local\Temp\ccOZQBEY.s 			page 35


