Archive member included because of file (symbol)

.\CortexM0\ARM_GCC_493\Debug\fixed.a(cyfitter_cfg.o)
                              .\CortexM0\ARM_GCC_493\Debug\Cm0Start.o (cyfitter_cfg)
.\CortexM0\ARM_GCC_493\Debug\fixed.a(CyLib.o)
                              .\CortexM0\ARM_GCC_493\Debug\fixed.a(cyfitter_cfg.o) (CyIntEnable)
.\CortexM0\ARM_GCC_493\Debug\fixed.a(CyLFClk.o)
                              .\CortexM0\ARM_GCC_493\Debug\fixed.a(cyfitter_cfg.o) (CySysWdtIsr)
.\CortexM0\ARM_GCC_493\Debug\fixed.a(I2C_LED.o)
                              .\CortexM0\ARM_GCC_493\Debug\main.o (I2C_LED_Start)
.\CortexM0\ARM_GCC_493\Debug\fixed.a(I2C_LED_I2C.o)
                              .\CortexM0\ARM_GCC_493\Debug\fixed.a(I2C_LED.o) (I2C_LED_I2CInit)
.\CortexM0\ARM_GCC_493\Debug\fixed.a(I2C_LED_I2C_MASTER.o)
                              .\CortexM0\ARM_GCC_493\Debug\main.o (I2C_LED_I2CMasterSendStart)
.\CortexM0\ARM_GCC_493\Debug\fixed.a(I2C_LED_sda.o)
                              .\CortexM0\ARM_GCC_493\Debug\fixed.a(I2C_LED_I2C_MASTER.o) (I2C_LED_sda_Read)
.\CortexM0\ARM_GCC_493\Debug\fixed.a(I2C_LED_scl.o)
                              .\CortexM0\ARM_GCC_493\Debug\fixed.a(I2C_LED_I2C_MASTER.o) (I2C_LED_scl_Write)
.\CortexM0\ARM_GCC_493\Debug\fixed.a(EZI2C_CAM.o)
                              .\CortexM0\ARM_GCC_493\Debug\main.o (EZI2C_CAM_Start)
.\CortexM0\ARM_GCC_493\Debug\fixed.a(EZI2C_CAM_EZI2C.o)
                              .\CortexM0\ARM_GCC_493\Debug\fixed.a(EZI2C_CAM.o) (EZI2C_CAM_EzI2CInit)
.\CortexM0\ARM_GCC_493\Debug\fixed.a(EZI2C_CAM_EZI2C_INT.o)
                              .\CortexM0\ARM_GCC_493\Debug\fixed.a(EZI2C_CAM_EZI2C.o) (EZI2C_CAM_EZI2C_STRETCH_ISR)
.\CortexM0\ARM_GCC_493\Debug\fixed.a(AUD_GAIN0.o)
                              .\CortexM0\ARM_GCC_493\Debug\main.o (AUD_GAIN0_Write)
.\CortexM0\ARM_GCC_493\Debug\fixed.a(AUD_GAIN1.o)
                              .\CortexM0\ARM_GCC_493\Debug\main.o (AUD_GAIN1_Write)
.\CortexM0\ARM_GCC_493\Debug\fixed.a(PWM_M.o)
                              .\CortexM0\ARM_GCC_493\Debug\main.o (PWM_M_WriteCompare1)
.\CortexM0\ARM_GCC_493\Debug\fixed.a(STEP_COUNT.o)
                              .\CortexM0\ARM_GCC_493\Debug\motor.o (STEP_COUNT_WriteCounter)
.\CortexM0\ARM_GCC_493\Debug\fixed.a(CW.o)
                              .\CortexM0\ARM_GCC_493\Debug\motor.o (CW_Write)
.\CortexM0\ARM_GCC_493\Debug\fixed.a(Comp_ISENSE.o)
                              .\CortexM0\ARM_GCC_493\Debug\main.o (Comp_ISENSE_Start)
.\CortexM0\ARM_GCC_493\Debug\fixed.a(IDAC_1.o)
                              .\CortexM0\ARM_GCC_493\Debug\main.o (IDAC_1_Start)
.\CortexM0\ARM_GCC_493\Debug\fixed.a(CyBootAsmGnu.o)
                              .\CortexM0\ARM_GCC_493\Debug\fixed.a(CyLib.o) (CyDelayCycles)
.\CortexM0\ARM_GCC_493\Debug\fixed.a(I2C_LED_I2C_INT.o)
                              .\CortexM0\ARM_GCC_493\Debug\fixed.a(I2C_LED_I2C.o) (I2C_LED_I2C_ISR)
c:/program files (x86)/cypress/psoc creator/4.0/psoc creator/import/gnu/arm/4.9.3/bin/../lib/gcc/arm-none-eabi/4.9.3/armv6-m\libgcc.a(_udivsi3.o)
                              .\CortexM0\ARM_GCC_493\Debug\fixed.a(CyLib.o) (__aeabi_uidiv)
c:/program files (x86)/cypress/psoc creator/4.0/psoc creator/import/gnu/arm/4.9.3/bin/../lib/gcc/arm-none-eabi/4.9.3/armv6-m\libgcc.a(_dvmd_tls.o)
                              c:/program files (x86)/cypress/psoc creator/4.0/psoc creator/import/gnu/arm/4.9.3/bin/../lib/gcc/arm-none-eabi/4.9.3/armv6-m\libgcc.a(_udivsi3.o) (__aeabi_idiv0)
c:/program files (x86)/cypress/psoc creator/4.0/psoc creator/import/gnu/arm/4.9.3/bin/../lib/gcc/arm-none-eabi/4.9.3/../../../../arm-none-eabi/lib/armv6-m\libg_nano.a(lib_a-errno.o)
                              .\CortexM0\ARM_GCC_493\Debug\Cm0Start.o (__errno)
c:/program files (x86)/cypress/psoc creator/4.0/psoc creator/import/gnu/arm/4.9.3/bin/../lib/gcc/arm-none-eabi/4.9.3/../../../../arm-none-eabi/lib/armv6-m\libg_nano.a(lib_a-exit.o)
                              c:/program files (x86)/cypress/psoc creator/4.0/psoc creator/import/gnu/arm/4.9.3/bin/../lib/gcc/arm-none-eabi/4.9.3/../../../../arm-none-eabi/lib/armv6-m/crt0.o (exit)
c:/program files (x86)/cypress/psoc creator/4.0/psoc creator/import/gnu/arm/4.9.3/bin/../lib/gcc/arm-none-eabi/4.9.3/../../../../arm-none-eabi/lib/armv6-m\libg_nano.a(lib_a-impure.o)
                              c:/program files (x86)/cypress/psoc creator/4.0/psoc creator/import/gnu/arm/4.9.3/bin/../lib/gcc/arm-none-eabi/4.9.3/../../../../arm-none-eabi/lib/armv6-m\libg_nano.a(lib_a-exit.o) (_global_impure_ptr)
c:/program files (x86)/cypress/psoc creator/4.0/psoc creator/import/gnu/arm/4.9.3/bin/../lib/gcc/arm-none-eabi/4.9.3/../../../../arm-none-eabi/lib/armv6-m\libg_nano.a(lib_a-init.o)
[...]
Memory Configuration

Name             Origin             Length             Attributes
rom              0x00000000         0x00008000         xr
ram              0x20000000         0x00001000         xrw
*default*        0x00000000         0xffffffff

Linker script and memory map

LOAD c:/program files (x86)/cypress/psoc creator/4.0/psoc creator/import/gnu/arm/4.9.3/bin/../lib/gcc/arm-none-eabi/4.9.3/armv6-m/crti.o
LOAD c:/program files (x86)/cypress/psoc creator/4.0/psoc creator/import/gnu/arm/4.9.3/bin/../lib/gcc/arm-none-eabi/4.9.3/armv6-m/crtbegin.o
LOAD c:/program files (x86)/cypress/psoc creator/4.0/psoc creator/import/gnu/arm/4.9.3/bin/../lib/gcc/arm-none-eabi/4.9.3/../../../../arm-none-eabi/lib/armv6-m/crt0.o
START GROUP
LOAD .\CortexM0\ARM_GCC_493\Debug\main.o
LOAD .\CortexM0\ARM_GCC_493\Debug\motor.o
LOAD .\CortexM0\ARM_GCC_493\Debug\cymetadata.o
LOAD .\CortexM0\ARM_GCC_493\Debug\Cm0Start.o
LOAD .\CortexM0\ARM_GCC_493\Debug\fixed.a
LOAD C:\Program Files (x86)\Cypress\PSoC Creator\4.0\PSoC Creator\psoc\content\cycomponentlibrary\CyComponentLibrary.cylib\CortexM0\ARM_GCC_493\Debug\CyComponentLibrary.a
LOAD c:/program files (x86)/cypress/psoc creator/4.0/psoc creator/import/gnu/arm/4.9.3/bin/../lib/gcc/arm-none-eabi/4.9.3/../../../../arm-none-eabi/lib/armv6-m\libm.a
END GROUP
START GROUP
LOAD c:/program files (x86)/cypress/psoc creator/4.0/psoc creator/import/gnu/arm/4.9.3/bin/../lib/gcc/arm-none-eabi/4.9.3/armv6-m\libgcc.a
LOAD c:/program files (x86)/cypress/psoc creator/4.0/psoc creator/import/gnu/arm/4.9.3/bin/../lib/gcc/arm-none-eabi/4.9.3/../../../../arm-none-eabi/lib/armv6-m\libg_nano.a
LOAD c:/program files (x86)/cypress/psoc creator/4.0/psoc creator/import/gnu/arm/4.9.3/bin/../lib/gcc/arm-none-eabi/4.9.3/../../../../arm-none-eabi/lib/armv6-m\libc_nano.a
END GROUP
START GROUP
LOAD c:/program files (x86)/cypress/psoc creator/4.0/psoc creator/import/gnu/arm/4.9.3/bin/../lib/gcc/arm-none-eabi/4.9.3/armv6-m\libgcc.a
LOAD c:/program files (x86)/cypress/psoc creator/4.0/psoc creator/import/gnu/arm/4.9.3/bin/../lib/gcc/arm-none-eabi/4.9.3/../../../../arm-none-eabi/lib/armv6-m\libc_nano.a
END GROUP
LOAD c:/program files (x86)/cypress/psoc creator/4.0/psoc creator/import/gnu/arm/4.9.3/bin/../lib/gcc/arm-none-eabi/4.9.3/armv6-m/crtend.o
LOAD c:/program files (x86)/cypress/psoc creator/4.0/psoc creator/import/gnu/arm/4.9.3/bin/../lib/gcc/arm-none-eabi/4.9.3/armv6-m/crtn.o
START GROUP
LOAD c:/program files (x86)/cypress/psoc creator/4.0/psoc creator/import/gnu/arm/4.9.3/bin/../lib/gcc/arm-none-eabi/4.9.3/armv6-m\libgcc.a
LOAD c:/program files (x86)/cypress/psoc creator/4.0/psoc creator/import/gnu/arm/4.9.3/bin/../lib/gcc/arm-none-eabi/4.9.3/../../../../arm-none-eabi/lib/armv6-m\libc.a
LOAD c:/program files (x86)/cypress/psoc creator/4.0/psoc creator/import/gnu/arm/4.9.3/bin/../lib/gcc/arm-none-eabi/4.9.3/../../../../arm-none-eabi/lib/armv6-m\libnosys.a
END GROUP
                0x00000000                CY_APPL_ORIGIN = 0x0
                0x00000080                CY_FLASH_ROW_SIZE = 0x80
                0x00000001                CY_APPL_NUM = 0x1
                0x00000001                CY_APPL_MAX = 0x1
                0x00000040                CY_METADATA_SIZE = 0x40
                0x00000000                CY_APPL_LOADABLE = 0x0
                0x00000000                CY_CHECKSUM_EXCLUDE_SIZE = ALIGN (0x0, CY_FLASH_ROW_SIZE)
                0x00000000                CY_APP_FOR_STACK_AND_COPIER = 0x0
                0x20000218                PROVIDE (__cy_heap_start, _end)
                0x00000001                PROVIDE (__cy_region_num, ((__cy_regions_end - __cy_regions) / 0x10))
                0x20001000                PROVIDE (__cy_stack, (ORIGIN (ram) + 0x1000))
                0x20000c00                PROVIDE (__cy_heap_end, (__cy_stack - 0x400))

.cybootloader   0x00000000        0x0
 *(.cybootloader)
                0x00000000                appl1_start = CY_APPL_ORIGIN?CY_APPL_ORIGIN:ALIGN (CY_FLASH_ROW_SIZE)
                0x00003f80                appl2_start = (appl1_start + ALIGN ((((0x8000 - appl1_start) - (0x2 * CY_FLASH_ROW_SIZE)) / 0x2), CY_FLASH_ROW_SIZE))
                0x00000000                appl_start = (CY_APPL_NUM == 0x1)?appl1_start:appl2_start
                0x00000001                cy_project_type_bootloader = (appl_start == 0x0)?0x1:0x0
                0x00000000                cy_project_type_app_for_stack_and_copier = (CY_APP_FOR_STACK_AND_COPIER == 0x1)?0x1:0x0

.text           0x00000000     0x1ab8
 CREATE_OBJECT_SYMBOLS
                0x00000000                PROVIDE (__cy_interrupt_vector, RomVectors)
 *(.romvectors)
 .romvectors    0x00000000       0x10 .\CortexM0\ARM_GCC_493\Debug\Cm0Start.o
                0x00000000                RomVectors
                0x00000001                ASSERT ((. != __cy_interrupt_vector), No interrupt vector)
                0x00000001                ASSERT (CY_APPL_ORIGIN?(SIZEOF (.cybootloader) <= CY_APPL_ORIGIN):0x1, Wrong image location)
                0x00000010                PROVIDE (__cy_reset, Reset)
 *(.text.Reset)
 .text.Reset    0x00000010        0x8 .\CortexM0\ARM_GCC_493\Debug\Cm0Start.o
                0x00000010                Reset
                0x00000001                ASSERT ((. != __cy_reset), No reset code)
 *(.psocinit)
 .psocinit      0x00000018      0x25c .\CortexM0\ARM_GCC_493\Debug\fixed.a(cyfitter_cfg.o)
                0x000000f0                cyfitter_cfg
                0x00000274                . = MAX (., 0x100)
 *(.text .text.* .gnu.linkonce.t.*)
 .text          0x00000274       0x60 c:/program files (x86)/cypress/psoc creator/4.0/psoc creator/import/gnu/arm/4.9.3/bin/../lib/gcc/arm-none-eabi/4.9.3/armv6-m/crtbegin.o
 .text.LedRegWrite
                0x000002d4       0x20 .\CortexM0\ARM_GCC_493\Debug\main.o
                0x000002d4                LedRegWrite
 .text.LedInitRegs
                0x000002f4       0x38 .\CortexM0\ARM_GCC_493\Debug\main.o
                0x000002f4                LedInitRegs
 .text.LedSetRGB
                0x0000032c       0x40 .\CortexM0\ARM_GCC_493\Debug\main.o
                0x0000032c                LedSetRGB
 .text.DoLedUpdate
                0x0000036c       0x50 .\CortexM0\ARM_GCC_493\Debug\main.o
                0x0000036c                DoLedUpdate
 .text.main     0x000003bc      0x130 .\CortexM0\ARM_GCC_493\Debug\main.o
                0x000003bc                main
 .text.MotGetPos
                0x000004ec        0xc .\CortexM0\ARM_GCC_493\Debug\motor.o
                0x000004ec                MotGetPos
 .text.MotHome  0x000004f8       0x78 .\CortexM0\ARM_GCC_493\Debug\motor.o
                0x000004f8                MotHome
 .text.isqrt    0x00000570       0x2c .\CortexM0\ARM_GCC_493\Debug\motor.o
                0x00000570                isqrt
 .text.MotMoveRel
                0x0000059c       0x88 .\CortexM0\ARM_GCC_493\Debug\motor.o
                0x0000059c                MotMoveRel
 .text.MotTask  0x00000624       0xac .\CortexM0\ARM_GCC_493\Debug\motor.o
                0x00000624                MotTask
 .text.IntDefaultHandler
                0x000006d0       0x10 .\CortexM0\ARM_GCC_493\Debug\Cm0Start.o
                0x000006d0                IntDefaultHandler
 .text.Start_c  0x000006e0       0x48 .\CortexM0\ARM_GCC_493\Debug\Cm0Start.o
                0x000006e0                Start_c
 .text.initialize_psoc
                0x00000728       0x48 .\CortexM0\ARM_GCC_493\Debug\Cm0Start.o
                0x00000728                initialize_psoc
 .text.cfg_write_bytes32
                0x00000770       0x34 .\CortexM0\ARM_GCC_493\Debug\fixed.a(cyfitter_cfg.o)
 .text.CYMEMZERO
                0x000007a4        0xc .\CortexM0\ARM_GCC_493\Debug\fixed.a(cyfitter_cfg.o)
 .text.SetAnalogRoutingPumps
                0x000007b0       0x20 .\CortexM0\ARM_GCC_493\Debug\fixed.a(cyfitter_cfg.o)
                0x000007b0                SetAnalogRoutingPumps
 .text.AnalogSetDefault
                0x000007d0       0x18 .\CortexM0\ARM_GCC_493\Debug\fixed.a(cyfitter_cfg.o)
 .text.CyIntEnable
                0x000007e8       0x14 .\CortexM0\ARM_GCC_493\Debug\fixed.a(CyLib.o)
                0x000007e8                CyIntEnable
 .text.CyIntDisable
                0x000007fc       0x14 .\CortexM0\ARM_GCC_493\Debug\fixed.a(CyLib.o)
                0x000007fc                CyIntDisable
 .text.CyHalt   0x00000810        0x4 .\CortexM0\ARM_GCC_493\Debug\fixed.a(CyLib.o)
                0x00000810                CyHalt
 .text.CyIntSetVector
                0x00000814       0x24 .\CortexM0\ARM_GCC_493\Debug\fixed.a(CyLib.o)
                0x00000814                CyIntSetVector
 .text.CyIntSetPriority
                0x00000838       0x4c .\CortexM0\ARM_GCC_493\Debug\fixed.a(CyLib.o)
                0x00000838                CyIntSetPriority
 .text.CyDelay  0x00000884       0x30 .\CortexM0\ARM_GCC_493\Debug\fixed.a(CyLib.o)
                0x00000884                CyDelay
 .text.CyDelayUs
                0x000008b4       0x14 .\CortexM0\ARM_GCC_493\Debug\fixed.a(CyLib.o)
                0x000008b4                CyDelayUs
 .text.CySysClkWriteImoFreq
                0x000008c8      0x164 .\CortexM0\ARM_GCC_493\Debug\fixed.a(CyLib.o)
                0x000008c8                CySysClkWriteImoFreq
 .text.CySysWdtLocked
                0x00000a2c       0x14 .\CortexM0\ARM_GCC_493\Debug\fixed.a(CyLFClk.o)
 .text.CySysWdtLock
                0x00000a40       0x1c .\CortexM0\ARM_GCC_493\Debug\fixed.a(CyLFClk.o)
                0x00000a40                CySysWdtLock
 .text.CySysWdtUnlock
                0x00000a5c       0x30 .\CortexM0\ARM_GCC_493\Debug\fixed.a(CyLFClk.o)
                0x00000a5c                CySysWdtUnlock
 .text.CySysWdtClearInterrupt
                0x00000a8c       0x4c .\CortexM0\ARM_GCC_493\Debug\fixed.a(CyLFClk.o)
                0x00000a8c                CySysWdtClearInterrupt
 .text.CySysWdtIsr
                0x00000ad8       0xa4 .\CortexM0\ARM_GCC_493\Debug\fixed.a(CyLFClk.o)
                0x00000ad8                CySysWdtIsr
 .text.I2C_LED_ScbEnableIntr
                0x00000b7c        0xc .\CortexM0\ARM_GCC_493\Debug\fixed.a(I2C_LED.o)
 .text.I2C_LED_Init
                0x00000b88        0x8 .\CortexM0\ARM_GCC_493\Debug\fixed.a(I2C_LED.o)
                0x00000b88                I2C_LED_Init
 .text.I2C_LED_Enable
                0x00000b90       0x18 .\CortexM0\ARM_GCC_493\Debug\fixed.a(I2C_LED.o)
                0x00000b90                I2C_LED_Enable
 .text.I2C_LED_Start
                0x00000ba8       0x20 .\CortexM0\ARM_GCC_493\Debug\fixed.a(I2C_LED.o)
                0x00000ba8                I2C_LED_Start
 .text.I2C_LED_I2CInit
                0x00000bc8       0xcc .\CortexM0\ARM_GCC_493\Debug\fixed.a(I2C_LED_I2C.o)
                0x00000bc8                I2C_LED_I2CInit
 .text.I2C_LED_I2CMasterSendStart
                0x00000c94       0xd8 .\CortexM0\ARM_GCC_493\Debug\fixed.a(I2C_LED_I2C_MASTER.o)
                0x00000c94                I2C_LED_I2CMasterSendStart
 .text.I2C_LED_I2CMasterSendStop
                0x00000d6c       0x8c .\CortexM0\ARM_GCC_493\Debug\fixed.a(I2C_LED_I2C_MASTER.o)
                0x00000d6c                I2C_LED_I2CMasterSendStop
 .text.I2C_LED_I2CMasterWriteByte
                0x00000df8       0x98 .\CortexM0\ARM_GCC_493\Debug\fixed.a(I2C_LED_I2C_MASTER.o)
                0x00000df8                I2C_LED_I2CMasterWriteByte
 .text.EZI2C_CAM_ScbEnableIntr
                0x00000e90        0xc .\CortexM0\ARM_GCC_493\Debug\fixed.a(EZI2C_CAM.o)
 .text.EZI2C_CAM_Init
                0x00000e9c        0x8 .\CortexM0\ARM_GCC_493\Debug\fixed.a(EZI2C_CAM.o)
                0x00000e9c                EZI2C_CAM_Init
 .text.EZI2C_CAM_Enable
                0x00000ea4       0x18 .\CortexM0\ARM_GCC_493\Debug\fixed.a(EZI2C_CAM.o)
                0x00000ea4                EZI2C_CAM_Enable
 .text.EZI2C_CAM_Start
                0x00000ebc       0x20 .\CortexM0\ARM_GCC_493\Debug\fixed.a(EZI2C_CAM.o)
                0x00000ebc                EZI2C_CAM_Start
 .text.EZI2C_CAM_I2CSlaveNackGeneration
                0x00000edc       0x3c .\CortexM0\ARM_GCC_493\Debug\fixed.a(EZI2C_CAM.o)
                0x00000edc                EZI2C_CAM_I2CSlaveNackGeneration
 .text.EZI2C_CAM_EzI2CInit
                0x00000f18       0xd0 .\CortexM0\ARM_GCC_493\Debug\fixed.a(EZI2C_CAM_EZI2C.o)
                0x00000f18                EZI2C_CAM_EzI2CInit
 .text.EZI2C_CAM_EzI2CSetBuffer1
                0x00000fe8       0x30 .\CortexM0\ARM_GCC_493\Debug\fixed.a(EZI2C_CAM_EZI2C.o)
                0x00000fe8                EZI2C_CAM_EzI2CSetBuffer1
 .text.EZI2C_CAM_EZI2C_STRETCH_ISR
                0x00001018      0x328 .\CortexM0\ARM_GCC_493\Debug\fixed.a(EZI2C_CAM_EZI2C_INT.o)
                0x00001018                EZI2C_CAM_EZI2C_STRETCH_ISR
 .text.AUD_GAIN0_Write
                0x00001340       0x18 .\CortexM0\ARM_GCC_493\Debug\fixed.a(AUD_GAIN0.o)
                0x00001340                AUD_GAIN0_Write
 .text.AUD_GAIN1_Write
                0x00001358       0x18 .\CortexM0\ARM_GCC_493\Debug\fixed.a(AUD_GAIN1.o)
                0x00001358                AUD_GAIN1_Write
 .text.PWM_M_Enable
                0x00001370       0x10 .\CortexM0\ARM_GCC_493\Debug\fixed.a(PWM_M.o)
                0x00001370                PWM_M_Enable
 .text.PWM_M_WriteCounter
                0x00001380        0xc .\CortexM0\ARM_GCC_493\Debug\fixed.a(PWM_M.o)
                0x00001380                PWM_M_WriteCounter
 .text.PWM_M_WritePeriod
                0x0000138c        0xc .\CortexM0\ARM_GCC_493\Debug\fixed.a(PWM_M.o)
                0x0000138c                PWM_M_WritePeriod
 .text.PWM_M_WriteCompare1
                0x00001398        0xc .\CortexM0\ARM_GCC_493\Debug\fixed.a(PWM_M.o)
                0x00001398                PWM_M_WriteCompare1
 .text.PWM_M_WriteCompare2
                0x000013a4        0xc .\CortexM0\ARM_GCC_493\Debug\fixed.a(PWM_M.o)
                0x000013a4                PWM_M_WriteCompare2
 .text.PWM_M_SetInterruptMode
                0x000013b0        0xc .\CortexM0\ARM_GCC_493\Debug\fixed.a(PWM_M.o)
                0x000013b0                PWM_M_SetInterruptMode
 .text.PWM_M_ReadStatusRegister
                0x000013bc        0xc .\CortexM0\ARM_GCC_493\Debug\fixed.a(PWM_M.o)
                0x000013bc                PWM_M_ReadStatusRegister
 .text.PWM_M_ReadCapture
                0x000013c8        0xc .\CortexM0\ARM_GCC_493\Debug\fixed.a(PWM_M.o)
                0x000013c8                PWM_M_ReadCapture
 .text.PWM_M_ClearFIFO
                0x000013d4       0x14 .\CortexM0\ARM_GCC_493\Debug\fixed.a(PWM_M.o)
                0x000013d4                PWM_M_ClearFIFO
 .text.PWM_M_Init
                0x000013e8       0x58 .\CortexM0\ARM_GCC_493\Debug\fixed.a(PWM_M.o)
                0x000013e8                PWM_M_Init
 .text.PWM_M_Start
                0x00001440       0x20 .\CortexM0\ARM_GCC_493\Debug\fixed.a(PWM_M.o)
                0x00001440                PWM_M_Start
 .text.STEP_COUNT_WriteCounter
                0x00001460       0x10 .\CortexM0\ARM_GCC_493\Debug\fixed.a(STEP_COUNT.o)
                0x00001460                STEP_COUNT_WriteCounter
 .text.STEP_COUNT_ReadCounter
                0x00001470       0x10 .\CortexM0\ARM_GCC_493\Debug\fixed.a(STEP_COUNT.o)
                0x00001470                STEP_COUNT_ReadCounter
 .text.STEP_COUNT_WritePeriod
                0x00001480       0x10 .\CortexM0\ARM_GCC_493\Debug\fixed.a(STEP_COUNT.o)
                0x00001480                STEP_COUNT_WritePeriod
 .text.STEP_COUNT_TriggerCommand
                0x00001490       0x1c .\CortexM0\ARM_GCC_493\Debug\fixed.a(STEP_COUNT.o)
                0x00001490                STEP_COUNT_TriggerCommand
 .text.STEP_COUNT_Enable
                0x000014ac       0x24 .\CortexM0\ARM_GCC_493\Debug\fixed.a(STEP_COUNT.o)
                0x000014ac                STEP_COUNT_Enable
 .text.STEP_COUNT_SetInterruptMode
                0x000014d0        0xc .\CortexM0\ARM_GCC_493\Debug\fixed.a(STEP_COUNT.o)
                0x000014d0                STEP_COUNT_SetInterruptMode
 .text.STEP_COUNT_Init
                0x000014dc       0x30 .\CortexM0\ARM_GCC_493\Debug\fixed.a(STEP_COUNT.o)
                0x000014dc                STEP_COUNT_Init
 .text.STEP_COUNT_Start
                0x0000150c       0x20 .\CortexM0\ARM_GCC_493\Debug\fixed.a(STEP_COUNT.o)
                0x0000150c                STEP_COUNT_Start
 .text.CW_Write
                0x0000152c       0x18 .\CortexM0\ARM_GCC_493\Debug\fixed.a(CW.o)
                0x0000152c                CW_Write
 .text.Comp_ISENSE_Init
                0x00001544       0x38 .\CortexM0\ARM_GCC_493\Debug\fixed.a(Comp_ISENSE.o)
                0x00001544                Comp_ISENSE_Init
 .text.Comp_ISENSE_Enable
                0x0000157c       0x1c .\CortexM0\ARM_GCC_493\Debug\fixed.a(Comp_ISENSE.o)
                0x0000157c                Comp_ISENSE_Enable
 .text.Comp_ISENSE_Start
                0x00001598       0x20 .\CortexM0\ARM_GCC_493\Debug\fixed.a(Comp_ISENSE.o)
                0x00001598                Comp_ISENSE_Start
 .text.Comp_ISENSE_GetCompare
                0x000015b8       0x10 .\CortexM0\ARM_GCC_493\Debug\fixed.a(Comp_ISENSE.o)
                0x000015b8                Comp_ISENSE_GetCompare
 .text.IDAC_1_Init
                0x000015c8       0x54 .\CortexM0\ARM_GCC_493\Debug\fixed.a(IDAC_1.o)
                0x000015c8                IDAC_1_Init
 .text.IDAC_1_Enable
                0x0000161c       0x2c .\CortexM0\ARM_GCC_493\Debug\fixed.a(IDAC_1.o)
                0x0000161c                IDAC_1_Enable
 .text.IDAC_1_Start
                0x00001648       0x20 .\CortexM0\ARM_GCC_493\Debug\fixed.a(IDAC_1.o)
                0x00001648                IDAC_1_Start
 .text.IDAC_1_SetValue
                0x00001668       0x20 .\CortexM0\ARM_GCC_493\Debug\fixed.a(IDAC_1.o)
                0x00001668                IDAC_1_SetValue
 .text          0x00001688       0x28 .\CortexM0\ARM_GCC_493\Debug\fixed.a(CyBootAsmGnu.o)
                0x00001688                CyDelayCycles
                0x0000169c                CyEnterCriticalSection
                0x000016a4                CyExitCriticalSection
 .text.I2C_LED_I2C_ISR
                0x000016b0      0x3a0 .\CortexM0\ARM_GCC_493\Debug\fixed.a(I2C_LED_I2C_INT.o)
                0x000016b0                I2C_LED_I2C_ISR
 .text.__errno  0x00001a50        0xc c:/program files (x86)/cypress/psoc creator/4.0/psoc creator/import/gnu/arm/4.9.3/bin/../lib/gcc/arm-none-eabi/4.9.3/../../../../arm-none-eabi/lib/armv6-m\libg_nano.a(lib_a-errno.o)
                0x00001a50                __errno
 .text.__libc_init_array
                0x00001a5c       0x4c c:/program files (x86)/cypress/psoc creator/4.0/psoc creator/import/gnu/arm/4.9.3/bin/../lib/gcc/arm-none-eabi/4.9.3/../../../../arm-none-eabi/lib/armv6-m\libg_nano.a(lib_a-init.o)
                0x00001a5c                __libc_init_array
 .text.memset   0x00001aa8       0x10 c:/program files (x86)/cypress/psoc creator/4.0/psoc creator/import/gnu/arm/4.9.3/bin/../lib/gcc/arm-none-eabi/4.9.3/../../../../arm-none-eabi/lib/armv6-m\libg_nano.a(lib_a-memset.o)
                0x00001aa8                memset
 *(.plt)
 *(.gnu.warning)
 *(.glue_7t)
 .glue_7t       0x00000000        0x0 linker stubs
 *(.glue_7)
 .glue_7        0x00000000        0x0 linker stubs
 *(.vfp11_veneer)
 .vfp11_veneer  0x00000000        0x0 linker stubs
 *(.bootloader)
 *(.ARM.extab* .gnu.linkonce.armextab.*)
 *(.gcc_except_table)

.v4_bx          0x00001ab8        0x0
 .v4_bx         0x00000000        0x0 linker stubs

.iplt           0x00001ab8        0x0
 .iplt          0x00000000        0x0 c:/program files (x86)/cypress/psoc creator/4.0/psoc creator/import/gnu/arm/4.9.3/bin/../lib/gcc/arm-none-eabi/4.9.3/armv6-m/crtbegin.o

.eh_frame_hdr
 *(.eh_frame_hdr)

.eh_frame       0x00001ab8        0x4
 *(.eh_frame)
 .eh_frame      0x00001ab8        0x0 c:/program files (x86)/cypress/psoc creator/4.0/psoc creator/import/gnu/arm/4.9.3/bin/../lib/gcc/arm-none-eabi/4.9.3/armv6-m/crtbegin.o
 .eh_frame      0x00001ab8        0x4 c:/program files (x86)/cypress/psoc creator/4.0/psoc creator/import/gnu/arm/4.9.3/bin/../lib/gcc/arm-none-eabi/4.9.3/armv6-m/crtend.o
                0x00001abc                PROVIDE (__exidx_start, .)

.ARM.exidx
 *(.ARM.exidx* .gnu.linkonce.armexidx.*)
                0x00001abc                __exidx_end = .

.rodata         0x00001abc      0x1dc
 *(.rodata .rodata.* .gnu.linkonce.r.*)
 .rodata        0x00001abc      0x174 .\CortexM0\ARM_GCC_493\Debug\fixed.a(cyfitter_cfg.o)
 .rodata        0x00001c30       0x30 .\CortexM0\ARM_GCC_493\Debug\fixed.a(CyLib.o)
                0x00001c30                cyImoFreqMhz2Reg
 .rodata.str1.1
                0x00001c60        0x2 c:/program files (x86)/cypress/psoc creator/4.0/psoc creator/import/gnu/arm/4.9.3/bin/../lib/gcc/arm-none-eabi/4.9.3/../../../../arm-none-eabi/lib/armv6-m\libg_nano.a(lib_a-impure.o)
                0x00001c64                . = ALIGN (0x4)
 *fill*         0x00001c62        0x2 
 *(.init)
 .init          0x00001c64        0x4 c:/program files (x86)/cypress/psoc creator/4.0/psoc creator/import/gnu/arm/4.9.3/bin/../lib/gcc/arm-none-eabi/4.9.3/armv6-m/crti.o
                0x00001c64                _init
 .init          0x00001c68        0x8 c:/program files (x86)/cypress/psoc creator/4.0/psoc creator/import/gnu/arm/4.9.3/bin/../lib/gcc/arm-none-eabi/4.9.3/armv6-m/crtn.o
                0x00001c70                . = ALIGN (0x4)
                0x00001c70                __preinit_array_start = .
 *(.preinit_array)
                0x00001c70                __preinit_array_end = .
                0x00001c70                . = ALIGN (0x4)
                0x00001c70                __init_array_start = .
 *(SORT(.init_array.*))
 *(.init_array)
 .init_array    0x00001c70        0x4 c:/program files (x86)/cypress/psoc creator/4.0/psoc creator/import/gnu/arm/4.9.3/bin/../lib/gcc/arm-none-eabi/4.9.3/armv6-m/crtbegin.o
 .init_array    0x00001c74        0x4 .\CortexM0\ARM_GCC_493\Debug\Cm0Start.o
                0x00001c78                __init_array_end = .
                0x00001c78                . = ALIGN (0x4)
 *(.fini)
 .fini          0x00001c78        0x4 c:/program files (x86)/cypress/psoc creator/4.0/psoc creator/import/gnu/arm/4.9.3/bin/../lib/gcc/arm-none-eabi/4.9.3/armv6-m/crti.o
                0x00001c78                _fini
 .fini          0x00001c7c        0x8 c:/program files (x86)/cypress/psoc creator/4.0/psoc creator/import/gnu/arm/4.9.3/bin/../lib/gcc/arm-none-eabi/4.9.3/armv6-m/crtn.o
                0x00001c84                . = ALIGN (0x4)
                0x00001c84                __fini_array_start = .
 *(.fini_array)
 .fini_array    0x00001c84        0x4 c:/program files (x86)/cypress/psoc creator/4.0/psoc creator/import/gnu/arm/4.9.3/bin/../lib/gcc/arm-none-eabi/4.9.3/armv6-m/crtbegin.o
 *(SORT(.fini_array.*))
                0x00001c88                __fini_array_end = .
                0x00001c88                . = ALIGN (0x4)
 *crtbegin.o(.ctors)
 *(EXCLUDE_FILE(*crtend.o) .ctors)
 *(SORT(.ctors.*))
 *crtend.o(.ctors)
                0x00001c88                . = ALIGN (0x4)
 *crtbegin.o(.dtors)
 *(EXCLUDE_FILE(*crtend.o) .dtors)
 *(SORT(.dtors.*))
 *crtend.o(.dtors)
                0x00001c88                . = ALIGN (0x4)
                0x00001c88                __cy_regions = .
                0x00001c88        0x4 LONG 0x1c98 __cy_region_init_ram
                0x00001c8c        0x4 LONG 0x200000c8 __cy_region_start_data
                0x00001c90        0x4 LONG 0x80 __cy_region_init_size_ram
                0x00001c94        0x4 LONG 0xd0 __cy_region_zero_size_ram
                0x00001c98                __cy_regions_end = .
                0x00001c98                . = ALIGN (0x8)
                0x00001c98                _etext = .

.cy_checksum_exclude
                0x00001c98        0x0
 *(.cy_checksum_exclude)

.ramvectors     0x20000000       0xc0
                0x20000000                __cy_region_start_ram = .
 *(.ramvectors)
 .ramvectors    0x20000000       0xc0 .\CortexM0\ARM_GCC_493\Debug\Cm0Start.o
                0x20000000                CyRamVectors

.noinit         0x200000c0        0x4
 *(.noinit)
 .noinit        0x200000c0        0x4 .\CortexM0\ARM_GCC_493\Debug\Cm0Start.o

.data           0x200000c8       0x80 load address 0x00001c98
                0x200000c8                __cy_region_start_data = .
 *(.jcr)
 .jcr           0x200000c8        0x0 c:/program files (x86)/cypress/psoc creator/4.0/psoc creator/import/gnu/arm/4.9.3/bin/../lib/gcc/arm-none-eabi/4.9.3/armv6-m/crtbegin.o
 .jcr           0x200000c8        0x4 c:/program files (x86)/cypress/psoc creator/4.0/psoc creator/import/gnu/arm/4.9.3/bin/../lib/gcc/arm-none-eabi/4.9.3/armv6-m/crtend.o
 *(.got.plt)
 *(.got)
 *(.shdata)
 *(.data .data.* .gnu.linkonce.d.*)
 .data          0x200000cc       0x14 .\CortexM0\ARM_GCC_493\Debug\fixed.a(CyLib.o)
                0x200000cc                CySysClkPumpConfig
                0x200000d0                cydelay32kMs
                0x200000d4                cydelayFreqKhz
                0x200000d8                cydelayFreqMhz
                0x200000dc                cydelayFreqHz
 .data          0x200000e0        0x4 .\CortexM0\ARM_GCC_493\Debug\fixed.a(CyLFClk.o)
 .data.impure_data
                0x200000e4       0x60 c:/program files (x86)/cypress/psoc creator/4.0/psoc creator/import/gnu/arm/4.9.3/bin/../lib/gcc/arm-none-eabi/4.9.3/../../../../arm-none-eabi/lib/armv6-m\libg_nano.a(lib_a-impure.o)
 .data._impure_ptr
                0x20000144        0x4 c:/program files (x86)/cypress/psoc creator/4.0/psoc creator/import/gnu/arm/4.9.3/bin/../lib/gcc/arm-none-eabi/4.9.3/../../../../arm-none-eabi/lib/armv6-m\libg_nano.a(lib_a-impure.o)
                0x20000144                _impure_ptr
                0x20000148                . = ALIGN (0x8)
 *(.ram)
                0x20000148                _edata = .

.igot.plt       0x20000148        0x0 load address 0x00001d18
 .igot.plt      0x00000000        0x0 c:/program files (x86)/cypress/psoc creator/4.0/psoc creator/import/gnu/arm/4.9.3/bin/../lib/gcc/arm-none-eabi/4.9.3/armv6-m/crtbegin.o

.bss            0x20000148       0xd0 load address 0x00001d18
                0x20000148                PROVIDE (__bss_start__, .)
 *(.shbss)
 *(.bss .bss.* .gnu.linkonce.b.*)
 .bss           0x20000148       0x1c c:/program files (x86)/cypress/psoc creator/4.0/psoc creator/import/gnu/arm/4.9.3/bin/../lib/gcc/arm-none-eabi/4.9.3/armv6-m/crtbegin.o
 .bss           0x20000164        0x2 .\CortexM0\ARM_GCC_493\Debug\motor.o
                0x20000164                mot_active
                0x20000165                mot_homed
 *fill*         0x20000166        0x2 
 .bss           0x20000168       0x20 .\CortexM0\ARM_GCC_493\Debug\fixed.a(CyLFClk.o)
 .bss           0x20000188        0x8 .\CortexM0\ARM_GCC_493\Debug\fixed.a(I2C_LED.o)
                0x20000188                I2C_LED_initVar
                0x2000018c                I2C_LED_customIntrHandler
 .bss           0x20000190        0x8 .\CortexM0\ARM_GCC_493\Debug\fixed.a(EZI2C_CAM.o)
                0x20000190                EZI2C_CAM_initVar
                0x20000194                EZI2C_CAM_customIntrHandler
 .bss           0x20000198        0x2 .\CortexM0\ARM_GCC_493\Debug\fixed.a(EZI2C_CAM_EZI2C_INT.o)
 .bss           0x2000019a        0x1 .\CortexM0\ARM_GCC_493\Debug\fixed.a(PWM_M.o)
                0x2000019a                PWM_M_initVar
 .bss           0x2000019b        0x1 .\CortexM0\ARM_GCC_493\Debug\fixed.a(STEP_COUNT.o)
                0x2000019b                STEP_COUNT_initVar
 .bss           0x2000019c        0x8 .\CortexM0\ARM_GCC_493\Debug\fixed.a(Comp_ISENSE.o)
                0x200001a0                Comp_ISENSE_initVar
 .bss           0x200001a4        0x4 .\CortexM0\ARM_GCC_493\Debug\fixed.a(IDAC_1.o)
                0x200001a4                IDAC_1_initVar
 *(COMMON)
 COMMON         0x200001a8       0x1d .\CortexM0\ARM_GCC_493\Debug\main.o
                0x200001a8                set
 *fill*         0x200001c5        0x3 
 COMMON         0x200001c8       0x1c .\CortexM0\ARM_GCC_493\Debug\motor.o
                0x200001c8                last_p
                0x200001cc                mot_start
                0x200001d0                mot_target
                0x200001d4                mot_decel_start
                0x200001d8                half_dist
                0x200001dc                last_x
                0x200001e0                mot_pos
 COMMON         0x200001e4        0x1 .\CortexM0\ARM_GCC_493\Debug\fixed.a(I2C_LED_I2C.o)
                0x200001e4                I2C_LED_state
 *fill*         0x200001e5        0x3 
 COMMON         0x200001e8       0x20 .\CortexM0\ARM_GCC_493\Debug\fixed.a(I2C_LED_I2C_MASTER.o)
                0x200001e8                I2C_LED_mstrRdBufIndex
                0x200001ec                I2C_LED_mstrWrBufIndexTmp
                0x200001f0                I2C_LED_mstrWrBufIndex
                0x200001f4                I2C_LED_mstrRdBufPtr
                0x200001f8                I2C_LED_mstrWrBufPtr
                0x200001fc                I2C_LED_mstrWrBufSize
                0x20000200                I2C_LED_mstrControl
                0x20000202                I2C_LED_mstrStatus
                0x20000204                I2C_LED_mstrRdBufSize
 COMMON         0x20000208        0xe .\CortexM0\ARM_GCC_493\Debug\fixed.a(EZI2C_CAM_EZI2C.o)
                0x20000208                EZI2C_CAM_dataBuffer1
                0x2000020c                EZI2C_CAM_indexBuf1
                0x2000020e                EZI2C_CAM_fsmState
                0x2000020f                EZI2C_CAM_curStatus
                0x20000210                EZI2C_CAM_offsetBuf1
                0x20000212                EZI2C_CAM_protectBuf1
                0x20000214                EZI2C_CAM_bufSizeBuf1
                0x20000218                . = ALIGN (0x8)
 *fill*         0x20000216        0x2 
 *(.ram.b)
                0x20000218                _end = .
                0x20000218                __end = .
                0x20000218                PROVIDE (end, .)
                0x20000218                PROVIDE (__bss_end__, .)
                0x00001c98                __cy_region_init_ram = LOADADDR (.data)
                0x00000080                __cy_region_init_size_ram = (_edata - ADDR (.data))
                0x000000d0                __cy_region_zero_size_ram = (_end - _edata)

.heap           0x20000218       0x80 load address 0x00001d18
                0x20000218                . = _end
                0x20000298                . = (. + 0x80)
 *fill*         0x20000218       0x80 
                0x20000298                __cy_heap_limit = .

.stack          0x20000c00      0x400
                0x20000c00                __cy_stack_limit = .
                0x20001000                . = (. + 0x400)
 *fill*         0x20000c00      0x400 
                0x00000001                ASSERT ((__cy_stack_limit >= __cy_heap_limit), region RAM overflowed with stack)
                0x00000000                cy_checksum_exclude_size = (CY_APPL_LOADABLE == 0x1)?SIZEOF (.cy_checksum_exclude):0x0
                0x00000001                ASSERT ((cy_checksum_exclude_size <= CY_CHECKSUM_EXCLUDE_SIZE), CY_BOOT: Section .cy_checksum_exclude size exceedes specified limit.)
                0x00007fc0                cyloadermeta_start = (cy_project_type_bootloader || cy_project_type_app_for_stack_and_copier)?(0x8000 - CY_METADATA_SIZE):0xf0000000

.cyloadermeta
 *(.cyloadermeta)
                0x00007fc0                cyloadablemeta_start = cy_project_type_app_for_stack_and_copier?((0x8000 - CY_FLASH_ROW_SIZE) - CY_METADATA_SIZE):((0x8000 - (CY_FLASH_ROW_SIZE * (CY_APPL_NUM - 0x1))) - CY_METADATA_SIZE)

.cyloadablemeta
 *(.cyloadablemeta)

.cyflashprotect
                0x90400000       0x20
 *(.cyflashprotect)
 .cyflashprotect
                0x90400000       0x20 .\CortexM0\ARM_GCC_493\Debug\cymetadata.o
                0x90400000                cy_meta_flashprotect

.cymeta         0x90500000        0xc
 *(.cymeta)
 .cymeta        0x90500000        0xc .\CortexM0\ARM_GCC_493\Debug\cymetadata.o
                0x90500000                cy_metadata

.cychipprotect  0x90600000        0x4
 *(.cychipprotect)
 .cychipprotect
                0x90600000        0x4 .\CortexM0\ARM_GCC_493\Debug\cymetadata.o
                0x90600000                cy_meta_chipprotect

.rel.dyn        0x00001d18        0x0 load address 0x90600004
 .rel.iplt      0x00000000        0x0 c:/program files (x86)/cypress/psoc creator/4.0/psoc creator/import/gnu/arm/4.9.3/bin/../lib/gcc/arm-none-eabi/4.9.3/armv6-m/crtbegin.o

.stab
 *(.stab)

.stabstr
 *(.stabstr)

.debug
 *(.debug)

.line
 *(.line)

.debug_srcinfo
 *(.debug_srcinfo)

.debug_sfnames
 *(.debug_sfnames)

.debug_aranges  0x00000000      0xa50
 *(.debug_aranges)
 .debug_aranges
                0x00000000       0x40 .\CortexM0\ARM_GCC_493\Debug\main.o
 .debug_aranges
                0x00000040       0x40 .\CortexM0\ARM_GCC_493\Debug\motor.o
 .debug_aranges
                0x00000080       0x18 .\CortexM0\ARM_GCC_493\Debug\cymetadata.o
 .debug_aranges
                0x00000098       0x48 .\CortexM0\ARM_GCC_493\Debug\Cm0Start.o
 .debug_aranges
                0x000000e0       0x48 .\CortexM0\ARM_GCC_493\Debug\fixed.a(cyfitter_cfg.o)
 .debug_aranges
                0x00000128      0x180 .\CortexM0\ARM_GCC_493\Debug\fixed.a(CyLib.o)
 .debug_aranges
                0x000002a8      0x138 .\CortexM0\ARM_GCC_493\Debug\fixed.a(CyLFClk.o)
 .debug_aranges
                0x000003e0       0x68 .\CortexM0\ARM_GCC_493\Debug\fixed.a(I2C_LED.o)
 .debug_aranges
                0x00000448       0x28 .\CortexM0\ARM_GCC_493\Debug\fixed.a(I2C_LED_I2C.o)
 .debug_aranges
                0x00000470       0x88 .\CortexM0\ARM_GCC_493\Debug\fixed.a(I2C_LED_I2C_MASTER.o)
 .debug_aranges
                0x000004f8       0x48 .\CortexM0\ARM_GCC_493\Debug\fixed.a(I2C_LED_sda.o)
 .debug_aranges
                0x00000540       0x48 .\CortexM0\ARM_GCC_493\Debug\fixed.a(I2C_LED_scl.o)
 .debug_aranges
                0x00000588       0x68 .\CortexM0\ARM_GCC_493\Debug\fixed.a(EZI2C_CAM.o)
 .debug_aranges
                0x000005f0       0x50 .\CortexM0\ARM_GCC_493\Debug\fixed.a(EZI2C_CAM_EZI2C.o)
 .debug_aranges
                0x00000640       0x20 .\CortexM0\ARM_GCC_493\Debug\fixed.a(EZI2C_CAM_EZI2C_INT.o)
 .debug_aranges
                0x00000660       0x48 .\CortexM0\ARM_GCC_493\Debug\fixed.a(AUD_GAIN0.o)
 .debug_aranges
                0x000006a8       0x48 .\CortexM0\ARM_GCC_493\Debug\fixed.a(AUD_GAIN1.o)
 .debug_aranges
                0x000006f0       0xa8 .\CortexM0\ARM_GCC_493\Debug\fixed.a(PWM_M.o)
 .debug_aranges
                0x00000798      0x158 .\CortexM0\ARM_GCC_493\Debug\fixed.a(STEP_COUNT.o)
 .debug_aranges
                0x000008f0       0x48 .\CortexM0\ARM_GCC_493\Debug\fixed.a(CW.o)
 .debug_aranges
                0x00000938       0x98 .\CortexM0\ARM_GCC_493\Debug\fixed.a(Comp_ISENSE.o)
 .debug_aranges
                0x000009d0       0x40 .\CortexM0\ARM_GCC_493\Debug\fixed.a(IDAC_1.o)
 .debug_aranges
                0x00000a10       0x20 .\CortexM0\ARM_GCC_493\Debug\fixed.a(CyBootAsmGnu.o)
 .debug_aranges
                0x00000a30       0x20 .\CortexM0\ARM_GCC_493\Debug\fixed.a(I2C_LED_I2C_INT.o)

.debug_pubnames
 *(.debug_pubnames)

.debug_info     0x00000000     0x5b01
 *(.debug_info .gnu.linkonce.wi.*)
 .debug_info    0x00000000      0x725 .\CortexM0\ARM_GCC_493\Debug\main.o
 .debug_info    0x00000725      0x41c .\CortexM0\ARM_GCC_493\Debug\motor.o
 .debug_info    0x00000b41       0xfe .\CortexM0\ARM_GCC_493\Debug\cymetadata.o
 .debug_info    0x00000c3f      0x39a .\CortexM0\ARM_GCC_493\Debug\Cm0Start.o
 .debug_info    0x00000fd9      0x433 .\CortexM0\ARM_GCC_493\Debug\fixed.a(cyfitter_cfg.o)
 .debug_info    0x0000140c      0xb07 .\CortexM0\ARM_GCC_493\Debug\fixed.a(CyLib.o)
 .debug_info    0x00001f13      0xcfc .\CortexM0\ARM_GCC_493\Debug\fixed.a(CyLFClk.o)
 .debug_info    0x00002c0f      0x2a9 .\CortexM0\ARM_GCC_493\Debug\fixed.a(I2C_LED.o)
 .debug_info    0x00002eb8      0x1ab .\CortexM0\ARM_GCC_493\Debug\fixed.a(I2C_LED_I2C.o)
 .debug_info    0x00003063      0x685 .\CortexM0\ARM_GCC_493\Debug\fixed.a(I2C_LED_I2C_MASTER.o)
 .debug_info    0x000036e8      0x19d .\CortexM0\ARM_GCC_493\Debug\fixed.a(I2C_LED_sda.o)
 .debug_info    0x00003885      0x19b .\CortexM0\ARM_GCC_493\Debug\fixed.a(I2C_LED_scl.o)
 .debug_info    0x00003a20      0x2a9 .\CortexM0\ARM_GCC_493\Debug\fixed.a(EZI2C_CAM.o)
 .debug_info    0x00003cc9      0x347 .\CortexM0\ARM_GCC_493\Debug\fixed.a(EZI2C_CAM_EZI2C.o)
 .debug_info    0x00004010      0x1f9 .\CortexM0\ARM_GCC_493\Debug\fixed.a(EZI2C_CAM_EZI2C_INT.o)
 .debug_info    0x00004209      0x19d .\CortexM0\ARM_GCC_493\Debug\fixed.a(AUD_GAIN0.o)
 .debug_info    0x000043a6      0x19d .\CortexM0\ARM_GCC_493\Debug\fixed.a(AUD_GAIN1.o)
 .debug_info    0x00004543      0x37e .\CortexM0\ARM_GCC_493\Debug\fixed.a(PWM_M.o)
 .debug_info    0x000048c1      0x8f1 .\CortexM0\ARM_GCC_493\Debug\fixed.a(STEP_COUNT.o)
 .debug_info    0x000051b2      0x19d .\CortexM0\ARM_GCC_493\Debug\fixed.a(CW.o)
 .debug_info    0x0000534f      0x392 .\CortexM0\ARM_GCC_493\Debug\fixed.a(Comp_ISENSE.o)
 .debug_info    0x000056e1      0x21c .\CortexM0\ARM_GCC_493\Debug\fixed.a(IDAC_1.o)
 .debug_info    0x000058fd       0x77 .\CortexM0\ARM_GCC_493\Debug\fixed.a(CyBootAsmGnu.o)
 .debug_info    0x00005974      0x18d .\CortexM0\ARM_GCC_493\Debug\fixed.a(I2C_LED_I2C_INT.o)

.debug_abbrev   0x00000000     0x1d33
 *(.debug_abbrev)
 .debug_abbrev  0x00000000      0x22e .\CortexM0\ARM_GCC_493\Debug\main.o
 .debug_abbrev  0x0000022e      0x16e .\CortexM0\ARM_GCC_493\Debug\motor.o
 .debug_abbrev  0x0000039c       0x5d .\CortexM0\ARM_GCC_493\Debug\cymetadata.o
 .debug_abbrev  0x000003f9      0x1e6 .\CortexM0\ARM_GCC_493\Debug\Cm0Start.o
 .debug_abbrev  0x000005df      0x20b .\CortexM0\ARM_GCC_493\Debug\fixed.a(cyfitter_cfg.o)
 .debug_abbrev  0x000007ea      0x20d .\CortexM0\ARM_GCC_493\Debug\fixed.a(CyLib.o)
 .debug_abbrev  0x000009f7      0x23b .\CortexM0\ARM_GCC_493\Debug\fixed.a(CyLFClk.o)
 .debug_abbrev  0x00000c32      0x15b .\CortexM0\ARM_GCC_493\Debug\fixed.a(I2C_LED.o)
 .debug_abbrev  0x00000d8d       0xf3 .\CortexM0\ARM_GCC_493\Debug\fixed.a(I2C_LED_I2C.o)
 .debug_abbrev  0x00000e80      0x17c .\CortexM0\ARM_GCC_493\Debug\fixed.a(I2C_LED_I2C_MASTER.o)
 .debug_abbrev  0x00000ffc       0xc8 .\CortexM0\ARM_GCC_493\Debug\fixed.a(I2C_LED_sda.o)
 .debug_abbrev  0x000010c4       0xc8 .\CortexM0\ARM_GCC_493\Debug\fixed.a(I2C_LED_scl.o)
 .debug_abbrev  0x0000118c      0x15b .\CortexM0\ARM_GCC_493\Debug\fixed.a(EZI2C_CAM.o)
 .debug_abbrev  0x000012e7      0x170 .\CortexM0\ARM_GCC_493\Debug\fixed.a(EZI2C_CAM_EZI2C.o)
 .debug_abbrev  0x00001457       0xe2 .\CortexM0\ARM_GCC_493\Debug\fixed.a(EZI2C_CAM_EZI2C_INT.o)
 .debug_abbrev  0x00001539       0xc8 .\CortexM0\ARM_GCC_493\Debug\fixed.a(AUD_GAIN0.o)
 .debug_abbrev  0x00001601       0xc8 .\CortexM0\ARM_GCC_493\Debug\fixed.a(AUD_GAIN1.o)
 .debug_abbrev  0x000016c9      0x14d .\CortexM0\ARM_GCC_493\Debug\fixed.a(PWM_M.o)
 .debug_abbrev  0x00001816      0x133 .\CortexM0\ARM_GCC_493\Debug\fixed.a(STEP_COUNT.o)
 .debug_abbrev  0x00001949       0xc8 .\CortexM0\ARM_GCC_493\Debug\fixed.a(CW.o)
 .debug_abbrev  0x00001a11      0x1c9 .\CortexM0\ARM_GCC_493\Debug\fixed.a(Comp_ISENSE.o)
 .debug_abbrev  0x00001bda       0xbd .\CortexM0\ARM_GCC_493\Debug\fixed.a(IDAC_1.o)
 .debug_abbrev  0x00001c97       0x14 .\CortexM0\ARM_GCC_493\Debug\fixed.a(CyBootAsmGnu.o)
 .debug_abbrev  0x00001cab       0x88 .\CortexM0\ARM_GCC_493\Debug\fixed.a(I2C_LED_I2C_INT.o)

.debug_line     0x00000000     0x25db
 *(.debug_line)
 .debug_line    0x00000000      0x1e1 .\CortexM0\ARM_GCC_493\Debug\main.o
 .debug_line    0x000001e1      0x149 .\CortexM0\ARM_GCC_493\Debug\motor.o
 .debug_line    0x0000032a       0x51 .\CortexM0\ARM_GCC_493\Debug\cymetadata.o
 .debug_line    0x0000037b      0x24e .\CortexM0\ARM_GCC_493\Debug\Cm0Start.o
 .debug_line    0x000005c9      0x1a4 .\CortexM0\ARM_GCC_493\Debug\fixed.a(cyfitter_cfg.o)
 .debug_line    0x0000076d      0x460 .\CortexM0\ARM_GCC_493\Debug\fixed.a(CyLib.o)
 .debug_line    0x00000bcd      0x467 .\CortexM0\ARM_GCC_493\Debug\fixed.a(CyLFClk.o)
 .debug_line    0x00001034      0x14b .\CortexM0\ARM_GCC_493\Debug\fixed.a(I2C_LED.o)
 .debug_line    0x0000117f       0xac .\CortexM0\ARM_GCC_493\Debug\fixed.a(I2C_LED_I2C.o)
 .debug_line    0x0000122b      0x2c8 .\CortexM0\ARM_GCC_493\Debug\fixed.a(I2C_LED_I2C_MASTER.o)
 .debug_line    0x000014f3       0xc3 .\CortexM0\ARM_GCC_493\Debug\fixed.a(I2C_LED_sda.o)
 .debug_line    0x000015b6       0xc2 .\CortexM0\ARM_GCC_493\Debug\fixed.a(I2C_LED_scl.o)
 .debug_line    0x00001678      0x14f .\CortexM0\ARM_GCC_493\Debug\fixed.a(EZI2C_CAM.o)
 .debug_line    0x000017c7      0x108 .\CortexM0\ARM_GCC_493\Debug\fixed.a(EZI2C_CAM_EZI2C.o)
 .debug_line    0x000018cf      0x154 .\CortexM0\ARM_GCC_493\Debug\fixed.a(EZI2C_CAM_EZI2C_INT.o)
 .debug_line    0x00001a23       0xc1 .\CortexM0\ARM_GCC_493\Debug\fixed.a(AUD_GAIN0.o)
 .debug_line    0x00001ae4       0xc1 .\CortexM0\ARM_GCC_493\Debug\fixed.a(AUD_GAIN1.o)
 .debug_line    0x00001ba5      0x1b3 .\CortexM0\ARM_GCC_493\Debug\fixed.a(PWM_M.o)
 .debug_line    0x00001d58      0x37e .\CortexM0\ARM_GCC_493\Debug\fixed.a(STEP_COUNT.o)
 .debug_line    0x000020d6       0xba .\CortexM0\ARM_GCC_493\Debug\fixed.a(CW.o)
 .debug_line    0x00002190      0x1ab .\CortexM0\ARM_GCC_493\Debug\fixed.a(Comp_ISENSE.o)
 .debug_line    0x0000233b       0xc4 .\CortexM0\ARM_GCC_493\Debug\fixed.a(IDAC_1.o)
 .debug_line    0x000023ff       0x69 .\CortexM0\ARM_GCC_493\Debug\fixed.a(CyBootAsmGnu.o)
 .debug_line    0x00002468      0x173 .\CortexM0\ARM_GCC_493\Debug\fixed.a(I2C_LED_I2C_INT.o)

.debug_frame    0x00000000     0x18a8
 *(.debug_frame)
 .debug_frame   0x00000000       0xb8 .\CortexM0\ARM_GCC_493\Debug\main.o
 .debug_frame   0x000000b8       0x98 .\CortexM0\ARM_GCC_493\Debug\motor.o
 .debug_frame   0x00000150       0xbc .\CortexM0\ARM_GCC_493\Debug\Cm0Start.o
 .debug_frame   0x0000020c       0xb8 .\CortexM0\ARM_GCC_493\Debug\fixed.a(cyfitter_cfg.o)
 .debug_frame   0x000002c4      0x3e0 .\CortexM0\ARM_GCC_493\Debug\fixed.a(CyLib.o)
 .debug_frame   0x000006a4      0x3a8 .\CortexM0\ARM_GCC_493\Debug\fixed.a(CyLFClk.o)
 .debug_frame   0x00000a4c       0xf8 .\CortexM0\ARM_GCC_493\Debug\fixed.a(I2C_LED.o)
 .debug_frame   0x00000b44       0x3c .\CortexM0\ARM_GCC_493\Debug\fixed.a(I2C_LED_I2C.o)
 .debug_frame   0x00000b80      0x178 .\CortexM0\ARM_GCC_493\Debug\fixed.a(I2C_LED_I2C_MASTER.o)
 .debug_frame   0x00000cf8       0x70 .\CortexM0\ARM_GCC_493\Debug\fixed.a(I2C_LED_sda.o)
 .debug_frame   0x00000d68       0x70 .\CortexM0\ARM_GCC_493\Debug\fixed.a(I2C_LED_scl.o)
 .debug_frame   0x00000dd8       0xf8 .\CortexM0\ARM_GCC_493\Debug\fixed.a(EZI2C_CAM.o)
 .debug_frame   0x00000ed0       0xa8 .\CortexM0\ARM_GCC_493\Debug\fixed.a(EZI2C_CAM_EZI2C.o)
 .debug_frame   0x00000f78       0x30 .\CortexM0\ARM_GCC_493\Debug\fixed.a(EZI2C_CAM_EZI2C_INT.o)
 .debug_frame   0x00000fa8       0x70 .\CortexM0\ARM_GCC_493\Debug\fixed.a(AUD_GAIN0.o)
 .debug_frame   0x00001018       0x70 .\CortexM0\ARM_GCC_493\Debug\fixed.a(AUD_GAIN1.o)
 .debug_frame   0x00001088      0x154 .\CortexM0\ARM_GCC_493\Debug\fixed.a(PWM_M.o)
 .debug_frame   0x000011dc      0x390 .\CortexM0\ARM_GCC_493\Debug\fixed.a(STEP_COUNT.o)
 .debug_frame   0x0000156c       0x70 .\CortexM0\ARM_GCC_493\Debug\fixed.a(CW.o)
 .debug_frame   0x000015dc      0x150 .\CortexM0\ARM_GCC_493\Debug\fixed.a(Comp_ISENSE.o)
 .debug_frame   0x0000172c       0x9c .\CortexM0\ARM_GCC_493\Debug\fixed.a(IDAC_1.o)
 .debug_frame   0x000017c8       0x2c .\CortexM0\ARM_GCC_493\Debug\fixed.a(I2C_LED_I2C_INT.o)
 .debug_frame   0x000017f4       0x20 c:/program files (x86)/cypress/psoc creator/4.0/psoc creator/import/gnu/arm/4.9.3/bin/../lib/gcc/arm-none-eabi/4.9.3/armv6-m\libgcc.a(_udivsi3.o)
 .debug_frame   0x00001814       0x20 c:/program files (x86)/cypress/psoc creator/4.0/psoc creator/import/gnu/arm/4.9.3/bin/../lib/gcc/arm-none-eabi/4.9.3/../../../../arm-none-eabi/lib/armv6-m\libg_nano.a(lib_a-errno.o)
 .debug_frame   0x00001834       0x28 c:/program files (x86)/cypress/psoc creator/4.0/psoc creator/import/gnu/arm/4.9.3/bin/../lib/gcc/arm-none-eabi/4.9.3/../../../../arm-none-eabi/lib/armv6-m\libg_nano.a(lib_a-exit.o)
 .debug_frame   0x0000185c       0x2c c:/program files (x86)/cypress/psoc creator/4.0/psoc creator/import/gnu/arm/4.9.3/bin/../lib/gcc/arm-none-eabi/4.9.3/../../../../arm-none-eabi/lib/armv6-m\libg_nano.a(lib_a-init.o)
 .debug_frame   0x00001888       0x20 c:/program files (x86)/cypress/psoc creator/4.0/psoc creator/import/gnu/arm/4.9.3/bin/../lib/gcc/arm-none-eabi/4.9.3/../../../../arm-none-eabi/lib/armv6-m\libg_nano.a(lib_a-memset.o)

.debug_str      0x00000000     0x234d
 *(.debug_str)
 .debug_str     0x00000000      0x2f5 .\CortexM0\ARM_GCC_493\Debug\main.o
                                0x335 (size before relaxing)
 .debug_str     0x000002f5       0xc3 .\CortexM0\ARM_GCC_493\Debug\motor.o
                                0x28b (size before relaxing)
 .debug_str     0x000003b8       0x59 .\CortexM0\ARM_GCC_493\Debug\cymetadata.o
                                0x1b5 (size before relaxing)
 .debug_str     0x00000411      0x15a .\CortexM0\ARM_GCC_493\Debug\Cm0Start.o
                                0x2dc (size before relaxing)
 .debug_str     0x0000056b      0x131 .\CortexM0\ARM_GCC_493\Debug\fixed.a(cyfitter_cfg.o)
                                0x2eb (size before relaxing)
 .debug_str     0x0000069c      0x4b7 .\CortexM0\ARM_GCC_493\Debug\fixed.a(CyLib.o)
                                0x69f (size before relaxing)
 .debug_str     0x00000b53      0x527 .\CortexM0\ARM_GCC_493\Debug\fixed.a(CyLFClk.o)
                                0x718 (size before relaxing)
 .debug_str     0x0000107a      0x14e .\CortexM0\ARM_GCC_493\Debug\fixed.a(I2C_LED.o)
                                0x2f0 (size before relaxing)
 .debug_str     0x000011c8       0x74 .\CortexM0\ARM_GCC_493\Debug\fixed.a(I2C_LED_I2C.o)
                                0x23e (size before relaxing)
 .debug_str     0x0000123c      0x262 .\CortexM0\ARM_GCC_493\Debug\fixed.a(I2C_LED_I2C_MASTER.o)
                                0x4a0 (size before relaxing)
 .debug_str     0x0000149e       0xc4 .\CortexM0\ARM_GCC_493\Debug\fixed.a(I2C_LED_sda.o)
                                0x247 (size before relaxing)
 .debug_str     0x00001562       0x8e .\CortexM0\ARM_GCC_493\Debug\fixed.a(I2C_LED_scl.o)
                                0x247 (size before relaxing)
 .debug_str     0x000015f0      0x14d .\CortexM0\ARM_GCC_493\Debug\fixed.a(EZI2C_CAM.o)
                                0x312 (size before relaxing)
 .debug_str     0x0000173d      0x155 .\CortexM0\ARM_GCC_493\Debug\fixed.a(EZI2C_CAM_EZI2C.o)
                                0x35c (size before relaxing)
 .debug_str     0x00001892       0x9f .\CortexM0\ARM_GCC_493\Debug\fixed.a(EZI2C_CAM_EZI2C_INT.o)
                                0x2f2 (size before relaxing)
 .debug_str     0x00001931       0x93 .\CortexM0\ARM_GCC_493\Debug\fixed.a(AUD_GAIN0.o)
                                0x239 (size before relaxing)
 .debug_str     0x000019c4       0x93 .\CortexM0\ARM_GCC_493\Debug\fixed.a(AUD_GAIN1.o)
                                0x239 (size before relaxing)
 .debug_str     0x00001a57      0x1a7 .\CortexM0\ARM_GCC_493\Debug\fixed.a(PWM_M.o)
                                0x355 (size before relaxing)
 .debug_str     0x00001bfe      0x469 .\CortexM0\ARM_GCC_493\Debug\fixed.a(STEP_COUNT.o)
                                0x65e (size before relaxing)
 .debug_str     0x00002067       0x69 .\CortexM0\ARM_GCC_493\Debug\fixed.a(CW.o)
                                0x208 (size before relaxing)
 .debug_str     0x000020d0      0x1cd .\CortexM0\ARM_GCC_493\Debug\fixed.a(Comp_ISENSE.o)
                                0x3c1 (size before relaxing)
 .debug_str     0x0000229d       0x6d .\CortexM0\ARM_GCC_493\Debug\fixed.a(IDAC_1.o)
                                0x23c (size before relaxing)
 .debug_str     0x0000230a       0x43 .\CortexM0\ARM_GCC_493\Debug\fixed.a(I2C_LED_I2C_INT.o)
                                0x2b9 (size before relaxing)

.debug_loc      0x00000000     0x2bd5
 *(.debug_loc)
 .debug_loc     0x00000000      0x190 .\CortexM0\ARM_GCC_493\Debug\main.o
 .debug_loc     0x00000190      0x196 .\CortexM0\ARM_GCC_493\Debug\motor.o
 .debug_loc     0x00000326      0x14f .\CortexM0\ARM_GCC_493\Debug\Cm0Start.o
 .debug_loc     0x00000475      0x136 .\CortexM0\ARM_GCC_493\Debug\fixed.a(cyfitter_cfg.o)
 .debug_loc     0x000005ab      0x5b5 .\CortexM0\ARM_GCC_493\Debug\fixed.a(CyLib.o)
 .debug_loc     0x00000b60      0x9d5 .\CortexM0\ARM_GCC_493\Debug\fixed.a(CyLFClk.o)
 .debug_loc     0x00001535       0x7e .\CortexM0\ARM_GCC_493\Debug\fixed.a(I2C_LED.o)
 .debug_loc     0x000015b3      0x882 .\CortexM0\ARM_GCC_493\Debug\fixed.a(I2C_LED_I2C_MASTER.o)
 .debug_loc     0x00001e35       0xa2 .\CortexM0\ARM_GCC_493\Debug\fixed.a(I2C_LED_sda.o)
 .debug_loc     0x00001ed7       0x81 .\CortexM0\ARM_GCC_493\Debug\fixed.a(I2C_LED_scl.o)
 .debug_loc     0x00001f58       0x7e .\CortexM0\ARM_GCC_493\Debug\fixed.a(EZI2C_CAM.o)
 .debug_loc     0x00001fd6       0xe1 .\CortexM0\ARM_GCC_493\Debug\fixed.a(EZI2C_CAM_EZI2C.o)
 .debug_loc     0x000020b7      0x132 .\CortexM0\ARM_GCC_493\Debug\fixed.a(EZI2C_CAM_EZI2C_INT.o)
 .debug_loc     0x000021e9       0xa2 .\CortexM0\ARM_GCC_493\Debug\fixed.a(AUD_GAIN0.o)
 .debug_loc     0x0000228b       0xa2 .\CortexM0\ARM_GCC_493\Debug\fixed.a(AUD_GAIN1.o)
 .debug_loc     0x0000232d       0x26 .\CortexM0\ARM_GCC_493\Debug\fixed.a(PWM_M.o)
 .debug_loc     0x00002353      0x547 .\CortexM0\ARM_GCC_493\Debug\fixed.a(STEP_COUNT.o)
 .debug_loc     0x0000289a       0xa2 .\CortexM0\ARM_GCC_493\Debug\fixed.a(CW.o)
 .debug_loc     0x0000293c       0xd8 .\CortexM0\ARM_GCC_493\Debug\fixed.a(Comp_ISENSE.o)
 .debug_loc     0x00002a14       0xb5 .\CortexM0\ARM_GCC_493\Debug\fixed.a(IDAC_1.o)
 .debug_loc     0x00002ac9      0x10c .\CortexM0\ARM_GCC_493\Debug\fixed.a(I2C_LED_I2C_INT.o)

.debug_macinfo
 *(.debug_macinfo)

.debug_ranges   0x00000000      0x8b8
 *(.debug_ranges)
 .debug_ranges  0x00000000       0x30 .\CortexM0\ARM_GCC_493\Debug\main.o
 .debug_ranges  0x00000030       0x30 .\CortexM0\ARM_GCC_493\Debug\motor.o
 .debug_ranges  0x00000060       0x38 .\CortexM0\ARM_GCC_493\Debug\Cm0Start.o
 .debug_ranges  0x00000098       0x38 .\CortexM0\ARM_GCC_493\Debug\fixed.a(cyfitter_cfg.o)
 .debug_ranges  0x000000d0      0x170 .\CortexM0\ARM_GCC_493\Debug\fixed.a(CyLib.o)
 .debug_ranges  0x00000240      0x128 .\CortexM0\ARM_GCC_493\Debug\fixed.a(CyLFClk.o)
 .debug_ranges  0x00000368       0x58 .\CortexM0\ARM_GCC_493\Debug\fixed.a(I2C_LED.o)
 .debug_ranges  0x000003c0       0x18 .\CortexM0\ARM_GCC_493\Debug\fixed.a(I2C_LED_I2C.o)
 .debug_ranges  0x000003d8       0x78 .\CortexM0\ARM_GCC_493\Debug\fixed.a(I2C_LED_I2C_MASTER.o)
 .debug_ranges  0x00000450       0x38 .\CortexM0\ARM_GCC_493\Debug\fixed.a(I2C_LED_sda.o)
 .debug_ranges  0x00000488       0x38 .\CortexM0\ARM_GCC_493\Debug\fixed.a(I2C_LED_scl.o)
 .debug_ranges  0x000004c0       0x58 .\CortexM0\ARM_GCC_493\Debug\fixed.a(EZI2C_CAM.o)
 .debug_ranges  0x00000518       0x40 .\CortexM0\ARM_GCC_493\Debug\fixed.a(EZI2C_CAM_EZI2C.o)
 .debug_ranges  0x00000558       0x10 .\CortexM0\ARM_GCC_493\Debug\fixed.a(EZI2C_CAM_EZI2C_INT.o)
 .debug_ranges  0x00000568       0x38 .\CortexM0\ARM_GCC_493\Debug\fixed.a(AUD_GAIN0.o)
 .debug_ranges  0x000005a0       0x38 .\CortexM0\ARM_GCC_493\Debug\fixed.a(AUD_GAIN1.o)
 .debug_ranges  0x000005d8       0x98 .\CortexM0\ARM_GCC_493\Debug\fixed.a(PWM_M.o)
 .debug_ranges  0x00000670      0x148 .\CortexM0\ARM_GCC_493\Debug\fixed.a(STEP_COUNT.o)
 .debug_ranges  0x000007b8       0x38 .\CortexM0\ARM_GCC_493\Debug\fixed.a(CW.o)
 .debug_ranges  0x000007f0       0x88 .\CortexM0\ARM_GCC_493\Debug\fixed.a(Comp_ISENSE.o)
 .debug_ranges  0x00000878       0x30 .\CortexM0\ARM_GCC_493\Debug\fixed.a(IDAC_1.o)
 .debug_ranges  0x000008a8       0x10 .\CortexM0\ARM_GCC_493\Debug\fixed.a(I2C_LED_I2C_INT.o)

.comment        0x00000000       0x70
 .comment       0x00000000       0x70 .\CortexM0\ARM_GCC_493\Debug\main.o
                                 0x71 (size before relaxing)
 .comment       0x00000000       0x71 .\CortexM0\ARM_GCC_493\Debug\motor.o
 .comment       0x00000000       0x71 .\CortexM0\ARM_GCC_493\Debug\cymetadata.o
 .comment       0x00000000       0x71 .\CortexM0\ARM_GCC_493\Debug\Cm0Start.o
 .comment       0x00000000       0x71 .\CortexM0\ARM_GCC_493\Debug\fixed.a(cyfitter_cfg.o)
 .comment       0x00000000       0x71 .\CortexM0\ARM_GCC_493\Debug\fixed.a(CyLib.o)
 .comment       0x00000000       0x71 .\CortexM0\ARM_GCC_493\Debug\fixed.a(CyLFClk.o)
 .comment       0x00000000       0x71 .\CortexM0\ARM_GCC_493\Debug\fixed.a(I2C_LED.o)
 .comment       0x00000000       0x71 .\CortexM0\ARM_GCC_493\Debug\fixed.a(I2C_LED_I2C.o)
 .comment       0x00000000       0x71 .\CortexM0\ARM_GCC_493\Debug\fixed.a(I2C_LED_I2C_MASTER.o)
 .comment       0x00000000       0x71 .\CortexM0\ARM_GCC_493\Debug\fixed.a(I2C_LED_sda.o)
 .comment       0x00000000       0x71 .\CortexM0\ARM_GCC_493\Debug\fixed.a(I2C_LED_scl.o)
 .comment       0x00000000       0x71 .\CortexM0\ARM_GCC_493\Debug\fixed.a(EZI2C_CAM.o)
 .comment       0x00000000       0x71 .\CortexM0\ARM_GCC_493\Debug\fixed.a(EZI2C_CAM_EZI2C.o)
 .comment       0x00000000       0x71 .\CortexM0\ARM_GCC_493\Debug\fixed.a(EZI2C_CAM_EZI2C_INT.o)
 .comment       0x00000000       0x71 .\CortexM0\ARM_GCC_493\Debug\fixed.a(AUD_GAIN0.o)
 .comment       0x00000000       0x71 .\CortexM0\ARM_GCC_493\Debug\fixed.a(AUD_GAIN1.o)
 .comment       0x00000000       0x71 .\CortexM0\ARM_GCC_493\Debug\fixed.a(PWM_M.o)
 .comment       0x00000000       0x71 .\CortexM0\ARM_GCC_493\Debug\fixed.a(STEP_COUNT.o)
 .comment       0x00000000       0x71 .\CortexM0\ARM_GCC_493\Debug\fixed.a(CW.o)
 .comment       0x00000000       0x71 .\CortexM0\ARM_GCC_493\Debug\fixed.a(Comp_ISENSE.o)
 .comment       0x00000000       0x71 .\CortexM0\ARM_GCC_493\Debug\fixed.a(IDAC_1.o)
 .comment       0x00000000       0x71 .\CortexM0\ARM_GCC_493\Debug\fixed.a(I2C_LED_I2C_INT.o)

.debug_weaknames
 *(.debug_weaknames)

.debug_funcnames
 *(.debug_funcnames)

.debug_typenames
 *(.debug_typenames)

.debug_varnames
 *(.debug_varnames)

.note.gnu.arm.ident
 *(.note.gnu.arm.ident)

.ARM.attributes
                0x00000000       0x28
 *(.ARM.attributes)
 .ARM.attributes
                0x00000000       0x1e c:/program files (x86)/cypress/psoc creator/4.0/psoc creator/import/gnu/arm/4.9.3/bin/../lib/gcc/arm-none-eabi/4.9.3/armv6-m/crti.o
 .ARM.attributes
                0x0000001e       0x2c c:/program files (x86)/cypress/psoc creator/4.0/psoc creator/import/gnu/arm/4.9.3/bin/../lib/gcc/arm-none-eabi/4.9.3/armv6-m/crtbegin.o
 .ARM.attributes
                0x0000004a       0x1b c:/program files (x86)/cypress/psoc creator/4.0/psoc creator/import/gnu/arm/4.9.3/bin/../lib/gcc/arm-none-eabi/4.9.3/../../../../arm-none-eabi/lib/armv6-m/crt0.o
 .ARM.attributes
                0x00000065       0x31 .\CortexM0\ARM_GCC_493\Debug\main.o
 .ARM.attributes
                0x00000096       0x31 .\CortexM0\ARM_GCC_493\Debug\motor.o
 .ARM.attributes
                0x000000c7       0x31 .\CortexM0\ARM_GCC_493\Debug\cymetadata.o
 .ARM.attributes
                0x000000f8       0x31 .\CortexM0\ARM_GCC_493\Debug\Cm0Start.o
 .ARM.attributes
                0x00000129       0x31 .\CortexM0\ARM_GCC_493\Debug\fixed.a(cyfitter_cfg.o)
 .ARM.attributes
                0x0000015a       0x31 .\CortexM0\ARM_GCC_493\Debug\fixed.a(CyLib.o)
 .ARM.attributes
                0x0000018b       0x31 .\CortexM0\ARM_GCC_493\Debug\fixed.a(CyLFClk.o)
 .ARM.attributes
                0x000001bc       0x31 .\CortexM0\ARM_GCC_493\Debug\fixed.a(I2C_LED.o)
 .ARM.attributes
                0x000001ed       0x31 .\CortexM0\ARM_GCC_493\Debug\fixed.a(I2C_LED_I2C.o)
 .ARM.attributes
                0x0000021e       0x31 .\CortexM0\ARM_GCC_493\Debug\fixed.a(I2C_LED_I2C_MASTER.o)
 .ARM.attributes
                0x0000024f       0x31 .\CortexM0\ARM_GCC_493\Debug\fixed.a(I2C_LED_sda.o)
 .ARM.attributes
                0x00000280       0x31 .\CortexM0\ARM_GCC_493\Debug\fixed.a(I2C_LED_scl.o)
 .ARM.attributes
                0x000002b1       0x31 .\CortexM0\ARM_GCC_493\Debug\fixed.a(EZI2C_CAM.o)
 .ARM.attributes
                0x000002e2       0x31 .\CortexM0\ARM_GCC_493\Debug\fixed.a(EZI2C_CAM_EZI2C.o)
 .ARM.attributes
                0x00000313       0x31 .\CortexM0\ARM_GCC_493\Debug\fixed.a(EZI2C_CAM_EZI2C_INT.o)
 .ARM.attributes
                0x00000344       0x31 .\CortexM0\ARM_GCC_493\Debug\fixed.a(AUD_GAIN0.o)
 .ARM.attributes
                0x00000375       0x31 .\CortexM0\ARM_GCC_493\Debug\fixed.a(AUD_GAIN1.o)
 .ARM.attributes
                0x000003a6       0x31 .\CortexM0\ARM_GCC_493\Debug\fixed.a(PWM_M.o)
 .ARM.attributes
                0x000003d7       0x31 .\CortexM0\ARM_GCC_493\Debug\fixed.a(STEP_COUNT.o)
 .ARM.attributes
                0x00000408       0x31 .\CortexM0\ARM_GCC_493\Debug\fixed.a(CW.o)
 .ARM.attributes
                0x00000439       0x31 .\CortexM0\ARM_GCC_493\Debug\fixed.a(Comp_ISENSE.o)
 .ARM.attributes
                0x0000046a       0x31 .\CortexM0\ARM_GCC_493\Debug\fixed.a(IDAC_1.o)
 .ARM.attributes
                0x0000049b       0x21 .\CortexM0\ARM_GCC_493\Debug\fixed.a(CyBootAsmGnu.o)
 .ARM.attributes
                0x000004bc       0x31 .\CortexM0\ARM_GCC_493\Debug\fixed.a(I2C_LED_I2C_INT.o)
 .ARM.attributes
                0x000004ed       0x1e c:/program files (x86)/cypress/psoc creator/4.0/psoc creator/import/gnu/arm/4.9.3/bin/../lib/gcc/arm-none-eabi/4.9.3/armv6-m\libgcc.a(_udivsi3.o)
 .ARM.attributes
                0x0000050b       0x1e c:/program files (x86)/cypress/psoc creator/4.0/psoc creator/import/gnu/arm/4.9.3/bin/../lib/gcc/arm-none-eabi/4.9.3/armv6-m\libgcc.a(_dvmd_tls.o)
 .ARM.attributes
                0x00000529       0x2c c:/program files (x86)/cypress/psoc creator/4.0/psoc creator/import/gnu/arm/4.9.3/bin/../lib/gcc/arm-none-eabi/4.9.3/../../../../arm-none-eabi/lib/armv6-m\libg_nano.a(lib_a-errno.o)
 .ARM.attributes
                0x00000555       0x2c c:/program files (x86)/cypress/psoc creator/4.0/psoc creator/import/gnu/arm/4.9.3/bin/../lib/gcc/arm-none-eabi/4.9.3/../../../../arm-none-eabi/lib/armv6-m\libg_nano.a(lib_a-exit.o)
 .ARM.attributes
                0x00000581       0x2c c:/program files (x86)/cypress/psoc creator/4.0/psoc creator/import/gnu/arm/4.9.3/bin/../lib/gcc/arm-none-eabi/4.9.3/../../../../arm-none-eabi/lib/armv6-m\libg_nano.a(lib_a-impure.o)
 .ARM.attributes
                0x000005ad       0x2c c:/program files (x86)/cypress/psoc creator/4.0/psoc creator/import/gnu/arm/4.9.3/bin/../lib/gcc/arm-none-eabi/4.9.3/../../../../arm-none-eabi/lib/armv6-m\libg_nano.a(lib_a-init.o)
 .ARM.attributes
                0x000005d9       0x2c c:/program files (x86)/cypress/psoc creator/4.0/psoc creator/import/gnu/arm/4.9.3/bin/../lib/gcc/arm-none-eabi/4.9.3/../../../../arm-none-eabi/lib/armv6-m\libg_nano.a(lib_a-memset.o)
 .ARM.attributes
                0x00000605       0x2c c:/program files (x86)/cypress/psoc creator/4.0/psoc creator/import/gnu/arm/4.9.3/bin/../lib/gcc/arm-none-eabi/4.9.3/armv6-m/crtend.o
 .ARM.attributes
                0x00000631       0x1e c:/program files (x86)/cypress/psoc creator/4.0/psoc creator/import/gnu/arm/4.9.3/bin/../lib/gcc/arm-none-eabi/4.9.3/armv6-m/crtn.o

/DISCARD/
 *(.note.GNU-stack)
OUTPUT(.\CortexM0\ARM_GCC_493\Debug\fixed.elf elf32-littlearm)
