Archive member included to satisfy reference by file (symbol)

.\CortexM0\ARM_GCC_541\Debug\fixed.a(CyLib.o)
                              .\CortexM0\ARM_GCC_541\Debug\cyfitter_cfg.o (CyIntEnable)
.\CortexM0\ARM_GCC_541\Debug\fixed.a(CyLFClk.o)
                              .\CortexM0\ARM_GCC_541\Debug\cyfitter_cfg.o (CySysWdtIsr)
.\CortexM0\ARM_GCC_541\Debug\fixed.a(I2C_LED.o)
                              .\CortexM0\ARM_GCC_541\Debug\main.o (I2C_LED_Start)
.\CortexM0\ARM_GCC_541\Debug\fixed.a(I2C_LED_I2C.o)
                              .\CortexM0\ARM_GCC_541\Debug\fixed.a(I2C_LED.o) (I2C_LED_I2CInit)
.\CortexM0\ARM_GCC_541\Debug\fixed.a(I2C_LED_I2C_MASTER.o)
                              .\CortexM0\ARM_GCC_541\Debug\main.o (I2C_LED_I2CMasterSendStart)
.\CortexM0\ARM_GCC_541\Debug\fixed.a(I2C_LED_sda.o)
                              .\CortexM0\ARM_GCC_541\Debug\fixed.a(I2C_LED_I2C_MASTER.o) (I2C_LED_sda_Read)
.\CortexM0\ARM_GCC_541\Debug\fixed.a(I2C_LED_scl.o)
                              .\CortexM0\ARM_GCC_541\Debug\fixed.a(I2C_LED_I2C_MASTER.o) (I2C_LED_scl_Write)
.\CortexM0\ARM_GCC_541\Debug\fixed.a(EZI2C_CAM.o)
                              .\CortexM0\ARM_GCC_541\Debug\main.o (EZI2C_CAM_Start)
.\CortexM0\ARM_GCC_541\Debug\fixed.a(EZI2C_CAM_EZI2C.o)
                              .\CortexM0\ARM_GCC_541\Debug\fixed.a(EZI2C_CAM.o) (EZI2C_CAM_EzI2CInit)
.\CortexM0\ARM_GCC_541\Debug\fixed.a(EZI2C_CAM_EZI2C_INT.o)
                              .\CortexM0\ARM_GCC_541\Debug\fixed.a(EZI2C_CAM_EZI2C.o) (EZI2C_CAM_EZI2C_STRETCH_ISR)
.\CortexM0\ARM_GCC_541\Debug\fixed.a(AUD_SD.o)
                              .\CortexM0\ARM_GCC_541\Debug\main.o (AUD_SD_Write)
.\CortexM0\ARM_GCC_541\Debug\fixed.a(AUD_GAIN0.o)
                              .\CortexM0\ARM_GCC_541\Debug\main.o (AUD_GAIN0_Write)
.\CortexM0\ARM_GCC_541\Debug\fixed.a(AUD_GAIN1.o)
                              .\CortexM0\ARM_GCC_541\Debug\main.o (AUD_GAIN1_Write)
.\CortexM0\ARM_GCC_541\Debug\fixed.a(PWM_M.o)
                              .\CortexM0\ARM_GCC_541\Debug\main.o (PWM_M_WriteCompare1)
.\CortexM0\ARM_GCC_541\Debug\fixed.a(STEP_COUNT.o)
                              .\CortexM0\ARM_GCC_541\Debug\motor.o (STEP_COUNT_WriteCounter)
.\CortexM0\ARM_GCC_541\Debug\fixed.a(CW.o)
                              .\CortexM0\ARM_GCC_541\Debug\motor.o (CW_Write)
.\CortexM0\ARM_GCC_541\Debug\fixed.a(Comp_ISENSE.o)
                              .\CortexM0\ARM_GCC_541\Debug\main.o (Comp_ISENSE_Start)
.\CortexM0\ARM_GCC_541\Debug\fixed.a(IDAC_1.o)
                              .\CortexM0\ARM_GCC_541\Debug\main.o (IDAC_1_Start)
.\CortexM0\ARM_GCC_541\Debug\fixed.a(Control_PWM.o)
                              .\CortexM0\ARM_GCC_541\Debug\main.o (Control_PWM_Write)
.\CortexM0\ARM_GCC_541\Debug\fixed.a(IDAC_2.o)
                              .\CortexM0\ARM_GCC_541\Debug\main.o (IDAC_2_Start)
.\CortexM0\ARM_GCC_541\Debug\fixed.a(PWM_1.o)
                              .\CortexM0\ARM_GCC_541\Debug\main.o (PWM_1_Start)
.\CortexM0\ARM_GCC_541\Debug\fixed.a(I2C_MAG.o)
                              .\CortexM0\ARM_GCC_541\Debug\main.o (I2C_MAG_WriteBuf)
.\CortexM0\ARM_GCC_541\Debug\fixed.a(CyBootAsmGnu.o)
                              .\CortexM0\ARM_GCC_541\Debug\fixed.a(CyLib.o) (CyDelayCycles)
.\CortexM0\ARM_GCC_541\Debug\fixed.a(I2C_LED_I2C_INT.o)
                              .\CortexM0\ARM_GCC_541\Debug\fixed.a(I2C_LED_I2C.o) (I2C_LED_I2C_ISR)
c:/program files (x86)/cypress/psoc creator/4.2/psoc creator/import/gnu/arm/5.4.1/bin/../lib/gcc/arm-none-eabi/5.4.1/armv6-m\libgcc.a(_udivsi3.o)
                              .\CortexM0\ARM_GCC_541\Debug\vl53l0x_api.o (__aeabi_uidiv)
c:/program files (x86)/cypress/psoc creator/4.2/psoc creator/import/gnu/arm/5.4.1/bin/../lib/gcc/arm-none-eabi/5.4.1/armv6-m\libgcc.a(_divsi3.o)
                              .\CortexM0\ARM_GCC_541\Debug\main.o (__aeabi_idiv)
c:/program files (x86)/cypress/psoc creator/4.2/psoc creator/import/gnu/arm/5.4.1/bin/../lib/gcc/arm-none-eabi/5.4.1/armv6-m\libgcc.a(_dvmd_tls.o)
                              c:/program files (x86)/cypress/psoc creator/4.2/psoc creator/import/gnu/arm/5.4.1/bin/../lib/gcc/arm-none-eabi/5.4.1/armv6-m\libgcc.a(_udivsi3.o) (__aeabi_idiv0)
c:/program files (x86)/cypress/psoc creator/4.2/psoc creator/import/gnu/arm/5.4.1/bin/../lib/gcc/arm-none-eabi/5.4.1/../../../../arm-none-eabi/lib/armv6-m\libg_nano.a(lib_a-errno.o)
                              .\CortexM0\ARM_GCC_541\Debug\Cm0Start.o (__errno)
c:/program files (x86)/cypress/psoc creator/4.2/psoc creator/import/gnu/arm/5.4.1/bin/../lib/gcc/arm-none-eabi/5.4.1/../../../../arm-none-eabi/lib/armv6-m\libg_nano.a(lib_a-exit.o)
                              c:/program files (x86)/cypress/psoc creator/4.2/psoc creator/import/gnu/arm/5.4.1/bin/../lib/gcc/arm-none-eabi/5.4.1/../../../../arm-none-eabi/lib/armv6-m/crt0.o (exit)
[...]
Memory Configuration

Name             Origin             Length             Attributes
rom              0x00000000         0x00008000         xr
ram              0x20000000         0x00001000         xrw
*default*        0x00000000         0xffffffff

Linker script and memory map

LOAD c:/program files (x86)/cypress/psoc creator/4.2/psoc creator/import/gnu/arm/5.4.1/bin/../lib/gcc/arm-none-eabi/5.4.1/armv6-m/crti.o
LOAD c:/program files (x86)/cypress/psoc creator/4.2/psoc creator/import/gnu/arm/5.4.1/bin/../lib/gcc/arm-none-eabi/5.4.1/armv6-m/crtbegin.o
LOAD c:/program files (x86)/cypress/psoc creator/4.2/psoc creator/import/gnu/arm/5.4.1/bin/../lib/gcc/arm-none-eabi/5.4.1/../../../../arm-none-eabi/lib/armv6-m/crt0.o
START GROUP
LOAD .\CortexM0\ARM_GCC_541\Debug\main.o
LOAD .\CortexM0\ARM_GCC_541\Debug\motor.o
LOAD .\CortexM0\ARM_GCC_541\Debug\vl53l0x_api.o
LOAD .\CortexM0\ARM_GCC_541\Debug\vl53l0x_api_calibration.o
LOAD .\CortexM0\ARM_GCC_541\Debug\vl53l0x_api_core.o
LOAD .\CortexM0\ARM_GCC_541\Debug\vl53l0x_api_ranging.o
LOAD .\CortexM0\ARM_GCC_541\Debug\vl53l0x_api_strings.o
LOAD .\CortexM0\ARM_GCC_541\Debug\tof_coms.o
LOAD .\CortexM0\ARM_GCC_541\Debug\vl53l0x_platform.o
LOAD .\CortexM0\ARM_GCC_541\Debug\cyfitter_cfg.o
LOAD .\CortexM0\ARM_GCC_541\Debug\cymetadata.o
LOAD .\CortexM0\ARM_GCC_541\Debug\Cm0Start.o
LOAD .\CortexM0\ARM_GCC_541\Debug\fixed.a
LOAD c:/program files (x86)/cypress/psoc creator/4.2/psoc creator/import/gnu/arm/5.4.1/bin/../lib/gcc/arm-none-eabi/5.4.1/../../../../arm-none-eabi/lib/armv6-m\libm.a
END GROUP
START GROUP
LOAD c:/program files (x86)/cypress/psoc creator/4.2/psoc creator/import/gnu/arm/5.4.1/bin/../lib/gcc/arm-none-eabi/5.4.1/armv6-m\libgcc.a
LOAD c:/program files (x86)/cypress/psoc creator/4.2/psoc creator/import/gnu/arm/5.4.1/bin/../lib/gcc/arm-none-eabi/5.4.1/../../../../arm-none-eabi/lib/armv6-m\libg_nano.a
LOAD c:/program files (x86)/cypress/psoc creator/4.2/psoc creator/import/gnu/arm/5.4.1/bin/../lib/gcc/arm-none-eabi/5.4.1/../../../../arm-none-eabi/lib/armv6-m\libc_nano.a
END GROUP
START GROUP
LOAD c:/program files (x86)/cypress/psoc creator/4.2/psoc creator/import/gnu/arm/5.4.1/bin/../lib/gcc/arm-none-eabi/5.4.1/armv6-m\libgcc.a
LOAD c:/program files (x86)/cypress/psoc creator/4.2/psoc creator/import/gnu/arm/5.4.1/bin/../lib/gcc/arm-none-eabi/5.4.1/../../../../arm-none-eabi/lib/armv6-m\libc_nano.a
END GROUP
LOAD c:/program files (x86)/cypress/psoc creator/4.2/psoc creator/import/gnu/arm/5.4.1/bin/../lib/gcc/arm-none-eabi/5.4.1/armv6-m/crtend.o
LOAD c:/program files (x86)/cypress/psoc creator/4.2/psoc creator/import/gnu/arm/5.4.1/bin/../lib/gcc/arm-none-eabi/5.4.1/armv6-m/crtn.o
START GROUP
LOAD c:/program files (x86)/cypress/psoc creator/4.2/psoc creator/import/gnu/arm/5.4.1/bin/../lib/gcc/arm-none-eabi/5.4.1/armv6-m\libgcc.a
LOAD c:/program files (x86)/cypress/psoc creator/4.2/psoc creator/import/gnu/arm/5.4.1/bin/../lib/gcc/arm-none-eabi/5.4.1/../../../../arm-none-eabi/lib/armv6-m\libc.a
LOAD c:/program files (x86)/cypress/psoc creator/4.2/psoc creator/import/gnu/arm/5.4.1/bin/../lib/gcc/arm-none-eabi/5.4.1/../../../../arm-none-eabi/lib/armv6-m\libnosys.a
END GROUP
                0x00000000                CY_APPL_ORIGIN = 0x0
                0x00000080                CY_FLASH_ROW_SIZE = 0x80
                0x00000001                CY_APPL_NUM = 0x1
                0x00000001                CY_APPL_MAX = 0x1
                0x00000040                CY_METADATA_SIZE = 0x40
                0x00000000                CY_APPL_LOADABLE = 0x0
                0x00000000                CY_CHECKSUM_EXCLUDE_SIZE = ALIGN (0x0, CY_FLASH_ROW_SIZE)
                0x00000000                CY_APP_FOR_STACK_AND_COPIER = 0x0
                [!provide]                PROVIDE (__cy_heap_start, _end)
                0x00000001                PROVIDE (__cy_region_num, ((__cy_regions_end - __cy_regions) / 0x10))
                0x20001000                PROVIDE (__cy_stack, (ORIGIN (ram) + LENGTH (ram)))
                [!provide]                PROVIDE (__cy_heap_end, (__cy_stack - 0x800))

.cybootloader   0x00000000        0x0
 *(.cybootloader)
                0x00000000                appl1_start = CY_APPL_ORIGIN?CY_APPL_ORIGIN:ALIGN (CY_FLASH_ROW_SIZE)
                0x00003f80                appl2_start = (appl1_start + ALIGN ((((LENGTH (rom) - appl1_start) - (0x2 * CY_FLASH_ROW_SIZE)) / 0x2), CY_FLASH_ROW_SIZE))
                0x00000000                appl_start = (CY_APPL_NUM == 0x1)?appl1_start:appl2_start
                0x00000001                cy_project_type_bootloader = (appl_start == 0x0)?0x1:0x0
                0x00000000                cy_project_type_app_for_stack_and_copier = (CY_APP_FOR_STACK_AND_COPIER == 0x1)?0x1:0x0

.text           0x00000000     0x2564
 CREATE_OBJECT_SYMBOLS
                0x00000000                PROVIDE (__cy_interrupt_vector, RomVectors)
 *(.romvectors)
 .romvectors    0x00000000       0x10 .\CortexM0\ARM_GCC_541\Debug\Cm0Start.o
                0x00000000                RomVectors
                0x00000001                ASSERT ((. != __cy_interrupt_vector), No interrupt vector)
                0x00000001                ASSERT (CY_APPL_ORIGIN?(SIZEOF (.cybootloader) <= CY_APPL_ORIGIN):0x1, Wrong image location)
                0x00000010                PROVIDE (__cy_reset, Reset)
 *(.text.Reset)
 .text.Reset    0x00000010        0x8 .\CortexM0\ARM_GCC_541\Debug\Cm0Start.o
                0x00000010                Reset
                0x00000001                ASSERT ((. != __cy_reset), No reset code)
 *(.psocinit)
 .psocinit      0x00000018      0x270 .\CortexM0\ARM_GCC_541\Debug\cyfitter_cfg.o
                0x00000108                cyfitter_cfg
                0x00000288                . = MAX (., 0x100)
 *(.text .text.* .gnu.linkonce.t.*)
 .text          0x00000288       0x60 c:/program files (x86)/cypress/psoc creator/4.2/psoc creator/import/gnu/arm/5.4.1/bin/../lib/gcc/arm-none-eabi/5.4.1/armv6-m/crtbegin.o
 .text.LedRegWrite
                0x000002e8       0x24 .\CortexM0\ARM_GCC_541\Debug\main.o
                0x000002e8                LedRegWrite
 .text.LedInitRegs
                0x0000030c       0x38 .\CortexM0\ARM_GCC_541\Debug\main.o
                0x0000030c                LedInitRegs
 .text.LedSetRGB
                0x00000344       0x3c .\CortexM0\ARM_GCC_541\Debug\main.o
                0x00000344                LedSetRGB
 .text.DoLedUpdate
                0x00000380       0x54 .\CortexM0\ARM_GCC_541\Debug\main.o
                0x00000380                DoLedUpdate
 .text.I2C_WaitComplete
                0x000003d4       0x18 .\CortexM0\ARM_GCC_541\Debug\main.o
                0x000003d4                I2C_WaitComplete
 .text.LISwriteReg
                0x000003ec       0x20 .\CortexM0\ARM_GCC_541\Debug\main.o
                0x000003ec                LISwriteReg
 .text.LISreadReg
                0x0000040c       0x38 .\CortexM0\ARM_GCC_541\Debug\main.o
                0x0000040c                LISreadReg
 .text.LISreadBuff
                0x00000444       0x3c .\CortexM0\ARM_GCC_541\Debug\main.o
                0x00000444                LISreadBuff
 .text.LISInit  0x00000480       0x1c .\CortexM0\ARM_GCC_541\Debug\main.o
                0x00000480                LISInit
 .text.LISRead  0x0000049c       0x44 .\CortexM0\ARM_GCC_541\Debug\main.o
                0x0000049c                LISRead
 .text.SetTamper
                0x000004e0       0x34 .\CortexM0\ARM_GCC_541\Debug\main.o
                0x000004e0                SetTamper
 .text.main     0x00000514      0x23c .\CortexM0\ARM_GCC_541\Debug\main.o
                0x00000514                main
 .text.MotGetPos
                0x00000750        0xc .\CortexM0\ARM_GCC_541\Debug\motor.o
                0x00000750                MotGetPos
 .text.MotSetTrip
                0x0000075c       0x1c .\CortexM0\ARM_GCC_541\Debug\motor.o
                0x0000075c                MotSetTrip
 .text.MotHome  0x00000778       0xa0 .\CortexM0\ARM_GCC_541\Debug\motor.o
                0x00000778                MotHome
 .text.isqrt    0x00000818       0x2c .\CortexM0\ARM_GCC_541\Debug\motor.o
                0x00000818                isqrt
 .text.MotMoveRel
                0x00000844       0x98 .\CortexM0\ARM_GCC_541\Debug\motor.o
                0x00000844                MotMoveRel
 .text.MotTask  0x000008dc       0xcc .\CortexM0\ARM_GCC_541\Debug\motor.o
                0x000008dc                MotTask
 .text.cfg_write_bytes32
                0x000009a8       0x34 .\CortexM0\ARM_GCC_541\Debug\cyfitter_cfg.o
 .text.CYMEMZERO
                0x000009dc        0xc .\CortexM0\ARM_GCC_541\Debug\cyfitter_cfg.o
 .text.SetAnalogRoutingPumps
                0x000009e8       0x20 .\CortexM0\ARM_GCC_541\Debug\cyfitter_cfg.o
                0x000009e8                SetAnalogRoutingPumps
 .text.AnalogSetDefault
                0x00000a08       0x24 .\CortexM0\ARM_GCC_541\Debug\cyfitter_cfg.o
 .text.IntDefaultHandler
                0x00000a2c       0x10 .\CortexM0\ARM_GCC_541\Debug\Cm0Start.o
                0x00000a2c                IntDefaultHandler
 .text.Start_c  0x00000a3c       0x48 .\CortexM0\ARM_GCC_541\Debug\Cm0Start.o
                0x00000a3c                Start_c
 .text.initialize_psoc
                0x00000a84       0x40 .\CortexM0\ARM_GCC_541\Debug\Cm0Start.o
                0x00000a84                initialize_psoc
 .text.CyIntEnable
                0x00000ac4       0x14 .\CortexM0\ARM_GCC_541\Debug\fixed.a(CyLib.o)
                0x00000ac4                CyIntEnable
 .text.CyIntDisable
                0x00000ad8       0x14 .\CortexM0\ARM_GCC_541\Debug\fixed.a(CyLib.o)
                0x00000ad8                CyIntDisable
 .text.CyHalt   0x00000aec        0x4 .\CortexM0\ARM_GCC_541\Debug\fixed.a(CyLib.o)
                0x00000aec                CyHalt
 .text.CyIntSetVector
                0x00000af0       0x24 .\CortexM0\ARM_GCC_541\Debug\fixed.a(CyLib.o)
                0x00000af0                CyIntSetVector
 .text.CyIntSetPriority
                0x00000b14       0x4c .\CortexM0\ARM_GCC_541\Debug\fixed.a(CyLib.o)
                0x00000b14                CyIntSetPriority
 .text.CyDelay  0x00000b60       0x30 .\CortexM0\ARM_GCC_541\Debug\fixed.a(CyLib.o)
                0x00000b60                CyDelay
 .text.CyDelayUs
                0x00000b90       0x14 .\CortexM0\ARM_GCC_541\Debug\fixed.a(CyLib.o)
                0x00000b90                CyDelayUs
 .text.CySysClkWriteImoFreq
                0x00000ba4      0x164 .\CortexM0\ARM_GCC_541\Debug\fixed.a(CyLib.o)
                0x00000ba4                CySysClkWriteImoFreq
 .text.CySysWdtLocked
                0x00000d08       0x14 .\CortexM0\ARM_GCC_541\Debug\fixed.a(CyLFClk.o)
 .text.CySysWdtLock
                0x00000d1c       0x1c .\CortexM0\ARM_GCC_541\Debug\fixed.a(CyLFClk.o)
                0x00000d1c                CySysWdtLock
 .text.CySysWdtUnlock
                0x00000d38       0x30 .\CortexM0\ARM_GCC_541\Debug\fixed.a(CyLFClk.o)
                0x00000d38                CySysWdtUnlock
 .text.CySysWdtClearInterrupt
                0x00000d68       0x4c .\CortexM0\ARM_GCC_541\Debug\fixed.a(CyLFClk.o)
                0x00000d68                CySysWdtClearInterrupt
 .text.CySysWdtIsr
                0x00000db4       0xa4 .\CortexM0\ARM_GCC_541\Debug\fixed.a(CyLFClk.o)
                0x00000db4                CySysWdtIsr
 .text.I2C_LED_ScbEnableIntr
                0x00000e58        0xc .\CortexM0\ARM_GCC_541\Debug\fixed.a(I2C_LED.o)
 .text.I2C_LED_Init
                0x00000e64        0x8 .\CortexM0\ARM_GCC_541\Debug\fixed.a(I2C_LED.o)
                0x00000e64                I2C_LED_Init
 .text.I2C_LED_Enable
                0x00000e6c       0x18 .\CortexM0\ARM_GCC_541\Debug\fixed.a(I2C_LED.o)
                0x00000e6c                I2C_LED_Enable
 .text.I2C_LED_Start
                0x00000e84       0x20 .\CortexM0\ARM_GCC_541\Debug\fixed.a(I2C_LED.o)
                0x00000e84                I2C_LED_Start
 .text.I2C_LED_I2CInit
                0x00000ea4       0xdc .\CortexM0\ARM_GCC_541\Debug\fixed.a(I2C_LED_I2C.o)
                0x00000ea4                I2C_LED_I2CInit
 .text.I2C_LED_I2CMasterSendStart
                0x00000f80       0xd8 .\CortexM0\ARM_GCC_541\Debug\fixed.a(I2C_LED_I2C_MASTER.o)
                0x00000f80                I2C_LED_I2CMasterSendStart
 .text.I2C_LED_I2CMasterSendStop
                0x00001058       0x8c .\CortexM0\ARM_GCC_541\Debug\fixed.a(I2C_LED_I2C_MASTER.o)
                0x00001058                I2C_LED_I2CMasterSendStop
 .text.I2C_LED_I2CMasterWriteByte
                0x000010e4       0x98 .\CortexM0\ARM_GCC_541\Debug\fixed.a(I2C_LED_I2C_MASTER.o)
                0x000010e4                I2C_LED_I2CMasterWriteByte
 .text.EZI2C_CAM_ScbEnableIntr
                0x0000117c        0xc .\CortexM0\ARM_GCC_541\Debug\fixed.a(EZI2C_CAM.o)
 .text.EZI2C_CAM_Init
                0x00001188        0x8 .\CortexM0\ARM_GCC_541\Debug\fixed.a(EZI2C_CAM.o)
                0x00001188                EZI2C_CAM_Init
 .text.EZI2C_CAM_Enable
                0x00001190       0x18 .\CortexM0\ARM_GCC_541\Debug\fixed.a(EZI2C_CAM.o)
                0x00001190                EZI2C_CAM_Enable
 .text.EZI2C_CAM_Start
                0x000011a8       0x20 .\CortexM0\ARM_GCC_541\Debug\fixed.a(EZI2C_CAM.o)
                0x000011a8                EZI2C_CAM_Start
 .text.EZI2C_CAM_I2CSlaveNackGeneration
                0x000011c8       0x3c .\CortexM0\ARM_GCC_541\Debug\fixed.a(EZI2C_CAM.o)
                0x000011c8                EZI2C_CAM_I2CSlaveNackGeneration
 .text.EZI2C_CAM_EzI2CInit
                0x00001204       0xd0 .\CortexM0\ARM_GCC_541\Debug\fixed.a(EZI2C_CAM_EZI2C.o)
                0x00001204                EZI2C_CAM_EzI2CInit
 .text.EZI2C_CAM_EzI2CSetBuffer1
                0x000012d4       0x30 .\CortexM0\ARM_GCC_541\Debug\fixed.a(EZI2C_CAM_EZI2C.o)
                0x000012d4                EZI2C_CAM_EzI2CSetBuffer1
 .text.EZI2C_CAM_EZI2C_STRETCH_ISR
                0x00001304      0x330 .\CortexM0\ARM_GCC_541\Debug\fixed.a(EZI2C_CAM_EZI2C_INT.o)
                0x00001304                EZI2C_CAM_EZI2C_STRETCH_ISR
 .text.AUD_SD_Write
                0x00001634       0x18 .\CortexM0\ARM_GCC_541\Debug\fixed.a(AUD_SD.o)
                0x00001634                AUD_SD_Write
 .text.AUD_GAIN0_Write
                0x0000164c       0x18 .\CortexM0\ARM_GCC_541\Debug\fixed.a(AUD_GAIN0.o)
                0x0000164c                AUD_GAIN0_Write
 .text.AUD_GAIN1_Write
                0x00001664       0x18 .\CortexM0\ARM_GCC_541\Debug\fixed.a(AUD_GAIN1.o)
                0x00001664                AUD_GAIN1_Write
 .text.PWM_M_Enable
                0x0000167c       0x14 .\CortexM0\ARM_GCC_541\Debug\fixed.a(PWM_M.o)
                0x0000167c                PWM_M_Enable
 .text.PWM_M_WriteCounter
                0x00001690        0xc .\CortexM0\ARM_GCC_541\Debug\fixed.a(PWM_M.o)
                0x00001690                PWM_M_WriteCounter
 .text.PWM_M_WritePeriod
                0x0000169c        0xc .\CortexM0\ARM_GCC_541\Debug\fixed.a(PWM_M.o)
                0x0000169c                PWM_M_WritePeriod
 .text.PWM_M_WriteCompare1
                0x000016a8        0xc .\CortexM0\ARM_GCC_541\Debug\fixed.a(PWM_M.o)
                0x000016a8                PWM_M_WriteCompare1
 .text.PWM_M_WriteCompare2
                0x000016b4        0xc .\CortexM0\ARM_GCC_541\Debug\fixed.a(PWM_M.o)
                0x000016b4                PWM_M_WriteCompare2
 .text.PWM_M_SetInterruptMode
                0x000016c0        0xc .\CortexM0\ARM_GCC_541\Debug\fixed.a(PWM_M.o)
                0x000016c0                PWM_M_SetInterruptMode
 .text.PWM_M_ReadStatusRegister
                0x000016cc        0xc .\CortexM0\ARM_GCC_541\Debug\fixed.a(PWM_M.o)
                0x000016cc                PWM_M_ReadStatusRegister
 .text.PWM_M_ReadCapture
                0x000016d8        0xc .\CortexM0\ARM_GCC_541\Debug\fixed.a(PWM_M.o)
                0x000016d8                PWM_M_ReadCapture
 .text.PWM_M_ClearFIFO
                0x000016e4       0x14 .\CortexM0\ARM_GCC_541\Debug\fixed.a(PWM_M.o)
                0x000016e4                PWM_M_ClearFIFO
 .text.PWM_M_Init
                0x000016f8       0x5c .\CortexM0\ARM_GCC_541\Debug\fixed.a(PWM_M.o)
                0x000016f8                PWM_M_Init
 .text.PWM_M_Start
                0x00001754       0x20 .\CortexM0\ARM_GCC_541\Debug\fixed.a(PWM_M.o)
                0x00001754                PWM_M_Start
 .text.STEP_COUNT_WriteCounter
                0x00001774       0x10 .\CortexM0\ARM_GCC_541\Debug\fixed.a(STEP_COUNT.o)
                0x00001774                STEP_COUNT_WriteCounter
 .text.STEP_COUNT_ReadCounter
                0x00001784       0x10 .\CortexM0\ARM_GCC_541\Debug\fixed.a(STEP_COUNT.o)
                0x00001784                STEP_COUNT_ReadCounter
 .text.STEP_COUNT_WritePeriod
                0x00001794       0x10 .\CortexM0\ARM_GCC_541\Debug\fixed.a(STEP_COUNT.o)
                0x00001794                STEP_COUNT_WritePeriod
 .text.STEP_COUNT_TriggerCommand
                0x000017a4       0x1c .\CortexM0\ARM_GCC_541\Debug\fixed.a(STEP_COUNT.o)
                0x000017a4                STEP_COUNT_TriggerCommand
 .text.STEP_COUNT_Enable
                0x000017c0       0x24 .\CortexM0\ARM_GCC_541\Debug\fixed.a(STEP_COUNT.o)
                0x000017c0                STEP_COUNT_Enable
 .text.STEP_COUNT_SetInterruptMode
                0x000017e4        0xc .\CortexM0\ARM_GCC_541\Debug\fixed.a(STEP_COUNT.o)
                0x000017e4                STEP_COUNT_SetInterruptMode
 .text.STEP_COUNT_Init
                0x000017f0       0x30 .\CortexM0\ARM_GCC_541\Debug\fixed.a(STEP_COUNT.o)
                0x000017f0                STEP_COUNT_Init
 .text.STEP_COUNT_Start
                0x00001820       0x20 .\CortexM0\ARM_GCC_541\Debug\fixed.a(STEP_COUNT.o)
                0x00001820                STEP_COUNT_Start
 .text.CW_Write
                0x00001840       0x18 .\CortexM0\ARM_GCC_541\Debug\fixed.a(CW.o)
                0x00001840                CW_Write
 .text.Comp_ISENSE_Init
                0x00001858       0x38 .\CortexM0\ARM_GCC_541\Debug\fixed.a(Comp_ISENSE.o)
                0x00001858                Comp_ISENSE_Init
 .text.Comp_ISENSE_Enable
                0x00001890       0x1c .\CortexM0\ARM_GCC_541\Debug\fixed.a(Comp_ISENSE.o)
                0x00001890                Comp_ISENSE_Enable
 .text.Comp_ISENSE_Start
                0x000018ac       0x20 .\CortexM0\ARM_GCC_541\Debug\fixed.a(Comp_ISENSE.o)
                0x000018ac                Comp_ISENSE_Start
 .text.Comp_ISENSE_GetCompare
                0x000018cc       0x10 .\CortexM0\ARM_GCC_541\Debug\fixed.a(Comp_ISENSE.o)
                0x000018cc                Comp_ISENSE_GetCompare
 .text.IDAC_1_Init
                0x000018dc       0x54 .\CortexM0\ARM_GCC_541\Debug\fixed.a(IDAC_1.o)
                0x000018dc                IDAC_1_Init
 .text.IDAC_1_Enable
                0x00001930       0x2c .\CortexM0\ARM_GCC_541\Debug\fixed.a(IDAC_1.o)
                0x00001930                IDAC_1_Enable
 .text.IDAC_1_Start
                0x0000195c       0x20 .\CortexM0\ARM_GCC_541\Debug\fixed.a(IDAC_1.o)
                0x0000195c                IDAC_1_Start
 .text.IDAC_1_SetValue
                0x0000197c       0x20 .\CortexM0\ARM_GCC_541\Debug\fixed.a(IDAC_1.o)
                0x0000197c                IDAC_1_SetValue
 .text.Control_PWM_Write
                0x0000199c        0xc .\CortexM0\ARM_GCC_541\Debug\fixed.a(Control_PWM.o)
                0x0000199c                Control_PWM_Write
 .text.IDAC_2_Init
                0x000019a8       0x54 .\CortexM0\ARM_GCC_541\Debug\fixed.a(IDAC_2.o)
                0x000019a8                IDAC_2_Init
 .text.IDAC_2_Enable
                0x000019fc       0x2c .\CortexM0\ARM_GCC_541\Debug\fixed.a(IDAC_2.o)
                0x000019fc                IDAC_2_Enable
 .text.IDAC_2_Start
                0x00001a28       0x20 .\CortexM0\ARM_GCC_541\Debug\fixed.a(IDAC_2.o)
                0x00001a28                IDAC_2_Start
 .text.IDAC_2_SetValue
                0x00001a48       0x24 .\CortexM0\ARM_GCC_541\Debug\fixed.a(IDAC_2.o)
                0x00001a48                IDAC_2_SetValue
 .text.PWM_1_WriteCounter
                0x00001a6c       0x10 .\CortexM0\ARM_GCC_541\Debug\fixed.a(PWM_1.o)
                0x00001a6c                PWM_1_WriteCounter
 .text.PWM_1_WritePeriod
                0x00001a7c       0x10 .\CortexM0\ARM_GCC_541\Debug\fixed.a(PWM_1.o)
                0x00001a7c                PWM_1_WritePeriod
 .text.PWM_1_WriteCompare
                0x00001a8c       0x10 .\CortexM0\ARM_GCC_541\Debug\fixed.a(PWM_1.o)
                0x00001a8c                PWM_1_WriteCompare
 .text.PWM_1_TriggerCommand
                0x00001a9c       0x1c .\CortexM0\ARM_GCC_541\Debug\fixed.a(PWM_1.o)
                0x00001a9c                PWM_1_TriggerCommand
 .text.PWM_1_Enable
                0x00001ab8       0x24 .\CortexM0\ARM_GCC_541\Debug\fixed.a(PWM_1.o)
                0x00001ab8                PWM_1_Enable
 .text.PWM_1_SetInterruptMode
                0x00001adc        0xc .\CortexM0\ARM_GCC_541\Debug\fixed.a(PWM_1.o)
                0x00001adc                PWM_1_SetInterruptMode
 .text.PWM_1_Init
                0x00001ae8       0x4c .\CortexM0\ARM_GCC_541\Debug\fixed.a(PWM_1.o)
                0x00001ae8                PWM_1_Init
 .text.PWM_1_Start
                0x00001b34       0x20 .\CortexM0\ARM_GCC_541\Debug\fixed.a(PWM_1.o)
                0x00001b34                PWM_1_Start
 .text.I2C_MAG_WriteBuf
                0x00001b54       0x4c .\CortexM0\ARM_GCC_541\Debug\fixed.a(I2C_MAG.o)
                0x00001b54                I2C_MAG_WriteBuf
 .text.I2C_MAG_ReadBuf
                0x00001ba0       0x50 .\CortexM0\ARM_GCC_541\Debug\fixed.a(I2C_MAG.o)
                0x00001ba0                I2C_MAG_ReadBuf
 .text.I2C_MAG_Process
                0x00001bf0      0x36c .\CortexM0\ARM_GCC_541\Debug\fixed.a(I2C_MAG.o)
                0x00001bf0                I2C_MAG_Process
 *fill*         0x00001f5c        0x4 
 .text          0x00001f60       0x24 .\CortexM0\ARM_GCC_541\Debug\fixed.a(CyBootAsmGnu.o)
                0x00001f60                CyDelayCycles
                0x00001f74                CyEnterCriticalSection
                0x00001f7c                CyExitCriticalSection
 .text.I2C_LED_I2C_ISR
                0x00001f84      0x3a0 .\CortexM0\ARM_GCC_541\Debug\fixed.a(I2C_LED_I2C_INT.o)
                0x00001f84                I2C_LED_I2C_ISR
 .text          0x00002324      0x1d4 c:/program files (x86)/cypress/psoc creator/4.2/psoc creator/import/gnu/arm/5.4.1/bin/../lib/gcc/arm-none-eabi/5.4.1/armv6-m\libgcc.a(_divsi3.o)
                0x00002324                __divsi3
                0x00002324                __aeabi_idiv
                0x000024f0                __aeabi_idivmod
 .text          0x000024f8        0x4 c:/program files (x86)/cypress/psoc creator/4.2/psoc creator/import/gnu/arm/5.4.1/bin/../lib/gcc/arm-none-eabi/5.4.1/armv6-m\libgcc.a(_dvmd_tls.o)
                0x000024f8                __aeabi_idiv0
                0x000024f8                __aeabi_ldiv0
 .text.__errno  0x000024fc        0xc c:/program files (x86)/cypress/psoc creator/4.2/psoc creator/import/gnu/arm/5.4.1/bin/../lib/gcc/arm-none-eabi/5.4.1/../../../../arm-none-eabi/lib/armv6-m\libg_nano.a(lib_a-errno.o)
                0x000024fc                __errno
 .text.__libc_init_array
                0x00002508       0x4c c:/program files (x86)/cypress/psoc creator/4.2/psoc creator/import/gnu/arm/5.4.1/bin/../lib/gcc/arm-none-eabi/5.4.1/../../../../arm-none-eabi/lib/armv6-m\libg_nano.a(lib_a-init.o)
                0x00002508                __libc_init_array
 .text.memset   0x00002554       0x10 c:/program files (x86)/cypress/psoc creator/4.2/psoc creator/import/gnu/arm/5.4.1/bin/../lib/gcc/arm-none-eabi/5.4.1/../../../../arm-none-eabi/lib/armv6-m\libg_nano.a(lib_a-memset.o)
                0x00002554                memset
 *(.plt)
 *(.gnu.warning)
 *(.glue_7t)
 .glue_7t       0x00002564        0x0 linker stubs
 *(.glue_7)
 .glue_7        0x00002564        0x0 linker stubs
 *(.vfp11_veneer)
 .vfp11_veneer  0x00002564        0x0 linker stubs
 *(.bootloader)
 *(.ARM.extab* .gnu.linkonce.armextab.*)
 *(.gcc_except_table)

.v4_bx          0x00002564        0x0
 .v4_bx         0x00002564        0x0 linker stubs

.iplt           0x00002564        0x0
 .iplt          0x00002564        0x0 c:/program files (x86)/cypress/psoc creator/4.2/psoc creator/import/gnu/arm/5.4.1/bin/../lib/gcc/arm-none-eabi/5.4.1/armv6-m/crtbegin.o

.eh_frame_hdr
 *(.eh_frame_hdr)

.eh_frame       0x00002564        0x4
 *(.eh_frame)
 .eh_frame      0x00002564        0x0 c:/program files (x86)/cypress/psoc creator/4.2/psoc creator/import/gnu/arm/5.4.1/bin/../lib/gcc/arm-none-eabi/5.4.1/armv6-m/crtbegin.o
 .eh_frame      0x00002564        0x4 c:/program files (x86)/cypress/psoc creator/4.2/psoc creator/import/gnu/arm/5.4.1/bin/../lib/gcc/arm-none-eabi/5.4.1/armv6-m/crtend.o
                [!provide]                PROVIDE (__exidx_start, .)

.ARM.exidx
 *(.ARM.exidx* .gnu.linkonce.armexidx.*)
                0x00002568                __exidx_end = .

.rodata         0x00002568      0x240
 *(.rodata .rodata.* .gnu.linkonce.r.*)
 .rodata        0x00002568      0x194 .\CortexM0\ARM_GCC_541\Debug\cyfitter_cfg.o
 .rodata        0x000026fc       0x2e .\CortexM0\ARM_GCC_541\Debug\fixed.a(CyLib.o)
                0x000026fc                cyImoFreqMhz2Reg
 *fill*         0x0000272a        0x2 
 .rodata        0x0000272c       0x40 .\CortexM0\ARM_GCC_541\Debug\fixed.a(I2C_MAG.o)
 .rodata.str1.1
                0x0000276c        0x2 c:/program files (x86)/cypress/psoc creator/4.2/psoc creator/import/gnu/arm/5.4.1/bin/../lib/gcc/arm-none-eabi/5.4.1/../../../../arm-none-eabi/lib/armv6-m\libg_nano.a(lib_a-impure.o)
                0x00002770                . = ALIGN (0x4)
 *fill*         0x0000276e        0x2 
 *(.init)
 .init          0x00002770        0x4 c:/program files (x86)/cypress/psoc creator/4.2/psoc creator/import/gnu/arm/5.4.1/bin/../lib/gcc/arm-none-eabi/5.4.1/armv6-m/crti.o
                0x00002770                _init
 .init          0x00002774        0x8 c:/program files (x86)/cypress/psoc creator/4.2/psoc creator/import/gnu/arm/5.4.1/bin/../lib/gcc/arm-none-eabi/5.4.1/armv6-m/crtn.o
                0x0000277c                . = ALIGN (0x4)
                0x0000277c                __preinit_array_start = .
 *(.preinit_array)
                0x0000277c                __preinit_array_end = .
                0x0000277c                . = ALIGN (0x4)
                0x0000277c                __init_array_start = .
 *(SORT(.init_array.*))
 *(.init_array)
 .init_array    0x0000277c        0x4 c:/program files (x86)/cypress/psoc creator/4.2/psoc creator/import/gnu/arm/5.4.1/bin/../lib/gcc/arm-none-eabi/5.4.1/armv6-m/crtbegin.o
 .init_array    0x00002780        0x4 .\CortexM0\ARM_GCC_541\Debug\Cm0Start.o
                0x00002784                __init_array_end = .
                0x00002784                . = ALIGN (0x4)
 *(.fini)
 .fini          0x00002784        0x4 c:/program files (x86)/cypress/psoc creator/4.2/psoc creator/import/gnu/arm/5.4.1/bin/../lib/gcc/arm-none-eabi/5.4.1/armv6-m/crti.o
                0x00002784                _fini
 .fini          0x00002788        0x8 c:/program files (x86)/cypress/psoc creator/4.2/psoc creator/import/gnu/arm/5.4.1/bin/../lib/gcc/arm-none-eabi/5.4.1/armv6-m/crtn.o
                0x00002790                . = ALIGN (0x4)
                0x00002790                __fini_array_start = .
 *(.fini_array)
 .fini_array    0x00002790        0x4 c:/program files (x86)/cypress/psoc creator/4.2/psoc creator/import/gnu/arm/5.4.1/bin/../lib/gcc/arm-none-eabi/5.4.1/armv6-m/crtbegin.o
 *(SORT(.fini_array.*))
                0x00002794                __fini_array_end = .
                0x00002794                . = ALIGN (0x4)
 *crtbegin.o(.ctors)
 *(EXCLUDE_FILE(*crtend.o) .ctors)
 *(SORT(.ctors.*))
 *crtend.o(.ctors)
                0x00002794                . = ALIGN (0x4)
 *crtbegin.o(.dtors)
 *(EXCLUDE_FILE(*crtend.o) .dtors)
 *(SORT(.dtors.*))
 *crtend.o(.dtors)
                0x00002794                . = ALIGN (0x4)
                0x00002794                __cy_regions = .
                0x00002794        0x4 LONG 0x27a8 __cy_region_init_ram
                0x00002798        0x4 LONG 0x200000c0 __cy_region_start_data
                0x0000279c        0x4 LONG 0x80 __cy_region_init_size_ram
                0x000027a0        0x4 LONG 0x110 __cy_region_zero_size_ram
                0x000027a4                __cy_regions_end = .
                0x000027a8                . = ALIGN (0x8)
 *fill*         0x000027a4        0x4 
                0x000027a8                _etext = .

.cy_checksum_exclude
                0x000027a8        0x0
 *(.cy_checksum_exclude)

.ramvectors     0x20000000       0xc0
                0x20000000                __cy_region_start_ram = .
 *(.ramvectors)
 .ramvectors    0x20000000       0xc0 .\CortexM0\ARM_GCC_541\Debug\Cm0Start.o
                0x20000000                CyRamVectors

.noinit
 *(.noinit)

.data           0x200000c0       0x80 load address 0x000027a8
                0x200000c0                __cy_region_start_data = .
 *(.jcr)
 .jcr           0x200000c0        0x0 c:/program files (x86)/cypress/psoc creator/4.2/psoc creator/import/gnu/arm/5.4.1/bin/../lib/gcc/arm-none-eabi/5.4.1/armv6-m/crtbegin.o
 .jcr           0x200000c0        0x4 c:/program files (x86)/cypress/psoc creator/4.2/psoc creator/import/gnu/arm/5.4.1/bin/../lib/gcc/arm-none-eabi/5.4.1/armv6-m/crtend.o
 *(.got.plt)
 *(.got)
 *(.shdata)
 *(.data .data.* .gnu.linkonce.d.*)
 .data          0x200000c4       0x14 .\CortexM0\ARM_GCC_541\Debug\fixed.a(CyLib.o)
                0x200000c4                CySysClkPumpConfig
                0x200000c8                cydelay32kMs
                0x200000cc                cydelayFreqKhz
                0x200000d0                cydelayFreqMhz
                0x200000d4                cydelayFreqHz
 .data          0x200000d8        0x4 .\CortexM0\ARM_GCC_541\Debug\fixed.a(CyLFClk.o)
 .data.impure_data
                0x200000dc       0x60 c:/program files (x86)/cypress/psoc creator/4.2/psoc creator/import/gnu/arm/5.4.1/bin/../lib/gcc/arm-none-eabi/5.4.1/../../../../arm-none-eabi/lib/armv6-m\libg_nano.a(lib_a-impure.o)
 .data._impure_ptr
                0x2000013c        0x4 c:/program files (x86)/cypress/psoc creator/4.2/psoc creator/import/gnu/arm/5.4.1/bin/../lib/gcc/arm-none-eabi/5.4.1/../../../../arm-none-eabi/lib/armv6-m\libg_nano.a(lib_a-impure.o)
                0x2000013c                _impure_ptr
                0x20000140                . = ALIGN (0x8)
 *(.ram)
                0x20000140                _edata = .

.igot.plt       0x20000140        0x0 load address 0x00002828
 .igot.plt      0x20000140        0x0 c:/program files (x86)/cypress/psoc creator/4.2/psoc creator/import/gnu/arm/5.4.1/bin/../lib/gcc/arm-none-eabi/5.4.1/armv6-m/crtbegin.o

.bss            0x20000140      0x110 load address 0x00002828
                0x20000140                PROVIDE (__bss_start__, .)
 *(.shbss)
 *(.bss .bss.* .gnu.linkonce.b.*)
 .bss           0x20000140       0x1c c:/program files (x86)/cypress/psoc creator/4.2/psoc creator/import/gnu/arm/5.4.1/bin/../lib/gcc/arm-none-eabi/5.4.1/armv6-m/crtbegin.o
 .bss           0x2000015c        0x8 .\CortexM0\ARM_GCC_541\Debug\motor.o
                0x2000015c                mot_active
                0x2000015d                mot_homed
                0x20000160                active_count
 .bss           0x20000164       0x20 .\CortexM0\ARM_GCC_541\Debug\fixed.a(CyLFClk.o)
 .bss           0x20000184        0x8 .\CortexM0\ARM_GCC_541\Debug\fixed.a(I2C_LED.o)
                0x20000184                I2C_LED_initVar
                0x20000188                I2C_LED_customIntrHandler
 .bss           0x2000018c        0x8 .\CortexM0\ARM_GCC_541\Debug\fixed.a(EZI2C_CAM.o)
                0x2000018c                EZI2C_CAM_initVar
                0x20000190                EZI2C_CAM_customIntrHandler
 .bss           0x20000194        0x2 .\CortexM0\ARM_GCC_541\Debug\fixed.a(EZI2C_CAM_EZI2C_INT.o)
 .bss           0x20000196        0x1 .\CortexM0\ARM_GCC_541\Debug\fixed.a(PWM_M.o)
                0x20000196                PWM_M_initVar
 .bss           0x20000197        0x1 .\CortexM0\ARM_GCC_541\Debug\fixed.a(STEP_COUNT.o)
                0x20000197                STEP_COUNT_initVar
 .bss           0x20000198        0x5 .\CortexM0\ARM_GCC_541\Debug\fixed.a(Comp_ISENSE.o)
                0x2000019c                Comp_ISENSE_initVar
 *fill*         0x2000019d        0x3 
 .bss           0x200001a0        0x4 .\CortexM0\ARM_GCC_541\Debug\fixed.a(IDAC_1.o)
                0x200001a0                IDAC_1_initVar
 .bss           0x200001a4        0x4 .\CortexM0\ARM_GCC_541\Debug\fixed.a(IDAC_2.o)
                0x200001a4                IDAC_2_initVar
 .bss           0x200001a8        0x1 .\CortexM0\ARM_GCC_541\Debug\fixed.a(PWM_1.o)
                0x200001a8                PWM_1_initVar
 *fill*         0x200001a9        0x3 
 .bss           0x200001ac       0x25 .\CortexM0\ARM_GCC_541\Debug\fixed.a(I2C_MAG.o)
 *(COMMON)
 *fill*         0x200001d1        0x3 
 COMMON         0x200001d4       0x23 .\CortexM0\ARM_GCC_541\Debug\main.o
                0x200001d4                set
 *fill*         0x200001f7        0x1 
 COMMON         0x200001f8       0x20 .\CortexM0\ARM_GCC_541\Debug\motor.o
                0x200001f8                last_p
                0x200001fc                mot_start
                0x20000200                last_count
                0x20000204                mot_target
                0x20000208                mot_decel_start
                0x2000020c                half_dist
                0x20000210                last_x
                0x20000214                mot_pos
 COMMON         0x20000218        0x1 .\CortexM0\ARM_GCC_541\Debug\fixed.a(I2C_LED_I2C.o)
                0x20000218                I2C_LED_state
 *fill*         0x20000219        0x3 
 COMMON         0x2000021c       0x20 .\CortexM0\ARM_GCC_541\Debug\fixed.a(I2C_LED_I2C_MASTER.o)
                0x2000021c                I2C_LED_mstrRdBufIndex
                0x20000220                I2C_LED_mstrWrBufIndexTmp
                0x20000224                I2C_LED_mstrWrBufIndex
                0x20000228                I2C_LED_mstrRdBufPtr
                0x2000022c                I2C_LED_mstrWrBufPtr
                0x20000230                I2C_LED_mstrWrBufSize
                0x20000234                I2C_LED_mstrControl
                0x20000236                I2C_LED_mstrStatus
                0x20000238                I2C_LED_mstrRdBufSize
 COMMON         0x2000023c        0xe .\CortexM0\ARM_GCC_541\Debug\fixed.a(EZI2C_CAM_EZI2C.o)
                0x2000023c                EZI2C_CAM_dataBuffer1
                0x20000240                EZI2C_CAM_indexBuf1
                0x20000242                EZI2C_CAM_fsmState
                0x20000243                EZI2C_CAM_curStatus
                0x20000244                EZI2C_CAM_offsetBuf1
                0x20000246                EZI2C_CAM_protectBuf1
                0x20000248                EZI2C_CAM_bufSizeBuf1
                0x20000250                . = ALIGN (0x8)
 *fill*         0x2000024a        0x6 
 *(.ram.b)
                0x20000250                _end = .
                0x20000250                __end = .
                0x20000250                PROVIDE (end, .)
                0x20000250                PROVIDE (__bss_end__, .)
                0x000027a8                __cy_region_init_ram = LOADADDR (.data)
                0x00000080                __cy_region_init_size_ram = (_edata - ADDR (.data))
                0x00000110                __cy_region_zero_size_ram = (_end - _edata)

.heap           0x20000250       0x80 load address 0x00002828
                0x20000250                . = _end
                0x200002d0                . = (. + 0x80)
 *fill*         0x20000250       0x80 
                0x200002d0                __cy_heap_limit = .

.stack          0x20000800      0x800
                0x20000800                __cy_stack_limit = .
                0x20001000                . = (. + 0x800)
 *fill*         0x20000800      0x800 
                0x00000001                ASSERT ((__cy_stack_limit >= __cy_heap_limit), region RAM overflowed with stack)
                0x00000000                cy_checksum_exclude_size = (CY_APPL_LOADABLE == 0x1)?SIZEOF (.cy_checksum_exclude):0x0
                0x00000001                ASSERT ((cy_checksum_exclude_size <= CY_CHECKSUM_EXCLUDE_SIZE), CY_BOOT: Section .cy_checksum_exclude size exceedes specified limit.)
                0x00007fc0                cyloadermeta_start = (cy_project_type_bootloader || cy_project_type_app_for_stack_and_copier)?(LENGTH (rom) - CY_METADATA_SIZE):0xf0000000

.cyloadermeta
 *(.cyloadermeta)
                0x00007fc0                cyloadablemeta_start = cy_project_type_app_for_stack_and_copier?((LENGTH (rom) - CY_FLASH_ROW_SIZE) - CY_METADATA_SIZE):((LENGTH (rom) - (CY_FLASH_ROW_SIZE * (CY_APPL_NUM - 0x1))) - CY_METADATA_SIZE)

.cyloadablemeta
 *(.cyloadablemeta)

.cyflashprotect
                0x90400000       0x20
 *(.cyflashprotect)
 .cyflashprotect
                0x90400000       0x20 .\CortexM0\ARM_GCC_541\Debug\cymetadata.o
                0x90400000                cy_meta_flashprotect

.cymeta         0x90500000        0xc
 *(.cymeta)
 .cymeta        0x90500000        0xc .\CortexM0\ARM_GCC_541\Debug\cymetadata.o
                0x90500000                cy_metadata

.cychipprotect  0x90600000        0x1
 *(.cychipprotect)
 .cychipprotect
                0x90600000        0x1 .\CortexM0\ARM_GCC_541\Debug\cymetadata.o
                0x90600000                cy_meta_chipprotect

.rel.dyn        0x00002828        0x0 load address 0x90600004
 .rel.iplt      0x00002828        0x0 c:/program files (x86)/cypress/psoc creator/4.2/psoc creator/import/gnu/arm/5.4.1/bin/../lib/gcc/arm-none-eabi/5.4.1/armv6-m/crtbegin.o

.stab
 *(.stab)

.stabstr
 *(.stabstr)

.debug
 *(.debug)

.line
 *(.line)

.debug_srcinfo
 *(.debug_srcinfo)

.debug_sfnames
 *(.debug_sfnames)

.debug_aranges  0x00000000     0x13c8
 *(.debug_aranges)
 .debug_aranges
                0x00000000       0x78 .\CortexM0\ARM_GCC_541\Debug\main.o
 .debug_aranges
                0x00000078       0x48 .\CortexM0\ARM_GCC_541\Debug\motor.o
 .debug_aranges
                0x000000c0      0x330 .\CortexM0\ARM_GCC_541\Debug\vl53l0x_api.o
 .debug_aranges
                0x000003f0       0xd0 .\CortexM0\ARM_GCC_541\Debug\vl53l0x_api_calibration.o
 .debug_aranges
                0x000004c0       0xe0 .\CortexM0\ARM_GCC_541\Debug\vl53l0x_api_core.o
 .debug_aranges
                0x000005a0       0x18 .\CortexM0\ARM_GCC_541\Debug\vl53l0x_api_ranging.o
 .debug_aranges
                0x000005b8       0x58 .\CortexM0\ARM_GCC_541\Debug\vl53l0x_api_strings.o
 .debug_aranges
                0x00000610      0x120 .\CortexM0\ARM_GCC_541\Debug\tof_coms.o
 .debug_aranges
                0x00000730       0x78 .\CortexM0\ARM_GCC_541\Debug\vl53l0x_platform.o
 .debug_aranges
                0x000007a8       0x48 .\CortexM0\ARM_GCC_541\Debug\cyfitter_cfg.o
 .debug_aranges
                0x000007f0       0x18 .\CortexM0\ARM_GCC_541\Debug\cymetadata.o
 .debug_aranges
                0x00000808       0x48 .\CortexM0\ARM_GCC_541\Debug\Cm0Start.o
 .debug_aranges
                0x00000850      0x180 .\CortexM0\ARM_GCC_541\Debug\fixed.a(CyLib.o)
 .debug_aranges
                0x000009d0      0x138 .\CortexM0\ARM_GCC_541\Debug\fixed.a(CyLFClk.o)
 .debug_aranges
                0x00000b08       0x68 .\CortexM0\ARM_GCC_541\Debug\fixed.a(I2C_LED.o)
 .debug_aranges
                0x00000b70       0x28 .\CortexM0\ARM_GCC_541\Debug\fixed.a(I2C_LED_I2C.o)
 .debug_aranges
                0x00000b98       0x88 .\CortexM0\ARM_GCC_541\Debug\fixed.a(I2C_LED_I2C_MASTER.o)
 .debug_aranges
                0x00000c20       0x48 .\CortexM0\ARM_GCC_541\Debug\fixed.a(I2C_LED_sda.o)
 .debug_aranges
                0x00000c68       0x48 .\CortexM0\ARM_GCC_541\Debug\fixed.a(I2C_LED_scl.o)
 .debug_aranges
                0x00000cb0       0x68 .\CortexM0\ARM_GCC_541\Debug\fixed.a(EZI2C_CAM.o)
 .debug_aranges
                0x00000d18       0x50 .\CortexM0\ARM_GCC_541\Debug\fixed.a(EZI2C_CAM_EZI2C.o)
 .debug_aranges
                0x00000d68       0x20 .\CortexM0\ARM_GCC_541\Debug\fixed.a(EZI2C_CAM_EZI2C_INT.o)
 .debug_aranges
                0x00000d88       0x48 .\CortexM0\ARM_GCC_541\Debug\fixed.a(AUD_SD.o)
 .debug_aranges
                0x00000dd0       0x48 .\CortexM0\ARM_GCC_541\Debug\fixed.a(AUD_GAIN0.o)
 .debug_aranges
                0x00000e18       0x48 .\CortexM0\ARM_GCC_541\Debug\fixed.a(AUD_GAIN1.o)
 .debug_aranges
                0x00000e60       0xa8 .\CortexM0\ARM_GCC_541\Debug\fixed.a(PWM_M.o)
 .debug_aranges
                0x00000f08      0x158 .\CortexM0\ARM_GCC_541\Debug\fixed.a(STEP_COUNT.o)
 .debug_aranges
                0x00001060       0x48 .\CortexM0\ARM_GCC_541\Debug\fixed.a(CW.o)
 .debug_aranges
                0x000010a8       0x98 .\CortexM0\ARM_GCC_541\Debug\fixed.a(Comp_ISENSE.o)
 .debug_aranges
                0x00001140       0x40 .\CortexM0\ARM_GCC_541\Debug\fixed.a(IDAC_1.o)
 .debug_aranges
                0x00001180       0x28 .\CortexM0\ARM_GCC_541\Debug\fixed.a(Control_PWM.o)
 .debug_aranges
                0x000011a8       0x40 .\CortexM0\ARM_GCC_541\Debug\fixed.a(IDAC_2.o)
 .debug_aranges
                0x000011e8      0x158 .\CortexM0\ARM_GCC_541\Debug\fixed.a(PWM_1.o)
 .debug_aranges
                0x00001340       0x48 .\CortexM0\ARM_GCC_541\Debug\fixed.a(I2C_MAG.o)
 .debug_aranges
                0x00001388       0x20 .\CortexM0\ARM_GCC_541\Debug\fixed.a(CyBootAsmGnu.o)
 .debug_aranges
                0x000013a8       0x20 .\CortexM0\ARM_GCC_541\Debug\fixed.a(I2C_LED_I2C_INT.o)

.debug_pubnames
 *(.debug_pubnames)

.debug_info     0x00000000    0x13891
 *(.debug_info .gnu.linkonce.wi.*)
 .debug_info    0x00000000      0xc5d .\CortexM0\ARM_GCC_541\Debug\main.o
 .debug_info    0x00000c5d      0x597 .\CortexM0\ARM_GCC_541\Debug\motor.o
 .debug_info    0x000011f4     0x4614 .\CortexM0\ARM_GCC_541\Debug\vl53l0x_api.o
 .debug_info    0x00005808     0x20d5 .\CortexM0\ARM_GCC_541\Debug\vl53l0x_api_calibration.o
 .debug_info    0x000078dd     0x2f35 .\CortexM0\ARM_GCC_541\Debug\vl53l0x_api_core.o
 .debug_info    0x0000a812       0x79 .\CortexM0\ARM_GCC_541\Debug\vl53l0x_api_ranging.o
 .debug_info    0x0000a88b      0xa24 .\CortexM0\ARM_GCC_541\Debug\vl53l0x_api_strings.o
 .debug_info    0x0000b2af     0x1993 .\CortexM0\ARM_GCC_541\Debug\tof_coms.o
 .debug_info    0x0000cc42      0xcb7 .\CortexM0\ARM_GCC_541\Debug\vl53l0x_platform.o
 .debug_info    0x0000d8f9      0x416 .\CortexM0\ARM_GCC_541\Debug\cyfitter_cfg.o
 .debug_info    0x0000dd0f       0xf8 .\CortexM0\ARM_GCC_541\Debug\cymetadata.o
 .debug_info    0x0000de07      0x39c .\CortexM0\ARM_GCC_541\Debug\Cm0Start.o
 .debug_info    0x0000e1a3      0xb0b .\CortexM0\ARM_GCC_541\Debug\fixed.a(CyLib.o)
 .debug_info    0x0000ecae      0xcfe .\CortexM0\ARM_GCC_541\Debug\fixed.a(CyLFClk.o)
 .debug_info    0x0000f9ac      0x2aa .\CortexM0\ARM_GCC_541\Debug\fixed.a(I2C_LED.o)
 .debug_info    0x0000fc56      0x183 .\CortexM0\ARM_GCC_541\Debug\fixed.a(I2C_LED_I2C.o)
 .debug_info    0x0000fdd9      0x674 .\CortexM0\ARM_GCC_541\Debug\fixed.a(I2C_LED_I2C_MASTER.o)
 .debug_info    0x0001044d      0x19d .\CortexM0\ARM_GCC_541\Debug\fixed.a(I2C_LED_sda.o)
 .debug_info    0x000105ea      0x19b .\CortexM0\ARM_GCC_541\Debug\fixed.a(I2C_LED_scl.o)
 .debug_info    0x00010785      0x2aa .\CortexM0\ARM_GCC_541\Debug\fixed.a(EZI2C_CAM.o)
 .debug_info    0x00010a2f      0x319 .\CortexM0\ARM_GCC_541\Debug\fixed.a(EZI2C_CAM_EZI2C.o)
 .debug_info    0x00010d48      0x202 .\CortexM0\ARM_GCC_541\Debug\fixed.a(EZI2C_CAM_EZI2C_INT.o)
 .debug_info    0x00010f4a      0x19b .\CortexM0\ARM_GCC_541\Debug\fixed.a(AUD_SD.o)
 .debug_info    0x000110e5      0x19d .\CortexM0\ARM_GCC_541\Debug\fixed.a(AUD_GAIN0.o)
 .debug_info    0x00011282      0x19d .\CortexM0\ARM_GCC_541\Debug\fixed.a(AUD_GAIN1.o)
 .debug_info    0x0001141f      0x382 .\CortexM0\ARM_GCC_541\Debug\fixed.a(PWM_M.o)
 .debug_info    0x000117a1      0x8f6 .\CortexM0\ARM_GCC_541\Debug\fixed.a(STEP_COUNT.o)
 .debug_info    0x00012097      0x19d .\CortexM0\ARM_GCC_541\Debug\fixed.a(CW.o)
 .debug_info    0x00012234      0x385 .\CortexM0\ARM_GCC_541\Debug\fixed.a(Comp_ISENSE.o)
 .debug_info    0x000125b9      0x221 .\CortexM0\ARM_GCC_541\Debug\fixed.a(IDAC_1.o)
 .debug_info    0x000127da       0xd6 .\CortexM0\ARM_GCC_541\Debug\fixed.a(Control_PWM.o)
 .debug_info    0x000128b0      0x221 .\CortexM0\ARM_GCC_541\Debug\fixed.a(IDAC_2.o)
 .debug_info    0x00012ad1      0x90b .\CortexM0\ARM_GCC_541\Debug\fixed.a(PWM_1.o)
 .debug_info    0x000133dc      0x2ac .\CortexM0\ARM_GCC_541\Debug\fixed.a(I2C_MAG.o)
 .debug_info    0x00013688       0x75 .\CortexM0\ARM_GCC_541\Debug\fixed.a(CyBootAsmGnu.o)
 .debug_info    0x000136fd      0x194 .\CortexM0\ARM_GCC_541\Debug\fixed.a(I2C_LED_I2C_INT.o)

.debug_abbrev   0x00000000     0x2d9d
 *(.debug_abbrev)
 .debug_abbrev  0x00000000      0x21d .\CortexM0\ARM_GCC_541\Debug\main.o
 .debug_abbrev  0x0000021d      0x1c6 .\CortexM0\ARM_GCC_541\Debug\motor.o
 .debug_abbrev  0x000003e3      0x258 .\CortexM0\ARM_GCC_541\Debug\vl53l0x_api.o
 .debug_abbrev  0x0000063b      0x27a .\CortexM0\ARM_GCC_541\Debug\vl53l0x_api_calibration.o
 .debug_abbrev  0x000008b5      0x287 .\CortexM0\ARM_GCC_541\Debug\vl53l0x_api_core.o
 .debug_abbrev  0x00000b3c       0x26 .\CortexM0\ARM_GCC_541\Debug\vl53l0x_api_ranging.o
 .debug_abbrev  0x00000b62      0x1e1 .\CortexM0\ARM_GCC_541\Debug\vl53l0x_api_strings.o
 .debug_abbrev  0x00000d43      0x2e7 .\CortexM0\ARM_GCC_541\Debug\tof_coms.o
 .debug_abbrev  0x0000102a      0x1d2 .\CortexM0\ARM_GCC_541\Debug\vl53l0x_platform.o
 .debug_abbrev  0x000011fc      0x1cf .\CortexM0\ARM_GCC_541\Debug\cyfitter_cfg.o
 .debug_abbrev  0x000013cb       0x5d .\CortexM0\ARM_GCC_541\Debug\cymetadata.o
 .debug_abbrev  0x00001428      0x1d7 .\CortexM0\ARM_GCC_541\Debug\Cm0Start.o
 .debug_abbrev  0x000015ff      0x1e0 .\CortexM0\ARM_GCC_541\Debug\fixed.a(CyLib.o)
 .debug_abbrev  0x000017df      0x210 .\CortexM0\ARM_GCC_541\Debug\fixed.a(CyLFClk.o)
 .debug_abbrev  0x000019ef      0x130 .\CortexM0\ARM_GCC_541\Debug\fixed.a(I2C_LED.o)
 .debug_abbrev  0x00001b1f       0xc7 .\CortexM0\ARM_GCC_541\Debug\fixed.a(I2C_LED_I2C.o)
 .debug_abbrev  0x00001be6      0x160 .\CortexM0\ARM_GCC_541\Debug\fixed.a(I2C_LED_I2C_MASTER.o)
 .debug_abbrev  0x00001d46       0xc8 .\CortexM0\ARM_GCC_541\Debug\fixed.a(I2C_LED_sda.o)
 .debug_abbrev  0x00001e0e       0xc8 .\CortexM0\ARM_GCC_541\Debug\fixed.a(I2C_LED_scl.o)
 .debug_abbrev  0x00001ed6      0x130 .\CortexM0\ARM_GCC_541\Debug\fixed.a(EZI2C_CAM.o)
 .debug_abbrev  0x00002006      0x13a .\CortexM0\ARM_GCC_541\Debug\fixed.a(EZI2C_CAM_EZI2C.o)
 .debug_abbrev  0x00002140       0xdb .\CortexM0\ARM_GCC_541\Debug\fixed.a(EZI2C_CAM_EZI2C_INT.o)
 .debug_abbrev  0x0000221b       0xc8 .\CortexM0\ARM_GCC_541\Debug\fixed.a(AUD_SD.o)
 .debug_abbrev  0x000022e3       0xc8 .\CortexM0\ARM_GCC_541\Debug\fixed.a(AUD_GAIN0.o)
 .debug_abbrev  0x000023ab       0xc8 .\CortexM0\ARM_GCC_541\Debug\fixed.a(AUD_GAIN1.o)
 .debug_abbrev  0x00002473      0x133 .\CortexM0\ARM_GCC_541\Debug\fixed.a(PWM_M.o)
 .debug_abbrev  0x000025a6      0x119 .\CortexM0\ARM_GCC_541\Debug\fixed.a(STEP_COUNT.o)
 .debug_abbrev  0x000026bf       0xc8 .\CortexM0\ARM_GCC_541\Debug\fixed.a(CW.o)
 .debug_abbrev  0x00002787      0x19c .\CortexM0\ARM_GCC_541\Debug\fixed.a(Comp_ISENSE.o)
 .debug_abbrev  0x00002923       0xa3 .\CortexM0\ARM_GCC_541\Debug\fixed.a(IDAC_1.o)
 .debug_abbrev  0x000029c6       0x81 .\CortexM0\ARM_GCC_541\Debug\fixed.a(Control_PWM.o)
 .debug_abbrev  0x00002a47       0xa3 .\CortexM0\ARM_GCC_541\Debug\fixed.a(IDAC_2.o)
 .debug_abbrev  0x00002aea      0x119 .\CortexM0\ARM_GCC_541\Debug\fixed.a(PWM_1.o)
 .debug_abbrev  0x00002c03       0xfe .\CortexM0\ARM_GCC_541\Debug\fixed.a(I2C_MAG.o)
 .debug_abbrev  0x00002d01       0x14 .\CortexM0\ARM_GCC_541\Debug\fixed.a(CyBootAsmGnu.o)
 .debug_abbrev  0x00002d15       0x88 .\CortexM0\ARM_GCC_541\Debug\fixed.a(I2C_LED_I2C_INT.o)

.debug_line     0x00000000     0x56d1
 *(.debug_line)
 .debug_line    0x00000000      0x2d4 .\CortexM0\ARM_GCC_541\Debug\main.o
 .debug_line    0x000002d4      0x183 .\CortexM0\ARM_GCC_541\Debug\motor.o
 .debug_line    0x00000457      0xd4a .\CortexM0\ARM_GCC_541\Debug\vl53l0x_api.o
 .debug_line    0x000011a1      0x674 .\CortexM0\ARM_GCC_541\Debug\vl53l0x_api_calibration.o
 .debug_line    0x00001815      0x89b .\CortexM0\ARM_GCC_541\Debug\vl53l0x_api_core.o
 .debug_line    0x000020b0       0x1d .\CortexM0\ARM_GCC_541\Debug\vl53l0x_api_ranging.o
 .debug_line    0x000020cd      0x371 .\CortexM0\ARM_GCC_541\Debug\vl53l0x_api_strings.o
 .debug_line    0x0000243e      0x51d .\CortexM0\ARM_GCC_541\Debug\tof_coms.o
 .debug_line    0x0000295b      0x2ee .\CortexM0\ARM_GCC_541\Debug\vl53l0x_platform.o
 .debug_line    0x00002c49      0x1a6 .\CortexM0\ARM_GCC_541\Debug\cyfitter_cfg.o
 .debug_line    0x00002def      0x141 .\CortexM0\ARM_GCC_541\Debug\cymetadata.o
 .debug_line    0x00002f30      0x235 .\CortexM0\ARM_GCC_541\Debug\Cm0Start.o
 .debug_line    0x00003165      0x460 .\CortexM0\ARM_GCC_541\Debug\fixed.a(CyLib.o)
 .debug_line    0x000035c5      0x466 .\CortexM0\ARM_GCC_541\Debug\fixed.a(CyLFClk.o)
 .debug_line    0x00003a2b      0x14b .\CortexM0\ARM_GCC_541\Debug\fixed.a(I2C_LED.o)
 .debug_line    0x00003b76       0xad .\CortexM0\ARM_GCC_541\Debug\fixed.a(I2C_LED_I2C.o)
 .debug_line    0x00003c23      0x2d4 .\CortexM0\ARM_GCC_541\Debug\fixed.a(I2C_LED_I2C_MASTER.o)
 .debug_line    0x00003ef7       0xc3 .\CortexM0\ARM_GCC_541\Debug\fixed.a(I2C_LED_sda.o)
 .debug_line    0x00003fba       0xc2 .\CortexM0\ARM_GCC_541\Debug\fixed.a(I2C_LED_scl.o)
 .debug_line    0x0000407c      0x14f .\CortexM0\ARM_GCC_541\Debug\fixed.a(EZI2C_CAM.o)
 .debug_line    0x000041cb      0x108 .\CortexM0\ARM_GCC_541\Debug\fixed.a(EZI2C_CAM_EZI2C.o)
 .debug_line    0x000042d3      0x154 .\CortexM0\ARM_GCC_541\Debug\fixed.a(EZI2C_CAM_EZI2C_INT.o)
 .debug_line    0x00004427       0xbd .\CortexM0\ARM_GCC_541\Debug\fixed.a(AUD_SD.o)
 .debug_line    0x000044e4       0xc1 .\CortexM0\ARM_GCC_541\Debug\fixed.a(AUD_GAIN0.o)
 .debug_line    0x000045a5       0xc1 .\CortexM0\ARM_GCC_541\Debug\fixed.a(AUD_GAIN1.o)
 .debug_line    0x00004666      0x1b3 .\CortexM0\ARM_GCC_541\Debug\fixed.a(PWM_M.o)
 .debug_line    0x00004819      0x37e .\CortexM0\ARM_GCC_541\Debug\fixed.a(STEP_COUNT.o)
 .debug_line    0x00004b97       0xba .\CortexM0\ARM_GCC_541\Debug\fixed.a(CW.o)
 .debug_line    0x00004c51      0x1ab .\CortexM0\ARM_GCC_541\Debug\fixed.a(Comp_ISENSE.o)
 .debug_line    0x00004dfc       0xc4 .\CortexM0\ARM_GCC_541\Debug\fixed.a(IDAC_1.o)
 .debug_line    0x00004ec0       0x74 .\CortexM0\ARM_GCC_541\Debug\fixed.a(Control_PWM.o)
 .debug_line    0x00004f34       0xc6 .\CortexM0\ARM_GCC_541\Debug\fixed.a(IDAC_2.o)
 .debug_line    0x00004ffa      0x37e .\CortexM0\ARM_GCC_541\Debug\fixed.a(PWM_1.o)
 .debug_line    0x00005378      0x17d .\CortexM0\ARM_GCC_541\Debug\fixed.a(I2C_MAG.o)
 .debug_line    0x000054f5       0x69 .\CortexM0\ARM_GCC_541\Debug\fixed.a(CyBootAsmGnu.o)
 .debug_line    0x0000555e      0x173 .\CortexM0\ARM_GCC_541\Debug\fixed.a(I2C_LED_I2C_INT.o)

.debug_frame    0x00000000     0x3664
 *(.debug_frame)
 .debug_frame   0x00000000      0x190 .\CortexM0\ARM_GCC_541\Debug\main.o
 .debug_frame   0x00000190       0xb8 .\CortexM0\ARM_GCC_541\Debug\motor.o
 .debug_frame   0x00000248      0xac4 .\CortexM0\ARM_GCC_541\Debug\vl53l0x_api.o
 .debug_frame   0x00000d0c      0x350 .\CortexM0\ARM_GCC_541\Debug\vl53l0x_api_calibration.o
 .debug_frame   0x0000105c      0x33c .\CortexM0\ARM_GCC_541\Debug\vl53l0x_api_core.o
 .debug_frame   0x00001398       0xbc .\CortexM0\ARM_GCC_541\Debug\vl53l0x_api_strings.o
 .debug_frame   0x00001454      0x374 .\CortexM0\ARM_GCC_541\Debug\tof_coms.o
 .debug_frame   0x000017c8      0x15c .\CortexM0\ARM_GCC_541\Debug\vl53l0x_platform.o
 .debug_frame   0x00001924       0xb8 .\CortexM0\ARM_GCC_541\Debug\cyfitter_cfg.o
 .debug_frame   0x000019dc       0xbc .\CortexM0\ARM_GCC_541\Debug\Cm0Start.o
 .debug_frame   0x00001a98      0x3e0 .\CortexM0\ARM_GCC_541\Debug\fixed.a(CyLib.o)
 .debug_frame   0x00001e78      0x3a8 .\CortexM0\ARM_GCC_541\Debug\fixed.a(CyLFClk.o)
 .debug_frame   0x00002220       0xf8 .\CortexM0\ARM_GCC_541\Debug\fixed.a(I2C_LED.o)
 .debug_frame   0x00002318       0x3c .\CortexM0\ARM_GCC_541\Debug\fixed.a(I2C_LED_I2C.o)
 .debug_frame   0x00002354      0x178 .\CortexM0\ARM_GCC_541\Debug\fixed.a(I2C_LED_I2C_MASTER.o)
 .debug_frame   0x000024cc       0x70 .\CortexM0\ARM_GCC_541\Debug\fixed.a(I2C_LED_sda.o)
 .debug_frame   0x0000253c       0x70 .\CortexM0\ARM_GCC_541\Debug\fixed.a(I2C_LED_scl.o)
 .debug_frame   0x000025ac       0xf8 .\CortexM0\ARM_GCC_541\Debug\fixed.a(EZI2C_CAM.o)
 .debug_frame   0x000026a4       0xa8 .\CortexM0\ARM_GCC_541\Debug\fixed.a(EZI2C_CAM_EZI2C.o)
 .debug_frame   0x0000274c       0x30 .\CortexM0\ARM_GCC_541\Debug\fixed.a(EZI2C_CAM_EZI2C_INT.o)
 .debug_frame   0x0000277c       0x70 .\CortexM0\ARM_GCC_541\Debug\fixed.a(AUD_SD.o)
 .debug_frame   0x000027ec       0x70 .\CortexM0\ARM_GCC_541\Debug\fixed.a(AUD_GAIN0.o)
 .debug_frame   0x0000285c       0x70 .\CortexM0\ARM_GCC_541\Debug\fixed.a(AUD_GAIN1.o)
 .debug_frame   0x000028cc      0x154 .\CortexM0\ARM_GCC_541\Debug\fixed.a(PWM_M.o)
 .debug_frame   0x00002a20      0x3a0 .\CortexM0\ARM_GCC_541\Debug\fixed.a(STEP_COUNT.o)
 .debug_frame   0x00002dc0       0x70 .\CortexM0\ARM_GCC_541\Debug\fixed.a(CW.o)
 .debug_frame   0x00002e30      0x150 .\CortexM0\ARM_GCC_541\Debug\fixed.a(Comp_ISENSE.o)
 .debug_frame   0x00002f80       0x9c .\CortexM0\ARM_GCC_541\Debug\fixed.a(IDAC_1.o)
 .debug_frame   0x0000301c       0x30 .\CortexM0\ARM_GCC_541\Debug\fixed.a(Control_PWM.o)
 .debug_frame   0x0000304c       0x9c .\CortexM0\ARM_GCC_541\Debug\fixed.a(IDAC_2.o)
 .debug_frame   0x000030e8      0x3a0 .\CortexM0\ARM_GCC_541\Debug\fixed.a(PWM_1.o)
 .debug_frame   0x00003488       0x94 .\CortexM0\ARM_GCC_541\Debug\fixed.a(I2C_MAG.o)
 .debug_frame   0x0000351c       0x2c .\CortexM0\ARM_GCC_541\Debug\fixed.a(I2C_LED_I2C_INT.o)
 .debug_frame   0x00003548       0x20 c:/program files (x86)/cypress/psoc creator/4.2/psoc creator/import/gnu/arm/5.4.1/bin/../lib/gcc/arm-none-eabi/5.4.1/armv6-m\libgcc.a(_udivsi3.o)
 .debug_frame   0x00003568       0x20 c:/program files (x86)/cypress/psoc creator/4.2/psoc creator/import/gnu/arm/5.4.1/bin/../lib/gcc/arm-none-eabi/5.4.1/armv6-m\libgcc.a(_divsi3.o)
 .debug_frame   0x00003588       0x20 c:/program files (x86)/cypress/psoc creator/4.2/psoc creator/import/gnu/arm/5.4.1/bin/../lib/gcc/arm-none-eabi/5.4.1/../../../../arm-none-eabi/lib/armv6-m\libg_nano.a(lib_a-errno.o)
 .debug_frame   0x000035a8       0x28 c:/program files (x86)/cypress/psoc creator/4.2/psoc creator/import/gnu/arm/5.4.1/bin/../lib/gcc/arm-none-eabi/5.4.1/../../../../arm-none-eabi/lib/armv6-m\libg_nano.a(lib_a-exit.o)
 .debug_frame   0x000035d0       0x2c c:/program files (x86)/cypress/psoc creator/4.2/psoc creator/import/gnu/arm/5.4.1/bin/../lib/gcc/arm-none-eabi/5.4.1/../../../../arm-none-eabi/lib/armv6-m\libg_nano.a(lib_a-init.o)
 .debug_frame   0x000035fc       0x28 c:/program files (x86)/cypress/psoc creator/4.2/psoc creator/import/gnu/arm/5.4.1/bin/../lib/gcc/arm-none-eabi/5.4.1/../../../../arm-none-eabi/lib/armv6-m\libg_nano.a(lib_a-memcpy-stub.o)
 .debug_frame   0x00003624       0x20 c:/program files (x86)/cypress/psoc creator/4.2/psoc creator/import/gnu/arm/5.4.1/bin/../lib/gcc/arm-none-eabi/5.4.1/../../../../arm-none-eabi/lib/armv6-m\libg_nano.a(lib_a-memset.o)
 .debug_frame   0x00003644       0x20 c:/program files (x86)/cypress/psoc creator/4.2/psoc creator/import/gnu/arm/5.4.1/bin/../lib/gcc/arm-none-eabi/5.4.1/../../../../arm-none-eabi/lib/armv6-m\libg_nano.a(lib_a-strcpy.o)

.debug_str      0x00000000     0x5dc9
 *(.debug_str)
 .debug_str     0x00000000      0x42e .\CortexM0\ARM_GCC_541\Debug\main.o
                                0x489 (size before relaxing)
 .debug_str     0x0000042e       0xd4 .\CortexM0\ARM_GCC_541\Debug\motor.o
                                0x32f (size before relaxing)
 .debug_str     0x00000502     0x1e26 .\CortexM0\ARM_GCC_541\Debug\vl53l0x_api.o
                               0x231d (size before relaxing)
 .debug_str     0x00002328      0x622 .\CortexM0\ARM_GCC_541\Debug\vl53l0x_api_calibration.o
                               0x13a2 (size before relaxing)
 .debug_str     0x0000294a      0xbdd .\CortexM0\ARM_GCC_541\Debug\vl53l0x_api_core.o
                               0x19cd (size before relaxing)
 .debug_str     0x00003527       0x23 .\CortexM0\ARM_GCC_541\Debug\vl53l0x_api_ranging.o
                                0x176 (size before relaxing)
 .debug_str     0x0000354a       0x47 .\CortexM0\ARM_GCC_541\Debug\vl53l0x_api_strings.o
                                0xb60 (size before relaxing)
 .debug_str     0x00003591      0x38f .\CortexM0\ARM_GCC_541\Debug\tof_coms.o
                                0xf58 (size before relaxing)
 .debug_str     0x00003920       0x8b .\CortexM0\ARM_GCC_541\Debug\vl53l0x_platform.o
                                0xac8 (size before relaxing)
 .debug_str     0x000039ab      0x136 .\CortexM0\ARM_GCC_541\Debug\cyfitter_cfg.o
                                0x2e8 (size before relaxing)
 .debug_str     0x00003ae1       0x59 .\CortexM0\ARM_GCC_541\Debug\cymetadata.o
                                0x1ad (size before relaxing)
 .debug_str     0x00003b3a      0x135 .\CortexM0\ARM_GCC_541\Debug\Cm0Start.o
                                0x2e6 (size before relaxing)
 .debug_str     0x00003c6f      0x4b0 .\CortexM0\ARM_GCC_541\Debug\fixed.a(CyLib.o)
                                0x6a9 (size before relaxing)
 .debug_str     0x0000411f      0x527 .\CortexM0\ARM_GCC_541\Debug\fixed.a(CyLFClk.o)
                                0x722 (size before relaxing)
 .debug_str     0x00004646      0x148 .\CortexM0\ARM_GCC_541\Debug\fixed.a(I2C_LED.o)
                                0x2fa (size before relaxing)
 .debug_str     0x0000478e       0x74 .\CortexM0\ARM_GCC_541\Debug\fixed.a(I2C_LED_I2C.o)
                                0x23b (size before relaxing)
 .debug_str     0x00004802      0x22b .\CortexM0\ARM_GCC_541\Debug\fixed.a(I2C_LED_I2C_MASTER.o)
                                0x4aa (size before relaxing)
 .debug_str     0x00004a2d       0xc4 .\CortexM0\ARM_GCC_541\Debug\fixed.a(I2C_LED_sda.o)
                                0x245 (size before relaxing)
 .debug_str     0x00004af1       0x8e .\CortexM0\ARM_GCC_541\Debug\fixed.a(I2C_LED_scl.o)
                                0x245 (size before relaxing)
 .debug_str     0x00004b7f      0x14d .\CortexM0\ARM_GCC_541\Debug\fixed.a(EZI2C_CAM.o)
                                0x31c (size before relaxing)
 .debug_str     0x00004ccc      0x14e .\CortexM0\ARM_GCC_541\Debug\fixed.a(EZI2C_CAM_EZI2C.o)
                                0x359 (size before relaxing)
 .debug_str     0x00004e1a       0x9f .\CortexM0\ARM_GCC_541\Debug\fixed.a(EZI2C_CAM_EZI2C_INT.o)
                                0x2fc (size before relaxing)
 .debug_str     0x00004eb9       0x81 .\CortexM0\ARM_GCC_541\Debug\fixed.a(AUD_SD.o)
                                0x222 (size before relaxing)
 .debug_str     0x00004f3a       0x93 .\CortexM0\ARM_GCC_541\Debug\fixed.a(AUD_GAIN0.o)
                                0x237 (size before relaxing)
 .debug_str     0x00004fcd       0x93 .\CortexM0\ARM_GCC_541\Debug\fixed.a(AUD_GAIN1.o)
                                0x237 (size before relaxing)
 .debug_str     0x00005060      0x1a0 .\CortexM0\ARM_GCC_541\Debug\fixed.a(PWM_M.o)
                                0x35f (size before relaxing)
 .debug_str     0x00005200      0x469 .\CortexM0\ARM_GCC_541\Debug\fixed.a(STEP_COUNT.o)
                                0x668 (size before relaxing)
 .debug_str     0x00005669       0x69 .\CortexM0\ARM_GCC_541\Debug\fixed.a(CW.o)
                                0x206 (size before relaxing)
 .debug_str     0x000056d2      0x1cd .\CortexM0\ARM_GCC_541\Debug\fixed.a(Comp_ISENSE.o)
                                0x3c4 (size before relaxing)
 .debug_str     0x0000589f       0x6d .\CortexM0\ARM_GCC_541\Debug\fixed.a(IDAC_1.o)
                                0x246 (size before relaxing)
 .debug_str     0x0000590c       0x36 .\CortexM0\ARM_GCC_541\Debug\fixed.a(Control_PWM.o)
                                0x1a6 (size before relaxing)
 .debug_str     0x00005942       0x55 .\CortexM0\ARM_GCC_541\Debug\fixed.a(IDAC_2.o)
                                0x246 (size before relaxing)
 .debug_str     0x00005997      0x31b .\CortexM0\ARM_GCC_541\Debug\fixed.a(PWM_1.o)
                                0x596 (size before relaxing)
 .debug_str     0x00005cb2       0xd4 .\CortexM0\ARM_GCC_541\Debug\fixed.a(I2C_MAG.o)
                                0x2a7 (size before relaxing)
 .debug_str     0x00005d86       0x43 .\CortexM0\ARM_GCC_541\Debug\fixed.a(I2C_LED_I2C_INT.o)
                                0x2c3 (size before relaxing)

.debug_loc      0x00000000     0xcf79
 *(.debug_loc)
 .debug_loc     0x00000000      0x3a5 .\CortexM0\ARM_GCC_541\Debug\main.o
 .debug_loc     0x000003a5      0x20c .\CortexM0\ARM_GCC_541\Debug\motor.o
 .debug_loc     0x000005b1     0x3c2a .\CortexM0\ARM_GCC_541\Debug\vl53l0x_api.o
 .debug_loc     0x000041db     0x1a58 .\CortexM0\ARM_GCC_541\Debug\vl53l0x_api_calibration.o
 .debug_loc     0x00005c33     0x2a30 .\CortexM0\ARM_GCC_541\Debug\vl53l0x_api_core.o
 .debug_loc     0x00008663      0x2fe .\CortexM0\ARM_GCC_541\Debug\vl53l0x_api_strings.o
 .debug_loc     0x00008961      0xdd4 .\CortexM0\ARM_GCC_541\Debug\tof_coms.o
 .debug_loc     0x00009735      0x6db .\CortexM0\ARM_GCC_541\Debug\vl53l0x_platform.o
 .debug_loc     0x00009e10      0x136 .\CortexM0\ARM_GCC_541\Debug\cyfitter_cfg.o
 .debug_loc     0x00009f46      0x14f .\CortexM0\ARM_GCC_541\Debug\Cm0Start.o
 .debug_loc     0x0000a095      0x5cb .\CortexM0\ARM_GCC_541\Debug\fixed.a(CyLib.o)
 .debug_loc     0x0000a660      0x9b5 .\CortexM0\ARM_GCC_541\Debug\fixed.a(CyLFClk.o)
 .debug_loc     0x0000b015       0x7e .\CortexM0\ARM_GCC_541\Debug\fixed.a(I2C_LED.o)
 .debug_loc     0x0000b093      0x8d8 .\CortexM0\ARM_GCC_541\Debug\fixed.a(I2C_LED_I2C_MASTER.o)
 .debug_loc     0x0000b96b       0xa2 .\CortexM0\ARM_GCC_541\Debug\fixed.a(I2C_LED_sda.o)
 .debug_loc     0x0000ba0d       0x81 .\CortexM0\ARM_GCC_541\Debug\fixed.a(I2C_LED_scl.o)
 .debug_loc     0x0000ba8e       0x7e .\CortexM0\ARM_GCC_541\Debug\fixed.a(EZI2C_CAM.o)
 .debug_loc     0x0000bb0c       0xec .\CortexM0\ARM_GCC_541\Debug\fixed.a(EZI2C_CAM_EZI2C.o)
 .debug_loc     0x0000bbf8      0x132 .\CortexM0\ARM_GCC_541\Debug\fixed.a(EZI2C_CAM_EZI2C_INT.o)
 .debug_loc     0x0000bd2a       0x81 .\CortexM0\ARM_GCC_541\Debug\fixed.a(AUD_SD.o)
 .debug_loc     0x0000bdab       0xa2 .\CortexM0\ARM_GCC_541\Debug\fixed.a(AUD_GAIN0.o)
 .debug_loc     0x0000be4d       0xa2 .\CortexM0\ARM_GCC_541\Debug\fixed.a(AUD_GAIN1.o)
 .debug_loc     0x0000beef       0x26 .\CortexM0\ARM_GCC_541\Debug\fixed.a(PWM_M.o)
 .debug_loc     0x0000bf15      0x547 .\CortexM0\ARM_GCC_541\Debug\fixed.a(STEP_COUNT.o)
 .debug_loc     0x0000c45c       0xa2 .\CortexM0\ARM_GCC_541\Debug\fixed.a(CW.o)
 .debug_loc     0x0000c4fe       0xd8 .\CortexM0\ARM_GCC_541\Debug\fixed.a(Comp_ISENSE.o)
 .debug_loc     0x0000c5d6       0xb5 .\CortexM0\ARM_GCC_541\Debug\fixed.a(IDAC_1.o)
 .debug_loc     0x0000c68b       0xb5 .\CortexM0\ARM_GCC_541\Debug\fixed.a(IDAC_2.o)
 .debug_loc     0x0000c740      0x547 .\CortexM0\ARM_GCC_541\Debug\fixed.a(PWM_1.o)
 .debug_loc     0x0000cc87      0x1e6 .\CortexM0\ARM_GCC_541\Debug\fixed.a(I2C_MAG.o)
 .debug_loc     0x0000ce6d      0x10c .\CortexM0\ARM_GCC_541\Debug\fixed.a(I2C_LED_I2C_INT.o)

.debug_macinfo
 *(.debug_macinfo)

.debug_ranges   0x00000000     0x1168
 *(.debug_ranges)
 .debug_ranges  0x00000000       0x68 .\CortexM0\ARM_GCC_541\Debug\main.o
 .debug_ranges  0x00000068       0x38 .\CortexM0\ARM_GCC_541\Debug\motor.o
 .debug_ranges  0x000000a0      0x320 .\CortexM0\ARM_GCC_541\Debug\vl53l0x_api.o
 .debug_ranges  0x000003c0       0xc0 .\CortexM0\ARM_GCC_541\Debug\vl53l0x_api_calibration.o
 .debug_ranges  0x00000480       0xd0 .\CortexM0\ARM_GCC_541\Debug\vl53l0x_api_core.o
 .debug_ranges  0x00000550       0x48 .\CortexM0\ARM_GCC_541\Debug\vl53l0x_api_strings.o
 .debug_ranges  0x00000598      0x110 .\CortexM0\ARM_GCC_541\Debug\tof_coms.o
 .debug_ranges  0x000006a8       0x68 .\CortexM0\ARM_GCC_541\Debug\vl53l0x_platform.o
 .debug_ranges  0x00000710       0x38 .\CortexM0\ARM_GCC_541\Debug\cyfitter_cfg.o
 .debug_ranges  0x00000748       0x38 .\CortexM0\ARM_GCC_541\Debug\Cm0Start.o
 .debug_ranges  0x00000780      0x170 .\CortexM0\ARM_GCC_541\Debug\fixed.a(CyLib.o)
 .debug_ranges  0x000008f0      0x128 .\CortexM0\ARM_GCC_541\Debug\fixed.a(CyLFClk.o)
 .debug_ranges  0x00000a18       0x58 .\CortexM0\ARM_GCC_541\Debug\fixed.a(I2C_LED.o)
 .debug_ranges  0x00000a70       0x18 .\CortexM0\ARM_GCC_541\Debug\fixed.a(I2C_LED_I2C.o)
 .debug_ranges  0x00000a88       0x78 .\CortexM0\ARM_GCC_541\Debug\fixed.a(I2C_LED_I2C_MASTER.o)
 .debug_ranges  0x00000b00       0x38 .\CortexM0\ARM_GCC_541\Debug\fixed.a(I2C_LED_sda.o)
 .debug_ranges  0x00000b38       0x38 .\CortexM0\ARM_GCC_541\Debug\fixed.a(I2C_LED_scl.o)
 .debug_ranges  0x00000b70       0x58 .\CortexM0\ARM_GCC_541\Debug\fixed.a(EZI2C_CAM.o)
 .debug_ranges  0x00000bc8       0x40 .\CortexM0\ARM_GCC_541\Debug\fixed.a(EZI2C_CAM_EZI2C.o)
 .debug_ranges  0x00000c08       0x10 .\CortexM0\ARM_GCC_541\Debug\fixed.a(EZI2C_CAM_EZI2C_INT.o)
 .debug_ranges  0x00000c18       0x38 .\CortexM0\ARM_GCC_541\Debug\fixed.a(AUD_SD.o)
 .debug_ranges  0x00000c50       0x38 .\CortexM0\ARM_GCC_541\Debug\fixed.a(AUD_GAIN0.o)
 .debug_ranges  0x00000c88       0x38 .\CortexM0\ARM_GCC_541\Debug\fixed.a(AUD_GAIN1.o)
 .debug_ranges  0x00000cc0       0x98 .\CortexM0\ARM_GCC_541\Debug\fixed.a(PWM_M.o)
 .debug_ranges  0x00000d58      0x148 .\CortexM0\ARM_GCC_541\Debug\fixed.a(STEP_COUNT.o)
 .debug_ranges  0x00000ea0       0x38 .\CortexM0\ARM_GCC_541\Debug\fixed.a(CW.o)
 .debug_ranges  0x00000ed8       0x88 .\CortexM0\ARM_GCC_541\Debug\fixed.a(Comp_ISENSE.o)
 .debug_ranges  0x00000f60       0x30 .\CortexM0\ARM_GCC_541\Debug\fixed.a(IDAC_1.o)
 .debug_ranges  0x00000f90       0x18 .\CortexM0\ARM_GCC_541\Debug\fixed.a(Control_PWM.o)
 .debug_ranges  0x00000fa8       0x30 .\CortexM0\ARM_GCC_541\Debug\fixed.a(IDAC_2.o)
 .debug_ranges  0x00000fd8      0x148 .\CortexM0\ARM_GCC_541\Debug\fixed.a(PWM_1.o)
 .debug_ranges  0x00001120       0x38 .\CortexM0\ARM_GCC_541\Debug\fixed.a(I2C_MAG.o)
 .debug_ranges  0x00001158       0x10 .\CortexM0\ARM_GCC_541\Debug\fixed.a(I2C_LED_I2C_INT.o)

.comment        0x00000000       0x6e
 .comment       0x00000000       0x6e .\CortexM0\ARM_GCC_541\Debug\main.o
                                 0x6f (size before relaxing)
 .comment       0x0000006e       0x6f .\CortexM0\ARM_GCC_541\Debug\motor.o
 .comment       0x0000006e       0x6f .\CortexM0\ARM_GCC_541\Debug\vl53l0x_api.o
 .comment       0x0000006e       0x6f .\CortexM0\ARM_GCC_541\Debug\vl53l0x_api_calibration.o
 .comment       0x0000006e       0x6f .\CortexM0\ARM_GCC_541\Debug\vl53l0x_api_core.o
 .comment       0x0000006e       0x6f .\CortexM0\ARM_GCC_541\Debug\vl53l0x_api_ranging.o
 .comment       0x0000006e       0x6f .\CortexM0\ARM_GCC_541\Debug\vl53l0x_api_strings.o
 .comment       0x0000006e       0x6f .\CortexM0\ARM_GCC_541\Debug\tof_coms.o
 .comment       0x0000006e       0x6f .\CortexM0\ARM_GCC_541\Debug\vl53l0x_platform.o
 .comment       0x0000006e       0x6f .\CortexM0\ARM_GCC_541\Debug\cyfitter_cfg.o
 .comment       0x0000006e       0x6f .\CortexM0\ARM_GCC_541\Debug\cymetadata.o
 .comment       0x0000006e       0x6f .\CortexM0\ARM_GCC_541\Debug\Cm0Start.o
 .comment       0x0000006e       0x6f .\CortexM0\ARM_GCC_541\Debug\fixed.a(CyLib.o)
 .comment       0x0000006e       0x6f .\CortexM0\ARM_GCC_541\Debug\fixed.a(CyLFClk.o)
 .comment       0x0000006e       0x6f .\CortexM0\ARM_GCC_541\Debug\fixed.a(I2C_LED.o)
 .comment       0x0000006e       0x6f .\CortexM0\ARM_GCC_541\Debug\fixed.a(I2C_LED_I2C.o)
 .comment       0x0000006e       0x6f .\CortexM0\ARM_GCC_541\Debug\fixed.a(I2C_LED_I2C_MASTER.o)
 .comment       0x0000006e       0x6f .\CortexM0\ARM_GCC_541\Debug\fixed.a(I2C_LED_sda.o)
 .comment       0x0000006e       0x6f .\CortexM0\ARM_GCC_541\Debug\fixed.a(I2C_LED_scl.o)
 .comment       0x0000006e       0x6f .\CortexM0\ARM_GCC_541\Debug\fixed.a(EZI2C_CAM.o)
 .comment       0x0000006e       0x6f .\CortexM0\ARM_GCC_541\Debug\fixed.a(EZI2C_CAM_EZI2C.o)
 .comment       0x0000006e       0x6f .\CortexM0\ARM_GCC_541\Debug\fixed.a(EZI2C_CAM_EZI2C_INT.o)
 .comment       0x0000006e       0x6f .\CortexM0\ARM_GCC_541\Debug\fixed.a(AUD_SD.o)
 .comment       0x0000006e       0x6f .\CortexM0\ARM_GCC_541\Debug\fixed.a(AUD_GAIN0.o)
 .comment       0x0000006e       0x6f .\CortexM0\ARM_GCC_541\Debug\fixed.a(AUD_GAIN1.o)
 .comment       0x0000006e       0x6f .\CortexM0\ARM_GCC_541\Debug\fixed.a(PWM_M.o)
 .comment       0x0000006e       0x6f .\CortexM0\ARM_GCC_541\Debug\fixed.a(STEP_COUNT.o)
 .comment       0x0000006e       0x6f .\CortexM0\ARM_GCC_541\Debug\fixed.a(CW.o)
 .comment       0x0000006e       0x6f .\CortexM0\ARM_GCC_541\Debug\fixed.a(Comp_ISENSE.o)
 .comment       0x0000006e       0x6f .\CortexM0\ARM_GCC_541\Debug\fixed.a(IDAC_1.o)
 .comment       0x0000006e       0x6f .\CortexM0\ARM_GCC_541\Debug\fixed.a(Control_PWM.o)
 .comment       0x0000006e       0x6f .\CortexM0\ARM_GCC_541\Debug\fixed.a(IDAC_2.o)
 .comment       0x0000006e       0x6f .\CortexM0\ARM_GCC_541\Debug\fixed.a(PWM_1.o)
 .comment       0x0000006e       0x6f .\CortexM0\ARM_GCC_541\Debug\fixed.a(I2C_MAG.o)
 .comment       0x0000006e       0x6f .\CortexM0\ARM_GCC_541\Debug\fixed.a(I2C_LED_I2C_INT.o)

.debug_weaknames
 *(.debug_weaknames)

.debug_funcnames
 *(.debug_funcnames)

.debug_typenames
 *(.debug_typenames)

.debug_varnames
 *(.debug_varnames)

.note.gnu.arm.ident
 *(.note.gnu.arm.ident)

.ARM.attributes
                0x00000000       0x28
 *(.ARM.attributes)
 .ARM.attributes
                0x00000000       0x1e c:/program files (x86)/cypress/psoc creator/4.2/psoc creator/import/gnu/arm/5.4.1/bin/../lib/gcc/arm-none-eabi/5.4.1/armv6-m/crti.o
 .ARM.attributes
                0x0000001e       0x2c c:/program files (x86)/cypress/psoc creator/4.2/psoc creator/import/gnu/arm/5.4.1/bin/../lib/gcc/arm-none-eabi/5.4.1/armv6-m/crtbegin.o
 .ARM.attributes
                0x0000004a       0x1b c:/program files (x86)/cypress/psoc creator/4.2/psoc creator/import/gnu/arm/5.4.1/bin/../lib/gcc/arm-none-eabi/5.4.1/../../../../arm-none-eabi/lib/armv6-m/crt0.o
 .ARM.attributes
                0x00000065       0x31 .\CortexM0\ARM_GCC_541\Debug\main.o
 .ARM.attributes
                0x00000096       0x31 .\CortexM0\ARM_GCC_541\Debug\motor.o
 .ARM.attributes
                0x000000c7       0x31 .\CortexM0\ARM_GCC_541\Debug\vl53l0x_api.o
 .ARM.attributes
                0x000000f8       0x31 .\CortexM0\ARM_GCC_541\Debug\vl53l0x_api_calibration.o
 .ARM.attributes
                0x00000129       0x31 .\CortexM0\ARM_GCC_541\Debug\vl53l0x_api_core.o
 .ARM.attributes
                0x0000015a       0x31 .\CortexM0\ARM_GCC_541\Debug\vl53l0x_api_ranging.o
 .ARM.attributes
                0x0000018b       0x31 .\CortexM0\ARM_GCC_541\Debug\vl53l0x_api_strings.o
 .ARM.attributes
                0x000001bc       0x31 .\CortexM0\ARM_GCC_541\Debug\tof_coms.o
 .ARM.attributes
                0x000001ed       0x31 .\CortexM0\ARM_GCC_541\Debug\vl53l0x_platform.o
 .ARM.attributes
                0x0000021e       0x31 .\CortexM0\ARM_GCC_541\Debug\cyfitter_cfg.o
 .ARM.attributes
                0x0000024f       0x31 .\CortexM0\ARM_GCC_541\Debug\cymetadata.o
 .ARM.attributes
                0x00000280       0x31 .\CortexM0\ARM_GCC_541\Debug\Cm0Start.o
 .ARM.attributes
                0x000002b1       0x31 .\CortexM0\ARM_GCC_541\Debug\fixed.a(CyLib.o)
 .ARM.attributes
                0x000002e2       0x31 .\CortexM0\ARM_GCC_541\Debug\fixed.a(CyLFClk.o)
 .ARM.attributes
                0x00000313       0x31 .\CortexM0\ARM_GCC_541\Debug\fixed.a(I2C_LED.o)
 .ARM.attributes
                0x00000344       0x31 .\CortexM0\ARM_GCC_541\Debug\fixed.a(I2C_LED_I2C.o)
 .ARM.attributes
                0x00000375       0x31 .\CortexM0\ARM_GCC_541\Debug\fixed.a(I2C_LED_I2C_MASTER.o)
 .ARM.attributes
                0x000003a6       0x31 .\CortexM0\ARM_GCC_541\Debug\fixed.a(I2C_LED_sda.o)
 .ARM.attributes
                0x000003d7       0x31 .\CortexM0\ARM_GCC_541\Debug\fixed.a(I2C_LED_scl.o)
 .ARM.attributes
                0x00000408       0x31 .\CortexM0\ARM_GCC_541\Debug\fixed.a(EZI2C_CAM.o)
 .ARM.attributes
                0x00000439       0x31 .\CortexM0\ARM_GCC_541\Debug\fixed.a(EZI2C_CAM_EZI2C.o)
 .ARM.attributes
                0x0000046a       0x31 .\CortexM0\ARM_GCC_541\Debug\fixed.a(EZI2C_CAM_EZI2C_INT.o)
 .ARM.attributes
                0x0000049b       0x31 .\CortexM0\ARM_GCC_541\Debug\fixed.a(AUD_SD.o)
 .ARM.attributes
                0x000004cc       0x31 .\CortexM0\ARM_GCC_541\Debug\fixed.a(AUD_GAIN0.o)
 .ARM.attributes
                0x000004fd       0x31 .\CortexM0\ARM_GCC_541\Debug\fixed.a(AUD_GAIN1.o)
 .ARM.attributes
                0x0000052e       0x31 .\CortexM0\ARM_GCC_541\Debug\fixed.a(PWM_M.o)
 .ARM.attributes
                0x0000055f       0x31 .\CortexM0\ARM_GCC_541\Debug\fixed.a(STEP_COUNT.o)
 .ARM.attributes
                0x00000590       0x31 .\CortexM0\ARM_GCC_541\Debug\fixed.a(CW.o)
 .ARM.attributes
                0x000005c1       0x31 .\CortexM0\ARM_GCC_541\Debug\fixed.a(Comp_ISENSE.o)
 .ARM.attributes
                0x000005f2       0x31 .\CortexM0\ARM_GCC_541\Debug\fixed.a(IDAC_1.o)
 .ARM.attributes
                0x00000623       0x31 .\CortexM0\ARM_GCC_541\Debug\fixed.a(Control_PWM.o)
 .ARM.attributes
                0x00000654       0x31 .\CortexM0\ARM_GCC_541\Debug\fixed.a(IDAC_2.o)
 .ARM.attributes
                0x00000685       0x31 .\CortexM0\ARM_GCC_541\Debug\fixed.a(PWM_1.o)
 .ARM.attributes
                0x000006b6       0x31 .\CortexM0\ARM_GCC_541\Debug\fixed.a(I2C_MAG.o)
 .ARM.attributes
                0x000006e7       0x21 .\CortexM0\ARM_GCC_541\Debug\fixed.a(CyBootAsmGnu.o)
 .ARM.attributes
                0x00000708       0x31 .\CortexM0\ARM_GCC_541\Debug\fixed.a(I2C_LED_I2C_INT.o)
 .ARM.attributes
                0x00000739       0x1e c:/program files (x86)/cypress/psoc creator/4.2/psoc creator/import/gnu/arm/5.4.1/bin/../lib/gcc/arm-none-eabi/5.4.1/armv6-m\libgcc.a(_udivsi3.o)
 .ARM.attributes
                0x00000757       0x1e c:/program files (x86)/cypress/psoc creator/4.2/psoc creator/import/gnu/arm/5.4.1/bin/../lib/gcc/arm-none-eabi/5.4.1/armv6-m\libgcc.a(_divsi3.o)
 .ARM.attributes
                0x00000775       0x1e c:/program files (x86)/cypress/psoc creator/4.2/psoc creator/import/gnu/arm/5.4.1/bin/../lib/gcc/arm-none-eabi/5.4.1/armv6-m\libgcc.a(_dvmd_tls.o)
 .ARM.attributes
                0x00000793       0x2c c:/program files (x86)/cypress/psoc creator/4.2/psoc creator/import/gnu/arm/5.4.1/bin/../lib/gcc/arm-none-eabi/5.4.1/../../../../arm-none-eabi/lib/armv6-m\libg_nano.a(lib_a-errno.o)
 .ARM.attributes
                0x000007bf       0x2c c:/program files (x86)/cypress/psoc creator/4.2/psoc creator/import/gnu/arm/5.4.1/bin/../lib/gcc/arm-none-eabi/5.4.1/../../../../arm-none-eabi/lib/armv6-m\libg_nano.a(lib_a-exit.o)
 .ARM.attributes
                0x000007eb       0x2c c:/program files (x86)/cypress/psoc creator/4.2/psoc creator/import/gnu/arm/5.4.1/bin/../lib/gcc/arm-none-eabi/5.4.1/../../../../arm-none-eabi/lib/armv6-m\libg_nano.a(lib_a-impure.o)
 .ARM.attributes
                0x00000817       0x2c c:/program files (x86)/cypress/psoc creator/4.2/psoc creator/import/gnu/arm/5.4.1/bin/../lib/gcc/arm-none-eabi/5.4.1/../../../../arm-none-eabi/lib/armv6-m\libg_nano.a(lib_a-init.o)
 .ARM.attributes
                0x00000843       0x2c c:/program files (x86)/cypress/psoc creator/4.2/psoc creator/import/gnu/arm/5.4.1/bin/../lib/gcc/arm-none-eabi/5.4.1/../../../../arm-none-eabi/lib/armv6-m\libg_nano.a(lib_a-memcpy-stub.o)
 .ARM.attributes
                0x0000086f       0x2c c:/program files (x86)/cypress/psoc creator/4.2/psoc creator/import/gnu/arm/5.4.1/bin/../lib/gcc/arm-none-eabi/5.4.1/../../../../arm-none-eabi/lib/armv6-m\libg_nano.a(lib_a-memset.o)
 .ARM.attributes
                0x0000089b       0x2c c:/program files (x86)/cypress/psoc creator/4.2/psoc creator/import/gnu/arm/5.4.1/bin/../lib/gcc/arm-none-eabi/5.4.1/../../../../arm-none-eabi/lib/armv6-m\libg_nano.a(lib_a-strcpy.o)
 .ARM.attributes
                0x000008c7       0x2c c:/program files (x86)/cypress/psoc creator/4.2/psoc creator/import/gnu/arm/5.4.1/bin/../lib/gcc/arm-none-eabi/5.4.1/armv6-m/crtend.o
 .ARM.attributes
                0x000008f3       0x1e c:/program files (x86)/cypress/psoc creator/4.2/psoc creator/import/gnu/arm/5.4.1/bin/../lib/gcc/arm-none-eabi/5.4.1/armv6-m/crtn.o

/DISCARD/
 *(.note.GNU-stack)
OUTPUT(D:\ext\EXTPSOC\fixed\Fixed\fixed.cydsn\CortexM0\ARM_GCC_541\Debug\fixed.elf elf32-littlearm)
