Archive member included to satisfy reference by file (symbol)

.\CortexM3\ARM_GCC_541\Debug\ext_pim.a(RELAY_B.o)
                              .\CortexM3\ARM_GCC_541\Debug\inout.o (RELAY_B_Write)
.\CortexM3\ARM_GCC_541\Debug\ext_pim.a(SOUND_OUT.o)
                              .\CortexM3\ARM_GCC_541\Debug\inout.o (SOUND_OUT_Write)
.\CortexM3\ARM_GCC_541\Debug\ext_pim.a(Tamper_Timer_ISR.o)
                              .\CortexM3\ARM_GCC_541\Debug\f2f.o (Tamper_Timer_ISR_Disable)
.\CortexM3\ARM_GCC_541\Debug\ext_pim.a(PS_D0.o)
                              .\CortexM3\ARM_GCC_541\Debug\f2f.o (PS_D0_Read)
.\CortexM3\ARM_GCC_541\Debug\ext_pim.a(Pin_WD0.o)
                              .\CortexM3\ARM_GCC_541\Debug\soft_uart.o (Pin_WD0_Read)
.\CortexM3\ARM_GCC_541\Debug\ext_pim.a(UART_1.o)
                              .\CortexM3\ARM_GCC_541\Debug\main.o (UART_1_Start)
.\CortexM3\ARM_GCC_541\Debug\ext_pim.a(TAMPER_OUT.o)
                              .\CortexM3\ARM_GCC_541\Debug\inout.o (TAMPER_OUT_Write)
.\CortexM3\ARM_GCC_541\Debug\ext_pim.a(LEDG_OUT.o)
                              .\CortexM3\ARM_GCC_541\Debug\inout.o (LEDG_OUT_Write)
.\CortexM3\ARM_GCC_541\Debug\ext_pim.a(LEDR_OUT.o)
                              .\CortexM3\ARM_GCC_541\Debug\inout.o (LEDR_OUT_Write)
.\CortexM3\ARM_GCC_541\Debug\ext_pim.a(RELAY_A.o)
                              .\CortexM3\ARM_GCC_541\Debug\inout.o (RELAY_A_Write)
.\CortexM3\ARM_GCC_541\Debug\ext_pim.a(OptSelect.o)
                              .\CortexM3\ARM_GCC_541\Debug\wiegand.o (OptSelect_Write)
.\CortexM3\ARM_GCC_541\Debug\ext_pim.a(Tamper_Timer.o)
                              .\CortexM3\ARM_GCC_541\Debug\main.o (Tamper_Timer_Start)
.\CortexM3\ARM_GCC_541\Debug\ext_pim.a(UART_TIMER.o)
                              .\CortexM3\ARM_GCC_541\Debug\main.o (UART_TIMER_Start)
.\CortexM3\ARM_GCC_541\Debug\ext_pim.a(UART_TIMER_ISR.o)
                              .\CortexM3\ARM_GCC_541\Debug\main.o (UART_TIMER_ISR_Interrupt)
.\CortexM3\ARM_GCC_541\Debug\ext_pim.a(CyFlash.o)
                              .\CortexM3\ARM_GCC_541\Debug\main.o (CySetTemp)
.\CortexM3\ARM_GCC_541\Debug\ext_pim.a(CyLib.o)
                              .\CortexM3\ARM_GCC_541\Debug\Cm3Start.o (CyResetStatus)
.\CortexM3\ARM_GCC_541\Debug\ext_pim.a(cyPm.o)
                              .\CortexM3\ARM_GCC_541\Debug\ext_pim.a(CyLib.o) (CyPmReadStatus)
.\CortexM3\ARM_GCC_541\Debug\ext_pim.a(CySpc.o)
                              .\CortexM3\ARM_GCC_541\Debug\ext_pim.a(CyFlash.o) (CySpcStart)
.\CortexM3\ARM_GCC_541\Debug\ext_pim.a(EZI2Cs.o)
                              .\CortexM3\ARM_GCC_541\Debug\i2cuart.o (EZI2Cs_Start)
.\CortexM3\ARM_GCC_541\Debug\ext_pim.a(EZI2Cs_PM.o)
                              .\CortexM3\ARM_GCC_541\Debug\ext_pim.a(EZI2Cs.o) (EZI2Cs_backup)
.\CortexM3\ARM_GCC_541\Debug\ext_pim.a(EZI2Cs_INT.o)
                              .\CortexM3\ARM_GCC_541\Debug\ext_pim.a(EZI2Cs.o) (EZI2Cs_ISR)
.\CortexM3\ARM_GCC_541\Debug\ext_pim.a(Timeout_Timer.o)
                              .\CortexM3\ARM_GCC_541\Debug\main.o (Timeout_Timer_Start)
.\CortexM3\ARM_GCC_541\Debug\ext_pim.a(Timeout_Timer_Isr.o)
                              .\CortexM3\ARM_GCC_541\Debug\i2cuart.o (Timeout_Timer_Isr_Disable)
.\CortexM3\ARM_GCC_541\Debug\ext_pim.a(Clock_5.o)
                              .\CortexM3\ARM_GCC_541\Debug\osdp.o (Clock_5_Start)
.\CortexM3\ARM_GCC_541\Debug\ext_pim.a(isr_F2F_edge.o)
                              .\CortexM3\ARM_GCC_541\Debug\f2f.o (f2f_pulsewidth)
.\CortexM3\ARM_GCC_541\Debug\ext_pim.a(FilterReg.o)
                              .\CortexM3\ARM_GCC_541\Debug\ext_pim.a(isr_F2F_edge.o) (FilterReg_Read)
.\CortexM3\ARM_GCC_541\Debug\ext_pim.a(Mode_Sel_ACS.o)
                              .\CortexM3\ARM_GCC_541\Debug\osdp.o (Mode_Sel_ACS_Write)
.\CortexM3\ARM_GCC_541\Debug\ext_pim.a(TX_EN.o)
                              .\CortexM3\ARM_GCC_541\Debug\osdp.o (TX_EN_Write)
.\CortexM3\ARM_GCC_541\Debug\ext_pim.a(CR_DE.o)
                              .\CortexM3\ARM_GCC_541\Debug\osdp.o (CR_DE_Write)
.\CortexM3\ARM_GCC_541\Debug\ext_pim.a(Clock_6.o)
                              .\CortexM3\ARM_GCC_541\Debug\osdp.o (Clock_6_Start)
.\CortexM3\ARM_GCC_541\Debug\ext_pim.a(Mode_Sel_CR.o)
                              .\CortexM3\ARM_GCC_541\Debug\osdp.o (Mode_Sel_CR_Write)
.\CortexM3\ARM_GCC_541\Debug\ext_pim.a(isr_keepalive.o)
                              .\CortexM3\ARM_GCC_541\Debug\osdp.o (isr_keepalive_StartEx)
.\CortexM3\ARM_GCC_541\Debug\ext_pim.a(OSDPReaderTimer.o)
                              .\CortexM3\ARM_GCC_541\Debug\osdp.o (OSDPReaderTimer_Start)
.\CortexM3\ARM_GCC_541\Debug\ext_pim.a(isr_SW_Rst.o)
                              .\CortexM3\ARM_GCC_541\Debug\main.o (buttonPressed)
.\CortexM3\ARM_GCC_541\Debug\ext_pim.a(LED_GRN.o)
                              .\CortexM3\ARM_GCC_541\Debug\main.o (LED_GRN_Write)
[...]
Memory Configuration

Name             Origin             Length             Attributes
rom              0x00000000         0x00020000         xr
ram              0x1fffc000         0x00008000         xrw
*default*        0x00000000         0xffffffff

Linker script and memory map

LOAD c:/program files (x86)/cypress/psoc creator/4.2/psoc creator/import/gnu/arm/5.4.1/bin/../lib/gcc/arm-none-eabi/5.4.1/armv7-m/crti.o
LOAD c:/program files (x86)/cypress/psoc creator/4.2/psoc creator/import/gnu/arm/5.4.1/bin/../lib/gcc/arm-none-eabi/5.4.1/armv7-m/crtbegin.o
LOAD c:/program files (x86)/cypress/psoc creator/4.2/psoc creator/import/gnu/arm/5.4.1/bin/../lib/gcc/arm-none-eabi/5.4.1/../../../../arm-none-eabi/lib/armv7-m/crt0.o
START GROUP
LOAD .\CortexM3\ARM_GCC_541\Debug\main.o
LOAD .\CortexM3\ARM_GCC_541\Debug\wiegand.o
LOAD .\CortexM3\ARM_GCC_541\Debug\power.o
LOAD .\CortexM3\ARM_GCC_541\Debug\inout.o
LOAD .\CortexM3\ARM_GCC_541\Debug\i2cuart.o
LOAD .\CortexM3\ARM_GCC_541\Debug\soft_uart.o
LOAD .\CortexM3\ARM_GCC_541\Debug\osdp.o
LOAD .\CortexM3\ARM_GCC_541\Debug\toc.o
LOAD .\CortexM3\ARM_GCC_541\Debug\f2f.o
LOAD .\CortexM3\ARM_GCC_541\Debug\rtc.o
LOAD .\CortexM3\ARM_GCC_541\Debug\commandhandler.o
LOAD .\CortexM3\ARM_GCC_541\Debug\handle_commands.o
LOAD .\CortexM3\ARM_GCC_541\Debug\cyfitter_cfg.o
LOAD .\CortexM3\ARM_GCC_541\Debug\cymetadata.o
LOAD .\CortexM3\ARM_GCC_541\Debug\Cm3Start.o
LOAD .\CortexM3\ARM_GCC_541\Debug\cybootloader.o
LOAD .\CortexM3\ARM_GCC_541\Debug\ext_pim.a
LOAD C:\Program Files (x86)\Cypress\PSoC Creator\4.2\PSoC Creator\psoc\content\cycomponentlibrary\CyComponentLibrary.cylib\CortexM3\ARM_GCC_541\Debug\CyComponentLibrary.a
END GROUP
START GROUP
LOAD c:/program files (x86)/cypress/psoc creator/4.2/psoc creator/import/gnu/arm/5.4.1/bin/../lib/gcc/arm-none-eabi/5.4.1/armv7-m\libgcc.a
LOAD c:/program files (x86)/cypress/psoc creator/4.2/psoc creator/import/gnu/arm/5.4.1/bin/../lib/gcc/arm-none-eabi/5.4.1/../../../../arm-none-eabi/lib/armv7-m\libg_nano.a
LOAD c:/program files (x86)/cypress/psoc creator/4.2/psoc creator/import/gnu/arm/5.4.1/bin/../lib/gcc/arm-none-eabi/5.4.1/../../../../arm-none-eabi/lib/armv7-m\libc_nano.a
END GROUP
START GROUP
LOAD c:/program files (x86)/cypress/psoc creator/4.2/psoc creator/import/gnu/arm/5.4.1/bin/../lib/gcc/arm-none-eabi/5.4.1/armv7-m\libgcc.a
LOAD c:/program files (x86)/cypress/psoc creator/4.2/psoc creator/import/gnu/arm/5.4.1/bin/../lib/gcc/arm-none-eabi/5.4.1/../../../../arm-none-eabi/lib/armv7-m\libc_nano.a
END GROUP
LOAD c:/program files (x86)/cypress/psoc creator/4.2/psoc creator/import/gnu/arm/5.4.1/bin/../lib/gcc/arm-none-eabi/5.4.1/armv7-m/crtend.o
LOAD c:/program files (x86)/cypress/psoc creator/4.2/psoc creator/import/gnu/arm/5.4.1/bin/../lib/gcc/arm-none-eabi/5.4.1/armv7-m/crtn.o
START GROUP
LOAD c:/program files (x86)/cypress/psoc creator/4.2/psoc creator/import/gnu/arm/5.4.1/bin/../lib/gcc/arm-none-eabi/5.4.1/armv7-m\libgcc.a
LOAD c:/program files (x86)/cypress/psoc creator/4.2/psoc creator/import/gnu/arm/5.4.1/bin/../lib/gcc/arm-none-eabi/5.4.1/../../../../arm-none-eabi/lib/armv7-m\libc.a
LOAD c:/program files (x86)/cypress/psoc creator/4.2/psoc creator/import/gnu/arm/5.4.1/bin/../lib/gcc/arm-none-eabi/5.4.1/../../../../arm-none-eabi/lib/armv7-m\libnosys.a
END GROUP
                0x00000000                CY_APPL_ORIGIN = 0x0
                0x00000100                CY_FLASH_ROW_SIZE = 0x100
                0x00000020                CY_ECC_ROW_SIZE = 0x20
                0x00000000                CY_EE_IN_BTLDR = 0x0
                0x00000001                CY_APPL_LOADABLE = 0x1
                0x00000800                CY_EE_SIZE = 0x800
                0x00000001                CY_APPL_NUM = 0x1
                0x00000001                CY_APPL_MAX = 0x1
                0x00000040                CY_METADATA_SIZE = 0x40
                0x00000001                CY_APPL_LOADABLE = 0x1
                0x00000000                CY_CHECKSUM_EXCLUDE_SIZE = ALIGN (0x0, CY_FLASH_ROW_SIZE)
                [!provide]                PROVIDE (__cy_heap_start, _end)
                0x00000001                PROVIDE (__cy_region_num, ((__cy_regions_end - __cy_regions) / 0x10))
                0x20004000                PROVIDE (__cy_stack, (ORIGIN (ram) + LENGTH (ram)))
                [!provide]                PROVIDE (__cy_heap_end, (__cy_stack - 0xe00))

.cybootloader   0x00000000     0x2c00
 *(.cybootloader)
 .cybootloader  0x00000000     0x2c00 .\CortexM3\ARM_GCC_541\Debug\cybootloader.o
                0x00000000                cy_bootloader
                0x00002c00                appl1_start = CY_APPL_ORIGIN?CY_APPL_ORIGIN:ALIGN (CY_FLASH_ROW_SIZE)
                0x00011500                appl2_start = (appl1_start + ALIGN ((((LENGTH (rom) - appl1_start) - (0x2 * CY_FLASH_ROW_SIZE)) / 0x2), CY_FLASH_ROW_SIZE))
                0x00002c00                appl_start = (CY_APPL_NUM == 0x1)?appl1_start:appl2_start
                0x00000580                ecc_offset = ((appl_start / CY_FLASH_ROW_SIZE) * CY_ECC_ROW_SIZE)
                0x00000000                ee_offset = (CY_APPL_LOADABLE && ! (CY_EE_IN_BTLDR))?((CY_EE_SIZE / CY_APPL_MAX) * (CY_APPL_NUM - 0x1)):0x0
                0x00000800                ee_size = (CY_APPL_LOADABLE && ! (CY_EE_IN_BTLDR))?(CY_EE_SIZE / CY_APPL_MAX):CY_EE_SIZE
                0x00000580                PROVIDE (CY_ECC_OFFSET, ecc_offset)

.text           0x00002c00     0x933a
 CREATE_OBJECT_SYMBOLS
                0x00002c00                PROVIDE (__cy_interrupt_vector, RomVectors)
 *(.romvectors)
 .romvectors    0x00002c00       0x10 .\CortexM3\ARM_GCC_541\Debug\Cm3Start.o
                0x00002c00                RomVectors
                0x00000001                ASSERT ((. != __cy_interrupt_vector), No interrupt vector)
                0x00000001                ASSERT (CY_APPL_ORIGIN?(SIZEOF (.cybootloader) <= CY_APPL_ORIGIN):0x1, Wrong image location)
                0x00002c10                PROVIDE (__cy_reset, Reset)
 *(.text.Reset)
 .text.Reset    0x00002c10        0x8 .\CortexM3\ARM_GCC_541\Debug\Cm3Start.o
                0x00002c10                Reset
                0x00000001                ASSERT ((. != __cy_reset), No reset code)
 *(.dma_init)
                0x00000001                ASSERT ((((appl_start + .) <= 0x10000) || 0x1), DMA Init must be within the first 64k of flash)
 *(.text .text.* .gnu.linkonce.t.*)
 .text          0x00002c18       0x5c c:/program files (x86)/cypress/psoc creator/4.2/psoc creator/import/gnu/arm/5.4.1/bin/../lib/gcc/arm-none-eabi/5.4.1/armv7-m/crtbegin.o
 .text.SetVersion
                0x00002c74       0x40 .\CortexM3\ARM_GCC_541\Debug\main.o
                0x00002c74                SetVersion
 .text.main     0x00002cb4      0x1fc .\CortexM3\ARM_GCC_541\Debug\main.o
                0x00002cb4                main
 .text.Pin_50us_Reset
                0x00002eb0       0x24 .\CortexM3\ARM_GCC_541\Debug\wiegand.o
                0x00002eb0                Pin_50us_Reset
 .text.send_D0_50us_pulse
                0x00002ed4       0x14 .\CortexM3\ARM_GCC_541\Debug\wiegand.o
                0x00002ed4                send_D0_50us_pulse
 .text.send_D1_50us_pulse
                0x00002ee8       0x14 .\CortexM3\ARM_GCC_541\Debug\wiegand.o
                0x00002ee8                send_D1_50us_pulse
 .text.clearWiegandBuffer
                0x00002efc       0x30 .\CortexM3\ARM_GCC_541\Debug\wiegand.o
                0x00002efc                clearWiegandBuffer
 .text.SendWeigand
                0x00002f2c       0x9c .\CortexM3\ARM_GCC_541\Debug\wiegand.o
                0x00002f2c                SendWeigand
 .text.ReadWeigand
                0x00002fc8      0x138 .\CortexM3\ARM_GCC_541\Debug\wiegand.o
                0x00002fc8                ReadWeigand
 .text.SetHardwareVals
                0x00003100       0xc4 .\CortexM3\ARM_GCC_541\Debug\inout.o
                0x00003100                SetHardwareVals
 .text.GetHardwareVals
                0x000031c4       0x24 .\CortexM3\ARM_GCC_541\Debug\inout.o
                0x000031c4                GetHardwareVals
 .text.GetResetButton
                0x000031e8       0xa4 .\CortexM3\ARM_GCC_541\Debug\inout.o
                0x000031e8                GetResetButton
 .text.GetTamperVals
                0x0000328c       0x18 .\CortexM3\ARM_GCC_541\Debug\inout.o
                0x0000328c                GetTamperVals
 .text.HandleOutputs
                0x000032a4       0x6c .\CortexM3\ARM_GCC_541\Debug\inout.o
                0x000032a4                HandleOutputs
 .text.HandleTamper
                0x00003310       0xd0 .\CortexM3\ARM_GCC_541\Debug\inout.o
                0x00003310                HandleTamper
 .text.HandleInputs
                0x000033e0       0x70 .\CortexM3\ARM_GCC_541\Debug\inout.o
                0x000033e0                HandleInputs
 .text.ClearBuffer
                0x00003450       0x38 .\CortexM3\ARM_GCC_541\Debug\i2cuart.o
                0x00003450                ClearBuffer
 .text.SendPAC  0x00003488       0x5c .\CortexM3\ARM_GCC_541\Debug\i2cuart.o
                0x00003488                SendPAC
 .text.ReadPAC  0x000034e4      0x128 .\CortexM3\ARM_GCC_541\Debug\i2cuart.o
                0x000034e4                ReadPAC
 .text.SetupUART
                0x0000360c       0x44 .\CortexM3\ARM_GCC_541\Debug\i2cuart.o
                0x0000360c                SetupUART
 .text.SU_Start
                0x00003650       0x50 .\CortexM3\ARM_GCC_541\Debug\soft_uart.o
                0x00003650                SU_Start
 .text.SU_Isr   0x000036a0      0x164 .\CortexM3\ARM_GCC_541\Debug\soft_uart.o
                0x000036a0                SU_Isr
 .text.getOddParity
                0x00003804       0x50 .\CortexM3\ARM_GCC_541\Debug\soft_uart.o
                0x00003804                getOddParity
 .text.SU_PutChar
                0x00003854      0x12c .\CortexM3\ARM_GCC_541\Debug\soft_uart.o
                0x00003854                SU_PutChar
 .text.initOSDP
                0x00003980       0x48 .\CortexM3\ARM_GCC_541\Debug\osdp.o
                0x00003980                initOSDP
 .text.copyPanelBufI2C
                0x000039c8       0x68 .\CortexM3\ARM_GCC_541\Debug\osdp.o
                0x000039c8                copyPanelBufI2C
 .text.CopyI2cPanelBuffer
                0x00003a30       0x88 .\CortexM3\ARM_GCC_541\Debug\osdp.o
                0x00003a30                CopyI2cPanelBuffer
 .text.ClearOsdpBuffer
                0x00003ab8       0x44 .\CortexM3\ARM_GCC_541\Debug\osdp.o
                0x00003ab8                ClearOsdpBuffer
 .text.SendOSDP
                0x00003afc       0x8c .\CortexM3\ARM_GCC_541\Debug\osdp.o
                0x00003afc                SendOSDP
 .text.ReadOSDP
                0x00003b88      0x2dc .\CortexM3\ARM_GCC_541\Debug\osdp.o
                0x00003b88                ReadOSDP
 .text.SetPanelSpeed
                0x00003e64       0x98 .\CortexM3\ARM_GCC_541\Debug\osdp.o
                0x00003e64                SetPanelSpeed
 .text.initOSDPReaderUART
                0x00003efc       0x50 .\CortexM3\ARM_GCC_541\Debug\osdp.o
                0x00003efc                initOSDPReaderUART
 .text.OSDPReaderRxInt
                0x00003f4c      0x120 .\CortexM3\ARM_GCC_541\Debug\osdp.o
                0x00003f4c                OSDPReaderRxInt
 .text.copyReaderBufI2C
                0x0000406c       0x68 .\CortexM3\ARM_GCC_541\Debug\osdp.o
                0x0000406c                copyReaderBufI2C
 .text.KeepAliveInterruptHandler
                0x000040d4       0x14 .\CortexM3\ARM_GCC_541\Debug\osdp.o
                0x000040d4                KeepAliveInterruptHandler
 .text.ClearOsdpReaderBuffer
                0x000040e8       0x54 .\CortexM3\ARM_GCC_541\Debug\osdp.o
                0x000040e8                ClearOsdpReaderBuffer
 .text.SendOSDPReader
                0x0000413c       0x78 .\CortexM3\ARM_GCC_541\Debug\osdp.o
                0x0000413c                SendOSDPReader
 .text.ReadOSDPReader
                0x000041b4       0x38 .\CortexM3\ARM_GCC_541\Debug\osdp.o
                0x000041b4                ReadOSDPReader
 .text.SetReaderSpeed
                0x000041ec       0x8c .\CortexM3\ARM_GCC_541\Debug\osdp.o
                0x000041ec                SetReaderSpeed
 .text.CopyI2cReaderBuffer
                0x00004278       0x8c .\CortexM3\ARM_GCC_541\Debug\osdp.o
                0x00004278                CopyI2cReaderBuffer
 .text.HandleOSDP
                0x00004304      0x118 .\CortexM3\ARM_GCC_541\Debug\osdp.o
                0x00004304                HandleOSDP
 .text.Pass_OSDP
                0x0000441c       0x74 .\CortexM3\ARM_GCC_541\Debug\osdp.o
                0x0000441c                Pass_OSDP
 .text.ReadImageCard
                0x00004490       0xe0 .\CortexM3\ARM_GCC_541\Debug\toc.o
                0x00004490                ReadImageCard
 .text.initTocReaderUART
                0x00004570       0x48 .\CortexM3\ARM_GCC_541\Debug\toc.o
                0x00004570                initTocReaderUART
 .text.ImgRxInt
                0x000045b8      0x1b0 .\CortexM3\ARM_GCC_541\Debug\toc.o
                0x000045b8                ImgRxInt
 .text.resetImgBuf
                0x00004768       0x34 .\CortexM3\ARM_GCC_541\Debug\toc.o
                0x00004768                resetImgBuf
 .text.SendWaveLynxReader
                0x0000479c       0x4c .\CortexM3\ARM_GCC_541\Debug\toc.o
                0x0000479c                SendWaveLynxReader
 .text.MakeLineTransition
                0x000047e8       0x34 .\CortexM3\ARM_GCC_541\Debug\f2f.o
                0x000047e8                MakeLineTransition
 .text.SendF2F  0x0000481c       0xa8 .\CortexM3\ARM_GCC_541\Debug\f2f.o
                0x0000481c                SendF2F
 .text.ReadF2F  0x000048c4      0x280 .\CortexM3\ARM_GCC_541\Debug\f2f.o
                0x000048c4                ReadF2F
 .text.USBUART_PutDataBig
                0x00004b44       0x4c .\CortexM3\ARM_GCC_541\Debug\commandhandler.o
                0x00004b44                USBUART_PutDataBig
 .text.SendHID  0x00004b90      0x174 .\CortexM3\ARM_GCC_541\Debug\commandhandler.o
                0x00004b90                SendHID
 .text.POE_OIM_En
                0x00004d04       0x4c .\CortexM3\ARM_GCC_541\Debug\commandhandler.o
                0x00004d04                POE_OIM_En
 .text.rtc_write_reg
                0x00004d50       0x34 .\CortexM3\ARM_GCC_541\Debug\commandhandler.o
                0x00004d50                rtc_write_reg
 .text.rtc_write
                0x00004d84       0x48 .\CortexM3\ARM_GCC_541\Debug\commandhandler.o
                0x00004d84                rtc_write
 .text.rtc_read
                0x00004dcc       0x68 .\CortexM3\ARM_GCC_541\Debug\commandhandler.o
                0x00004dcc                rtc_read
 .text.HandleUSB
                0x00004e34      0x13c .\CortexM3\ARM_GCC_541\Debug\commandhandler.o
                0x00004e34                HandleUSB
 .text.commandSendF2F
                0x00004f70       0x34 .\CortexM3\ARM_GCC_541\Debug\commandhandler.o
                0x00004f70                commandSendF2F
 .text.commandSendWiegand
                0x00004fa4       0x30 .\CortexM3\ARM_GCC_541\Debug\commandhandler.o
                0x00004fa4                commandSendWiegand
 .text.commandSendTOC
                0x00004fd4       0x60 .\CortexM3\ARM_GCC_541\Debug\commandhandler.o
                0x00004fd4                commandSendTOC
 .text.commandSendPAC
                0x00005034       0x30 .\CortexM3\ARM_GCC_541\Debug\commandhandler.o
                0x00005034                commandSendPAC
 .text.commandReadTOC
                0x00005064       0x44 .\CortexM3\ARM_GCC_541\Debug\commandhandler.o
                0x00005064                commandReadTOC
 .text.HandleCommand
                0x000050a8      0x72c .\CortexM3\ARM_GCC_541\Debug\commandhandler.o
                0x000050a8                HandleCommand
 .text.CYMEMZERO
                0x000057d4       0x1c .\CortexM3\ARM_GCC_541\Debug\cyfitter_cfg.o
 .text.CYCONFIGCPY
                0x000057f0       0x20 .\CortexM3\ARM_GCC_541\Debug\cyfitter_cfg.o
 .text.CyClockStartupError
                0x00005810        0xc .\CortexM3\ARM_GCC_541\Debug\cyfitter_cfg.o
 .text.cfg_write_bytes32
                0x0000581c       0x74 .\CortexM3\ARM_GCC_541\Debug\cyfitter_cfg.o
 .text.ClockSetup
                0x00005890      0x1d4 .\CortexM3\ARM_GCC_541\Debug\cyfitter_cfg.o
 .text.AnalogSetDefault
                0x00005a64       0x44 .\CortexM3\ARM_GCC_541\Debug\cyfitter_cfg.o
 .text.cyfitter_cfg
                0x00005aa8      0x1e0 .\CortexM3\ARM_GCC_541\Debug\cyfitter_cfg.o
                0x00005aa8                cyfitter_cfg
 .text.IntDefaultHandler
                0x00005c88       0x14 .\CortexM3\ARM_GCC_541\Debug\Cm3Start.o
                0x00005c88                IntDefaultHandler
 .text.Start_c  0x00005c9c       0x98 .\CortexM3\ARM_GCC_541\Debug\Cm3Start.o
                0x00005c9c                Start_c
 .text.initialize_psoc
                0x00005d34       0x90 .\CortexM3\ARM_GCC_541\Debug\Cm3Start.o
                0x00005d34                initialize_psoc
 .text.RELAY_B_Write
                0x00005dc4       0x3c .\CortexM3\ARM_GCC_541\Debug\ext_pim.a(RELAY_B.o)
                0x00005dc4                RELAY_B_Write
 .text.SOUND_OUT_Write
                0x00005e00       0x3c .\CortexM3\ARM_GCC_541\Debug\ext_pim.a(SOUND_OUT.o)
                0x00005e00                SOUND_OUT_Write
 .text.Tamper_Timer_ISR_StartEx
                0x00005e3c       0x24 .\CortexM3\ARM_GCC_541\Debug\ext_pim.a(Tamper_Timer_ISR.o)
                0x00005e3c                Tamper_Timer_ISR_StartEx
 .text.Tamper_Timer_ISR_Interrupt
                0x00005e60       0xdc .\CortexM3\ARM_GCC_541\Debug\ext_pim.a(Tamper_Timer_ISR.o)
                0x00005e60                Tamper_Timer_ISR_Interrupt
 .text.Tamper_Timer_ISR_SetVector
                0x00005f3c       0x24 .\CortexM3\ARM_GCC_541\Debug\ext_pim.a(Tamper_Timer_ISR.o)
                0x00005f3c                Tamper_Timer_ISR_SetVector
 .text.Tamper_Timer_ISR_SetPriority
                0x00005f60       0x24 .\CortexM3\ARM_GCC_541\Debug\ext_pim.a(Tamper_Timer_ISR.o)
                0x00005f60                Tamper_Timer_ISR_SetPriority
 .text.Tamper_Timer_ISR_Enable
                0x00005f84       0x18 .\CortexM3\ARM_GCC_541\Debug\ext_pim.a(Tamper_Timer_ISR.o)
                0x00005f84                Tamper_Timer_ISR_Enable
 .text.Tamper_Timer_ISR_Disable
                0x00005f9c       0x18 .\CortexM3\ARM_GCC_541\Debug\ext_pim.a(Tamper_Timer_ISR.o)
                0x00005f9c                Tamper_Timer_ISR_Disable
 .text.PS_D0_Read
                0x00005fb4       0x1c .\CortexM3\ARM_GCC_541\Debug\ext_pim.a(PS_D0.o)
                0x00005fb4                PS_D0_Read
 .text.Pin_WD0_Read
                0x00005fd0       0x20 .\CortexM3\ARM_GCC_541\Debug\ext_pim.a(Pin_WD0.o)
                0x00005fd0                Pin_WD0_Read
 .text.UART_1_Start
                0x00005ff0       0x24 .\CortexM3\ARM_GCC_541\Debug\ext_pim.a(UART_1.o)
                0x00005ff0                UART_1_Start
 .text.UART_1_Init
                0x00006014       0x4c .\CortexM3\ARM_GCC_541\Debug\ext_pim.a(UART_1.o)
                0x00006014                UART_1_Init
 .text.UART_1_Enable
                0x00006060       0x5c .\CortexM3\ARM_GCC_541\Debug\ext_pim.a(UART_1.o)
                0x00006060                UART_1_Enable
 .text.UART_1_ReadControlRegister
                0x000060bc       0x18 .\CortexM3\ARM_GCC_541\Debug\ext_pim.a(UART_1.o)
                0x000060bc                UART_1_ReadControlRegister
 .text.UART_1_WriteControlRegister
                0x000060d4       0x20 .\CortexM3\ARM_GCC_541\Debug\ext_pim.a(UART_1.o)
                0x000060d4                UART_1_WriteControlRegister
 .text.UART_1_ReadRxStatus
                0x000060f4       0x24 .\CortexM3\ARM_GCC_541\Debug\ext_pim.a(UART_1.o)
                0x000060f4                UART_1_ReadRxStatus
 .text.UART_1_GetChar
                0x00006118       0x44 .\CortexM3\ARM_GCC_541\Debug\ext_pim.a(UART_1.o)
                0x00006118                UART_1_GetChar
 .text.UART_1_ClearRxBuffer
                0x0000615c       0x44 .\CortexM3\ARM_GCC_541\Debug\ext_pim.a(UART_1.o)
                0x0000615c                UART_1_ClearRxBuffer
 .text.UART_1_PutChar
                0x000061a0       0x34 .\CortexM3\ARM_GCC_541\Debug\ext_pim.a(UART_1.o)
                0x000061a0                UART_1_PutChar
 .text.TAMPER_OUT_Write
                0x000061d4       0x3c .\CortexM3\ARM_GCC_541\Debug\ext_pim.a(TAMPER_OUT.o)
                0x000061d4                TAMPER_OUT_Write
 .text.LEDG_OUT_Write
                0x00006210       0x3c .\CortexM3\ARM_GCC_541\Debug\ext_pim.a(LEDG_OUT.o)
                0x00006210                LEDG_OUT_Write
 .text.LEDR_OUT_Write
                0x0000624c       0x3c .\CortexM3\ARM_GCC_541\Debug\ext_pim.a(LEDR_OUT.o)
                0x0000624c                LEDR_OUT_Write
 .text.RELAY_A_Write
                0x00006288       0x3c .\CortexM3\ARM_GCC_541\Debug\ext_pim.a(RELAY_A.o)
                0x00006288                RELAY_A_Write
 .text.OptSelect_Write
                0x000062c4       0x20 .\CortexM3\ARM_GCC_541\Debug\ext_pim.a(OptSelect.o)
                0x000062c4                OptSelect_Write
 .text.Tamper_Timer_Init
                0x000062e4       0x9c .\CortexM3\ARM_GCC_541\Debug\ext_pim.a(Tamper_Timer.o)
                0x000062e4                Tamper_Timer_Init
 .text.Tamper_Timer_Enable
                0x00006380       0x48 .\CortexM3\ARM_GCC_541\Debug\ext_pim.a(Tamper_Timer.o)
                0x00006380                Tamper_Timer_Enable
 .text.Tamper_Timer_Start
                0x000063c8       0x24 .\CortexM3\ARM_GCC_541\Debug\ext_pim.a(Tamper_Timer.o)
                0x000063c8                Tamper_Timer_Start
 .text.Tamper_Timer_Stop
                0x000063ec       0x48 .\CortexM3\ARM_GCC_541\Debug\ext_pim.a(Tamper_Timer.o)
                0x000063ec                Tamper_Timer_Stop
 .text.Tamper_Timer_SetInterruptMode
                0x00006434       0x20 .\CortexM3\ARM_GCC_541\Debug\ext_pim.a(Tamper_Timer.o)
                0x00006434                Tamper_Timer_SetInterruptMode
 .text.Tamper_Timer_ReadStatusRegister
                0x00006454       0x18 .\CortexM3\ARM_GCC_541\Debug\ext_pim.a(Tamper_Timer.o)
                0x00006454                Tamper_Timer_ReadStatusRegister
 .text.Tamper_Timer_WritePeriod
                0x0000646c       0x24 .\CortexM3\ARM_GCC_541\Debug\ext_pim.a(Tamper_Timer.o)
                0x0000646c                Tamper_Timer_WritePeriod
 .text.Tamper_Timer_WriteCounter
                0x00006490       0x20 .\CortexM3\ARM_GCC_541\Debug\ext_pim.a(Tamper_Timer.o)
                0x00006490                Tamper_Timer_WriteCounter
 .text.UART_TIMER_Init
                0x000064b0       0x48 .\CortexM3\ARM_GCC_541\Debug\ext_pim.a(UART_TIMER.o)
                0x000064b0                UART_TIMER_Init
 .text.UART_TIMER_Enable
                0x000064f8       0x20 .\CortexM3\ARM_GCC_541\Debug\ext_pim.a(UART_TIMER.o)
                0x000064f8                UART_TIMER_Enable
 .text.UART_TIMER_Start
                0x00006518       0x24 .\CortexM3\ARM_GCC_541\Debug\ext_pim.a(UART_TIMER.o)
                0x00006518                UART_TIMER_Start
 .text.UART_TIMER_SetInterruptMode
                0x0000653c       0x20 .\CortexM3\ARM_GCC_541\Debug\ext_pim.a(UART_TIMER.o)
                0x0000653c                UART_TIMER_SetInterruptMode
 .text.UART_TIMER_ReadStatusRegister
                0x0000655c       0x18 .\CortexM3\ARM_GCC_541\Debug\ext_pim.a(UART_TIMER.o)
                0x0000655c                UART_TIMER_ReadStatusRegister
 .text.UART_TIMER_WritePeriod
                0x00006574       0x20 .\CortexM3\ARM_GCC_541\Debug\ext_pim.a(UART_TIMER.o)
                0x00006574                UART_TIMER_WritePeriod
 .text.UART_TIMER_ReadCapture
                0x00006594       0x18 .\CortexM3\ARM_GCC_541\Debug\ext_pim.a(UART_TIMER.o)
                0x00006594                UART_TIMER_ReadCapture
 .text.UART_TIMER_WriteCounter
                0x000065ac       0x20 .\CortexM3\ARM_GCC_541\Debug\ext_pim.a(UART_TIMER.o)
                0x000065ac                UART_TIMER_WriteCounter
 .text.UART_TIMER_ClearFIFO
                0x000065cc       0x1c .\CortexM3\ARM_GCC_541\Debug\ext_pim.a(UART_TIMER.o)
                0x000065cc                UART_TIMER_ClearFIFO
 .text.UART_TIMER_ISR_StartEx
                0x000065e8       0x24 .\CortexM3\ARM_GCC_541\Debug\ext_pim.a(UART_TIMER_ISR.o)
                0x000065e8                UART_TIMER_ISR_StartEx
 .text.UART_TIMER_ISR_Interrupt
                0x0000660c       0x18 .\CortexM3\ARM_GCC_541\Debug\ext_pim.a(UART_TIMER_ISR.o)
                0x0000660c                UART_TIMER_ISR_Interrupt
 .text.UART_TIMER_ISR_SetVector
                0x00006624       0x24 .\CortexM3\ARM_GCC_541\Debug\ext_pim.a(UART_TIMER_ISR.o)
                0x00006624                UART_TIMER_ISR_SetVector
 .text.UART_TIMER_ISR_SetPriority
                0x00006648       0x24 .\CortexM3\ARM_GCC_541\Debug\ext_pim.a(UART_TIMER_ISR.o)
                0x00006648                UART_TIMER_ISR_SetPriority
 .text.UART_TIMER_ISR_Enable
                0x0000666c       0x18 .\CortexM3\ARM_GCC_541\Debug\ext_pim.a(UART_TIMER_ISR.o)
                0x0000666c                UART_TIMER_ISR_Enable
 .text.UART_TIMER_ISR_Disable
                0x00006684       0x18 .\CortexM3\ARM_GCC_541\Debug\ext_pim.a(UART_TIMER_ISR.o)
                0x00006684                UART_TIMER_ISR_Disable
 .text.CySetTempInt
                0x0000669c       0x7c .\CortexM3\ARM_GCC_541\Debug\ext_pim.a(CyFlash.o)
 .text.CyFlashGetSpcAlgorithm
                0x00006718       0x70 .\CortexM3\ARM_GCC_541\Debug\ext_pim.a(CyFlash.o)
 .text.CySetTemp
                0x00006788       0x24 .\CortexM3\ARM_GCC_541\Debug\ext_pim.a(CyFlash.o)
                0x00006788                CySetTemp
 .text.CyEEPROM_Start
                0x000067ac       0x8c .\CortexM3\ARM_GCC_541\Debug\ext_pim.a(CyFlash.o)
                0x000067ac                CyEEPROM_Start
 .text.CyEEPROM_ReadReserve
                0x00006838       0x30 .\CortexM3\ARM_GCC_541\Debug\ext_pim.a(CyFlash.o)
                0x00006838                CyEEPROM_ReadReserve
 .text.CyEEPROM_ReadRelease
                0x00006868       0x20 .\CortexM3\ARM_GCC_541\Debug\ext_pim.a(CyFlash.o)
                0x00006868                CyEEPROM_ReadRelease
 .text.CyHalt   0x00006888       0x18 .\CortexM3\ARM_GCC_541\Debug\ext_pim.a(CyLib.o)
                0x00006888                CyHalt
 .text.CySoftwareReset
                0x000068a0       0x20 .\CortexM3\ARM_GCC_541\Debug\ext_pim.a(CyLib.o)
                0x000068a0                CySoftwareReset
 .text.CyDelay  0x000068c0       0x44 .\CortexM3\ARM_GCC_541\Debug\ext_pim.a(CyLib.o)
                0x000068c0                CyDelay
 .text.CyDelayUs
                0x00006904       0x28 .\CortexM3\ARM_GCC_541\Debug\ext_pim.a(CyLib.o)
                0x00006904                CyDelayUs
 .text.CyIntSetVector
                0x0000692c       0x50 .\CortexM3\ARM_GCC_541\Debug\ext_pim.a(CyLib.o)
                0x0000692c                CyIntSetVector
 .text.CyIntSetPriority
                0x0000697c       0x48 .\CortexM3\ARM_GCC_541\Debug\ext_pim.a(CyLib.o)
                0x0000697c                CyIntSetPriority
 .text.CyGetUniqueId
                0x000069c4       0xc4 .\CortexM3\ARM_GCC_541\Debug\ext_pim.a(CyLib.o)
                0x000069c4                CyGetUniqueId
 .text.CyPmReadStatus
                0x00006a88       0x5c .\CortexM3\ARM_GCC_541\Debug\ext_pim.a(cyPm.o)
                0x00006a88                CyPmReadStatus
 .text.CySpcStart
                0x00006ae4       0x48 .\CortexM3\ARM_GCC_541\Debug\ext_pim.a(CySpc.o)
                0x00006ae4                CySpcStart
 .text.CySpcReadData
                0x00006b2c       0x54 .\CortexM3\ARM_GCC_541\Debug\ext_pim.a(CySpc.o)
                0x00006b2c                CySpcReadData
 .text.CySpcLoadMultiByte
                0x00006b80       0xd0 .\CortexM3\ARM_GCC_541\Debug\ext_pim.a(CySpc.o)
                0x00006b80                CySpcLoadMultiByte
 .text.CySpcWriteRow
                0x00006c50       0x98 .\CortexM3\ARM_GCC_541\Debug\ext_pim.a(CySpc.o)
                0x00006c50                CySpcWriteRow
 .text.CySpcEraseSector
                0x00006ce8       0x70 .\CortexM3\ARM_GCC_541\Debug\ext_pim.a(CySpc.o)
                0x00006ce8                CySpcEraseSector
 .text.CySpcGetTemp
                0x00006d58       0x64 .\CortexM3\ARM_GCC_541\Debug\ext_pim.a(CySpc.o)
                0x00006d58                CySpcGetTemp
 .text.CySpcLock
                0x00006dbc       0x68 .\CortexM3\ARM_GCC_541\Debug\ext_pim.a(CySpc.o)
                0x00006dbc                CySpcLock
 .text.CySpcUnlock
                0x00006e24       0x50 .\CortexM3\ARM_GCC_541\Debug\ext_pim.a(CySpc.o)
                0x00006e24                CySpcUnlock
 .text.CySpcGetAlgorithm
                0x00006e74       0x44 .\CortexM3\ARM_GCC_541\Debug\ext_pim.a(CySpc.o)
                0x00006e74                CySpcGetAlgorithm
 .text.EZI2Cs_Stop
                0x00006eb8      0x108 .\CortexM3\ARM_GCC_541\Debug\ext_pim.a(EZI2Cs.o)
                0x00006eb8                EZI2Cs_Stop
 .text.Timeout_Timer_Init
                0x00006fc0       0x9c .\CortexM3\ARM_GCC_541\Debug\ext_pim.a(Timeout_Timer.o)
                0x00006fc0                Timeout_Timer_Init
 .text.Timeout_Timer_Enable
                0x0000705c       0x48 .\CortexM3\ARM_GCC_541\Debug\ext_pim.a(Timeout_Timer.o)
                0x0000705c                Timeout_Timer_Enable
 .text.Timeout_Timer_Start
                0x000070a4       0x24 .\CortexM3\ARM_GCC_541\Debug\ext_pim.a(Timeout_Timer.o)
                0x000070a4                Timeout_Timer_Start
 .text.Timeout_Timer_SetInterruptMode
                0x000070c8       0x20 .\CortexM3\ARM_GCC_541\Debug\ext_pim.a(Timeout_Timer.o)
                0x000070c8                Timeout_Timer_SetInterruptMode
 .text.Timeout_Timer_ReadStatusRegister
                0x000070e8       0x18 .\CortexM3\ARM_GCC_541\Debug\ext_pim.a(Timeout_Timer.o)
                0x000070e8                Timeout_Timer_ReadStatusRegister
 .text.Timeout_Timer_WritePeriod
                0x00007100       0x24 .\CortexM3\ARM_GCC_541\Debug\ext_pim.a(Timeout_Timer.o)
                0x00007100                Timeout_Timer_WritePeriod
 .text.Timeout_Timer_WriteCounter
                0x00007124       0x20 .\CortexM3\ARM_GCC_541\Debug\ext_pim.a(Timeout_Timer.o)
                0x00007124                Timeout_Timer_WriteCounter
 .text.Timeout_Timer_Isr_StartEx
                0x00007144       0x24 .\CortexM3\ARM_GCC_541\Debug\ext_pim.a(Timeout_Timer_Isr.o)
                0x00007144                Timeout_Timer_Isr_StartEx
 .text.Timeout_Timer_Isr_Interrupt
                0x00007168       0x6c .\CortexM3\ARM_GCC_541\Debug\ext_pim.a(Timeout_Timer_Isr.o)
                0x00007168                Timeout_Timer_Isr_Interrupt
 .text.Timeout_Timer_Isr_SetVector
                0x000071d4       0x24 .\CortexM3\ARM_GCC_541\Debug\ext_pim.a(Timeout_Timer_Isr.o)
                0x000071d4                Timeout_Timer_Isr_SetVector
 .text.Timeout_Timer_Isr_SetPriority
                0x000071f8       0x24 .\CortexM3\ARM_GCC_541\Debug\ext_pim.a(Timeout_Timer_Isr.o)
                0x000071f8                Timeout_Timer_Isr_SetPriority
 .text.Timeout_Timer_Isr_Enable
                0x0000721c       0x18 .\CortexM3\ARM_GCC_541\Debug\ext_pim.a(Timeout_Timer_Isr.o)
                0x0000721c                Timeout_Timer_Isr_Enable
 .text.Timeout_Timer_Isr_Disable
                0x00007234       0x18 .\CortexM3\ARM_GCC_541\Debug\ext_pim.a(Timeout_Timer_Isr.o)
                0x00007234                Timeout_Timer_Isr_Disable
 .text.Clock_5_Start
                0x0000724c       0x34 .\CortexM3\ARM_GCC_541\Debug\ext_pim.a(Clock_5.o)
                0x0000724c                Clock_5_Start
 .text.Clock_5_SetDividerRegister
                0x00007280      0x164 .\CortexM3\ARM_GCC_541\Debug\ext_pim.a(Clock_5.o)
                0x00007280                Clock_5_SetDividerRegister
 .text.Clock_5_GetDividerRegister
                0x000073e4       0x18 .\CortexM3\ARM_GCC_541\Debug\ext_pim.a(Clock_5.o)
                0x000073e4                Clock_5_GetDividerRegister
 .text.Clock_5_GetSourceRegister
                0x000073fc       0x1c .\CortexM3\ARM_GCC_541\Debug\ext_pim.a(Clock_5.o)
                0x000073fc                Clock_5_GetSourceRegister
 .text.isr_F2F_edge_StartEx
                0x00007418       0x24 .\CortexM3\ARM_GCC_541\Debug\ext_pim.a(isr_F2F_edge.o)
                0x00007418                isr_F2F_edge_StartEx
 .text.isr_F2F_edge_Interrupt
                0x0000743c       0x6c .\CortexM3\ARM_GCC_541\Debug\ext_pim.a(isr_F2F_edge.o)
                0x0000743c                isr_F2F_edge_Interrupt
 .text.isr_F2F_edge_SetVector
                0x000074a8       0x24 .\CortexM3\ARM_GCC_541\Debug\ext_pim.a(isr_F2F_edge.o)
                0x000074a8                isr_F2F_edge_SetVector
 .text.isr_F2F_edge_SetPriority
                0x000074cc       0x24 .\CortexM3\ARM_GCC_541\Debug\ext_pim.a(isr_F2F_edge.o)
                0x000074cc                isr_F2F_edge_SetPriority
 .text.isr_F2F_edge_Enable
                0x000074f0       0x18 .\CortexM3\ARM_GCC_541\Debug\ext_pim.a(isr_F2F_edge.o)
                0x000074f0                isr_F2F_edge_Enable
 .text.isr_F2F_edge_Disable
                0x00007508       0x18 .\CortexM3\ARM_GCC_541\Debug\ext_pim.a(isr_F2F_edge.o)
                0x00007508                isr_F2F_edge_Disable
 .text.FilterReg_Read
                0x00007520       0x18 .\CortexM3\ARM_GCC_541\Debug\ext_pim.a(FilterReg.o)
                0x00007520                FilterReg_Read
 .text.Mode_Sel_ACS_Write
                0x00007538       0x38 .\CortexM3\ARM_GCC_541\Debug\ext_pim.a(Mode_Sel_ACS.o)
                0x00007538                Mode_Sel_ACS_Write
 .text.TX_EN_Write
                0x00007570       0x3c .\CortexM3\ARM_GCC_541\Debug\ext_pim.a(TX_EN.o)
                0x00007570                TX_EN_Write
 .text.CR_DE_Write
                0x000075ac       0x3c .\CortexM3\ARM_GCC_541\Debug\ext_pim.a(CR_DE.o)
                0x000075ac                CR_DE_Write
 .text.Clock_6_Start
                0x000075e8       0x34 .\CortexM3\ARM_GCC_541\Debug\ext_pim.a(Clock_6.o)
                0x000075e8                Clock_6_Start
 .text.Clock_6_SetDividerRegister
                0x0000761c      0x164 .\CortexM3\ARM_GCC_541\Debug\ext_pim.a(Clock_6.o)
                0x0000761c                Clock_6_SetDividerRegister
 .text.Clock_6_GetDividerRegister
                0x00007780       0x18 .\CortexM3\ARM_GCC_541\Debug\ext_pim.a(Clock_6.o)
                0x00007780                Clock_6_GetDividerRegister
 .text.Clock_6_GetSourceRegister
                0x00007798       0x1c .\CortexM3\ARM_GCC_541\Debug\ext_pim.a(Clock_6.o)
                0x00007798                Clock_6_GetSourceRegister
 .text.Mode_Sel_CR_Write
                0x000077b4       0x3c .\CortexM3\ARM_GCC_541\Debug\ext_pim.a(Mode_Sel_CR.o)
                0x000077b4                Mode_Sel_CR_Write
 .text.isr_keepalive_StartEx
                0x000077f0       0x24 .\CortexM3\ARM_GCC_541\Debug\ext_pim.a(isr_keepalive.o)
                0x000077f0                isr_keepalive_StartEx
 .text.isr_keepalive_SetVector
                0x00007814       0x24 .\CortexM3\ARM_GCC_541\Debug\ext_pim.a(isr_keepalive.o)
                0x00007814                isr_keepalive_SetVector
 .text.isr_keepalive_SetPriority
                0x00007838       0x24 .\CortexM3\ARM_GCC_541\Debug\ext_pim.a(isr_keepalive.o)
                0x00007838                isr_keepalive_SetPriority
 .text.isr_keepalive_Enable
                0x0000785c       0x18 .\CortexM3\ARM_GCC_541\Debug\ext_pim.a(isr_keepalive.o)
                0x0000785c                isr_keepalive_Enable
 .text.isr_keepalive_GetState
                0x00007874       0x24 .\CortexM3\ARM_GCC_541\Debug\ext_pim.a(isr_keepalive.o)
                0x00007874                isr_keepalive_GetState
 .text.isr_keepalive_Disable
                0x00007898       0x18 .\CortexM3\ARM_GCC_541\Debug\ext_pim.a(isr_keepalive.o)
                0x00007898                isr_keepalive_Disable
 .text.OSDPReaderTimer_Init
                0x000078b0       0x4c .\CortexM3\ARM_GCC_541\Debug\ext_pim.a(OSDPReaderTimer.o)
                0x000078b0                OSDPReaderTimer_Init
 .text.OSDPReaderTimer_Enable
                0x000078fc       0x20 .\CortexM3\ARM_GCC_541\Debug\ext_pim.a(OSDPReaderTimer.o)
                0x000078fc                OSDPReaderTimer_Enable
 .text.OSDPReaderTimer_Start
                0x0000791c       0x24 .\CortexM3\ARM_GCC_541\Debug\ext_pim.a(OSDPReaderTimer.o)
                0x0000791c                OSDPReaderTimer_Start
 .text.OSDPReaderTimer_SetInterruptMode
                0x00007940       0x20 .\CortexM3\ARM_GCC_541\Debug\ext_pim.a(OSDPReaderTimer.o)
                0x00007940                OSDPReaderTimer_SetInterruptMode
 .text.OSDPReaderTimer_ReadStatusRegister
                0x00007960       0x18 .\CortexM3\ARM_GCC_541\Debug\ext_pim.a(OSDPReaderTimer.o)
                0x00007960                OSDPReaderTimer_ReadStatusRegister
 .text.OSDPReaderTimer_WritePeriod
                0x00007978       0x20 .\CortexM3\ARM_GCC_541\Debug\ext_pim.a(OSDPReaderTimer.o)
                0x00007978                OSDPReaderTimer_WritePeriod
 .text.OSDPReaderTimer_ReadCapture
                0x00007998       0x18 .\CortexM3\ARM_GCC_541\Debug\ext_pim.a(OSDPReaderTimer.o)
                0x00007998                OSDPReaderTimer_ReadCapture
 .text.OSDPReaderTimer_WriteCounter
                0x000079b0       0x20 .\CortexM3\ARM_GCC_541\Debug\ext_pim.a(OSDPReaderTimer.o)
                0x000079b0                OSDPReaderTimer_WriteCounter
 .text.OSDPReaderTimer_ClearFIFO
                0x000079d0       0x1c .\CortexM3\ARM_GCC_541\Debug\ext_pim.a(OSDPReaderTimer.o)
                0x000079d0                OSDPReaderTimer_ClearFIFO
 .text.isr_SW_Rst_Start
                0x000079ec       0x20 .\CortexM3\ARM_GCC_541\Debug\ext_pim.a(isr_SW_Rst.o)
                0x000079ec                isr_SW_Rst_Start
 .text.isr_SW_Rst_Interrupt
                0x00007a0c       0x58 .\CortexM3\ARM_GCC_541\Debug\ext_pim.a(isr_SW_Rst.o)
                0x00007a0c                isr_SW_Rst_Interrupt
 .text.isr_SW_Rst_SetVector
                0x00007a64       0x24 .\CortexM3\ARM_GCC_541\Debug\ext_pim.a(isr_SW_Rst.o)
                0x00007a64                isr_SW_Rst_SetVector
 .text.isr_SW_Rst_SetPriority
                0x00007a88       0x24 .\CortexM3\ARM_GCC_541\Debug\ext_pim.a(isr_SW_Rst.o)
                0x00007a88                isr_SW_Rst_SetPriority
 .text.isr_SW_Rst_Enable
                0x00007aac       0x18 .\CortexM3\ARM_GCC_541\Debug\ext_pim.a(isr_SW_Rst.o)
                0x00007aac                isr_SW_Rst_Enable
 .text.isr_SW_Rst_Disable
                0x00007ac4       0x18 .\CortexM3\ARM_GCC_541\Debug\ext_pim.a(isr_SW_Rst.o)
                0x00007ac4                isr_SW_Rst_Disable
 .text.LED_GRN_Write
                0x00007adc       0x3c .\CortexM3\ARM_GCC_541\Debug\ext_pim.a(LED_GRN.o)
                0x00007adc                LED_GRN_Write
 .text.LED_RED_Write
                0x00007b18       0x3c .\CortexM3\ARM_GCC_541\Debug\ext_pim.a(LED_RED.o)
                0x00007b18                LED_RED_Write
 .text.LED_YEL_Write
                0x00007b54       0x34 .\CortexM3\ARM_GCC_541\Debug\ext_pim.a(LED_YEL.o)
                0x00007b54                LED_YEL_Write
 .text.UART_ACS_Start
                0x00007b88       0x24 .\CortexM3\ARM_GCC_541\Debug\ext_pim.a(UART_ACS.o)
                0x00007b88                UART_ACS_Start
 .text.UART_ACS_Init
                0x00007bac       0x3c .\CortexM3\ARM_GCC_541\Debug\ext_pim.a(UART_ACS.o)
                0x00007bac                UART_ACS_Init
 .text.UART_ACS_Enable
                0x00007be8       0x50 .\CortexM3\ARM_GCC_541\Debug\ext_pim.a(UART_ACS.o)
                0x00007be8                UART_ACS_Enable
 .text.UART_ACS_ReadControlRegister
                0x00007c38       0x18 .\CortexM3\ARM_GCC_541\Debug\ext_pim.a(UART_ACS.o)
                0x00007c38                UART_ACS_ReadControlRegister
 .text.UART_ACS_WriteControlRegister
                0x00007c50       0x20 .\CortexM3\ARM_GCC_541\Debug\ext_pim.a(UART_ACS.o)
                0x00007c50                UART_ACS_WriteControlRegister
 .text.UART_ACS_SetRxInterruptMode
                0x00007c70       0x20 .\CortexM3\ARM_GCC_541\Debug\ext_pim.a(UART_ACS.o)
                0x00007c70                UART_ACS_SetRxInterruptMode
 .text.UART_ACS_GetChar
                0x00007c90       0xb4 .\CortexM3\ARM_GCC_541\Debug\ext_pim.a(UART_ACS.o)
                0x00007c90                UART_ACS_GetChar
 .text.UART_ACS_GetRxBufferSize
                0x00007d44       0x94 .\CortexM3\ARM_GCC_541\Debug\ext_pim.a(UART_ACS.o)
                0x00007d44                UART_ACS_GetRxBufferSize
 .text.UART_ACS_ClearRxBuffer
                0x00007dd8       0x80 .\CortexM3\ARM_GCC_541\Debug\ext_pim.a(UART_ACS.o)
                0x00007dd8                UART_ACS_ClearRxBuffer
 .text.UART_ACS_PutChar
                0x00007e58       0x34 .\CortexM3\ARM_GCC_541\Debug\ext_pim.a(UART_ACS.o)
                0x00007e58                UART_ACS_PutChar
 .text.UART_ACS_PutArray
                0x00007e8c       0x44 .\CortexM3\ARM_GCC_541\Debug\ext_pim.a(UART_ACS.o)
                0x00007e8c                UART_ACS_PutArray
 .text.UART_ACS_PutCRLF
                0x00007ed0       0x34 .\CortexM3\ARM_GCC_541\Debug\ext_pim.a(UART_ACS.o)
                0x00007ed0                UART_ACS_PutCRLF
 .text.UART_ACS_LoadRxConfig
                0x00007f04       0x2c .\CortexM3\ARM_GCC_541\Debug\ext_pim.a(UART_ACS.o)
                0x00007f04                UART_ACS_LoadRxConfig
 .text.UART_ACS_LoadTxConfig
                0x00007f30       0x2c .\CortexM3\ARM_GCC_541\Debug\ext_pim.a(UART_ACS.o)
                0x00007f30                UART_ACS_LoadTxConfig
 .text.UART_ACS_RXISR
                0x00007f5c       0xd8 .\CortexM3\ARM_GCC_541\Debug\ext_pim.a(UART_ACS_INT.o)
                0x00007f5c                UART_ACS_RXISR
 .text.UART_READER_Start
                0x00008034       0x24 .\CortexM3\ARM_GCC_541\Debug\ext_pim.a(UART_READER.o)
                0x00008034                UART_READER_Start
 .text.UART_READER_Init
                0x00008058       0x20 .\CortexM3\ARM_GCC_541\Debug\ext_pim.a(UART_READER.o)
                0x00008058                UART_READER_Init
 .text.UART_READER_Enable
                0x00008078       0x48 .\CortexM3\ARM_GCC_541\Debug\ext_pim.a(UART_READER.o)
                0x00008078                UART_READER_Enable
 .text.UART_READER_ReadControlRegister
                0x000080c0       0x18 .\CortexM3\ARM_GCC_541\Debug\ext_pim.a(UART_READER.o)
                0x000080c0                UART_READER_ReadControlRegister
 .text.UART_READER_WriteControlRegister
                0x000080d8       0x20 .\CortexM3\ARM_GCC_541\Debug\ext_pim.a(UART_READER.o)
                0x000080d8                UART_READER_WriteControlRegister
 .text.UART_READER_ReadRxData
                0x000080f8       0x1c .\CortexM3\ARM_GCC_541\Debug\ext_pim.a(UART_READER.o)
                0x000080f8                UART_READER_ReadRxData
 .text.UART_READER_ReadRxStatus
                0x00008114       0x24 .\CortexM3\ARM_GCC_541\Debug\ext_pim.a(UART_READER.o)
                0x00008114                UART_READER_ReadRxStatus
 .text.UART_READER_ClearRxBuffer
                0x00008138       0x44 .\CortexM3\ARM_GCC_541\Debug\ext_pim.a(UART_READER.o)
                0x00008138                UART_READER_ClearRxBuffer
 .text.UART_READER_PutChar
                0x0000817c       0x34 .\CortexM3\ARM_GCC_541\Debug\ext_pim.a(UART_READER.o)
                0x0000817c                UART_READER_PutChar
 .text.UART_READER_PutArray
                0x000081b0       0x44 .\CortexM3\ARM_GCC_541\Debug\ext_pim.a(UART_READER.o)
                0x000081b0                UART_READER_PutArray
 .text.UART_READER_ClearTxBuffer
                0x000081f4       0x44 .\CortexM3\ARM_GCC_541\Debug\ext_pim.a(UART_READER.o)
                0x000081f4                UART_READER_ClearTxBuffer
 .text.UART_READER_LoadRxConfig
                0x00008238       0x24 .\CortexM3\ARM_GCC_541\Debug\ext_pim.a(UART_READER.o)
                0x00008238                UART_READER_LoadRxConfig
 .text.UART_READER_LoadTxConfig
                0x0000825c       0x24 .\CortexM3\ARM_GCC_541\Debug\ext_pim.a(UART_READER.o)
                0x0000825c                UART_READER_LoadTxConfig
 .text.isr_READER_rx_StartEx
                0x00008280       0x24 .\CortexM3\ARM_GCC_541\Debug\ext_pim.a(isr_READER_rx.o)
                0x00008280                isr_READER_rx_StartEx
 .text.isr_READER_rx_SetVector
                0x000082a4       0x24 .\CortexM3\ARM_GCC_541\Debug\ext_pim.a(isr_READER_rx.o)
                0x000082a4                isr_READER_rx_SetVector
 .text.isr_READER_rx_SetPriority
                0x000082c8       0x24 .\CortexM3\ARM_GCC_541\Debug\ext_pim.a(isr_READER_rx.o)
                0x000082c8                isr_READER_rx_SetPriority
 .text.isr_READER_rx_Enable
                0x000082ec       0x18 .\CortexM3\ARM_GCC_541\Debug\ext_pim.a(isr_READER_rx.o)
                0x000082ec                isr_READER_rx_Enable
 .text.isr_READER_rx_Disable
                0x00008304       0x18 .\CortexM3\ARM_GCC_541\Debug\ext_pim.a(isr_READER_rx.o)
                0x00008304                isr_READER_rx_Disable
 .text.Pulse_50us_Init
                0x0000831c       0x48 .\CortexM3\ARM_GCC_541\Debug\ext_pim.a(Pulse_50us.o)
                0x0000831c                Pulse_50us_Init
 .text.Pulse_50us_Enable
                0x00008364       0x20 .\CortexM3\ARM_GCC_541\Debug\ext_pim.a(Pulse_50us.o)
                0x00008364                Pulse_50us_Enable
 .text.Pulse_50us_SetInterruptMode
                0x00008384       0x20 .\CortexM3\ARM_GCC_541\Debug\ext_pim.a(Pulse_50us.o)
                0x00008384                Pulse_50us_SetInterruptMode
 .text.Pulse_50us_ReadStatusRegister
                0x000083a4       0x18 .\CortexM3\ARM_GCC_541\Debug\ext_pim.a(Pulse_50us.o)
                0x000083a4                Pulse_50us_ReadStatusRegister
 .text.Pulse_50us_WriteControlRegister
                0x000083bc       0x20 .\CortexM3\ARM_GCC_541\Debug\ext_pim.a(Pulse_50us.o)
                0x000083bc                Pulse_50us_WriteControlRegister
 .text.Pulse_50us_WritePeriod
                0x000083dc       0x20 .\CortexM3\ARM_GCC_541\Debug\ext_pim.a(Pulse_50us.o)
                0x000083dc                Pulse_50us_WritePeriod
 .text.Pulse_50us_ReadCapture
                0x000083fc       0x18 .\CortexM3\ARM_GCC_541\Debug\ext_pim.a(Pulse_50us.o)
                0x000083fc                Pulse_50us_ReadCapture
 .text.Pulse_50us_WriteCounter
                0x00008414       0x20 .\CortexM3\ARM_GCC_541\Debug\ext_pim.a(Pulse_50us.o)
                0x00008414                Pulse_50us_WriteCounter
 .text.Pulse_50us_ClearFIFO
                0x00008434       0x1c .\CortexM3\ARM_GCC_541\Debug\ext_pim.a(Pulse_50us.o)
                0x00008434                Pulse_50us_ClearFIFO
 .text.Pulse_50us_RestoreConfig
                0x00008450       0x2c .\CortexM3\ARM_GCC_541\Debug\ext_pim.a(Pulse_50us_PM.o)
                0x00008450                Pulse_50us_RestoreConfig
 .text.isr_50us_StartEx
                0x0000847c       0x24 .\CortexM3\ARM_GCC_541\Debug\ext_pim.a(isr_50us.o)
                0x0000847c                isr_50us_StartEx
 .text.isr_50us_SetVector
                0x000084a0       0x24 .\CortexM3\ARM_GCC_541\Debug\ext_pim.a(isr_50us.o)
                0x000084a0                isr_50us_SetVector
 .text.isr_50us_SetPriority
                0x000084c4       0x24 .\CortexM3\ARM_GCC_541\Debug\ext_pim.a(isr_50us.o)
                0x000084c4                isr_50us_SetPriority
 .text.isr_50us_Enable
                0x000084e8       0x18 .\CortexM3\ARM_GCC_541\Debug\ext_pim.a(isr_50us.o)
                0x000084e8                isr_50us_Enable
 .text.isr_50us_GetState
                0x00008500       0x24 .\CortexM3\ARM_GCC_541\Debug\ext_pim.a(isr_50us.o)
                0x00008500                isr_50us_GetState
 .text.isr_50us_Disable
                0x00008524       0x18 .\CortexM3\ARM_GCC_541\Debug\ext_pim.a(isr_50us.o)
                0x00008524                isr_50us_Disable
 .text.PS_D1_Write
                0x0000853c       0x3c .\CortexM3\ARM_GCC_541\Debug\ext_pim.a(PS_D1.o)
                0x0000853c                PS_D1_Write
 .text.SF2F_Write
                0x00008578       0x34 .\CortexM3\ARM_GCC_541\Debug\ext_pim.a(SF2F.o)
                0x00008578                SF2F_Write
 .text.POE_RST_Write
                0x000085ac       0x34 .\CortexM3\ARM_GCC_541\Debug\ext_pim.a(POE_RST.o)
                0x000085ac                POE_RST_Write
 .text.POE_OIM_SDn_Write
                0x000085e0       0x3c .\CortexM3\ARM_GCC_541\Debug\ext_pim.a(POE_OIM_SDn.o)
                0x000085e0                POE_OIM_SDn_Write
 .text.USBUART_Start
                0x0000861c       0x3c .\CortexM3\ARM_GCC_541\Debug\ext_pim.a(USBUART.o)
                0x0000861c                USBUART_Start
 .text.USBUART_Init
                0x00008658      0x1a4 .\CortexM3\ARM_GCC_541\Debug\ext_pim.a(USBUART.o)
                0x00008658                USBUART_Init
 .text.USBUART_InitComponent
                0x000087fc      0x100 .\CortexM3\ARM_GCC_541\Debug\ext_pim.a(USBUART.o)
                0x000087fc                USBUART_InitComponent
 .text.USBUART_ReInitComponent
                0x000088fc       0x68 .\CortexM3\ARM_GCC_541\Debug\ext_pim.a(USBUART.o)
                0x000088fc                USBUART_ReInitComponent
 .text.USBUART_GetConfiguration
                0x00008964       0x18 .\CortexM3\ARM_GCC_541\Debug\ext_pim.a(USBUART.o)
                0x00008964                USBUART_GetConfiguration
 .text.USBUART_IsConfigurationChanged
                0x0000897c       0x30 .\CortexM3\ARM_GCC_541\Debug\ext_pim.a(USBUART.o)
                0x0000897c                USBUART_IsConfigurationChanged
 .text.USBUART_GetEPState
                0x000089ac       0x2c .\CortexM3\ARM_GCC_541\Debug\ext_pim.a(USBUART.o)
                0x000089ac                USBUART_GetEPState
 .text.USBUART_GetEPCount
                0x000089d8       0x60 .\CortexM3\ARM_GCC_541\Debug\ext_pim.a(USBUART.o)
                0x000089d8                USBUART_GetEPCount
 .text.USBUART_LoadInEP
                0x00008a38      0x108 .\CortexM3\ARM_GCC_541\Debug\ext_pim.a(USBUART.o)
                0x00008a38                USBUART_LoadInEP
 .text.USBUART_ReadOutEP
                0x00008b40       0x8c .\CortexM3\ARM_GCC_541\Debug\ext_pim.a(USBUART.o)
                0x00008b40                USBUART_ReadOutEP
 .text.USBUART_EnableOutEP
                0x00008bcc       0x5c .\CortexM3\ARM_GCC_541\Debug\ext_pim.a(USBUART.o)
                0x00008bcc                USBUART_EnableOutEP
 .text.USBUART_DispatchCDCClassRqst
                0x00008c28       0xe4 .\CortexM3\ARM_GCC_541\Debug\ext_pim.a(USBUART_cdc.o)
                0x00008c28                USBUART_DispatchCDCClassRqst
 .text.USBUART_GetInterfaceComPort
                0x00008d0c       0x60 .\CortexM3\ARM_GCC_541\Debug\ext_pim.a(USBUART_cdc.o)
                0x00008d0c                USBUART_GetInterfaceComPort
 .text.USBUART_CDC_Init
                0x00008d6c       0xa8 .\CortexM3\ARM_GCC_541\Debug\ext_pim.a(USBUART_cdc.o)
                0x00008d6c                USBUART_CDC_Init
 .text.USBUART_PutData
                0x00008e14       0x6c .\CortexM3\ARM_GCC_541\Debug\ext_pim.a(USBUART_cdc.o)
                0x00008e14                USBUART_PutData
 .text.USBUART_GetCount
                0x00008e80       0x54 .\CortexM3\ARM_GCC_541\Debug\ext_pim.a(USBUART_cdc.o)
                0x00008e80                USBUART_GetCount
 .text.USBUART_CDCIsReady
                0x00008ed4       0x24 .\CortexM3\ARM_GCC_541\Debug\ext_pim.a(USBUART_cdc.o)
                0x00008ed4                USBUART_CDCIsReady
 .text.USBUART_GetAll
                0x00008ef8       0x4c .\CortexM3\ARM_GCC_541\Debug\ext_pim.a(USBUART_cdc.o)
                0x00008ef8                USBUART_GetAll
 .text.USBUART_Cdc_EpInit
                0x00008f44       0x90 .\CortexM3\ARM_GCC_541\Debug\ext_pim.a(USBUART_cdc.o)
                0x00008f44                USBUART_Cdc_EpInit
 .text.USBUART_EP_0_ISR
                0x00008fd4       0xf8 .\CortexM3\ARM_GCC_541\Debug\ext_pim.a(USBUART_drv.o)
                0x00008fd4                USBUART_EP_0_ISR
 .text.USBUART_HandleSetup
                0x000090cc       0x88 .\CortexM3\ARM_GCC_541\Debug\ext_pim.a(USBUART_drv.o)
                0x000090cc                USBUART_HandleSetup
 .text.USBUART_HandleIN
                0x00009154       0x4c .\CortexM3\ARM_GCC_541\Debug\ext_pim.a(USBUART_drv.o)
                0x00009154                USBUART_HandleIN
 .text.USBUART_HandleOUT
                0x000091a0       0x58 .\CortexM3\ARM_GCC_541\Debug\ext_pim.a(USBUART_drv.o)
                0x000091a0                USBUART_HandleOUT
 .text.USBUART_LoadEP0
                0x000091f8       0xd0 .\CortexM3\ARM_GCC_541\Debug\ext_pim.a(USBUART_drv.o)
                0x000091f8                USBUART_LoadEP0
 .text.USBUART_InitControlRead
                0x000092c8       0x70 .\CortexM3\ARM_GCC_541\Debug\ext_pim.a(USBUART_drv.o)
                0x000092c8                USBUART_InitControlRead
 .text.USBUART_InitZeroLengthControlTransfer
                0x00009338       0x40 .\CortexM3\ARM_GCC_541\Debug\ext_pim.a(USBUART_drv.o)
                0x00009338                USBUART_InitZeroLengthControlTransfer
 .text.USBUART_ControlReadDataStage
                0x00009378        0xc .\CortexM3\ARM_GCC_541\Debug\ext_pim.a(USBUART_drv.o)
                0x00009378                USBUART_ControlReadDataStage
 .text.USBUART_ControlReadStatusStage
                0x00009384       0x40 .\CortexM3\ARM_GCC_541\Debug\ext_pim.a(USBUART_drv.o)
                0x00009384                USBUART_ControlReadStatusStage
 .text.USBUART_InitControlWrite
                0x000093c4       0x64 .\CortexM3\ARM_GCC_541\Debug\ext_pim.a(USBUART_drv.o)
                0x000093c4                USBUART_InitControlWrite
 .text.USBUART_ControlWriteDataStage
                0x00009428       0xb4 .\CortexM3\ARM_GCC_541\Debug\ext_pim.a(USBUART_drv.o)
                0x00009428                USBUART_ControlWriteDataStage
 .text.USBUART_ControlWriteStatusStage
                0x000094dc       0x24 .\CortexM3\ARM_GCC_541\Debug\ext_pim.a(USBUART_drv.o)
                0x000094dc                USBUART_ControlWriteStatusStage
 .text.USBUART_InitNoDataControlTransfer
                0x00009500       0x38 .\CortexM3\ARM_GCC_541\Debug\ext_pim.a(USBUART_drv.o)
                0x00009500                USBUART_InitNoDataControlTransfer
 .text.USBUART_NoDataControlStatusStage
                0x00009538       0x4c .\CortexM3\ARM_GCC_541\Debug\ext_pim.a(USBUART_drv.o)
                0x00009538                USBUART_NoDataControlStatusStage
 .text.USBUART_UpdateStatusBlock
                0x00009584       0x40 .\CortexM3\ARM_GCC_541\Debug\ext_pim.a(USBUART_drv.o)
                0x00009584                USBUART_UpdateStatusBlock
 .text.USBUART_InitializeStatusBlock
                0x000095c4       0x34 .\CortexM3\ARM_GCC_541\Debug\ext_pim.a(USBUART_drv.o)
                0x000095c4                USBUART_InitializeStatusBlock
 .text.USBUART_EP_1_ISR
                0x000095f8       0x48 .\CortexM3\ARM_GCC_541\Debug\ext_pim.a(USBUART_episr.o)
                0x000095f8                USBUART_EP_1_ISR
 .text.USBUART_EP_2_ISR
                0x00009640       0x4c .\CortexM3\ARM_GCC_541\Debug\ext_pim.a(USBUART_episr.o)
                0x00009640                USBUART_EP_2_ISR
 .text.USBUART_EP_3_ISR
                0x0000968c       0x54 .\CortexM3\ARM_GCC_541\Debug\ext_pim.a(USBUART_episr.o)
                0x0000968c                USBUART_EP_3_ISR
 .text.USBUART_SOF_ISR
                0x000096e0        0xc .\CortexM3\ARM_GCC_541\Debug\ext_pim.a(USBUART_episr.o)
                0x000096e0                USBUART_SOF_ISR
 .text.USBUART_BUS_RESET_ISR
                0x000096ec        0xc .\CortexM3\ARM_GCC_541\Debug\ext_pim.a(USBUART_episr.o)
                0x000096ec                USBUART_BUS_RESET_ISR
 .text.USBUART_DP_ISR
                0x000096f8        0xc .\CortexM3\ARM_GCC_541\Debug\ext_pim.a(USBUART_pm.o)
                0x000096f8                USBUART_DP_ISR
 .text.USBUART_HandleStandardRqst
                0x00009704      0x494 .\CortexM3\ARM_GCC_541\Debug\ext_pim.a(USBUART_std.o)
                0x00009704                USBUART_HandleStandardRqst
 .text.USBUART_ReadDieID
                0x00009b98       0xd8 .\CortexM3\ARM_GCC_541\Debug\ext_pim.a(USBUART_std.o)
                0x00009b98                USBUART_ReadDieID
 .text.USBUART_ConfigReg
                0x00009c70      0x138 .\CortexM3\ARM_GCC_541\Debug\ext_pim.a(USBUART_std.o)
                0x00009c70                USBUART_ConfigReg
 .text.USBUART_Config
                0x00009da8      0x3b4 .\CortexM3\ARM_GCC_541\Debug\ext_pim.a(USBUART_std.o)
                0x00009da8                USBUART_Config
 .text.USBUART_ConfigAltChanged
                0x0000a15c      0x25c .\CortexM3\ARM_GCC_541\Debug\ext_pim.a(USBUART_std.o)
                0x0000a15c                USBUART_ConfigAltChanged
 .text.USBUART_GetConfigTablePtr
                0x0000a3b8       0x50 .\CortexM3\ARM_GCC_541\Debug\ext_pim.a(USBUART_std.o)
                0x0000a3b8                USBUART_GetConfigTablePtr
 .text.USBUART_GetDeviceTablePtr
                0x0000a408       0x24 .\CortexM3\ARM_GCC_541\Debug\ext_pim.a(USBUART_std.o)
                0x0000a408                USBUART_GetDeviceTablePtr
 .text.USBUART_GetInterfaceClassTablePtr
                0x0000a42c       0x4c .\CortexM3\ARM_GCC_541\Debug\ext_pim.a(USBUART_std.o)
                0x0000a42c                USBUART_GetInterfaceClassTablePtr
 .text.USBUART_SetEndpointHalt
                0x0000a478       0xe8 .\CortexM3\ARM_GCC_541\Debug\ext_pim.a(USBUART_std.o)
                0x0000a478                USBUART_SetEndpointHalt
 .text.USBUART_ClearEndpointHalt
                0x0000a560      0x148 .\CortexM3\ARM_GCC_541\Debug\ext_pim.a(USBUART_std.o)
                0x0000a560                USBUART_ClearEndpointHalt
 .text.USBUART_ValidateAlternateSetting
                0x0000a6a8       0x70 .\CortexM3\ARM_GCC_541\Debug\ext_pim.a(USBUART_std.o)
                0x0000a6a8                USBUART_ValidateAlternateSetting
 .text.USBUART_HandleVendorRqst
                0x0000a718       0x34 .\CortexM3\ARM_GCC_541\Debug\ext_pim.a(USBUART_vnd.o)
                0x0000a718                USBUART_HandleVendorRqst
 .text.USBUART_Dp_ClearInterrupt
                0x0000a74c       0x20 .\CortexM3\ARM_GCC_541\Debug\ext_pim.a(USBUART_Dp.o)
                0x0000a74c                USBUART_Dp_ClearInterrupt
 .text.isr_Sleep_Start
                0x0000a76c       0x20 .\CortexM3\ARM_GCC_541\Debug\ext_pim.a(isr_Sleep.o)
                0x0000a76c                isr_Sleep_Start
 .text.isr_Sleep_Interrupt
                0x0000a78c       0x1c .\CortexM3\ARM_GCC_541\Debug\ext_pim.a(isr_Sleep.o)
                0x0000a78c                isr_Sleep_Interrupt
 .text.isr_Sleep_SetVector
                0x0000a7a8       0x24 .\CortexM3\ARM_GCC_541\Debug\ext_pim.a(isr_Sleep.o)
                0x0000a7a8                isr_Sleep_SetVector
 .text.isr_Sleep_SetPriority
                0x0000a7cc       0x24 .\CortexM3\ARM_GCC_541\Debug\ext_pim.a(isr_Sleep.o)
                0x0000a7cc                isr_Sleep_SetPriority
 .text.isr_Sleep_Enable
                0x0000a7f0       0x18 .\CortexM3\ARM_GCC_541\Debug\ext_pim.a(isr_Sleep.o)
                0x0000a7f0                isr_Sleep_Enable
 .text.isr_Sleep_Disable
                0x0000a808       0x18 .\CortexM3\ARM_GCC_541\Debug\ext_pim.a(isr_Sleep.o)
                0x0000a808                isr_Sleep_Disable
 .text.SleepTimer_Start
                0x0000a820       0x24 .\CortexM3\ARM_GCC_541\Debug\ext_pim.a(SleepTimer.o)
                0x0000a820                SleepTimer_Start
 .text.SleepTimer_Init
                0x0000a844       0x14 .\CortexM3\ARM_GCC_541\Debug\ext_pim.a(SleepTimer.o)
                0x0000a844                SleepTimer_Init
 .text.SleepTimer_Enable
                0x0000a858       0x78 .\CortexM3\ARM_GCC_541\Debug\ext_pim.a(SleepTimer.o)
                0x0000a858                SleepTimer_Enable
 .text.SleepTimer_EnableInt
                0x0000a8d0       0x34 .\CortexM3\ARM_GCC_541\Debug\ext_pim.a(SleepTimer.o)
                0x0000a8d0                SleepTimer_EnableInt
 .text.SleepTimer_SetInterval
                0x0000a904       0x48 .\CortexM3\ARM_GCC_541\Debug\ext_pim.a(SleepTimer.o)
                0x0000a904                SleepTimer_SetInterval
 .text.SleepTimer_GetStatus
                0x0000a94c       0x10 .\CortexM3\ARM_GCC_541\Debug\ext_pim.a(SleepTimer.o)
                0x0000a94c                SleepTimer_GetStatus
 .text.I2C_Master_Init
                0x0000a95c       0xa0 .\CortexM3\ARM_GCC_541\Debug\ext_pim.a(I2C_Master.o)
                0x0000a95c                I2C_Master_Init
 .text.I2C_Master_Enable
                0x0000a9fc       0x20 .\CortexM3\ARM_GCC_541\Debug\ext_pim.a(I2C_Master.o)
                0x0000a9fc                I2C_Master_Enable
 .text.I2C_Master_Start
                0x0000aa1c       0x2c .\CortexM3\ARM_GCC_541\Debug\ext_pim.a(I2C_Master.o)
                0x0000aa1c                I2C_Master_Start
 .text.I2C_Master_ISR
                0x0000aa48      0x408 .\CortexM3\ARM_GCC_541\Debug\ext_pim.a(I2C_Master_INT.o)
                0x0000aa48                I2C_Master_ISR
 .text.I2C_Master_MasterSendStart
                0x0000ae50       0xd8 .\CortexM3\ARM_GCC_541\Debug\ext_pim.a(I2C_Master_MASTER.o)
                0x0000ae50                I2C_Master_MasterSendStart
 .text.I2C_Master_MasterSendRestart
                0x0000af28       0xbc .\CortexM3\ARM_GCC_541\Debug\ext_pim.a(I2C_Master_MASTER.o)
                0x0000af28                I2C_Master_MasterSendRestart
 .text.I2C_Master_MasterSendStop
                0x0000afe4       0x70 .\CortexM3\ARM_GCC_541\Debug\ext_pim.a(I2C_Master_MASTER.o)
                0x0000afe4                I2C_Master_MasterSendStop
 .text.I2C_Master_MasterWriteByte
                0x0000b054       0xa0 .\CortexM3\ARM_GCC_541\Debug\ext_pim.a(I2C_Master_MASTER.o)
                0x0000b054                I2C_Master_MasterWriteByte
 .text.I2C_Master_MasterReadByte
                0x0000b0f4       0xb0 .\CortexM3\ARM_GCC_541\Debug\ext_pim.a(I2C_Master_MASTER.o)
                0x0000b0f4                I2C_Master_MasterReadByte
 .text.ST_LED_0_Write
                0x0000b1a4       0x3c .\CortexM3\ARM_GCC_541\Debug\ext_pim.a(ST_LED_0.o)
                0x0000b1a4                ST_LED_0_Write
 .text.ST_LED_1_Write
                0x0000b1e0       0x3c .\CortexM3\ARM_GCC_541\Debug\ext_pim.a(ST_LED_1.o)
                0x0000b1e0                ST_LED_1_Write
 .text.ST_LED_2_Write
                0x0000b21c       0x3c .\CortexM3\ARM_GCC_541\Debug\ext_pim.a(ST_LED_2.o)
                0x0000b21c                ST_LED_2_Write
 .text.EEPROM_Enable
                0x0000b258       0x10 .\CortexM3\ARM_GCC_541\Debug\ext_pim.a(EEPROM.o)
                0x0000b258                EEPROM_Enable
 .text.EEPROM_Start
                0x0000b268        0xc .\CortexM3\ARM_GCC_541\Debug\ext_pim.a(EEPROM.o)
                0x0000b268                EEPROM_Start
 .text.EEPROM_WriteByte
                0x0000b274      0x114 .\CortexM3\ARM_GCC_541\Debug\ext_pim.a(EEPROM.o)
                0x0000b274                EEPROM_WriteByte
 .text.EEPROM_ReadByte
                0x0000b388       0x3c .\CortexM3\ARM_GCC_541\Debug\ext_pim.a(EEPROM.o)
                0x0000b388                EEPROM_ReadByte
 .text.EEPROM_EraseSector
                0x0000b3c4       0x8c .\CortexM3\ARM_GCC_541\Debug\ext_pim.a(EEPROM.o)
                0x0000b3c4                EEPROM_EraseSector
 .text.isr_WD_SYNC_Start
                0x0000b450       0x20 .\CortexM3\ARM_GCC_541\Debug\ext_pim.a(isr_WD_SYNC.o)
                0x0000b450                isr_WD_SYNC_Start
 .text.isr_WD_SYNC_Interrupt
                0x0000b470       0xe4 .\CortexM3\ARM_GCC_541\Debug\ext_pim.a(isr_WD_SYNC.o)
                0x0000b470                isr_WD_SYNC_Interrupt
 .text.isr_WD_SYNC_SetVector
                0x0000b554       0x24 .\CortexM3\ARM_GCC_541\Debug\ext_pim.a(isr_WD_SYNC.o)
                0x0000b554                isr_WD_SYNC_SetVector
 .text.isr_WD_SYNC_SetPriority
                0x0000b578       0x24 .\CortexM3\ARM_GCC_541\Debug\ext_pim.a(isr_WD_SYNC.o)
                0x0000b578                isr_WD_SYNC_SetPriority
 .text.isr_WD_SYNC_Enable
                0x0000b59c       0x18 .\CortexM3\ARM_GCC_541\Debug\ext_pim.a(isr_WD_SYNC.o)
                0x0000b59c                isr_WD_SYNC_Enable
 .text.isr_WD_SYNC_GetState
                0x0000b5b4       0x24 .\CortexM3\ARM_GCC_541\Debug\ext_pim.a(isr_WD_SYNC.o)
                0x0000b5b4                isr_WD_SYNC_GetState
 .text.isr_WD_SYNC_Disable
                0x0000b5d8       0x18 .\CortexM3\ARM_GCC_541\Debug\ext_pim.a(isr_WD_SYNC.o)
                0x0000b5d8                isr_WD_SYNC_Disable
 .text.Status_Reg_HwPort_Read
                0x0000b5f0       0x18 .\CortexM3\ARM_GCC_541\Debug\ext_pim.a(Status_Reg_HwPort.o)
                0x0000b5f0                Status_Reg_HwPort_Read
 .text          0x0000b608       0x20 .\CortexM3\ARM_GCC_541\Debug\ext_pim.a(CyBootAsmGnu.o)
                0x0000b608                CyDelayCycles
                0x0000b618                CyEnterCriticalSection
                0x0000b620                CyExitCriticalSection
 .text.Pin_WD1_Read
                0x0000b628       0x1c .\CortexM3\ARM_GCC_541\Debug\ext_pim.a(Pin_WD1.o)
                0x0000b628                Pin_WD1_Read
 .text.FltrReg_Read
                0x0000b644       0x18 .\CortexM3\ARM_GCC_541\Debug\ext_pim.a(FltrReg.o)
                0x0000b644                FltrReg_Read
 .text.USBUART_DispatchClassRqst
                0x0000b65c       0x7c .\CortexM3\ARM_GCC_541\Debug\ext_pim.a(USBUART_cls.o)
                0x0000b65c                USBUART_DispatchClassRqst
 .text          0x0000b6d8      0x370 c:/program files (x86)/cypress/psoc creator/4.2/psoc creator/import/gnu/arm/5.4.1/bin/../lib/gcc/arm-none-eabi/5.4.1/armv7-m\libgcc.a(_arm_addsubdf3.o)
                0x0000b6d8                __aeabi_drsub
                0x0000b6e0                __aeabi_dsub
                0x0000b6e0                __subdf3
                0x0000b6e4                __aeabi_dadd
                0x0000b6e4                __adddf3
                0x0000b95c                __floatunsidf
                0x0000b95c                __aeabi_ui2d
                0x0000b97c                __floatsidf
                0x0000b97c                __aeabi_i2d
                0x0000b9a0                __aeabi_f2d
                0x0000b9a0                __extendsfdf2
                0x0000b9dc                __floatundidf
                0x0000b9dc                __aeabi_ul2d
                0x0000b9ec                __floatdidf
                0x0000b9ec                __aeabi_l2d
 .text          0x0000ba48      0x424 c:/program files (x86)/cypress/psoc creator/4.2/psoc creator/import/gnu/arm/5.4.1/bin/../lib/gcc/arm-none-eabi/5.4.1/armv7-m\libgcc.a(_arm_muldivdf3.o)
                0x0000ba48                __aeabi_dmul
                0x0000ba48                __muldf3
                0x0000bc9c                __divdf3
                0x0000bc9c                __aeabi_ddiv
 .text          0x0000be6c       0x50 c:/program files (x86)/cypress/psoc creator/4.2/psoc creator/import/gnu/arm/5.4.1/bin/../lib/gcc/arm-none-eabi/5.4.1/armv7-m\libgcc.a(_arm_fixdfsi.o)
                0x0000be6c                __aeabi_d2iz
                0x0000be6c                __fixdfsi
 .text.__errno  0x0000bebc        0xc c:/program files (x86)/cypress/psoc creator/4.2/psoc creator/import/gnu/arm/5.4.1/bin/../lib/gcc/arm-none-eabi/5.4.1/../../../../arm-none-eabi/lib/armv7-m\libg_nano.a(lib_a-errno.o)
                0x0000bebc                __errno
 .text.__libc_init_array
                0x0000bec8       0x4c c:/program files (x86)/cypress/psoc creator/4.2/psoc creator/import/gnu/arm/5.4.1/bin/../lib/gcc/arm-none-eabi/5.4.1/../../../../arm-none-eabi/lib/armv7-m\libg_nano.a(lib_a-init.o)
                0x0000bec8                __libc_init_array
 .text.memcpy   0x0000bf14       0x16 c:/program files (x86)/cypress/psoc creator/4.2/psoc creator/import/gnu/arm/5.4.1/bin/../lib/gcc/arm-none-eabi/5.4.1/../../../../arm-none-eabi/lib/armv7-m\libg_nano.a(lib_a-memcpy-stub.o)
                0x0000bf14                memcpy
 .text.memset   0x0000bf2a       0x10 c:/program files (x86)/cypress/psoc creator/4.2/psoc creator/import/gnu/arm/5.4.1/bin/../lib/gcc/arm-none-eabi/5.4.1/../../../../arm-none-eabi/lib/armv7-m\libg_nano.a(lib_a-memset.o)
                0x0000bf2a                memset
 *(.plt)
 *(.gnu.warning)
 *(.glue_7t)
 .glue_7t       0x0000bf3a        0x0 linker stubs
 *(.glue_7)
 .glue_7        0x0000bf3a        0x0 linker stubs
 *(.vfp11_veneer)
 .vfp11_veneer  0x0000bf3a        0x0 linker stubs
 *(.bootloader)
 *(.ARM.extab* .gnu.linkonce.armextab.*)
 *(.gcc_except_table)

.v4_bx          0x0000bf3c        0x0
 .v4_bx         0x0000bf3c        0x0 linker stubs

.iplt           0x0000bf3c        0x0
 .iplt          0x0000bf3c        0x0 c:/program files (x86)/cypress/psoc creator/4.2/psoc creator/import/gnu/arm/5.4.1/bin/../lib/gcc/arm-none-eabi/5.4.1/armv7-m/crtbegin.o

.eh_frame_hdr
 *(.eh_frame_hdr)

.eh_frame       0x0000bf3c        0x4
 *(.eh_frame)
 .eh_frame      0x0000bf3c        0x0 c:/program files (x86)/cypress/psoc creator/4.2/psoc creator/import/gnu/arm/5.4.1/bin/../lib/gcc/arm-none-eabi/5.4.1/armv7-m/crtbegin.o
 .eh_frame      0x0000bf3c        0x4 c:/program files (x86)/cypress/psoc creator/4.2/psoc creator/import/gnu/arm/5.4.1/bin/../lib/gcc/arm-none-eabi/5.4.1/armv7-m/crtend.o
                [!provide]                PROVIDE (__exidx_start, .)

.ARM.exidx
 *(.ARM.exidx* .gnu.linkonce.armexidx.*)
                0x0000bf40                __exidx_end = .

.rodata         0x0000bf40      0x278
 *(.rodata .rodata.* .gnu.linkonce.r.*)
 .rodata        0x0000bf40       0xce .\CortexM3\ARM_GCC_541\Debug\cyfitter_cfg.o
 *fill*         0x0000c00e        0x2 
 .rodata        0x0000c010       0x11 .\CortexM3\ARM_GCC_541\Debug\ext_pim.a(USBUART_std.o)
 *fill*         0x0000c021        0x3 
 .rodata        0x0000c024      0x15c .\CortexM3\ARM_GCC_541\Debug\ext_pim.a(USBUART_descr.o)
                0x0000c024                USBUART_DEVICE0_DESCR
                0x0000c038                USBUART_DEVICE0_CONFIGURATION0_DESCR
                0x0000c078                USBUART_STRING_DESCRIPTORS
                0x0000c118                USBUART_SN_STRING_DESCRIPTOR
                0x0000c11c                USBUART_DEVICE0_CONFIGURATION0_EP_SETTINGS_TABLE
                0x0000c134                USBUART_DEVICE0_CONFIGURATION0_INTERFACE_CLASS
                0x0000c138                USBUART_DEVICE0_CONFIGURATION0_TABLE
                0x0000c160                USBUART_DEVICE0_TABLE
                0x0000c178                USBUART_TABLE
 .rodata.str1.1
                0x0000c180        0x2 c:/program files (x86)/cypress/psoc creator/4.2/psoc creator/import/gnu/arm/5.4.1/bin/../lib/gcc/arm-none-eabi/5.4.1/../../../../arm-none-eabi/lib/armv7-m\libg_nano.a(lib_a-impure.o)
                0x0000c184                . = ALIGN (0x4)
 *fill*         0x0000c182        0x2 
 *(.init)
 .init          0x0000c184        0x4 c:/program files (x86)/cypress/psoc creator/4.2/psoc creator/import/gnu/arm/5.4.1/bin/../lib/gcc/arm-none-eabi/5.4.1/armv7-m/crti.o
                0x0000c184                _init
 .init          0x0000c188        0x8 c:/program files (x86)/cypress/psoc creator/4.2/psoc creator/import/gnu/arm/5.4.1/bin/../lib/gcc/arm-none-eabi/5.4.1/armv7-m/crtn.o
                0x0000c190                . = ALIGN (0x4)
                0x0000c190                __preinit_array_start = .
 *(.preinit_array)
                0x0000c190                __preinit_array_end = .
                0x0000c190                . = ALIGN (0x4)
                0x0000c190                __init_array_start = .
 *(SORT(.init_array.*))
 *(.init_array)
 .init_array    0x0000c190        0x4 c:/program files (x86)/cypress/psoc creator/4.2/psoc creator/import/gnu/arm/5.4.1/bin/../lib/gcc/arm-none-eabi/5.4.1/armv7-m/crtbegin.o
 .init_array    0x0000c194        0x4 .\CortexM3\ARM_GCC_541\Debug\Cm3Start.o
                0x0000c198                __init_array_end = .
                0x0000c198                . = ALIGN (0x4)
 *(.fini)
 .fini          0x0000c198        0x4 c:/program files (x86)/cypress/psoc creator/4.2/psoc creator/import/gnu/arm/5.4.1/bin/../lib/gcc/arm-none-eabi/5.4.1/armv7-m/crti.o
                0x0000c198                _fini
 .fini          0x0000c19c        0x8 c:/program files (x86)/cypress/psoc creator/4.2/psoc creator/import/gnu/arm/5.4.1/bin/../lib/gcc/arm-none-eabi/5.4.1/armv7-m/crtn.o
                0x0000c1a4                . = ALIGN (0x4)
                0x0000c1a4                __fini_array_start = .
 *(.fini_array)
 .fini_array    0x0000c1a4        0x4 c:/program files (x86)/cypress/psoc creator/4.2/psoc creator/import/gnu/arm/5.4.1/bin/../lib/gcc/arm-none-eabi/5.4.1/armv7-m/crtbegin.o
 *(SORT(.fini_array.*))
                0x0000c1a8                __fini_array_end = .
                0x0000c1a8                . = ALIGN (0x4)
 *crtbegin.o(.ctors)
 *(EXCLUDE_FILE(*crtend.o) .ctors)
 *(SORT(.ctors.*))
 *crtend.o(.ctors)
                0x0000c1a8                . = ALIGN (0x4)
 *crtbegin.o(.dtors)
 *(EXCLUDE_FILE(*crtend.o) .dtors)
 *(SORT(.dtors.*))
 *crtend.o(.dtors)
                0x0000c1a8                . = ALIGN (0x4)
                0x0000c1a8                __cy_regions = .
                0x0000c1a8        0x4 LONG 0xc1b8 __cy_region_init_ram
                0x0000c1ac        0x4 LONG 0x1fffc0c8 __cy_region_start_data
                0x0000c1b0        0x4 LONG 0xb0 __cy_region_init_size_ram
                0x0000c1b4        0x4 LONG 0x1fe0 __cy_region_zero_size_ram
                0x0000c1b8                __cy_regions_end = .
                0x0000c1b8                . = ALIGN (0x8)
                0x0000c1b8                _etext = .

.ramvectors     0x1fffc000       0xc0
                0x1fffc000                __cy_region_start_ram = .
 *(.ramvectors)
 .ramvectors    0x1fffc000       0xc0 .\CortexM3\ARM_GCC_541\Debug\Cm3Start.o
                0x1fffc000                CyRamVectors

.noinit         0x1fffc0c0        0x5
 *(.noinit)
 .noinit        0x1fffc0c0        0x4 .\CortexM3\ARM_GCC_541\Debug\Cm3Start.o
 .noinit        0x1fffc0c4        0x1 .\CortexM3\ARM_GCC_541\Debug\ext_pim.a(CyLib.o)
                0x1fffc0c4                CyResetStatus

.data           0x1fffc0c8       0xb0 load address 0x0000c1b8
                0x1fffc0c8                __cy_region_start_data = .
 *(.jcr)
 .jcr           0x1fffc0c8        0x0 c:/program files (x86)/cypress/psoc creator/4.2/psoc creator/import/gnu/arm/5.4.1/bin/../lib/gcc/arm-none-eabi/5.4.1/armv7-m/crtbegin.o
 .jcr           0x1fffc0c8        0x4 c:/program files (x86)/cypress/psoc creator/4.2/psoc creator/import/gnu/arm/5.4.1/bin/../lib/gcc/arm-none-eabi/5.4.1/armv7-m/crtend.o
 *(.got.plt)
 *(.got)
 *(.shdata)
 *(.data .data.* .gnu.linkonce.d.*)
 .data          0x1fffc0cc        0xd .\CortexM3\ARM_GCC_541\Debug\commandhandler.o
                0x1fffc0cc                poe_en_stat
                0x1fffc0d0                f2f_alive_message
 *fill*         0x1fffc0d9        0x3 
 .data          0x1fffc0dc       0x10 .\CortexM3\ARM_GCC_541\Debug\ext_pim.a(CyLib.o)
                0x1fffc0dc                cydelay_freq_hz
                0x1fffc0e0                cydelay_freq_khz
                0x1fffc0e4                cydelay_freq_mhz
                0x1fffc0e8                cydelay_32k_ms
 .data          0x1fffc0ec        0x6 .\CortexM3\ARM_GCC_541\Debug\ext_pim.a(EZI2Cs_PM.o)
                0x1fffc0ec                EZI2Cs_backup
 *fill*         0x1fffc0f2        0x2 
 .data          0x1fffc0f4       0x1a .\CortexM3\ARM_GCC_541\Debug\ext_pim.a(USBUART_cdc.o)
                0x1fffc0f4                USBUART_linesCoding
 *fill*         0x1fffc10e        0x2 
 .data.impure_data
                0x1fffc110       0x60 c:/program files (x86)/cypress/psoc creator/4.2/psoc creator/import/gnu/arm/5.4.1/bin/../lib/gcc/arm-none-eabi/5.4.1/../../../../arm-none-eabi/lib/armv7-m\libg_nano.a(lib_a-impure.o)
 .data._impure_ptr
                0x1fffc170        0x4 c:/program files (x86)/cypress/psoc creator/4.2/psoc creator/import/gnu/arm/5.4.1/bin/../lib/gcc/arm-none-eabi/5.4.1/../../../../arm-none-eabi/lib/armv7-m\libg_nano.a(lib_a-impure.o)
                0x1fffc170                _impure_ptr
                0x1fffc178                . = ALIGN (0x8)
 *fill*         0x1fffc174        0x4 
 *(.ram)
                0x1fffc178                _edata = .

.igot.plt       0x1fffc178        0x0 load address 0x0000c268
 .igot.plt      0x1fffc178        0x0 c:/program files (x86)/cypress/psoc creator/4.2/psoc creator/import/gnu/arm/5.4.1/bin/../lib/gcc/arm-none-eabi/5.4.1/armv7-m/crtbegin.o

.bss            0x1fffc178     0x1fe0 load address 0x0000c268
                0x1fffc178                PROVIDE (__bss_start__, .)
 *(.shbss)
 *(.bss .bss.* .gnu.linkonce.b.*)
 .bss           0x1fffc178       0x1c c:/program files (x86)/cypress/psoc creator/4.2/psoc creator/import/gnu/arm/5.4.1/bin/../lib/gcc/arm-none-eabi/5.4.1/armv7-m/crtbegin.o
 .bss           0x1fffc194        0x4 .\CortexM3\ARM_GCC_541\Debug\commandhandler.o
                0x1fffc194                usb_buf_len
 .bss           0x1fffc198        0x2 .\CortexM3\ARM_GCC_541\Debug\ext_pim.a(UART_1.o)
                0x1fffc198                UART_1_initVar
 .bss           0x1fffc19a        0x1 .\CortexM3\ARM_GCC_541\Debug\ext_pim.a(Tamper_Timer.o)
                0x1fffc19a                Tamper_Timer_initVar
 .bss           0x1fffc19b        0x1 .\CortexM3\ARM_GCC_541\Debug\ext_pim.a(UART_TIMER.o)
                0x1fffc19b                UART_TIMER_initVar
 .bss           0x1fffc19c       0x43 .\CortexM3\ARM_GCC_541\Debug\ext_pim.a(cyPm.o)
 *fill*         0x1fffc1df        0x1 
 .bss           0x1fffc1e0        0x8 .\CortexM3\ARM_GCC_541\Debug\ext_pim.a(CySpc.o)
                0x1fffc1e0                SpcLockState
 .bss           0x1fffc1e8        0x1 .\CortexM3\ARM_GCC_541\Debug\ext_pim.a(Timeout_Timer.o)
                0x1fffc1e8                Timeout_Timer_initVar
 .bss           0x1fffc1e9        0x1 .\CortexM3\ARM_GCC_541\Debug\ext_pim.a(OSDPReaderTimer.o)
                0x1fffc1e9                OSDPReaderTimer_initVar
 .bss           0x1fffc1ea        0x8 .\CortexM3\ARM_GCC_541\Debug\ext_pim.a(UART_ACS.o)
                0x1fffc1ea                UART_ACS_initVar
                0x1fffc1eb                UART_ACS_errorStatus
                0x1fffc1ec                UART_ACS_rxBufferRead
                0x1fffc1ee                UART_ACS_rxBufferWrite
                0x1fffc1f0                UART_ACS_rxBufferLoopDetect
                0x1fffc1f1                UART_ACS_rxBufferOverflow
 .bss           0x1fffc1f2        0x1 .\CortexM3\ARM_GCC_541\Debug\ext_pim.a(UART_READER.o)
                0x1fffc1f2                UART_READER_initVar
 *fill*         0x1fffc1f3        0x1 
 .bss           0x1fffc1f4        0x4 .\CortexM3\ARM_GCC_541\Debug\ext_pim.a(Pulse_50us_PM.o)
 .bss           0x1fffc1f8        0x1 .\CortexM3\ARM_GCC_541\Debug\ext_pim.a(USBUART.o)
                0x1fffc1f8                USBUART_initVar
 .bss           0x1fffc1f9        0x1 .\CortexM3\ARM_GCC_541\Debug\ext_pim.a(USBUART_cdc.o)
 *fill*         0x1fffc1fa        0x2 
 .bss           0x1fffc1fc        0x2 .\CortexM3\ARM_GCC_541\Debug\ext_pim.a(USBUART_std.o)
 .bss           0x1fffc1fe        0x1 .\CortexM3\ARM_GCC_541\Debug\ext_pim.a(SleepTimer.o)
                0x1fffc1fe                SleepTimer_initVar
 .bss           0x1fffc1ff        0x1 .\CortexM3\ARM_GCC_541\Debug\ext_pim.a(I2C_Master.o)
                0x1fffc1ff                I2C_Master_initVar
 *(COMMON)
 COMMON         0x1fffc200       0x59 .\CortexM3\ARM_GCC_541\Debug\main.o
                0x1fffc200                TOC_port_init
                0x1fffc204                bu
                0x1fffc214                tamper_out_polarity
                0x1fffc218                hw_old
                0x1fffc21c                tamperCR_polarity
                0x1fffc220                osdp_timeout
                0x1fffc224                currentAccessType
                0x1fffc228                card_in_buf
                0x1fffc22c                s
                0x1fffc254                card_ack
                0x1fffc258                tp_old
 *fill*         0x1fffc259        0x3 
 COMMON         0x1fffc25c      0x222 .\CortexM3\ARM_GCC_541\Debug\osdp.o
                0x1fffc25c                ori
                0x1fffc260                panelReadBuf
                0x1fffc2e2                OSDPReaderTask
                0x1fffc2e3                osdp_reader_msg_ready
                0x1fffc2e4                osdp_msg_header
                0x1fffc2ec                readerReadBuffer
                0x1fffc370                readerSendBuffer
                0x1fffc3f1                osdp_reader_msg_started
                0x1fffc3f4                osdp_reader_msg_header
                0x1fffc3fc                panelSendBuf
 *fill*         0x1fffc47e        0x2 
 COMMON         0x1fffc480     0x1789 .\CortexM3\ARM_GCC_541\Debug\toc.o
                0x1fffc480                tocTag
                0x1fffc481                readerbootloading
                0x1fffc484                tlv_data_len
                0x1fffc488                multi_byte_len
                0x1fffc48c                rxi
                0x1fffc490                tlv_len
                0x1fffc494                tlv_head_len
                0x1fffc498                ReaderRxBuffer
                0x1fffdc08                tlv_ready
 *fill*         0x1fffdc09        0x3 
 COMMON         0x1fffdc0c        0x8 .\CortexM3\ARM_GCC_541\Debug\f2f.o
                0x1fffdc0c                f2f_send_alive
                0x1fffdc10                f2f_alive_delay_cnt
 COMMON         0x1fffdc14      0x2f4 .\CortexM3\ARM_GCC_541\Debug\commandhandler.o
                0x1fffdc14                passmode_timeout
                0x1fffdc18                run_mode
                0x1fffdc1c                debug_msg_delay
                0x1fffdc20                tick_count
                0x1fffdc24                MyI2C_Regs
                0x1fffde00                usb_command_buffer
                0x1fffdf04                last_rx
 COMMON         0x1fffdf08        0x2 .\CortexM3\ARM_GCC_541\Debug\ext_pim.a(CyFlash.o)
                0x1fffdf08                dieTemperature
 *fill*         0x1fffdf0a        0x2 
 COMMON         0x1fffdf0c       0x11 .\CortexM3\ARM_GCC_541\Debug\ext_pim.a(EZI2Cs.o)
                0x1fffdf0c                EZI2Cs_bufSizeS1
                0x1fffdf0e                EZI2Cs_rwIndexS1
                0x1fffdf10                EZI2Cs_rwOffsetS1
                0x1fffdf12                EZI2Cs_wrProtectS1
                0x1fffdf14                EZI2Cs_curStatus
                0x1fffdf18                EZI2Cs_dataPtrS1
                0x1fffdf1c                EZI2Cs_curState
 *fill*         0x1fffdf1d        0x3 
 COMMON         0x1fffdf20        0xd .\CortexM3\ARM_GCC_541\Debug\ext_pim.a(isr_F2F_edge.o)
                0x1fffdf20                f2f_ack_delay_cnt
                0x1fffdf24                f2f_timeout
                0x1fffdf28                f2f_pulsewidth
                0x1fffdf2c                f2f_acknowledge_active
 *fill*         0x1fffdf2d        0x3 
 COMMON         0x1fffdf30        0x9 .\CortexM3\ARM_GCC_541\Debug\ext_pim.a(isr_SW_Rst.o)
                0x1fffdf30                buttonReleased
                0x1fffdf34                buttonDuration
                0x1fffdf38                buttonPressed
 *fill*         0x1fffdf39        0x3 
 COMMON         0x1fffdf3c      0x100 .\CortexM3\ARM_GCC_541\Debug\ext_pim.a(UART_ACS.o)
                0x1fffdf3c                UART_ACS_rxBuffer
 COMMON         0x1fffe03c       0x18 .\CortexM3\ARM_GCC_541\Debug\ext_pim.a(USBUART_cdc.o)
                0x1fffe03c                USBUART_linesChanged
                0x1fffe040                USBUART_cdcDataInEp
                0x1fffe044                USBUART_cdcCommInInterruptEp
                0x1fffe048                USBUART_cdcDataOutEp
                0x1fffe04c                USBUART_serialStateBitmap
                0x1fffe050                USBUART_linesControlBitmap
 COMMON         0x1fffe054       0x9a .\CortexM3\ARM_GCC_541\Debug\ext_pim.a(USBUART_drv.o)
                0x1fffe054                USBUART_lastPacketSize
                0x1fffe055                USBUART_device
                0x1fffe056                USBUART_transferByteCount
                0x1fffe058                USBUART_transferState
                0x1fffe05c                USBUART_interfaceSettingLast
                0x1fffe060                USBUART_currentTD
                0x1fffe06c                USBUART_interfaceNumber
                0x1fffe070                USBUART_interfaceClass
                0x1fffe074                USBUART_configurationChanged
                0x1fffe075                USBUART_ep0Mode
                0x1fffe076                USBUART_deviceAddress
                0x1fffe077                USBUART_configuration
                0x1fffe078                USBUART_ep0Count
                0x1fffe079                USBUART_deviceStatus
                0x1fffe07c                USBUART_EP
                0x1fffe0e8                USBUART_interfaceSetting
                0x1fffe0ea                USBUART_ep0Toggle
                0x1fffe0ec                USBUART_interfaceStatus
 COMMON         0x1fffe0ee        0x1 .\CortexM3\ARM_GCC_541\Debug\ext_pim.a(I2C_Master.o)
                0x1fffe0ee                I2C_Master_state
 *fill*         0x1fffe0ef        0x1 
 COMMON         0x1fffe0f0        0xf .\CortexM3\ARM_GCC_541\Debug\ext_pim.a(I2C_Master_MASTER.o)
                0x1fffe0f0                I2C_Master_mstrRdBufIndex
                0x1fffe0f1                I2C_Master_mstrWrBufIndex
                0x1fffe0f2                I2C_Master_mstrWrBufSize
                0x1fffe0f4                I2C_Master_mstrWrBufPtr
                0x1fffe0f8                I2C_Master_mstrRdBufPtr
                0x1fffe0fc                I2C_Master_mstrControl
                0x1fffe0fd                I2C_Master_mstrStatus
                0x1fffe0fe                I2C_Master_mstrRdBufSize
 *fill*         0x1fffe0ff        0x1 
 COMMON         0x1fffe100       0x31 .\CortexM3\ARM_GCC_541\Debug\ext_pim.a(isr_WD_SYNC.o)
                0x1fffe100                wiegandBuffer
                0x1fffe120                testBitCount
                0x1fffe124                wiegandBitCount
                0x1fffe128                isWiegandDataStart
                0x1fffe12c                wiegandByteCount
                0x1fffe130                isWiegandDataReady
 *fill*         0x1fffe131        0x3 
 COMMON         0x1fffe134       0x22 .\CortexM3\ARM_GCC_541\Debug\ext_pim.a(USBUART_descr.o)
                0x1fffe134                USBUART_idSerialNumberStringDescriptor
                0x1fffe158                . = ALIGN (0x8)
 *fill*         0x1fffe156        0x2 
 *(.ram.b)
                0x1fffe158                _end = .
                0x1fffe158                __end = .
                0x1fffe158                PROVIDE (end, .)
                0x1fffe158                PROVIDE (__bss_end__, .)
                0x0000c1b8                __cy_region_init_ram = LOADADDR (.data)
                0x000000b0                __cy_region_init_size_ram = (_edata - ADDR (.data))
                0x00001fe0                __cy_region_zero_size_ram = (_end - _edata)

.heap           0x1fffe158      0x800 load address 0x0000c268
                0x1fffe158                . = _end
                0x1fffe958                . = (. + 0x800)
 *fill*         0x1fffe158      0x800 
                0x1fffe958                __cy_heap_limit = .

.stack          0x20003200      0xe00
                0x20003200                __cy_stack_limit = .
                0x20004000                . = (. + 0xe00)
 *fill*         0x20003200      0xe00 
                0x00000001                ASSERT ((__cy_stack_limit >= __cy_heap_limit), region RAM overflowed with stack)

.cy_checksum_exclude
                0x0001ff00        0x0
 *(.cy_checksum_exclude)
                0x00000000                cy_checksum_exclude_size = (CY_APPL_LOADABLE == 0x1)?SIZEOF (.cy_checksum_exclude):0x0
                0x00000001                ASSERT ((cy_checksum_exclude_size <= CY_CHECKSUM_EXCLUDE_SIZE), CY_BOOT: Section .cy_checksum_exclude size exceedes specified limit.)

.cyloadermeta   0xf0000000       0x40
 *(.cyloadermeta)
 .cyloadermeta  0xf0000000       0x40 .\CortexM3\ARM_GCC_541\Debug\cybootloader.o
                0xf0000000                cy_meta_loader

.cyloadablemeta
                0x0001ffc0       0x40
 *(.cyloadablemeta)
 .cyloadablemeta
                0x0001ffc0       0x40 .\CortexM3\ARM_GCC_541\Debug\cymetadata.o
                0x0001ffc0                cy_meta_loadable

.cyconfigecc    0x80000580     0x1480
 *(.cyconfigecc)
 .cyconfigecc   0x80000580     0x1480 .\CortexM3\ARM_GCC_541\Debug\cymetadata.o
                0x80000580                cy_meta_configecc

.cycustnvl      0x90000000        0x4
 *(.cycustnvl)
 .cycustnvl     0x90000000        0x4 .\CortexM3\ARM_GCC_541\Debug\cybootloader.o
                0x90000000                cy_meta_custnvl

.cywolatch      0x90100000        0x4
 *(.cywolatch)
 .cywolatch     0x90100000        0x4 .\CortexM3\ARM_GCC_541\Debug\cybootloader.o
                0x90100000                cy_meta_wonvl

.cyeeprom       0x90200000        0x0
 *(.cyeeprom)
                0x00000001                ASSERT ((. <= ((0x90200000 + ee_offset) + ee_size)), .cyeeprom data will not fit in EEPROM)

.cyflashprotect
                0x90400000       0x80
 *(.cyflashprotect)
 .cyflashprotect
                0x90400000       0x80 .\CortexM3\ARM_GCC_541\Debug\cybootloader.o
                0x90400000                cy_meta_flashprotect

.cymeta         0x90500000        0xc
 *(.cymeta)
 .cymeta        0x90500000        0xc .\CortexM3\ARM_GCC_541\Debug\cybootloader.o
                0x90500000                cy_metadata

.rel.dyn        0x00020000        0x0 load address 0x9050000c
 .rel.iplt      0x00020000        0x0 c:/program files (x86)/cypress/psoc creator/4.2/psoc creator/import/gnu/arm/5.4.1/bin/../lib/gcc/arm-none-eabi/5.4.1/armv7-m/crtbegin.o

.stab
 *(.stab)

.stabstr
 *(.stabstr)

.debug
 *(.debug)

.line
 *(.line)

.debug_srcinfo
 *(.debug_srcinfo)

.debug_sfnames
 *(.debug_sfnames)

.debug_aranges  0x00000000     0x2088
 *(.debug_aranges)
 .debug_aranges
                0x00000000       0x28 .\CortexM3\ARM_GCC_541\Debug\main.o
 .debug_aranges
                0x00000028       0x50 .\CortexM3\ARM_GCC_541\Debug\wiegand.o
 .debug_aranges
                0x00000078       0x18 .\CortexM3\ARM_GCC_541\Debug\power.o
 .debug_aranges
                0x00000090       0x50 .\CortexM3\ARM_GCC_541\Debug\inout.o
 .debug_aranges
                0x000000e0       0x48 .\CortexM3\ARM_GCC_541\Debug\i2cuart.o
 .debug_aranges
                0x00000128       0x48 .\CortexM3\ARM_GCC_541\Debug\soft_uart.o
 .debug_aranges
                0x00000170       0xa8 .\CortexM3\ARM_GCC_541\Debug\osdp.o
 .debug_aranges
                0x00000218       0x50 .\CortexM3\ARM_GCC_541\Debug\toc.o
 .debug_aranges
                0x00000268       0x38 .\CortexM3\ARM_GCC_541\Debug\f2f.o
 .debug_aranges