Archive member included because of file (symbol)

.\CortexM3\ARM_GCC_484\Release\nanoNxt_ICM3.a(cyfitter_cfg.o)
                              .\CortexM3\ARM_GCC_484\Release\Cm3Start.o (cyfitter_cfg)
.\CortexM3\ARM_GCC_484\Release\nanoNxt_ICM3.a(RELAY_B.o)
                              .\CortexM3\ARM_GCC_484\Release\main.o (RELAY_B_Write)
.\CortexM3\ARM_GCC_484\Release\nanoNxt_ICM3.a(SOUND_OUT.o)
                              .\CortexM3\ARM_GCC_484\Release\inout.o (SOUND_OUT_Write)
.\CortexM3\ARM_GCC_484\Release\nanoNxt_ICM3.a(Tamper_Timer_ISR.o)
                              .\CortexM3\ARM_GCC_484\Release\main.o (Tamper_Timer_ISR_Interrupt)
.\CortexM3\ARM_GCC_484\Release\nanoNxt_ICM3.a(PS_D0.o)
                              .\CortexM3\ARM_GCC_484\Release\wiegand.o (PS_D0_Write)
.\CortexM3\ARM_GCC_484\Release\nanoNxt_ICM3.a(PS_D1.o)
                              .\CortexM3\ARM_GCC_484\Release\wiegand.o (PS_D1_Write)
.\CortexM3\ARM_GCC_484\Release\nanoNxt_ICM3.a(Pin_WD0.o)
                              .\CortexM3\ARM_GCC_484\Release\wiegand.o (Pin_WD0_Read)
.\CortexM3\ARM_GCC_484\Release\nanoNxt_ICM3.a(Pin_WD1.o)
                              .\CortexM3\ARM_GCC_484\Release\wiegand.o (Pin_WD1_Read)
.\CortexM3\ARM_GCC_484\Release\nanoNxt_ICM3.a(UART_1.o)
                              .\CortexM3\ARM_GCC_484\Release\main.o (UART_1_Start)
.\CortexM3\ARM_GCC_484\Release\nanoNxt_ICM3.a(TAMPER_OUT.o)
                              .\CortexM3\ARM_GCC_484\Release\inout.o (TAMPER_OUT_Write)
.\CortexM3\ARM_GCC_484\Release\nanoNxt_ICM3.a(LEDG_OUT.o)
                              .\CortexM3\ARM_GCC_484\Release\inout.o (LEDG_OUT_Write)
.\CortexM3\ARM_GCC_484\Release\nanoNxt_ICM3.a(SOUND_IN.o)
                              .\CortexM3\ARM_GCC_484\Release\inout.o (SOUND_IN_Read)
.\CortexM3\ARM_GCC_484\Release\nanoNxt_ICM3.a(LEDG_IN.o)
                              .\CortexM3\ARM_GCC_484\Release\inout.o (LEDG_IN_Read)
.\CortexM3\ARM_GCC_484\Release\nanoNxt_ICM3.a(TAMPER_IN.o)
                              .\CortexM3\ARM_GCC_484\Release\inout.o (TAMPER_IN_Read)
.\CortexM3\ARM_GCC_484\Release\nanoNxt_ICM3.a(LEDR_IN.o)
                              .\CortexM3\ARM_GCC_484\Release\inout.o (LEDR_IN_Read)
.\CortexM3\ARM_GCC_484\Release\nanoNxt_ICM3.a(LEDR_OUT.o)
                              .\CortexM3\ARM_GCC_484\Release\inout.o (LEDR_OUT_Write)
.\CortexM3\ARM_GCC_484\Release\nanoNxt_ICM3.a(REED_1.o)
                              .\CortexM3\ARM_GCC_484\Release\inout.o (REED_1_Read)
.\CortexM3\ARM_GCC_484\Release\nanoNxt_ICM3.a(RELAY_A.o)
                              .\CortexM3\ARM_GCC_484\Release\main.o (RELAY_A_Write)
.\CortexM3\ARM_GCC_484\Release\nanoNxt_ICM3.a(OptSelect.o)
                              .\CortexM3\ARM_GCC_484\Release\main.o (OptSelect_Write)
.\CortexM3\ARM_GCC_484\Release\nanoNxt_ICM3.a(Tamper_Timer.o)
                              .\CortexM3\ARM_GCC_484\Release\main.o (Tamper_Timer_Start)
.\CortexM3\ARM_GCC_484\Release\nanoNxt_ICM3.a(UART_TIMER.o)
                              .\CortexM3\ARM_GCC_484\Release\main.o (UART_TIMER_Start)
.\CortexM3\ARM_GCC_484\Release\nanoNxt_ICM3.a(UART_TIMER_ISR.o)
                              .\CortexM3\ARM_GCC_484\Release\main.o (UART_TIMER_ISR_Interrupt)
.\CortexM3\ARM_GCC_484\Release\nanoNxt_ICM3.a(CyBootAsmGnu.o)
                              .\CortexM3\ARM_GCC_484\Release\nanoNxt_ICM3.a(cyfitter_cfg.o) (CyDelayCycles)
.\CortexM3\ARM_GCC_484\Release\nanoNxt_ICM3.a(CyLib.o)
                              .\CortexM3\ARM_GCC_484\Release\Cm3Start.o (CyHalt)
.\CortexM3\ARM_GCC_484\Release\nanoNxt_ICM3.a(cyPm.o)
                              .\CortexM3\ARM_GCC_484\Release\nanoNxt_ICM3.a(CyLib.o) (CyPmReadStatus)
.\CortexM3\ARM_GCC_484\Release\nanoNxt_ICM3.a(EZI2Cs.o)
                              .\CortexM3\ARM_GCC_484\Release\main.o (EZI2Cs_Start)
.\CortexM3\ARM_GCC_484\Release\nanoNxt_ICM3.a(EZI2Cs_PM.o)
                              .\CortexM3\ARM_GCC_484\Release\nanoNxt_ICM3.a(EZI2Cs.o) (EZI2Cs_backup)
.\CortexM3\ARM_GCC_484\Release\nanoNxt_ICM3.a(EZI2Cs_INT.o)
                              .\CortexM3\ARM_GCC_484\Release\nanoNxt_ICM3.a(EZI2Cs.o) (EZI2Cs_ISR)
.\CortexM3\ARM_GCC_484\Release\nanoNxt_ICM3.a(BootloadableI2C.o)
                              .\CortexM3\ARM_GCC_484\Release\main.o (BootloadableI2C_Load)
.\CortexM3\ARM_GCC_484\Release\nanoNxt_ICM3.a(Timeout_Timer.o)
                              .\CortexM3\ARM_GCC_484\Release\main.o (Timeout_Timer_Start)
.\CortexM3\ARM_GCC_484\Release\nanoNxt_ICM3.a(Timeout_Timer_Isr.o)
                              .\CortexM3\ARM_GCC_484\Release\main.o (Timeout_Timer_Isr_Interrupt)
.\CortexM3\ARM_GCC_484\Release\nanoNxt_ICM3.a(Clock_5.o)
                              .\CortexM3\ARM_GCC_484\Release\main.o (Clock_5_Start)
.\CortexM3\ARM_GCC_484\Release\nanoNxt_ICM3.a(isr_F2F_edge.o)
[...]
Memory Configuration

Name             Origin             Length             Attributes
rom              0x00000000         0x00040000         xr
ram              0x1fff8000         0x00010000         xrw
*default*        0x00000000         0xffffffff

Linker script and memory map

LOAD c:/program files (x86)/cypress/psoc creator/3.2/psoc creator/import/gnu/arm/4.8.4/bin/../lib/gcc/arm-none-eabi/4.8.4/armv7-m/crti.o
LOAD c:/program files (x86)/cypress/psoc creator/3.2/psoc creator/import/gnu/arm/4.8.4/bin/../lib/gcc/arm-none-eabi/4.8.4/armv7-m/crtbegin.o
LOAD c:/program files (x86)/cypress/psoc creator/3.2/psoc creator/import/gnu/arm/4.8.4/bin/../lib/gcc/arm-none-eabi/4.8.4/../../../../arm-none-eabi/lib/armv7-m/crt0.o
START GROUP
LOAD .\CortexM3\ARM_GCC_484\Release\main.o
LOAD .\CortexM3\ARM_GCC_484\Release\wiegand.o
LOAD .\CortexM3\ARM_GCC_484\Release\power.o
LOAD .\CortexM3\ARM_GCC_484\Release\inout.o
LOAD .\CortexM3\ARM_GCC_484\Release\i2cuart.o
LOAD .\CortexM3\ARM_GCC_484\Release\soft_uart.o
LOAD .\CortexM3\ARM_GCC_484\Release\cymetadata.o
LOAD .\CortexM3\ARM_GCC_484\Release\Cm3Start.o
LOAD .\CortexM3\ARM_GCC_484\Release\cybootloader.o
LOAD .\CortexM3\ARM_GCC_484\Release\nanoNxt_ICM3.a
LOAD C:\Program Files (x86)\Cypress\PSoC Creator\3.2\PSoC Creator\psoc\content\cycomponentlibrary\CyComponentLibrary.cylib\CortexM3\ARM_GCC_484\Release\CyComponentLibrary.a
END GROUP
START GROUP
LOAD c:/program files (x86)/cypress/psoc creator/3.2/psoc creator/import/gnu/arm/4.8.4/bin/../lib/gcc/arm-none-eabi/4.8.4/armv7-m\libgcc.a
LOAD c:/program files (x86)/cypress/psoc creator/3.2/psoc creator/import/gnu/arm/4.8.4/bin/../lib/gcc/arm-none-eabi/4.8.4/../../../../arm-none-eabi/lib/armv7-m\libg_s.a
LOAD c:/program files (x86)/cypress/psoc creator/3.2/psoc creator/import/gnu/arm/4.8.4/bin/../lib/gcc/arm-none-eabi/4.8.4/../../../../arm-none-eabi/lib/armv7-m\libc_s.a
END GROUP
START GROUP
LOAD c:/program files (x86)/cypress/psoc creator/3.2/psoc creator/import/gnu/arm/4.8.4/bin/../lib/gcc/arm-none-eabi/4.8.4/armv7-m\libgcc.a
LOAD c:/program files (x86)/cypress/psoc creator/3.2/psoc creator/import/gnu/arm/4.8.4/bin/../lib/gcc/arm-none-eabi/4.8.4/../../../../arm-none-eabi/lib/armv7-m\libc_s.a
END GROUP
LOAD c:/program files (x86)/cypress/psoc creator/3.2/psoc creator/import/gnu/arm/4.8.4/bin/../lib/gcc/arm-none-eabi/4.8.4/armv7-m/crtend.o
LOAD c:/program files (x86)/cypress/psoc creator/3.2/psoc creator/import/gnu/arm/4.8.4/bin/../lib/gcc/arm-none-eabi/4.8.4/armv7-m/crtn.o
START GROUP
LOAD c:/program files (x86)/cypress/psoc creator/3.2/psoc creator/import/gnu/arm/4.8.4/bin/../lib/gcc/arm-none-eabi/4.8.4/armv7-m\libgcc.a
LOAD c:/program files (x86)/cypress/psoc creator/3.2/psoc creator/import/gnu/arm/4.8.4/bin/../lib/gcc/arm-none-eabi/4.8.4/../../../../arm-none-eabi/lib/armv7-m\libc.a
LOAD c:/program files (x86)/cypress/psoc creator/3.2/psoc creator/import/gnu/arm/4.8.4/bin/../lib/gcc/arm-none-eabi/4.8.4/../../../../arm-none-eabi/lib/armv7-m\libnosys.a
END GROUP
                0x00000000                CY_APPL_ORIGIN = 0x0
                0x00000100                CY_FLASH_ROW_SIZE = 0x100
                0x00000020                CY_ECC_ROW_SIZE = 0x20
                0x00000000                CY_EE_IN_BTLDR = 0x0
                0x00000001                CY_APPL_LOADABLE = 0x1
                0x00000800                CY_EE_SIZE = 0x800
                0x00000001                CY_APPL_NUM = 0x1
                0x00000001                CY_APPL_MAX = 0x1
                0x00000040                CY_METADATA_SIZE = 0x40
                0x1fff85b8                PROVIDE (__cy_heap_start, _end)
                0x00000001                PROVIDE (__cy_region_num, ((__cy_regions_end - __cy_regions) / 0x10))
                0x20008000                PROVIDE (__cy_stack, (ORIGIN (ram) + 0x10000))
                0x20007800                PROVIDE (__cy_heap_end, (__cy_stack - 0x800))

.cybootloader   0x00000000     0x2500
 *(.cybootloader)
 .cybootloader  0x00000000     0x2500 .\CortexM3\ARM_GCC_484\Release\cybootloader.o
                0x00000000                cy_bootloader
                0x00002500                appl1_start = CY_APPL_ORIGIN?CY_APPL_ORIGIN:ALIGN (CY_FLASH_ROW_SIZE)
                0x00021200                appl2_start = (appl1_start + ALIGN ((((0x40000 - appl1_start) - (0x2 * CY_FLASH_ROW_SIZE)) / 0x2), CY_FLASH_ROW_SIZE))
                0x00002500                appl_start = (CY_APPL_NUM == 0x1)?appl1_start:appl2_start
                0x000004a0                ecc_offset = ((appl_start / CY_FLASH_ROW_SIZE) * CY_ECC_ROW_SIZE)
                0x00000000                ee_offset = (CY_APPL_LOADABLE && ! (CY_EE_IN_BTLDR))?((CY_EE_SIZE / CY_APPL_MAX) * (CY_APPL_NUM - 0x1)):0x0
                0x00000800                ee_size = (CY_APPL_LOADABLE && ! (CY_EE_IN_BTLDR))?(CY_EE_SIZE / CY_APPL_MAX):CY_EE_SIZE
                0x000004a0                PROVIDE (CY_ECC_OFFSET, ecc_offset)

.text           0x00002500     0x2d8a
 CREATE_OBJECT_SYMBOLS
                0x00002500                PROVIDE (__cy_interrupt_vector, RomVectors)
 *(.romvectors)
 .romvectors    0x00002500       0x10 .\CortexM3\ARM_GCC_484\Release\Cm3Start.o
                0x00002500                RomVectors
                0x00000001                ASSERT ((. != __cy_interrupt_vector), No interrupt vector)
                0x00000001                ASSERT (CY_APPL_ORIGIN?(SIZEOF (.cybootloader) <= CY_APPL_ORIGIN):0x1, Wrong image location)
                0x00002510                PROVIDE (__cy_reset, Reset)
 *(.text.Reset)
 .text.Reset    0x00002510        0x6 .\CortexM3\ARM_GCC_484\Release\Cm3Start.o
                0x00002510                Reset
                0x00000001                ASSERT ((. != __cy_reset), No reset code)
 *(.dma_init)
                0x00000001                ASSERT ((((appl_start + .) <= 0x10000) || 0x1), DMA Init must be within the first 64k of flash)
 *(.text .text.* .gnu.linkonce.t.*)
 *fill*         0x00002516        0x2 
 .text          0x00002518       0x54 c:/program files (x86)/cypress/psoc creator/3.2/psoc creator/import/gnu/arm/4.8.4/bin/../lib/gcc/arm-none-eabi/4.8.4/armv7-m/crtbegin.o
 .text.SetVersion
                0x0000256c       0x2c .\CortexM3\ARM_GCC_484\Release\main.o
                0x0000256c                SetVersion
 .text.TriggerRelay1
                0x00002598       0x32 .\CortexM3\ARM_GCC_484\Release\main.o
                0x00002598                TriggerRelay1
 .text.TriggerRelay2
                0x000025ca       0x38 .\CortexM3\ARM_GCC_484\Release\main.o
                0x000025ca                TriggerRelay2
 *fill*         0x00002602        0x2 
 .text.ClearBuffer
                0x00002604       0x18 .\CortexM3\ARM_GCC_484\Release\main.o
                0x00002604                ClearBuffer
 .text.SendHID  0x0000261c       0x5c .\CortexM3\ARM_GCC_484\Release\main.o
                0x0000261c                SendHID
 .text.InitOSDP
                0x00002678       0x40 .\CortexM3\ARM_GCC_484\Release\main.o
                0x00002678                InitOSDP
 .text.displayError
                0x000026b8       0x2c .\CortexM3\ARM_GCC_484\Release\main.o
                0x000026b8                displayError
 .text.HandleCommand
                0x000026e4      0x17c .\CortexM3\ARM_GCC_484\Release\main.o
                0x000026e4                HandleCommand
 .text.HandleOSDP
                0x00002860       0xa0 .\CortexM3\ARM_GCC_484\Release\main.o
                0x00002860                HandleOSDP
 .text.startup.main
                0x00002900      0x120 .\CortexM3\ARM_GCC_484\Release\main.o
                0x00002900                main
 .text.SendWeigand
                0x00002a20       0x7c .\CortexM3\ARM_GCC_484\Release\wiegand.o
                0x00002a20                SendWeigand
 .text.ReadWeigand
                0x00002a9c       0x90 .\CortexM3\ARM_GCC_484\Release\wiegand.o
                0x00002a9c                ReadWeigand
 .text.SendF2F  0x00002b2c      0x104 .\CortexM3\ARM_GCC_484\Release\wiegand.o
                0x00002b2c                SendF2F
 .text.ReadF2F  0x00002c30      0x114 .\CortexM3\ARM_GCC_484\Release\wiegand.o
                0x00002c30                ReadF2F
 .text.SetHardwareVals
                0x00002d44       0x54 .\CortexM3\ARM_GCC_484\Release\inout.o
                0x00002d44                SetHardwareVals
 .text.GetHardwareVals
                0x00002d98       0xb8 .\CortexM3\ARM_GCC_484\Release\inout.o
                0x00002d98                GetHardwareVals
 .text.HandleOutputs
                0x00002e50       0x2c .\CortexM3\ARM_GCC_484\Release\inout.o
                0x00002e50                HandleOutputs
 .text.HandleInputs
                0x00002e7c       0x74 .\CortexM3\ARM_GCC_484\Release\inout.o
                0x00002e7c                HandleInputs
 .text.SendPAC  0x00002ef0       0x3c .\CortexM3\ARM_GCC_484\Release\i2cuart.o
                0x00002ef0                SendPAC
 .text.ReadPAC  0x00002f2c       0x54 .\CortexM3\ARM_GCC_484\Release\i2cuart.o
                0x00002f2c                ReadPAC
 .text.SetupUART
                0x00002f80       0x28 .\CortexM3\ARM_GCC_484\Release\i2cuart.o
                0x00002f80                SetupUART
 .text.copyPanelBufI2C
                0x00002fa8       0x34 .\CortexM3\ARM_GCC_484\Release\i2cuart.o
                0x00002fa8                copyPanelBufI2C
 .text.ClearOsdpBuffer
                0x00002fdc       0x24 .\CortexM3\ARM_GCC_484\Release\i2cuart.o
                0x00002fdc                ClearOsdpBuffer
 .text.calcChecksum
                0x00003000       0x1e .\CortexM3\ARM_GCC_484\Release\i2cuart.o
                0x00003000                calcChecksum
 *fill*         0x0000301e        0x2 
 .text.SendOSDP
                0x00003020       0x5c .\CortexM3\ARM_GCC_484\Release\i2cuart.o
                0x00003020                SendOSDP
 .text.copyI2CPanelBuf
                0x0000307c       0x44 .\CortexM3\ARM_GCC_484\Release\i2cuart.o
                0x0000307c                copyI2CPanelBuf
 .text.sendOSDPNak
                0x000030c0       0x4c .\CortexM3\ARM_GCC_484\Release\i2cuart.o
                0x000030c0                sendOSDPNak
 .text.ReadOSDP
                0x0000310c       0xe8 .\CortexM3\ARM_GCC_484\Release\i2cuart.o
                0x0000310c                ReadOSDP
 .text.SetOSDPRate
                0x000031f4       0x3c .\CortexM3\ARM_GCC_484\Release\i2cuart.o
                0x000031f4                SetOSDPRate
 .text.copyReaderBufI2C
                0x00003230       0x40 .\CortexM3\ARM_GCC_484\Release\i2cuart.o
                0x00003230                copyReaderBufI2C
 .text.KeepAliveInterruptHandler
                0x00003270       0x18 .\CortexM3\ARM_GCC_484\Release\i2cuart.o
                0x00003270                KeepAliveInterruptHandler
 .text.ClearOsdpReaderBuffer
                0x00003288       0x30 .\CortexM3\ARM_GCC_484\Release\i2cuart.o
                0x00003288                ClearOsdpReaderBuffer
 .text.SendOSDPReader
                0x000032b8       0x48 .\CortexM3\ARM_GCC_484\Release\i2cuart.o
                0x000032b8                SendOSDPReader
 .text.ReadOSDPReader
                0x00003300       0x88 .\CortexM3\ARM_GCC_484\Release\i2cuart.o
                0x00003300                ReadOSDPReader
 .text.SetOSDPReaderSpeed
                0x00003388       0x34 .\CortexM3\ARM_GCC_484\Release\i2cuart.o
                0x00003388                SetOSDPReaderSpeed
 .text.SetOSDPKeepALive
                0x000033bc       0x40 .\CortexM3\ARM_GCC_484\Release\i2cuart.o
                0x000033bc                SetOSDPKeepALive
 .text.SU_Start
                0x000033fc       0x1a .\CortexM3\ARM_GCC_484\Release\soft_uart.o
                0x000033fc                SU_Start
 .text.SU_Isr   0x00003416       0xc4 .\CortexM3\ARM_GCC_484\Release\soft_uart.o
                0x00003416                SU_Isr
 .text.getOddParity
                0x000034da       0x18 .\CortexM3\ARM_GCC_484\Release\soft_uart.o
                0x000034da                getOddParity
 .text.SU_PutChar
                0x000034f2       0x74 .\CortexM3\ARM_GCC_484\Release\soft_uart.o
                0x000034f2                SU_PutChar
 .text.IntDefaultHandler
                0x00003566        0x2 .\CortexM3\ARM_GCC_484\Release\Cm3Start.o
                0x00003566                IntDefaultHandler
 .text.Start_c  0x00003568       0x54 .\CortexM3\ARM_GCC_484\Release\Cm3Start.o
                0x00003568                Start_c
 .text.startup.initialize_psoc
                0x000035bc       0x6c .\CortexM3\ARM_GCC_484\Release\Cm3Start.o
                0x000035bc                initialize_psoc
 .text.cyfitter_cfg
                0x00003628      0x240 .\CortexM3\ARM_GCC_484\Release\nanoNxt_ICM3.a(cyfitter_cfg.o)
                0x00003628                cyfitter_cfg
 .text.RELAY_B_Write
                0x00003868       0x18 .\CortexM3\ARM_GCC_484\Release\nanoNxt_ICM3.a(RELAY_B.o)
                0x00003868                RELAY_B_Write
 .text.SOUND_OUT_Write
                0x00003880       0x18 .\CortexM3\ARM_GCC_484\Release\nanoNxt_ICM3.a(SOUND_OUT.o)
                0x00003880                SOUND_OUT_Write
 .text.Tamper_Timer_ISR_Interrupt
                0x00003898       0x64 .\CortexM3\ARM_GCC_484\Release\nanoNxt_ICM3.a(Tamper_Timer_ISR.o)
                0x00003898                Tamper_Timer_ISR_Interrupt
 .text.Tamper_Timer_ISR_StartEx
                0x000038fc       0x2c .\CortexM3\ARM_GCC_484\Release\nanoNxt_ICM3.a(Tamper_Timer_ISR.o)
                0x000038fc                Tamper_Timer_ISR_StartEx
 .text.PS_D0_Write
                0x00003928       0x18 .\CortexM3\ARM_GCC_484\Release\nanoNxt_ICM3.a(PS_D0.o)
                0x00003928                PS_D0_Write
 .text.PS_D1_Write
                0x00003940       0x18 .\CortexM3\ARM_GCC_484\Release\nanoNxt_ICM3.a(PS_D1.o)
                0x00003940                PS_D1_Write
 .text.Pin_WD0_Read
                0x00003958       0x10 .\CortexM3\ARM_GCC_484\Release\nanoNxt_ICM3.a(Pin_WD0.o)
                0x00003958                Pin_WD0_Read
 .text.Pin_WD1_Read
                0x00003968       0x10 .\CortexM3\ARM_GCC_484\Release\nanoNxt_ICM3.a(Pin_WD1.o)
                0x00003968                Pin_WD1_Read
 .text.UART_1_Init
                0x00003978       0x34 .\CortexM3\ARM_GCC_484\Release\nanoNxt_ICM3.a(UART_1.o)
                0x00003978                UART_1_Init
 .text.UART_1_Enable
                0x000039ac       0x2c .\CortexM3\ARM_GCC_484\Release\nanoNxt_ICM3.a(UART_1.o)
                0x000039ac                UART_1_Enable
 .text.UART_1_Start
                0x000039d8       0x1c .\CortexM3\ARM_GCC_484\Release\nanoNxt_ICM3.a(UART_1.o)
                0x000039d8                UART_1_Start
 .text.UART_1_ReadRxStatus
                0x000039f4       0x10 .\CortexM3\ARM_GCC_484\Release\nanoNxt_ICM3.a(UART_1.o)
                0x000039f4                UART_1_ReadRxStatus
 .text.UART_1_GetChar
                0x00003a04       0x28 .\CortexM3\ARM_GCC_484\Release\nanoNxt_ICM3.a(UART_1.o)
                0x00003a04                UART_1_GetChar
 .text.UART_1_ClearRxBuffer
                0x00003a2c       0x24 .\CortexM3\ARM_GCC_484\Release\nanoNxt_ICM3.a(UART_1.o)
                0x00003a2c                UART_1_ClearRxBuffer
 .text.UART_1_PutChar
                0x00003a50       0x18 .\CortexM3\ARM_GCC_484\Release\nanoNxt_ICM3.a(UART_1.o)
                0x00003a50                UART_1_PutChar
 .text.TAMPER_OUT_Write
                0x00003a68       0x18 .\CortexM3\ARM_GCC_484\Release\nanoNxt_ICM3.a(TAMPER_OUT.o)
                0x00003a68                TAMPER_OUT_Write
 .text.LEDG_OUT_Write
                0x00003a80       0x18 .\CortexM3\ARM_GCC_484\Release\nanoNxt_ICM3.a(LEDG_OUT.o)
                0x00003a80                LEDG_OUT_Write
 .text.SOUND_IN_Read
                0x00003a98        0xc .\CortexM3\ARM_GCC_484\Release\nanoNxt_ICM3.a(SOUND_IN.o)
                0x00003a98                SOUND_IN_Read
 .text.LEDG_IN_Read
                0x00003aa4       0x10 .\CortexM3\ARM_GCC_484\Release\nanoNxt_ICM3.a(LEDG_IN.o)
                0x00003aa4                LEDG_IN_Read
 .text.TAMPER_IN_Read
                0x00003ab4       0x10 .\CortexM3\ARM_GCC_484\Release\nanoNxt_ICM3.a(TAMPER_IN.o)
                0x00003ab4                TAMPER_IN_Read
 .text.LEDR_IN_Read
                0x00003ac4       0x10 .\CortexM3\ARM_GCC_484\Release\nanoNxt_ICM3.a(LEDR_IN.o)
                0x00003ac4                LEDR_IN_Read
 .text.LEDR_OUT_Write
                0x00003ad4       0x18 .\CortexM3\ARM_GCC_484\Release\nanoNxt_ICM3.a(LEDR_OUT.o)
                0x00003ad4                LEDR_OUT_Write
 .text.REED_1_Read
                0x00003aec       0x10 .\CortexM3\ARM_GCC_484\Release\nanoNxt_ICM3.a(REED_1.o)
                0x00003aec                REED_1_Read
 .text.RELAY_A_Write
                0x00003afc       0x18 .\CortexM3\ARM_GCC_484\Release\nanoNxt_ICM3.a(RELAY_A.o)
                0x00003afc                RELAY_A_Write
 .text.OptSelect_Write
                0x00003b14        0xc .\CortexM3\ARM_GCC_484\Release\nanoNxt_ICM3.a(OptSelect.o)
                0x00003b14                OptSelect_Write
 .text.Tamper_Timer_Init
                0x00003b20       0x58 .\CortexM3\ARM_GCC_484\Release\nanoNxt_ICM3.a(Tamper_Timer.o)
                0x00003b20                Tamper_Timer_Init
 .text.Tamper_Timer_Enable
                0x00003b78       0x24 .\CortexM3\ARM_GCC_484\Release\nanoNxt_ICM3.a(Tamper_Timer.o)
                0x00003b78                Tamper_Timer_Enable
 .text.Tamper_Timer_Start
                0x00003b9c       0x1c .\CortexM3\ARM_GCC_484\Release\nanoNxt_ICM3.a(Tamper_Timer.o)
                0x00003b9c                Tamper_Timer_Start
 .text.Tamper_Timer_Stop
                0x00003bb8       0x28 .\CortexM3\ARM_GCC_484\Release\nanoNxt_ICM3.a(Tamper_Timer.o)
                0x00003bb8                Tamper_Timer_Stop
 .text.Tamper_Timer_ReadStatusRegister
                0x00003be0        0xc .\CortexM3\ARM_GCC_484\Release\nanoNxt_ICM3.a(Tamper_Timer.o)
                0x00003be0                Tamper_Timer_ReadStatusRegister
 .text.UART_TIMER_Init
                0x00003bec       0x58 .\CortexM3\ARM_GCC_484\Release\nanoNxt_ICM3.a(UART_TIMER.o)
                0x00003bec                UART_TIMER_Init
 .text.UART_TIMER_Enable
                0x00003c44       0x24 .\CortexM3\ARM_GCC_484\Release\nanoNxt_ICM3.a(UART_TIMER.o)
                0x00003c44                UART_TIMER_Enable
 .text.UART_TIMER_Start
                0x00003c68       0x1c .\CortexM3\ARM_GCC_484\Release\nanoNxt_ICM3.a(UART_TIMER.o)
                0x00003c68                UART_TIMER_Start
 .text.UART_TIMER_ReadStatusRegister
                0x00003c84        0xc .\CortexM3\ARM_GCC_484\Release\nanoNxt_ICM3.a(UART_TIMER.o)
                0x00003c84                UART_TIMER_ReadStatusRegister
 .text.UART_TIMER_ISR_Interrupt
                0x00003c90       0x14 .\CortexM3\ARM_GCC_484\Release\nanoNxt_ICM3.a(UART_TIMER_ISR.o)
                0x00003c90                UART_TIMER_ISR_Interrupt
 .text.UART_TIMER_ISR_StartEx
                0x00003ca4       0x28 .\CortexM3\ARM_GCC_484\Release\nanoNxt_ICM3.a(UART_TIMER_ISR.o)
                0x00003ca4                UART_TIMER_ISR_StartEx
 *fill*         0x00003ccc        0x4 
 .text          0x00003cd0       0x28 .\CortexM3\ARM_GCC_484\Release\nanoNxt_ICM3.a(CyBootAsmGnu.o)
                0x00003cd0                CyDelayCycles
                0x00003ce4                CyEnterCriticalSection
                0x00003cec                CyExitCriticalSection
 .text.CySoftwareReset
                0x00003cf8       0x10 .\CortexM3\ARM_GCC_484\Release\nanoNxt_ICM3.a(CyLib.o)
                0x00003cf8                CySoftwareReset
 .text.CyDelay  0x00003d08       0x28 .\CortexM3\ARM_GCC_484\Release\nanoNxt_ICM3.a(CyLib.o)
                0x00003d08                CyDelay
 .text.CyDelayUs
                0x00003d30       0x10 .\CortexM3\ARM_GCC_484\Release\nanoNxt_ICM3.a(CyLib.o)
                0x00003d30                CyDelayUs
 .text.CyIntSetVector
                0x00003d40       0x1c .\CortexM3\ARM_GCC_484\Release\nanoNxt_ICM3.a(CyLib.o)
                0x00003d40                CyIntSetVector
 .text.CyIntSetPriority
                0x00003d5c       0x14 .\CortexM3\ARM_GCC_484\Release\nanoNxt_ICM3.a(CyLib.o)
                0x00003d5c                CyIntSetPriority
 .text.EZI2Cs_Init
                0x00003d70       0x6c .\CortexM3\ARM_GCC_484\Release\nanoNxt_ICM3.a(EZI2Cs.o)
                0x00003d70                EZI2Cs_Init
 .text.EZI2Cs_Enable
                0x00003ddc       0x30 .\CortexM3\ARM_GCC_484\Release\nanoNxt_ICM3.a(EZI2Cs.o)
                0x00003ddc                EZI2Cs_Enable
 .text.EZI2Cs_Start
                0x00003e0c       0x1c .\CortexM3\ARM_GCC_484\Release\nanoNxt_ICM3.a(EZI2Cs.o)
                0x00003e0c                EZI2Cs_Start
 .text.EZI2Cs_SetBuffer1
                0x00003e28       0x48 .\CortexM3\ARM_GCC_484\Release\nanoNxt_ICM3.a(EZI2Cs.o)
                0x00003e28                EZI2Cs_SetBuffer1
 .text.EZI2Cs_ISR
                0x00003e70      0x17c .\CortexM3\ARM_GCC_484\Release\nanoNxt_ICM3.a(EZI2Cs_INT.o)
                0x00003e70                EZI2Cs_ISR
 .text.BootloadableI2C_Load
                0x00003fec       0x10 .\CortexM3\ARM_GCC_484\Release\nanoNxt_ICM3.a(BootloadableI2C.o)
                0x00003fec                BootloadableI2C_Load
 .text.Timeout_Timer_Init
                0x00003ffc       0x58 .\CortexM3\ARM_GCC_484\Release\nanoNxt_ICM3.a(Timeout_Timer.o)
                0x00003ffc                Timeout_Timer_Init
 .text.Timeout_Timer_Enable
                0x00004054       0x24 .\CortexM3\ARM_GCC_484\Release\nanoNxt_ICM3.a(Timeout_Timer.o)
                0x00004054                Timeout_Timer_Enable
 .text.Timeout_Timer_Start
                0x00004078       0x1c .\CortexM3\ARM_GCC_484\Release\nanoNxt_ICM3.a(Timeout_Timer.o)
                0x00004078                Timeout_Timer_Start
 .text.Timeout_Timer_Stop
                0x00004094       0x28 .\CortexM3\ARM_GCC_484\Release\nanoNxt_ICM3.a(Timeout_Timer.o)
                0x00004094                Timeout_Timer_Stop
 .text.Timeout_Timer_ReadStatusRegister
                0x000040bc        0xc .\CortexM3\ARM_GCC_484\Release\nanoNxt_ICM3.a(Timeout_Timer.o)
                0x000040bc                Timeout_Timer_ReadStatusRegister
 .text.Timeout_Timer_Isr_Interrupt
                0x000040c8       0x28 .\CortexM3\ARM_GCC_484\Release\nanoNxt_ICM3.a(Timeout_Timer_Isr.o)
                0x000040c8                Timeout_Timer_Isr_Interrupt
 .text.Timeout_Timer_Isr_StartEx
                0x000040f0       0x24 .\CortexM3\ARM_GCC_484\Release\nanoNxt_ICM3.a(Timeout_Timer_Isr.o)
                0x000040f0                Timeout_Timer_Isr_StartEx
 .text.Clock_5_Start
                0x00004114       0x18 .\CortexM3\ARM_GCC_484\Release\nanoNxt_ICM3.a(Clock_5.o)
                0x00004114                Clock_5_Start
 .text.Clock_5_SetDividerRegister
                0x0000412c       0xd0 .\CortexM3\ARM_GCC_484\Release\nanoNxt_ICM3.a(Clock_5.o)
                0x0000412c                Clock_5_SetDividerRegister
 .text.isr_F2F_edge_Interrupt
                0x000041fc       0x4c .\CortexM3\ARM_GCC_484\Release\nanoNxt_ICM3.a(isr_F2F_edge.o)
                0x000041fc                isr_F2F_edge_Interrupt
 .text.isr_F2F_edge_StartEx
                0x00004248       0x24 .\CortexM3\ARM_GCC_484\Release\nanoNxt_ICM3.a(isr_F2F_edge.o)
                0x00004248                isr_F2F_edge_StartEx
 .text.isr_F2F_edge_Enable
                0x0000426c        0xc .\CortexM3\ARM_GCC_484\Release\nanoNxt_ICM3.a(isr_F2F_edge.o)
                0x0000426c                isr_F2F_edge_Enable
 .text.isr_F2F_edge_Disable
                0x00004278        0xc .\CortexM3\ARM_GCC_484\Release\nanoNxt_ICM3.a(isr_F2F_edge.o)
                0x00004278                isr_F2F_edge_Disable
 .text.FilterReg_Read
                0x00004284        0xc .\CortexM3\ARM_GCC_484\Release\nanoNxt_ICM3.a(FilterReg.o)
                0x00004284                FilterReg_Read
 .text.Mode_Sel_ACS_Write
                0x00004290       0x18 .\CortexM3\ARM_GCC_484\Release\nanoNxt_ICM3.a(Mode_Sel_ACS.o)
                0x00004290                Mode_Sel_ACS_Write
 .text.TX_EN_Write
                0x000042a8       0x18 .\CortexM3\ARM_GCC_484\Release\nanoNxt_ICM3.a(TX_EN.o)
                0x000042a8                TX_EN_Write
 .text.CR_DE_Write
                0x000042c0       0x18 .\CortexM3\ARM_GCC_484\Release\nanoNxt_ICM3.a(CR_DE.o)
                0x000042c0                CR_DE_Write
 .text.Clock_6_Start
                0x000042d8       0x18 .\CortexM3\ARM_GCC_484\Release\nanoNxt_ICM3.a(Clock_6.o)
                0x000042d8                Clock_6_Start
 .text.Clock_6_SetDividerRegister
                0x000042f0       0xd0 .\CortexM3\ARM_GCC_484\Release\nanoNxt_ICM3.a(Clock_6.o)
                0x000042f0                Clock_6_SetDividerRegister
 .text.Mode_Sel_CR_Write
                0x000043c0       0x18 .\CortexM3\ARM_GCC_484\Release\nanoNxt_ICM3.a(Mode_Sel_CR.o)
                0x000043c0                Mode_Sel_CR_Write
 .text.isr_keepalive_StartEx
                0x000043d8       0x28 .\CortexM3\ARM_GCC_484\Release\nanoNxt_ICM3.a(isr_keepalive.o)
                0x000043d8                isr_keepalive_StartEx
 .text.OSDPReaderTimer_Enable
                0x00004400       0x10 .\CortexM3\ARM_GCC_484\Release\nanoNxt_ICM3.a(OSDPReaderTimer.o)
                0x00004400                OSDPReaderTimer_Enable
 .text.OSDPReaderTimer_ClearFIFO
                0x00004410       0x18 .\CortexM3\ARM_GCC_484\Release\nanoNxt_ICM3.a(OSDPReaderTimer.o)
                0x00004410                OSDPReaderTimer_ClearFIFO
 .text.OSDPReaderTimer_Init
                0x00004428       0x38 .\CortexM3\ARM_GCC_484\Release\nanoNxt_ICM3.a(OSDPReaderTimer.o)
                0x00004428                OSDPReaderTimer_Init
 .text.OSDPReaderTimer_Start
                0x00004460       0x1c .\CortexM3\ARM_GCC_484\Release\nanoNxt_ICM3.a(OSDPReaderTimer.o)
                0x00004460                OSDPReaderTimer_Start
 .text.isr_SW_Rst_Interrupt
                0x0000447c       0x40 .\CortexM3\ARM_GCC_484\Release\nanoNxt_ICM3.a(isr_SW_Rst.o)
                0x0000447c                isr_SW_Rst_Interrupt
 .text.isr_SW_Rst_Start
                0x000044bc       0x2c .\CortexM3\ARM_GCC_484\Release\nanoNxt_ICM3.a(isr_SW_Rst.o)
                0x000044bc                isr_SW_Rst_Start
 .text.LED_GRN_Write
                0x000044e8       0x18 .\CortexM3\ARM_GCC_484\Release\nanoNxt_ICM3.a(LED_GRN.o)
                0x000044e8                LED_GRN_Write
 .text.LED_RED_Write
                0x00004500       0x18 .\CortexM3\ARM_GCC_484\Release\nanoNxt_ICM3.a(LED_RED.o)
                0x00004500                LED_RED_Write
 .text.LED_YEL_Write
                0x00004518       0x18 .\CortexM3\ARM_GCC_484\Release\nanoNxt_ICM3.a(LED_YEL.o)
                0x00004518                LED_YEL_Write
 .text.UART_ACS_Init
                0x00004530       0x34 .\CortexM3\ARM_GCC_484\Release\nanoNxt_ICM3.a(UART_ACS.o)
                0x00004530                UART_ACS_Init
 .text.UART_ACS_Enable
                0x00004564       0x34 .\CortexM3\ARM_GCC_484\Release\nanoNxt_ICM3.a(UART_ACS.o)
                0x00004564                UART_ACS_Enable
 .text.UART_ACS_Start
                0x00004598       0x1c .\CortexM3\ARM_GCC_484\Release\nanoNxt_ICM3.a(UART_ACS.o)
                0x00004598                UART_ACS_Start
 .text.UART_ACS_GetChar
                0x000045b4       0x74 .\CortexM3\ARM_GCC_484\Release\nanoNxt_ICM3.a(UART_ACS.o)
                0x000045b4                UART_ACS_GetChar
 .text.UART_ACS_GetRxBufferSize
                0x00004628       0x54 .\CortexM3\ARM_GCC_484\Release\nanoNxt_ICM3.a(UART_ACS.o)
                0x00004628                UART_ACS_GetRxBufferSize
 .text.UART_ACS_ClearRxBuffer
                0x0000467c       0x44 .\CortexM3\ARM_GCC_484\Release\nanoNxt_ICM3.a(UART_ACS.o)
                0x0000467c                UART_ACS_ClearRxBuffer
 .text.UART_ACS_PutChar
                0x000046c0       0x18 .\CortexM3\ARM_GCC_484\Release\nanoNxt_ICM3.a(UART_ACS.o)
                0x000046c0                UART_ACS_PutChar
 .text.UART_ACS_PutArray
                0x000046d8       0x24 .\CortexM3\ARM_GCC_484\Release\nanoNxt_ICM3.a(UART_ACS.o)
                0x000046d8                UART_ACS_PutArray
 .text.UART_ACS_LoadRxConfig
                0x000046fc       0x1c .\CortexM3\ARM_GCC_484\Release\nanoNxt_ICM3.a(UART_ACS.o)
                0x000046fc                UART_ACS_LoadRxConfig
 .text.UART_ACS_LoadTxConfig
                0x00004718       0x20 .\CortexM3\ARM_GCC_484\Release\nanoNxt_ICM3.a(UART_ACS.o)
                0x00004718                UART_ACS_LoadTxConfig
 .text.UART_ACS_RXISR
                0x00004738       0x80 .\CortexM3\ARM_GCC_484\Release\nanoNxt_ICM3.a(UART_ACS_INT.o)
                0x00004738                UART_ACS_RXISR
 .text.UART_READER_Init
                0x000047b8       0x34 .\CortexM3\ARM_GCC_484\Release\nanoNxt_ICM3.a(UART_READER.o)
                0x000047b8                UART_READER_Init
 .text.UART_READER_Enable
                0x000047ec       0x34 .\CortexM3\ARM_GCC_484\Release\nanoNxt_ICM3.a(UART_READER.o)
                0x000047ec                UART_READER_Enable
 .text.UART_READER_Start
                0x00004820       0x1c .\CortexM3\ARM_GCC_484\Release\nanoNxt_ICM3.a(UART_READER.o)
                0x00004820                UART_READER_Start
 .text.UART_READER_GetChar
                0x0000483c       0x74 .\CortexM3\ARM_GCC_484\Release\nanoNxt_ICM3.a(UART_READER.o)
                0x0000483c                UART_READER_GetChar
 .text.UART_READER_GetRxBufferSize
                0x000048b0       0x44 .\CortexM3\ARM_GCC_484\Release\nanoNxt_ICM3.a(UART_READER.o)
                0x000048b0                UART_READER_GetRxBufferSize
 .text.UART_READER_ClearRxBuffer
                0x000048f4       0x44 .\CortexM3\ARM_GCC_484\Release\nanoNxt_ICM3.a(UART_READER.o)
                0x000048f4                UART_READER_ClearRxBuffer
 .text.UART_READER_PutChar
                0x00004938       0x18 .\CortexM3\ARM_GCC_484\Release\nanoNxt_ICM3.a(UART_READER.o)
                0x00004938                UART_READER_PutChar
 .text.UART_READER_PutArray
                0x00004950       0x24 .\CortexM3\ARM_GCC_484\Release\nanoNxt_ICM3.a(UART_READER.o)
                0x00004950                UART_READER_PutArray
 .text.UART_READER_LoadRxConfig
                0x00004974       0x1c .\CortexM3\ARM_GCC_484\Release\nanoNxt_ICM3.a(UART_READER.o)
                0x00004974                UART_READER_LoadRxConfig
 .text.UART_READER_LoadTxConfig
                0x00004990       0x20 .\CortexM3\ARM_GCC_484\Release\nanoNxt_ICM3.a(UART_READER.o)
                0x00004990                UART_READER_LoadTxConfig
 .text.UART_READER_RXISR
                0x000049b0       0x7c .\CortexM3\ARM_GCC_484\Release\nanoNxt_ICM3.a(UART_READER_INT.o)
                0x000049b0                UART_READER_RXISR
 .text.FltrReg_Read
                0x00004a2c        0xc .\CortexM3\ARM_GCC_484\Release\nanoNxt_ICM3.a(FltrReg.o)
                0x00004a2c                FltrReg_Read
 .text          0x00004a38      0x370 c:/program files (x86)/cypress/psoc creator/3.2/psoc creator/import/gnu/arm/4.8.4/bin/../lib/gcc/arm-none-eabi/4.8.4/armv7-m\libgcc.a(_arm_addsubdf3.o)
                0x00004a38                __aeabi_drsub
                0x00004a40                __aeabi_dsub
                0x00004a40                __subdf3
                0x00004a44                __aeabi_dadd
                0x00004a44                __adddf3
                0x00004cbc                __floatunsidf
                0x00004cbc                __aeabi_ui2d
                0x00004cdc                __floatsidf
                0x00004cdc                __aeabi_i2d
                0x00004d00                __aeabi_f2d
                0x00004d00                __extendsfdf2
                0x00004d3c                __floatundidf
                0x00004d3c                __aeabi_ul2d
                0x00004d4c                __floatdidf
                0x00004d4c                __aeabi_l2d
 .text          0x00004da8      0x424 c:/program files (x86)/cypress/psoc creator/3.2/psoc creator/import/gnu/arm/4.8.4/bin/../lib/gcc/arm-none-eabi/4.8.4/armv7-m\libgcc.a(_arm_muldivdf3.o)
                0x00004da8                __aeabi_dmul
                0x00004da8                __muldf3
                0x00004ffc                __divdf3
                0x00004ffc                __aeabi_ddiv
 .text          0x000051cc       0x50 c:/program files (x86)/cypress/psoc creator/3.2/psoc creator/import/gnu/arm/4.8.4/bin/../lib/gcc/arm-none-eabi/4.8.4/armv7-m\libgcc.a(_arm_fixdfsi.o)
                0x000051cc                __aeabi_d2iz
                0x000051cc                __fixdfsi
 .text.__libc_init_array
                0x0000521c       0x4c c:/program files (x86)/cypress/psoc creator/3.2/psoc creator/import/gnu/arm/4.8.4/bin/../lib/gcc/arm-none-eabi/4.8.4/../../../../arm-none-eabi/lib/armv7-m\libg_s.a(lib_a-init.o)
                0x0000521c                __libc_init_array
 .text.memcpy   0x00005268       0x12 c:/program files (x86)/cypress/psoc creator/3.2/psoc creator/import/gnu/arm/4.8.4/bin/../lib/gcc/arm-none-eabi/4.8.4/../../../../arm-none-eabi/lib/armv7-m\libg_s.a(lib_a-memcpy-stub.o)
                0x00005268                memcpy
 .text.memset   0x0000527a       0x10 c:/program files (x86)/cypress/psoc creator/3.2/psoc creator/import/gnu/arm/4.8.4/bin/../lib/gcc/arm-none-eabi/4.8.4/../../../../arm-none-eabi/lib/armv7-m\libg_s.a(lib_a-memset.o)
                0x0000527a                memset
 *(.plt)
 *(.gnu.warning)
 *(.glue_7t)
 .glue_7t       0x00000000        0x0 linker stubs
 *(.glue_7)
 .glue_7        0x00000000        0x0 linker stubs
 *(.vfp11_veneer)
 .vfp11_veneer  0x00000000        0x0 linker stubs
 *(.bootloader)
 *(.ARM.extab* .gnu.linkonce.armextab.*)
 *(.gcc_except_table)

.v4_bx          0x0000528c        0x0
 .v4_bx         0x00000000        0x0 linker stubs

.iplt           0x0000528c        0x0
 .iplt          0x00000000        0x0 c:/program files (x86)/cypress/psoc creator/3.2/psoc creator/import/gnu/arm/4.8.4/bin/../lib/gcc/arm-none-eabi/4.8.4/armv7-m/crtbegin.o

.eh_frame_hdr
 *(.eh_frame_hdr)

.eh_frame       0x0000528c        0x4
 *(.eh_frame)
 .eh_frame      0x0000528c        0x0 c:/program files (x86)/cypress/psoc creator/3.2/psoc creator/import/gnu/arm/4.8.4/bin/../lib/gcc/arm-none-eabi/4.8.4/armv7-m/crtbegin.o
 .eh_frame      0x0000528c        0x4 c:/program files (x86)/cypress/psoc creator/3.2/psoc creator/import/gnu/arm/4.8.4/bin/../lib/gcc/arm-none-eabi/4.8.4/armv7-m/crtend.o
                0x00005290                PROVIDE (__exidx_start, .)

.ARM.exidx
 *(.ARM.exidx* .gnu.linkonce.armexidx.*)
                0x00005290                __exidx_end = .

.rodata         0x00005290       0x90
 *(.rodata .rodata.* .gnu.linkonce.r.*)
 .rodata        0x00005290       0x5a .\CortexM3\ARM_GCC_484\Release\nanoNxt_ICM3.a(cyfitter_cfg.o)
                0x000052ec                . = ALIGN (0x4)
 *fill*         0x000052ea        0x2 
 *(.init)
 .init          0x000052ec        0x4 c:/program files (x86)/cypress/psoc creator/3.2/psoc creator/import/gnu/arm/4.8.4/bin/../lib/gcc/arm-none-eabi/4.8.4/armv7-m/crti.o
                0x000052ec                _init
 .init          0x000052f0        0x8 c:/program files (x86)/cypress/psoc creator/3.2/psoc creator/import/gnu/arm/4.8.4/bin/../lib/gcc/arm-none-eabi/4.8.4/armv7-m/crtn.o
                0x000052f8                . = ALIGN (0x4)
                0x000052f8                __preinit_array_start = .
 *(.preinit_array)
                0x000052f8                __preinit_array_end = .
                0x000052f8                . = ALIGN (0x4)
                0x000052f8                __init_array_start = .
 *(SORT(.init_array.*))
 *(.init_array)
 .init_array    0x000052f8        0x4 c:/program files (x86)/cypress/psoc creator/3.2/psoc creator/import/gnu/arm/4.8.4/bin/../lib/gcc/arm-none-eabi/4.8.4/armv7-m/crtbegin.o
 .init_array    0x000052fc        0x4 .\CortexM3\ARM_GCC_484\Release\Cm3Start.o
                0x00005300                __init_array_end = .
                0x00005300                . = ALIGN (0x4)
 *(.fini)
 .fini          0x00005300        0x4 c:/program files (x86)/cypress/psoc creator/3.2/psoc creator/import/gnu/arm/4.8.4/bin/../lib/gcc/arm-none-eabi/4.8.4/armv7-m/crti.o
                0x00005300                _fini
 .fini          0x00005304        0x8 c:/program files (x86)/cypress/psoc creator/3.2/psoc creator/import/gnu/arm/4.8.4/bin/../lib/gcc/arm-none-eabi/4.8.4/armv7-m/crtn.o
                0x0000530c                . = ALIGN (0x4)
                0x0000530c                __fini_array_start = .
 *(.fini_array)
 .fini_array    0x0000530c        0x4 c:/program files (x86)/cypress/psoc creator/3.2/psoc creator/import/gnu/arm/4.8.4/bin/../lib/gcc/arm-none-eabi/4.8.4/armv7-m/crtbegin.o
 *(SORT(.fini_array.*))
                0x00005310                __fini_array_end = .
                0x00005310                . = ALIGN (0x4)
 *crtbegin.o(.ctors)
 *(EXCLUDE_FILE(*crtend.o) .ctors)
 *(SORT(.ctors.*))
 *crtend.o(.ctors)
                0x00005310                . = ALIGN (0x4)
 *crtbegin.o(.dtors)
 *(EXCLUDE_FILE(*crtend.o) .dtors)
 *(SORT(.dtors.*))
 *crtend.o(.dtors)
                0x00005310                . = ALIGN (0x4)
                0x00005310                __cy_regions = .
                0x00005310        0x4 LONG 0x5320 __cy_region_init_ram
                0x00005314        0x4 LONG 0x1fff8108 __cy_region_start_data
                0x00005318        0x4 LONG 0x18 __cy_region_init_size_ram
                0x0000531c        0x4 LONG 0x498 __cy_region_zero_size_ram
                0x00005320                __cy_regions_end = .
                0x00005320                . = ALIGN (0x8)
                0x00005320                _etext = .

.ramvectors     0x1fff8000      0x100
                0x1fff8000                __cy_region_start_ram = .
 *(.ramvectors)
 .ramvectors    0x1fff8000      0x100 .\CortexM3\ARM_GCC_484\Release\Cm3Start.o
                0x1fff8000                CyRamVectors

.noinit         0x1fff8100        0x5
 *(.noinit)
 .noinit        0x1fff8100        0x4 .\CortexM3\ARM_GCC_484\Release\Cm3Start.o
 .noinit        0x1fff8104        0x1 .\CortexM3\ARM_GCC_484\Release\nanoNxt_ICM3.a(CyLib.o)
                0x1fff8104                CyResetStatus

.data           0x1fff8108       0x18 load address 0x00005320
                0x1fff8108                __cy_region_start_data = .
 *(.jcr)
 .jcr           0x1fff8108        0x0 c:/program files (x86)/cypress/psoc creator/3.2/psoc creator/import/gnu/arm/4.8.4/bin/../lib/gcc/arm-none-eabi/4.8.4/armv7-m/crtbegin.o
 .jcr           0x1fff8108        0x4 c:/program files (x86)/cypress/psoc creator/3.2/psoc creator/import/gnu/arm/4.8.4/bin/../lib/gcc/arm-none-eabi/4.8.4/armv7-m/crtend.o
 *(.got.plt)
 *(.got)
 *(.shdata)
 *(.data .data.* .gnu.linkonce.d.*)
 .data          0x1fff810c       0x10 .\CortexM3\ARM_GCC_484\Release\nanoNxt_ICM3.a(CyLib.o)
                0x1fff810c                cydelay_32k_ms
                0x1fff8110                cydelay_freq_khz
                0x1fff8114                cydelay_freq_mhz
                0x1fff8118                cydelay_freq_hz
                0x1fff8120                . = ALIGN (0x8)
 *fill*         0x1fff811c        0x4 
 *(.ram)
                0x1fff8120                _edata = .

.igot.plt       0x1fff8120        0x0 load address 0x00005338
 .igot.plt      0x00000000        0x0 c:/program files (x86)/cypress/psoc creator/3.2/psoc creator/import/gnu/arm/4.8.4/bin/../lib/gcc/arm-none-eabi/4.8.4/armv7-m/crtbegin.o

.bss            0x1fff8120      0x498 load address 0x00005338
                0x1fff8120                PROVIDE (__bss_start__, .)
 *(.shbss)
 *(.bss .bss.* .gnu.linkonce.b.*)
 .bss           0x1fff8120       0x1c c:/program files (x86)/cypress/psoc creator/3.2/psoc creator/import/gnu/arm/4.8.4/bin/../lib/gcc/arm-none-eabi/4.8.4/armv7-m/crtbegin.o
 .bss           0x1fff813c        0x2 .\CortexM3\ARM_GCC_484\Release\nanoNxt_ICM3.a(UART_1.o)
                0x1fff813c                UART_1_initVar
 .bss           0x1fff813e        0x1 .\CortexM3\ARM_GCC_484\Release\nanoNxt_ICM3.a(Tamper_Timer.o)
                0x1fff813e                Tamper_Timer_initVar
 .bss           0x1fff813f        0x1 .\CortexM3\ARM_GCC_484\Release\nanoNxt_ICM3.a(UART_TIMER.o)
                0x1fff813f                UART_TIMER_initVar
 .bss           0x1fff8140        0x1 .\CortexM3\ARM_GCC_484\Release\nanoNxt_ICM3.a(EZI2Cs.o)
                0x1fff8140                EZI2Cs_initVar
 .bss           0x1fff8141        0x2 .\CortexM3\ARM_GCC_484\Release\nanoNxt_ICM3.a(EZI2Cs_INT.o)
 .bss           0x1fff8143        0x1 .\CortexM3\ARM_GCC_484\Release\nanoNxt_ICM3.a(Timeout_Timer.o)
                0x1fff8143                Timeout_Timer_initVar
 .bss           0x1fff8144        0x1 .\CortexM3\ARM_GCC_484\Release\nanoNxt_ICM3.a(Timeout_Timer_Isr.o)
                0x1fff8144                ledr_on
 .bss           0x1fff8145        0x1 .\CortexM3\ARM_GCC_484\Release\nanoNxt_ICM3.a(OSDPReaderTimer.o)
                0x1fff8145                OSDPReaderTimer_initVar
 .bss           0x1fff8146        0x8 .\CortexM3\ARM_GCC_484\Release\nanoNxt_ICM3.a(UART_ACS.o)
                0x1fff8146                UART_ACS_errorStatus
                0x1fff8147                UART_ACS_initVar
                0x1fff8148                UART_ACS_rxBufferRead
                0x1fff814a                UART_ACS_rxBufferWrite
                0x1fff814c                UART_ACS_rxBufferLoopDetect
                0x1fff814d                UART_ACS_rxBufferOverflow
 .bss           0x1fff814e        0x6 .\CortexM3\ARM_GCC_484\Release\nanoNxt_ICM3.a(UART_READER.o)
                0x1fff814e                UART_READER_errorStatus
                0x1fff814f                UART_READER_initVar
                0x1fff8150                UART_READER_rxBufferRead
                0x1fff8151                UART_READER_rxBufferWrite
                0x1fff8152                UART_READER_rxBufferLoopDetect
                0x1fff8153                UART_READER_rxBufferOverflow
 *(COMMON)
 COMMON         0x1fff8154      0x13c .\CortexM3\ARM_GCC_484\Release\main.o
                0x1fff8154                osdp_mode
                0x1fff8158                TAMPERCR_POLARITY
                0x1fff815c                old
                0x1fff815d                MyI2C_Regs
                0x1fff825d                currentAccessType
                0x1fff8260                card_in_buf
                0x1fff8264                s
                0x1fff828c                card_ack
 COMMON         0x1fff8290        0x2 .\CortexM3\ARM_GCC_484\Release\wiegand.o
                0x1fff8290                f2f_ack_delay_cnt
                0x1fff8291                f2f_acknowledge_active
 COMMON         0x1fff8292      0x178 .\CortexM3\ARM_GCC_484\Release\i2cuart.o
                0x1fff8292                InterruptCnt
                0x1fff8293                panelReadBuf
                0x1fff8315                OSDPReaderTask
                0x1fff8316                osdp_msg_header
                0x1fff831e                readerReadBuffer
                0x1fff834f                readerSendBuffer
                0x1fff8380                osdp_reader_msg_header
                0x1fff8388                panelSendBuf
 *fill*         0x1fff840a        0x2 
 COMMON         0x1fff840c        0xd .\CortexM3\ARM_GCC_484\Release\nanoNxt_ICM3.a(EZI2Cs.o)
                0x1fff840c                EZI2Cs_bufSizeS1
                0x1fff840e                EZI2Cs_rwIndexS1
                0x1fff840f                EZI2Cs_rwOffsetS1
                0x1fff8410                EZI2Cs_wrProtectS1
                0x1fff8412                EZI2Cs_curStatus
                0x1fff8414                EZI2Cs_dataPtrS1
                0x1fff8418                EZI2Cs_curState
 *fill*         0x1fff8419        0x3 
 COMMON         0x1fff841c        0xc .\CortexM3\ARM_GCC_484\Release\nanoNxt_ICM3.a(isr_F2F_edge.o)
                0x1fff841c                activate_f2ftimer
                0x1fff8420                f2f_pulsewidth
                0x1fff8424                timeout_cnt
 COMMON         0x1fff8428        0x9 .\CortexM3\ARM_GCC_484\Release\nanoNxt_ICM3.a(isr_SW_Rst.o)
                0x1fff8428                buttonReleased
                0x1fff842c                buttonDuration
                0x1fff8430                buttonPressed
 COMMON         0x1fff8431      0x100 .\CortexM3\ARM_GCC_484\Release\nanoNxt_ICM3.a(UART_ACS.o)
                0x1fff8431                UART_ACS_rxBuffer
 COMMON         0x1fff8531       0x80 .\CortexM3\ARM_GCC_484\Release\nanoNxt_ICM3.a(UART_READER.o)
                0x1fff8531                UART_READER_rxBuffer
                0x1fff85b8                . = ALIGN (0x8)
 *fill*         0x1fff85b1        0x7 
 *(.ram.b)
                0x1fff85b8                _end = .
                0x1fff85b8                __end = .
                0x1fff85b8                PROVIDE (end, .)
                0x1fff85b8                PROVIDE (__bss_end__, .)
                0x00005320                __cy_region_init_ram = LOADADDR (.data)
                0x00000018                __cy_region_init_size_ram = (_edata - ADDR (.data))
                0x00000498                __cy_region_zero_size_ram = (_end - _edata)

.heap           0x1fff85b8       0x80 load address 0x00005338
                0x1fff85b8                . = _end
                0x1fff8638                . = (. + 0x80)
 *fill*         0x1fff85b8       0x80 
                0x1fff8638                __cy_heap_limit = .

.stack          0x20007800      0x800
                0x20007800                __cy_stack_limit = .
                0x20008000                . = (. + 0x800)
 *fill*         0x20007800      0x800 
                0x00000001                ASSERT ((__cy_stack_limit >= __cy_heap_limit), region RAM overflowed with stack)

.cyloadermeta   0xf0000000       0x40
 *(.cyloadermeta)
 .cyloadermeta  0xf0000000       0x40 .\CortexM3\ARM_GCC_484\Release\cybootloader.o
                0xf0000000                cy_meta_loader

.cyloadablemeta
                0x0003ffc0       0x40
 *(.cyloadablemeta)
 .cyloadablemeta
                0x0003ffc0       0x40 .\CortexM3\ARM_GCC_484\Release\cymetadata.o
                0x0003ffc0                cy_meta_loadable

.cyconfigecc    0x800004a0      0xec8
 *(.cyconfigecc)
 .cyconfigecc   0x800004a0      0xec8 .\CortexM3\ARM_GCC_484\Release\cymetadata.o
                0x800004a0                cy_meta_configecc

.cycustnvl      0x90000000        0x4
 *(.cycustnvl)
 .cycustnvl     0x90000000        0x4 .\CortexM3\ARM_GCC_484\Release\cybootloader.o
                0x90000000                cy_meta_custnvl

.cywolatch      0x90100000        0x4
 *(.cywolatch)
 .cywolatch     0x90100000        0x4 .\CortexM3\ARM_GCC_484\Release\cybootloader.o
                0x90100000                cy_meta_wonvl

.cyeeprom       0x90200000        0x0
 *(.cyeeprom)
                0x00000001                ASSERT ((. <= ((0x90200000 + ee_offset) + ee_size)), .cyeeprom data will not fit in EEPROM)

.cyflashprotect
                0x90400000      0x100
 *(.cyflashprotect)
 .cyflashprotect
                0x90400000      0x100 .\CortexM3\ARM_GCC_484\Release\cybootloader.o
                0x90400000                cy_meta_flashprotect

.cymeta         0x90500000        0xc
 *(.cymeta)
 .cymeta        0x90500000        0xc .\CortexM3\ARM_GCC_484\Release\cybootloader.o
                0x90500000                cy_metadata

.rel.dyn        0x00040000        0x0 load address 0x9050000c
 .rel.iplt      0x00000000        0x0 c:/program files (x86)/cypress/psoc creator/3.2/psoc creator/import/gnu/arm/4.8.4/bin/../lib/gcc/arm-none-eabi/4.8.4/armv7-m/crtbegin.o

.stab
 *(.stab)

.stabstr
 *(.stabstr)

.debug
 *(.debug)

.line
 *(.line)

.debug_srcinfo
 *(.debug_srcinfo)

.debug_sfnames
 *(.debug_sfnames)

.debug_aranges  0x00000000     0x1638
 *(.debug_aranges)
 .debug_aranges
                0x00000000       0x78 .\CortexM3\ARM_GCC_484\Release\main.o
 .debug_aranges
                0x00000078       0x38 .\CortexM3\ARM_GCC_484\Release\wiegand.o
 .debug_aranges
                0x000000b0       0x18 .\CortexM3\ARM_GCC_484\Release\power.o
 .debug_aranges
                0x000000c8       0x38 .\CortexM3\ARM_GCC_484\Release\inout.o
 .debug_aranges
                0x00000100       0xb8 .\CortexM3\ARM_GCC_484\Release\i2cuart.o
 .debug_aranges
                0x000001b8       0x48 .\CortexM3\ARM_GCC_484\Release\soft_uart.o
 .debug_aranges
                0x00000200       0x18 .\CortexM3\ARM_GCC_484\Release\cymetadata.o
 .debug_aranges
                0x00000218       0x48 .\CortexM3\ARM_GCC_484\Release\Cm3Start.o
 .debug_aranges
                0x00000260       0x18 .\CortexM3\ARM_GCC_484\Release\cybootloader.o
 .debug_aranges
                0x00000278       0x28 .\CortexM3\ARM_GCC_484\Release\nanoNxt_ICM3.a(cyfitter_cfg.o)
 .debug_aranges
                0x000002a0       0x38 .\CortexM3\ARM_GCC_484\Release\nanoNxt_ICM3.a(RELAY_B.o)
 .debug_aranges
                0x000002d8       0x38 .\CortexM3\ARM_GCC_484\Release\nanoNxt_ICM3.a(SOUND_OUT.o)
 .debug_aranges
                0x00000310       0x80 .\CortexM3\ARM_GCC_484\Release\nanoNxt_ICM3.a(Tamper_Timer_ISR.o)
 .debug_aranges
                0x00000390       0x38 .\CortexM3\ARM_GCC_484\Release\nanoNxt_ICM3.a(PS_D0.o)
 .debug_aranges
                0x000003c8       0x38 .\CortexM3\ARM_GCC_484\Release\nanoNxt_ICM3.a(PS_D1.o)
 .debug_aranges
                0x00000400       0x38 .\CortexM3\ARM_GCC_484\Release\nanoNxt_ICM3.a(Pin_WD0.o)
 .debug_aranges
                0x00000438       0x38 .\CortexM3\ARM_GCC_484\Release\nanoNxt_ICM3.a(Pin_WD1.o)
 .debug_aranges
                0x00000470       0xf0 .\CortexM3\ARM_GCC_484\Release\nanoNxt_ICM3.a(UART_1.o)
 .debug_aranges
                0x00000560       0x38 .\CortexM3\ARM_GCC_484\Release\nanoNxt_ICM3.a(TAMPER_OUT.o)
 .debug_aranges
                0x00000598       0x38 .\CortexM3\ARM_GCC_484\Release\nanoNxt_ICM3.a(LEDG_OUT.o)
 .debug_aranges
                0x000005d0       0x38 .\CortexM3\ARM_GCC_484\Release\nanoNxt_ICM3.a(SOUND_IN.o)
 .debug_aranges
                0x00000608       0x38 .\CortexM3\ARM_GCC_484\Release\nanoNxt_ICM3.a(LEDG_IN.o)
 .debug_aranges
                0x00000640       0x38 .\CortexM3\ARM_GCC_484\Release\nanoNxt_ICM3.a(TAMPER_IN.o)
 .debug_aranges
                0x00000678       0x38 .\CortexM3\ARM_GCC_484\Release\nanoNxt_ICM3.a(LEDR_IN.o)
 .debug_aranges
                0x000006b0       0x38 .\CortexM3\ARM_GCC_484\Release\nanoNxt_ICM3.a(LEDR_OUT.o)
 .debug_aranges
                0x000006e8       0x38 .\CortexM3\ARM_GCC_484\Release\nanoNxt_ICM3.a(REED_1.o)
 .debug_aranges
                0x00000720       0x38 .\CortexM3\ARM_GCC_484\Release\nanoNxt_ICM3.a(RELAY_A.o)
 .debug_aranges
                0x00000758       0x28 .\CortexM3\ARM_GCC_484\Release\nanoNxt_ICM3.a(OptSelect.o)
 .debug_aranges
                0x00000780       0x88 .\CortexM3\ARM_GCC_484\Release\nanoNxt_ICM3.a(Tamper_Timer.o)
 .debug_aranges
                0x00000808       0x88 .\CortexM3\ARM_GCC_484\Release\nanoNxt_ICM3.a(UART_TIMER.o)
 .debug_aranges
                0x00000890       0x80 .\CortexM3\ARM_GCC_484\Release\nanoNxt_ICM3.a(UART_TIMER_ISR.o)
 .debug_aranges
                0x00000910       0x20 .\CortexM3\ARM_GCC_484\Release\nanoNxt_ICM3.a(CyBootAsmGnu.o)
 .debug_aranges
                0x00000930      0x290 .\CortexM3\ARM_GCC_484\Release\nanoNxt_ICM3.a(CyLib.o)
 .debug_aranges
                0x00000bc0       0x78 .\CortexM3\ARM_GCC_484\Release\nanoNxt_ICM3.a(cyPm.o)
 .debug_aranges
                0x00000c38       0x58 .\CortexM3\ARM_GCC_484\Release\nanoNxt_ICM3.a(EZI2Cs.o)
 .debug_aranges
                0x00000c90       0x38 .\CortexM3\ARM_GCC_484\Release\nanoNxt_ICM3.a(EZI2Cs_PM.o)
 .debug_aranges
                0x00000cc8       0x20 .\CortexM3\ARM_GCC_484\Release\nanoNxt_ICM3.a(EZI2Cs_INT.o)
 .debug_aranges
                0x00000ce8       0x28 .\CortexM3\ARM_GCC_484\Release\nanoNxt_ICM3.a(BootloadableI2C.o)
 .debug_aranges
                0x00000d10       0x88 .\CortexM3\ARM_GCC_484\Release\nanoNxt_ICM3.a(Timeout_Timer.o)
 .debug_aranges
                0x00000d98       0x80 .\CortexM3\ARM_GCC_484\Release\nanoNxt_ICM3.a(Timeout_Timer_Isr.o)
 .debug_aranges
                0x00000e18       0x70 .\CortexM3\ARM_GCC_484\Release\nanoNxt_ICM3.a(Clock_5.o)
 .debug_aranges
                0x00000e88       0x80 .\CortexM3\ARM_GCC_484\Release\nanoNxt_ICM3.a(isr_F2F_edge.o)
 .debug_aranges
                0x00000f08       0x40 .\CortexM3\ARM_GCC_484\Release\nanoNxt_ICM3.a(FilterReg.o)
 .debug_aranges
                0x00000f48       0x38 .\CortexM3\ARM_GCC_484\Release\nanoNxt_ICM3.a(Mode_Sel_ACS.o)
 .debug_aranges
                0x00000f80       0x38 .\CortexM3\ARM_GCC_484\Release\nanoNxt_ICM3.a(TX_EN.o)
 .debug_aranges
                0x00000fb8       0x38 .\CortexM3\ARM_GCC_484\Release\nanoNxt_ICM3.a(CR_DE.o)
 .debug_aranges
                0x00000ff0       0x70 .\CortexM3\ARM_GCC_484\Release\nanoNxt_ICM3.a(Clock_6.o)
 .debug_aranges
                0x00001060       0x38 .\CortexM3\ARM_GCC_484\Release\nanoNxt_ICM3.a(Mode_Sel_CR.o)
 .debug_aranges
                0x00001098       0x80 .\CortexM3\ARM_GCC_484\Release\nanoNxt_ICM3.a(isr_keepalive.o)
 .debug_aranges
                0x00001118       0x90 .\CortexM3\ARM_GCC_484\Release\nanoNxt_ICM3.a(OSDPReaderTimer.o)
 .debug_aranges
                0x000011a8       0x80 .\CortexM3\ARM_GCC_484\Release\nanoNxt_ICM3.a(isr_SW_Rst.o)
 .debug_aranges
                0x00001228       0x38 .\CortexM3\ARM_GCC_484\Release\nanoNxt_ICM3.a(LED_GRN.o)
 .debug_aranges
                0x00001260       0x38 .\CortexM3\ARM_GCC_484\Release\nanoNxt_ICM3.a(LED_RED.o)
 .debug_aranges
                0x00001298       0x38 .\CortexM3\ARM_GCC_484\Release\nanoNxt_ICM3.a(LED_YEL.o)
 .debug_aranges
                0x000012d0      0x100 .\CortexM3\ARM_GCC_484\Release\nanoNxt_ICM3.a(UART_ACS.o)
 .debug_aranges
                0x000013d0       0x20 .\CortexM3\ARM_GCC_484\Release\nanoNxt_ICM3.a(UART_ACS_INT.o)
 .debug_aranges
                0x000013f0      0x100 .\CortexM3\ARM_GCC_484\Release\nanoNxt_ICM3.a(UART_READER.o)
 .debug_aranges
                0x000014f0       0x20 .\CortexM3\ARM_GCC_484\Release\nanoNxt_ICM3.a(UART_READER_INT.o)
 .debug_aranges
                0x00001510       0x70 .\CortexM3\ARM_GCC_484\Release\nanoNxt_ICM3.a(CyFlash.o)
 .debug_aranges
                0x00001580       0x78 .\CortexM3\ARM_GCC_484\Release\nanoNxt_ICM3.a(CySpc.o)
 .debug_aranges
                0x000015f8       0x40 .\CortexM3\ARM_GCC_484\Release\nanoNxt_ICM3.a(FltrReg.o)

.debug_pubnames
 *(.debug_pubnames)

.debug_info     0x00000000     0xcf8e
 *(.debug_info .gnu.linkonce.wi.*)
 .debug_info    0x00000000      0xefd .\CortexM3\ARM_GCC_484\Release\main.o
 .debug_info    0x00000efd      0x7a6 .\CortexM3\ARM_GCC_484\Release\wiegand.o
 .debug_info    0x000016a3       0xa7 .\CortexM3\ARM_GCC_484\Release\power.o
 .debug_info    0x0000174a      0x68e .\CortexM3\ARM_GCC_484\Release\inout.o
 .debug_info    0x00001dd8      0xd06 .\CortexM3\ARM_GCC_484\Release\i2cuart.o
 .debug_info    0x00002ade      0x310 .\CortexM3\ARM_GCC_484\Release\soft_uart.o
 .debug_info    0x00002dee       0xd8 .\CortexM3\ARM_GCC_484\Release\cymetadata.o
 .debug_info    0x00002ec6      0x3a3 .\CortexM3\ARM_GCC_484\Release\Cm3Start.o
 .debug_info    0x00003269      0x164 .\CortexM3\ARM_GCC_484\Release\cybootloader.o
 .debug_info    0x000033cd      0x63b .\CortexM3\ARM_GCC_484\Release\nanoNxt_ICM3.a(cyfitter_cfg.o)
 .debug_info    0x00003a08      0x120 .\CortexM3\ARM_GCC_484\Release\nanoNxt_ICM3.a(RELAY_B.o)
 .debug_info    0x00003b28      0x120 .\CortexM3\ARM_GCC_484\Release\nanoNxt_ICM3.a(SOUND_OUT.o)
 .debug_info    0x00003c48      0x53f .\CortexM3\ARM_GCC_484\Release\nanoNxt_ICM3.a(Tamper_Timer_ISR.o)
 .debug_info    0x00004187      0x120 .\CortexM3\ARM_GCC_484\Release\nanoNxt_ICM3.a(PS_D0.o)
 .debug_info    0x000042a7      0x120 .\CortexM3\ARM_GCC_484\Release\nanoNxt_ICM3.a(PS_D1.o)
 .debug_info    0x000043c7      0x120 .\CortexM3\ARM_GCC_484\Release\nanoNxt_ICM3.a(Pin_WD0.o)
 .debug_info    0x000044e7      0x120 .\CortexM3\ARM_GCC_484\Release\nanoNxt_ICM3.a(Pin_WD1.o)
 .debug_info    0x00004607      0x6e9 .\CortexM3\ARM_GCC_484\Release\nanoNxt_ICM3.a(UART_1.o)
 .debug_info    0x00004cf0      0x120 .\CortexM3\ARM_GCC_484\Release\nanoNxt_ICM3.a(TAMPER_OUT.o)
 .debug_info    0x00004e10      0x120 .\CortexM3\ARM_GCC_484\Release\nanoNxt_ICM3.a(LEDG_OUT.o)
 .debug_info    0x00004f30      0x120 .\CortexM3\ARM_GCC_484\Release\nanoNxt_ICM3.a(SOUND_IN.o)
 .debug_info    0x00005050      0x120 .\CortexM3\ARM_GCC_484\Release\nanoNxt_ICM3.a(LEDG_IN.o)
 .debug_info    0x00005170      0x120 .\CortexM3\ARM_GCC_484\Release\nanoNxt_ICM3.a(TAMPER_IN.o)
 .debug_info    0x00005290      0x120 .\CortexM3\ARM_GCC_484\Release\nanoNxt_ICM3.a(LEDR_IN.o)
 .debug_info    0x000053b0      0x120 .\CortexM3\ARM_GCC_484\Release\nanoNxt_ICM3.a(LEDR_OUT.o)
 .debug_info    0x000054d0      0x120 .\CortexM3\ARM_GCC_484\Release\nanoNxt_ICM3.a(REED_1.o)
 .debug_info    0x000055f0      0x120 .\CortexM3\ARM_GCC_484\Release\nanoNxt_ICM3.a(RELAY_A.o)
 .debug_info    0x00005710       0xd5 .\CortexM3\ARM_GCC_484\Release\nanoNxt_ICM3.a(OptSelect.o)
 .debug_info    0x000057e5      0x2e2 .\CortexM3\ARM_GCC_484\Release\nanoNxt_ICM3.a(Tamper_Timer.o)
 .debug_info    0x00005ac7      0x2e4 .\CortexM3\ARM_GCC_484\Release\nanoNxt_ICM3.a(UART_TIMER.o)
 .debug_info    0x00005dab      0x4d7 .\CortexM3\ARM_GCC_484\Release\nanoNxt_ICM3.a(UART_TIMER_ISR.o)
 .debug_info    0x00006282       0x9e .\CortexM3\ARM_GCC_484\Release\nanoNxt_ICM3.a(CyBootAsmGnu.o)
 .debug_info    0x00006320     0x12c6 .\CortexM3\ARM_GCC_484\Release\nanoNxt_ICM3.a(CyLib.o)
 .debug_info    0x000075e6      0x9a3 .\CortexM3\ARM_GCC_484\Release\nanoNxt_ICM3.a(cyPm.o)
 .debug_info    0x00007f89      0x3c5 .\CortexM3\ARM_GCC_484\Release\nanoNxt_ICM3.a(EZI2Cs.o)
 .debug_info    0x0000834e      0x1ea .\CortexM3\ARM_GCC_484\Release\nanoNxt_ICM3.a(EZI2Cs_PM.o)
 .debug_info    0x00008538      0x13f .\CortexM3\ARM_GCC_484\Release\nanoNxt_ICM3.a(EZI2Cs_INT.o)
 .debug_info    0x00008677      0x1e7 .\CortexM3\ARM_GCC_484\Release\nanoNxt_ICM3.a(BootloadableI2C.o)
 .debug_info    0x0000885e      0x2e2 .\CortexM3\ARM_GCC_484\Release\nanoNxt_ICM3.a(Timeout_Timer.o)
 .debug_info    0x00008b40      0x4dd .\CortexM3\ARM_GCC_484\Release\nanoNxt_ICM3.a(Timeout_Timer_Isr.o)
 .debug_info    0x0000901d      0x29b .\CortexM3\ARM_GCC_484\Release\nanoNxt_ICM3.a(Clock_5.o)
 .debug_info    0x000092b8      0x51a .\CortexM3\ARM_GCC_484\Release\nanoNxt_ICM3.a(isr_F2F_edge.o)
 .debug_info    0x000097d2      0x179 .\CortexM3\ARM_GCC_484\Release\nanoNxt_ICM3.a(FilterReg.o)
 .debug_info    0x0000994b      0x120 .\CortexM3\ARM_GCC_484\Release\nanoNxt_ICM3.a(Mode_Sel_ACS.o)
 .debug_info    0x00009a6b      0x120 .\CortexM3\ARM_GCC_484\Release\nanoNxt_ICM3.a(TX_EN.o)
 .debug_info    0x00009b8b      0x120 .\CortexM3\ARM_GCC_484\Release\nanoNxt_ICM3.a(CR_DE.o)
 .debug_info    0x00009cab      0x29b .\CortexM3\ARM_GCC_484\Release\nanoNxt_ICM3.a(Clock_6.o)
 .debug_info    0x00009f46      0x120 .\CortexM3\ARM_GCC_484\Release\nanoNxt_ICM3.a(Mode_Sel_CR.o)
 .debug_info    0x0000a066      0x373 .\CortexM3\ARM_GCC_484\Release\nanoNxt_ICM3.a(isr_keepalive.o)
 .debug_info    0x0000a3d9      0x34a .\CortexM3\ARM_GCC_484\Release\nanoNxt_ICM3.a(OSDPReaderTimer.o)
 .debug_info    0x0000a723      0x53f .\CortexM3\ARM_GCC_484\Release\nanoNxt_ICM3.a(isr_SW_Rst.o)
 .debug_info    0x0000ac62      0x120 .\CortexM3\ARM_GCC_484\Release\nanoNxt_ICM3.a(LED_GRN.o)
 .debug_info    0x0000ad82      0x120 .\CortexM3\ARM_GCC_484\Release\nanoNxt_ICM3.a(LED_RED.o)
 .debug_info    0x0000aea2      0x120 .\CortexM3\ARM_GCC_484\Release\nanoNxt_ICM3.a(LED_YEL.o)
 .debug_info    0x0000afc2      0x86e .\CortexM3\ARM_GCC_484\Release\nanoNxt_ICM3.a(UART_ACS.o)
 .debug_info    0x0000b830      0x154 .\CortexM3\ARM_GCC_484\Release\nanoNxt_ICM3.a(UART_ACS_INT.o)
 .debug_info    0x0000b984      0x869 .\CortexM3\ARM_GCC_484\Release\nanoNxt_ICM3.a(UART_READER.o)
 .debug_info    0x0000c1ed      0x144 .\CortexM3\ARM_GCC_484\Release\nanoNxt_ICM3.a(UART_READER_INT.o)
 .debug_info    0x0000c331      0x5f7 .\CortexM3\ARM_GCC_484\Release\nanoNxt_ICM3.a(CyFlash.o)
 .debug_info    0x0000c928      0x4ed .\CortexM3\ARM_GCC_484\Release\nanoNxt_ICM3.a(CySpc.o)
 .debug_info    0x0000ce15      0x179 .\CortexM3\ARM_GCC_484\Release\nanoNxt_ICM3.a(FltrReg.o)

.debug_abbrev   0x00000000     0x506c
 *(.debug_abbrev)
 .debug_abbrev  0x00000000      0x2aa .\CortexM3\ARM_GCC_484\Release\main.o
 .debug_abbrev  0x000002aa      0x22c .\CortexM3\ARM_GCC_484\Release\wiegand.o
 .debug_abbrev  0x000004d6       0x4b .\CortexM3\ARM_GCC_484\Release\power.o
 .debug_abbrev  0x00000521      0x1c2 .\CortexM3\ARM_GCC_484\Release\inout.o
 .debug_abbrev  0x000006e3      0x318 .\CortexM3\ARM_GCC_484\Release\i2cuart.o
 .debug_abbrev  0x000009fb      0x146 .\CortexM3\ARM_GCC_484\Release\soft_uart.o
 .debug_abbrev  0x00000b41       0x66 .\CortexM3\ARM_GCC_484\Release\cymetadata.o
 .debug_abbrev  0x00000ba7      0x20f .\CortexM3\ARM_GCC_484\Release\Cm3Start.o
 .debug_abbrev  0x00000db6       0x77 .\CortexM3\ARM_GCC_484\Release\cybootloader.o
 .debug_abbrev  0x00000e2d      0x269 .\CortexM3\ARM_GCC_484\Release\nanoNxt_ICM3.a(cyfitter_cfg.o)
 .debug_abbrev  0x00001096       0x9d .\CortexM3\ARM_GCC_484\Release\nanoNxt_ICM3.a(RELAY_B.o)
 .debug_abbrev  0x00001133       0x9d .\CortexM3\ARM_GCC_484\Release\nanoNxt_ICM3.a(SOUND_OUT.o)
 .debug_abbrev  0x000011d0      0x2e3 .\CortexM3\ARM_GCC_484\Release\nanoNxt_ICM3.a(Tamper_Timer_ISR.o)
 .debug_abbrev  0x000014b3       0x9d .\CortexM3\ARM_GCC_484\Release\nanoNxt_ICM3.a(PS_D0.o)
 .debug_abbrev  0x00001550       0x9d .\CortexM3\ARM_GCC_484\Release\nanoNxt_ICM3.a(PS_D1.o)
 .debug_abbrev  0x000015ed       0x9d .\CortexM3\ARM_GCC_484\Release\nanoNxt_ICM3.a(Pin_WD0.o)
 .debug_abbrev  0x0000168a       0x9d .\CortexM3\ARM_GCC_484\Release\nanoNxt_ICM3.a(Pin_WD1.o)
 .debug_abbrev  0x00001727      0x27d .\CortexM3\ARM_GCC_484\Release\nanoNxt_ICM3.a(UART_1.o)
 .debug_abbrev  0x000019a4       0x9d .\CortexM3\ARM_GCC_484\Release\nanoNxt_ICM3.a(TAMPER_OUT.o)
 .debug_abbrev  0x00001a41       0x9d .\CortexM3\ARM_GCC_484\Release\nanoNxt_ICM3.a(LEDG_OUT.o)
 .debug_abbrev  0x00001ade       0x9d .\CortexM3\ARM_GCC_484\Release\nanoNxt_ICM3.a(SOUND_IN.o)
 .debug_abbrev  0x00001b7b       0x9d .\CortexM3\ARM_GCC_484\Release\nanoNxt_ICM3.a(LEDG_IN.o)
 .debug_abbrev  0x00001c18       0x9d .\CortexM3\ARM_GCC_484\Release\nanoNxt_ICM3.a(TAMPER_IN.o)
 .debug_abbrev  0x00001cb5       0x9d .\CortexM3\ARM_GCC_484\Release\nanoNxt_ICM3.a(LEDR_IN.o)
 .debug_abbrev  0x00001d52       0x9d .\CortexM3\ARM_GCC_484\Release\nanoNxt_ICM3.a(LEDR_OUT.o)
 .debug_abbrev  0x00001def       0x9d .\CortexM3\ARM_GCC_484\Release\nanoNxt_ICM3.a(REED_1.o)
 .debug_abbrev  0x00001e8c       0x9d .\CortexM3\ARM_GCC_484\Release\nanoNxt_ICM3.a(RELAY_A.o)
 .debug_abbrev  0x00001f29       0x8e .\CortexM3\ARM_GCC_484\Release\nanoNxt_ICM3.a(OptSelect.o)
 .debug_abbrev  0x00001fb7      0x18e .\CortexM3\ARM_GCC_484\Release\nanoNxt_ICM3.a(Tamper_Timer.o)
 .debug_abbrev  0x00002145      0x197 .\CortexM3\ARM_GCC_484\Release\nanoNxt_ICM3.a(UART_TIMER.o)
 .debug_abbrev  0x000022dc      0x282 .\CortexM3\ARM_GCC_484\Release\nanoNxt_ICM3.a(UART_TIMER_ISR.o)
 .debug_abbrev  0x0000255e       0x14 .\CortexM3\ARM_GCC_484\Release\nanoNxt_ICM3.a(CyBootAsmGnu.o)
 .debug_abbrev  0x00002572      0x39c .\CortexM3\ARM_GCC_484\Release\nanoNxt_ICM3.a(CyLib.o)
 .debug_abbrev  0x0000290e      0x224 .\CortexM3\ARM_GCC_484\Release\nanoNxt_ICM3.a(cyPm.o)
 .debug_abbrev  0x00002b32      0x1de .\CortexM3\ARM_GCC_484\Release\nanoNxt_ICM3.a(EZI2Cs.o)
 .debug_abbrev  0x00002d10      0x139 .\CortexM3\ARM_GCC_484\Release\nanoNxt_ICM3.a(EZI2Cs_PM.o)
 .debug_abbrev  0x00002e49       0x8e .\CortexM3\ARM_GCC_484\Release\nanoNxt_ICM3.a(EZI2Cs_INT.o)
 .debug_abbrev  0x00002ed7      0x122 .\CortexM3\ARM_GCC_484\Release\nanoNxt_ICM3.a(BootloadableI2C.o)
 .debug_abbrev  0x00002ff9      0x18e .\CortexM3\ARM_GCC_484\Release\nanoNxt_ICM3.a(Timeout_Timer.o)
 .debug_abbrev  0x00003187      0x2a3 .\CortexM3\ARM_GCC_484\Release\nanoNxt_ICM3.a(Timeout_Timer_Isr.o)
 .debug_abbrev  0x0000342a      0x151 .\CortexM3\ARM_GCC_484\Release\nanoNxt_ICM3.a(Clock_5.o)
 .debug_abbrev  0x0000357b      0x2ad .\CortexM3\ARM_GCC_484\Release\nanoNxt_ICM3.a(isr_F2F_edge.o)
 .debug_abbrev  0x00003828       0xe1 .\CortexM3\ARM_GCC_484\Release\nanoNxt_ICM3.a(FilterReg.o)
 .debug_abbrev  0x00003909       0x9d .\CortexM3\ARM_GCC_484\Release\nanoNxt_ICM3.a(Mode_Sel_ACS.o)
 .debug_abbrev  0x000039a6       0x9d .\CortexM3\ARM_GCC_484\Release\nanoNxt_ICM3.a(TX_EN.o)
 .debug_abbrev  0x00003a43       0x9d .\CortexM3\ARM_GCC_484\Release\nanoNxt_ICM3.a(CR_DE.o)
 .debug_abbrev  0x00003ae0      0x151 .\CortexM3\ARM_GCC_484\Release\nanoNxt_ICM3.a(Clock_6.o)
 .debug_abbrev  0x00003c31       0x9d .\CortexM3\ARM_GCC_484\Release\nanoNxt_ICM3.a(Mode_Sel_CR.o)
 .debug_abbrev  0x00003cce      0x208 .\CortexM3\ARM_GCC_484\Release\nanoNxt_ICM3.a(isr_keepalive.o)
 .debug_abbrev  0x00003ed6      0x1dd .\CortexM3\ARM_GCC_484\Release\nanoNxt_ICM3.a(OSDPReaderTimer.o)
 .debug_abbrev  0x000040b3      0x2af .\CortexM3\ARM_GCC_484\Release\nanoNxt_ICM3.a(isr_SW_Rst.o)
 .debug_abbrev  0x00004362       0x9d .\CortexM3\ARM_GCC_484\Release\nanoNxt_ICM3.a(LED_GRN.o)
 .debug_abbrev  0x000043ff       0x9d .\CortexM3\ARM_GCC_484\Release\nanoNxt_ICM3.a(LED_RED.o)
 .debug_abbrev  0x0000449c       0x9d .\CortexM3\ARM_GCC_484\Release\nanoNxt_ICM3.a(LED_YEL.o)
 .debug_abbrev  0x00004539      0x280 .\CortexM3\ARM_GCC_484\Release\nanoNxt_ICM3.a(UART_ACS.o)
 .debug_abbrev  0x000047b9       0x97 .\CortexM3\ARM_GCC_484\Release\nanoNxt_ICM3.a(UART_ACS_INT.o)
 .debug_abbrev  0x00004850      0x28f .\CortexM3\ARM_GCC_484\Release\nanoNxt_ICM3.a(UART_READER.o)
 .debug_abbrev  0x00004adf       0x97 .\CortexM3\ARM_GCC_484\Release\nanoNxt_ICM3.a(UART_READER_INT.o)
 .debug_abbrev  0x00004b76      0x239 .\CortexM3\ARM_GCC_484\Release\nanoNxt_ICM3.a(CyFlash.o)
 .debug_abbrev  0x00004daf      0x1dc .\CortexM3\ARM_GCC_484\Release\nanoNxt_ICM3.a(CySpc.o)
 .debug_abbrev  0x00004f8b       0xe1 .\CortexM3\ARM_GCC_484\Release\nanoNxt_ICM3.a(FltrReg.o)

.debug_line     0x00000000     0x5a29
 *(.debug_line)
 .debug_line    0x00000000      0x581 .\CortexM3\ARM_GCC_484\Release\main.o
 .debug_line    0x00000581      0x366 .\CortexM3\ARM_GCC_484\Release\wiegand.o
 .debug_line    0x000008e7      0x13a .\CortexM3\ARM_GCC_484\Release\power.o
 .debug_line    0x00000a21      0x2e4 .\CortexM3\ARM_GCC_484\Release\inout.o
 .debug_line    0x00000d05      0x54f .\CortexM3\ARM_GCC_484\Release\i2cuart.o
 .debug_line    0x00001254      0x243 .\CortexM3\ARM_GCC_484\Release\soft_uart.o
 .debug_line    0x00001497       0x53 .\CortexM3\ARM_GCC_484\Release\cymetadata.o
 .debug_line    0x000014ea      0x215 .\CortexM3\ARM_GCC_484\Release\Cm3Start.o
 .debug_line    0x000016ff       0x55 .\CortexM3\ARM_GCC_484\Release\cybootloader.o
 .debug_line    0x00001754      0x1d7 .\CortexM3\ARM_GCC_484\Release\nanoNxt_ICM3.a(cyfitter_cfg.o)
 .debug_line    0x0000192b       0x9a .\CortexM3\ARM_GCC_484\Release\nanoNxt_ICM3.a(RELAY_B.o)
 .debug_line    0x000019c5       0x9c .\CortexM3\ARM_GCC_484\Release\nanoNxt_ICM3.a(SOUND_OUT.o)
 .debug_line    0x00001a61      0x1d1 .\CortexM3\ARM_GCC_484\Release\nanoNxt_ICM3.a(Tamper_Timer_ISR.o)
 .debug_line    0x00001c32       0x96 .\CortexM3\ARM_GCC_484\Release\nanoNxt_ICM3.a(PS_D0.o)
 .debug_line    0x00001cc8       0x98 .\CortexM3\ARM_GCC_484\Release\nanoNxt_ICM3.a(PS_D1.o)
 .debug_line    0x00001d60       0x9a .\CortexM3\ARM_GCC_484\Release\nanoNxt_ICM3.a(Pin_WD0.o)
 .debug_line    0x00001dfa       0x98 .\CortexM3\ARM_GCC_484\Release\nanoNxt_ICM3.a(Pin_WD1.o)
 .debug_line    0x00001e92      0x2ff .\CortexM3\ARM_GCC_484\Release\nanoNxt_ICM3.a(UART_1.o)
 .debug_line    0x00002191       0x9d .\CortexM3\ARM_GCC_484\Release\nanoNxt_ICM3.a(TAMPER_OUT.o)
 .debug_line    0x0000222e       0x9b .\CortexM3\ARM_GCC_484\Release\nanoNxt_ICM3.a(LEDG_OUT.o)
 .debug_line    0x000022c9       0x97 .\CortexM3\ARM_GCC_484\Release\nanoNxt_ICM3.a(SOUND_IN.o)
 .debug_line    0x00002360       0x9a .\CortexM3\ARM_GCC_484\Release\nanoNxt_ICM3.a(LEDG_IN.o)
 .debug_line    0x000023fa       0x9c .\CortexM3\ARM_GCC_484\Release\nanoNxt_ICM3.a(TAMPER_IN.o)
 .debug_line    0x00002496       0x9a .\CortexM3\ARM_GCC_484\Release\nanoNxt_ICM3.a(LEDR_IN.o)
 .debug_line    0x00002530       0x9b .\CortexM3\ARM_GCC_484\Release\nanoNxt_ICM3.a(LEDR_OUT.o)
 .debug_line    0x000025cb       0x99 .\CortexM3\ARM_GCC_484\Release\nanoNxt_ICM3.a(REED_1.o)
 .debug_line    0x00002664       0x9a .\CortexM3\ARM_GCC_484\Release\nanoNxt_ICM3.a(RELAY_A.o)
 .debug_line    0x000026fe       0x73 .\CortexM3\ARM_GCC_484\Release\nanoNxt_ICM3.a(OptSelect.o)
 .debug_line    0x00002771      0x165 .\CortexM3\ARM_GCC_484\Release\nanoNxt_ICM3.a(Tamper_Timer.o)
 .debug_line    0x000028d6      0x163 .\CortexM3\ARM_GCC_484\Release\nanoNxt_ICM3.a(UART_TIMER.o)
 .debug_line    0x00002a39      0x1a8 .\CortexM3\ARM_GCC_484\Release\nanoNxt_ICM3.a(UART_TIMER_ISR.o)
 .debug_line    0x00002be1       0x68 .\CortexM3\ARM_GCC_484\Release\nanoNxt_ICM3.a(CyBootAsmGnu.o)
 .debug_line    0x00002c49      0x7d1 .\CortexM3\ARM_GCC_484\Release\nanoNxt_ICM3.a(CyLib.o)
 .debug_line    0x0000341a      0x38d .\CortexM3\ARM_GCC_484\Release\nanoNxt_ICM3.a(cyPm.o)
 .debug_line    0x000037a7      0x14b .\CortexM3\ARM_GCC_484\Release\nanoNxt_ICM3.a(EZI2Cs.o)
 .debug_line    0x000038f2       0xc5 .\CortexM3\ARM_GCC_484\Release\nanoNxt_ICM3.a(EZI2Cs_PM.o)
 .debug_line    0x000039b7       0xbb .\CortexM3\ARM_GCC_484\Release\nanoNxt_ICM3.a(EZI2Cs_INT.o)
 .debug_line    0x00003a72       0xaa .\CortexM3\ARM_GCC_484\Release\nanoNxt_ICM3.a(BootloadableI2C.o)
 .debug_line    0x00003b1c      0x166 .\CortexM3\ARM_GCC_484\Release\nanoNxt_ICM3.a(Timeout_Timer.o)
 .debug_line    0x00003c82      0x1bf .\CortexM3\ARM_GCC_484\Release\nanoNxt_ICM3.a(Timeout_Timer_Isr.o)
 .debug_line    0x00003e41      0x1c9 .\CortexM3\ARM_GCC_484\Release\nanoNxt_ICM3.a(Clock_5.o)
 .debug_line    0x0000400a      0x1c2 .\CortexM3\ARM_GCC_484\Release\nanoNxt_ICM3.a(isr_F2F_edge.o)
 .debug_line    0x000041cc       0xba .\CortexM3\ARM_GCC_484\Release\nanoNxt_ICM3.a(FilterReg.o)
 .debug_line    0x00004286       0x9d .\CortexM3\ARM_GCC_484\Release\nanoNxt_ICM3.a(Mode_Sel_ACS.o)
 .debug_line    0x00004323       0x98 .\CortexM3\ARM_GCC_484\Release\nanoNxt_ICM3.a(TX_EN.o)
 .debug_line    0x000043bb       0x98 .\CortexM3\ARM_GCC_484\Release\nanoNxt_ICM3.a(CR_DE.o)
 .debug_line    0x00004453      0x1c9 .\CortexM3\ARM_GCC_484\Release\nanoNxt_ICM3.a(Clock_6.o)
 .debug_line    0x0000461c       0x9e .\CortexM3\ARM_GCC_484\Release\nanoNxt_ICM3.a(Mode_Sel_CR.o)
 .debug_line    0x000046ba      0x176 .\CortexM3\ARM_GCC_484\Release\nanoNxt_ICM3.a(isr_keepalive.o)
 .debug_line    0x00004830      0x19f .\CortexM3\ARM_GCC_484\Release\nanoNxt_ICM3.a(OSDPReaderTimer.o)
 .debug_line    0x000049cf      0x1b7 .\CortexM3\ARM_GCC_484\Release\nanoNxt_ICM3.a(isr_SW_Rst.o)
 .debug_line    0x00004b86       0x9a .\CortexM3\ARM_GCC_484\Release\nanoNxt_ICM3.a(LED_GRN.o)
 .debug_line    0x00004c20       0x9a .\CortexM3\ARM_GCC_484\Release\nanoNxt_ICM3.a(LED_RED.o)
 .debug_line    0x00004cba       0x96 .\CortexM3\ARM_GCC_484\Release\nanoNxt_ICM3.a(LED_YEL.o)
 .debug_line    0x00004d50      0x374 .\CortexM3\ARM_GCC_484\Release\nanoNxt_ICM3.a(UART_ACS.o)
 .debug_line    0x000050c4       0x91 .\CortexM3\ARM_GCC_484\Release\nanoNxt_ICM3.a(UART_ACS_INT.o)
 .debug_line    0x00005155      0x37e .\CortexM3\ARM_GCC_484\Release\nanoNxt_ICM3.a(UART_READER.o)
 .debug_line    0x000054d3       0x97 .\CortexM3\ARM_GCC_484\Release\nanoNxt_ICM3.a(UART_READER_INT.o)
 .debug_line    0x0000556a      0x1e1 .\CortexM3\ARM_GCC_484\Release\nanoNxt_ICM3.a(CyFlash.o)
 .debug_line    0x0000574b      0x226 .\CortexM3\ARM_GCC_484\Release\nanoNxt_ICM3.a(CySpc.o)
 .debug_line    0x00005971       0xb8 .\CortexM3\ARM_GCC_484\Release\nanoNxt_ICM3.a(FltrReg.o)

.debug_frame    0x00000000     0x2e30
 *(.debug_frame)
 .debug_frame   0x00000000      0x154 .\CortexM3\ARM_GCC_484\Release\main.o
 .debug_frame   0x00000154       0xc4 .\CortexM3\ARM_GCC_484\Release\wiegand.o
 .debug_frame   0x00000218       0x8c .\CortexM3\ARM_GCC_484\Release\inout.o
 .debug_frame   0x000002a4      0x250 .\CortexM3\ARM_GCC_484\Release\i2cuart.o
 .debug_frame   0x000004f4       0x94 .\CortexM3\ARM_GCC_484\Release\soft_uart.o
 .debug_frame   0x00000588       0xac .\CortexM3\ARM_GCC_484\Release\Cm3Start.o
 .debug_frame   0x00000634       0x48 .\CortexM3\ARM_GCC_484\Release\nanoNxt_ICM3.a(cyfitter_cfg.o)
 .debug_frame   0x0000067c       0x50 .\CortexM3\ARM_GCC_484\Release\nanoNxt_ICM3.a(RELAY_B.o)
 .debug_frame   0x000006cc       0x50 .\CortexM3\ARM_GCC_484\Release\nanoNxt_ICM3.a(SOUND_OUT.o)
 .debug_frame   0x0000071c       0xf0 .\CortexM3\ARM_GCC_484\Release\nanoNxt_ICM3.a(Tamper_Timer_ISR.o)
 .debug_frame   0x0000080c       0x50 .\CortexM3\ARM_GCC_484\Release\nanoNxt_ICM3.a(PS_D0.o)
 .debug_frame   0x0000085c       0x50 .\CortexM3\ARM_GCC_484\Release\nanoNxt_ICM3.a(PS_D1.o)
 .debug_frame   0x000008ac       0x50 .\CortexM3\ARM_GCC_484\Release\nanoNxt_ICM3.a(Pin_WD0.o)
 .debug_frame   0x000008fc       0x50 .\CortexM3\ARM_GCC_484\Release\nanoNxt_ICM3.a(Pin_WD1.o)
 .debug_frame   0x0000094c      0x228 .\CortexM3\ARM_GCC_484\Release\nanoNxt_ICM3.a(UART_1.o)
 .debug_frame   0x00000b74       0x50 .\CortexM3\ARM_GCC_484\Release\nanoNxt_ICM3.a(TAMPER_OUT.o)
 .debug_frame   0x00000bc4       0x50 .\CortexM3\ARM_GCC_484\Release\nanoNxt_ICM3.a(LEDG_OUT.o)
 .debug_frame   0x00000c14       0x50 .\CortexM3\ARM_GCC_484\Release\nanoNxt_ICM3.a(SOUND_IN.o)
 .debug_frame   0x00000c64       0x50 .\CortexM3\ARM_GCC_484\Release\nanoNxt_ICM3.a(LEDG_IN.o)
 .debug_frame   0x00000cb4       0x50 .\CortexM3\ARM_GCC_484\Release\nanoNxt_ICM3.a(TAMPER_IN.o)
 .debug_frame   0x00000d04       0x50 .\CortexM3\ARM_GCC_484\Release\nanoNxt_ICM3.a(LEDR_IN.o)
 .debug_frame   0x00000d54       0x50 .\CortexM3\ARM_GCC_484\Release\nanoNxt_ICM3.a(LEDR_OUT.o)
 .debug_frame   0x00000da4       0x50 .\CortexM3\ARM_GCC_484\Release\nanoNxt_ICM3.a(REED_1.o)
 .debug_frame   0x00000df4       0x50 .\CortexM3\ARM_GCC_484\Release\nanoNxt_ICM3.a(RELAY_A.o)
 .debug_frame   0x00000e44       0x30 .\CortexM3\ARM_GCC_484\Release\nanoNxt_ICM3.a(OptSelect.o)
 .debug_frame   0x00000e74       0xfc .\CortexM3\ARM_GCC_484\Release\nanoNxt_ICM3.a(Tamper_Timer.o)
 .debug_frame   0x00000f70       0xfc .\CortexM3\ARM_GCC_484\Release\nanoNxt_ICM3.a(UART_TIMER.o)
 .debug_frame   0x0000106c       0xec .\CortexM3\ARM_GCC_484\Release\nanoNxt_ICM3.a(UART_TIMER_ISR.o)
 .debug_frame   0x00001158      0x688 .\CortexM3\ARM_GCC_484\Release\nanoNxt_ICM3.a(CyLib.o)
 .debug_frame   0x000017e0      0x1a4 .\CortexM3\ARM_GCC_484\Release\nanoNxt_ICM3.a(cyPm.o)
 .debug_frame   0x00001984       0xdc .\CortexM3\ARM_GCC_484\Release\nanoNxt_ICM3.a(EZI2Cs.o)
 .debug_frame   0x00001a60       0x74 .\CortexM3\ARM_GCC_484\Release\nanoNxt_ICM3.a(EZI2Cs_PM.o)
 .debug_frame   0x00001ad4       0x30 .\CortexM3\ARM_GCC_484\Release\nanoNxt_ICM3.a(EZI2Cs_INT.o)
 .debug_frame   0x00001b04       0x44 .\CortexM3\ARM_GCC_484\Release\nanoNxt_ICM3.a(BootloadableI2C.o)
 .debug_frame   0x00001b48       0xfc .\CortexM3\ARM_GCC_484\Release\nanoNxt_ICM3.a(Timeout_Timer.o)
 .debug_frame   0x00001c44       0xec .\CortexM3\ARM_GCC_484\Release\nanoNxt_ICM3.a(Timeout_Timer_Isr.o)
 .debug_frame   0x00001d30       0xe0 .\CortexM3\ARM_GCC_484\Release\nanoNxt_ICM3.a(Clock_5.o)
 .debug_frame   0x00001e10       0xec .\CortexM3\ARM_GCC_484\Release\nanoNxt_ICM3.a(isr_F2F_edge.o)
 .debug_frame   0x00001efc       0x78 .\CortexM3\ARM_GCC_484\Release\nanoNxt_ICM3.a(FilterReg.o)
 .debug_frame   0x00001f74       0x50 .\CortexM3\ARM_GCC_484\Release\nanoNxt_ICM3.a(Mode_Sel_ACS.o)
 .debug_frame   0x00001fc4       0x50 .\CortexM3\ARM_GCC_484\Release\nanoNxt_ICM3.a(TX_EN.o)
 .debug_frame   0x00002014       0x50 .\CortexM3\ARM_GCC_484\Release\nanoNxt_ICM3.a(CR_DE.o)
 .debug_frame   0x00002064       0xe0 .\CortexM3\ARM_GCC_484\Release\nanoNxt_ICM3.a(Clock_6.o)
 .debug_frame   0x00002144       0x50 .\CortexM3\ARM_GCC_484\Release\nanoNxt_ICM3.a(Mode_Sel_CR.o)
 .debug_frame   0x00002194       0xe0 .\CortexM3\ARM_GCC_484\Release\nanoNxt_ICM3.a(isr_keepalive.o)
 .debug_frame   0x00002274      0x118 .\CortexM3\ARM_GCC_484\Release\nanoNxt_ICM3.a(OSDPReaderTimer.o)
 .debug_frame   0x0000238c       0xf0 .\CortexM3\ARM_GCC_484\Release\nanoNxt_ICM3.a(isr_SW_Rst.o)
 .debug_frame   0x0000247c       0x50 .\CortexM3\ARM_GCC_484\Release\nanoNxt_ICM3.a(LED_GRN.o)
 .debug_frame   0x000024cc       0x50 .\CortexM3\ARM_GCC_484\Release\nanoNxt_ICM3.a(LED_RED.o)
 .debug_frame   0x0000251c       0x50 .\CortexM3\ARM_GCC_484\Release\nanoNxt_ICM3.a(LED_YEL.o)
 .debug_frame   0x0000256c      0x260 .\CortexM3\ARM_GCC_484\Release\nanoNxt_ICM3.a(UART_ACS.o)
 .debug_frame   0x000027cc       0x20 .\CortexM3\ARM_GCC_484\Release\nanoNxt_ICM3.a(UART_ACS_INT.o)
 .debug_frame   0x000027ec      0x260 .\CortexM3\ARM_GCC_484\Release\nanoNxt_ICM3.a(UART_READER.o)
 .debug_frame   0x00002a4c       0x20 .\CortexM3\ARM_GCC_484\Release\nanoNxt_ICM3.a(UART_READER_INT.o)
 .debug_frame   0x00002a6c      0x134 .\CortexM3\ARM_GCC_484\Release\nanoNxt_ICM3.a(CyFlash.o)
 .debug_frame   0x00002ba0      0x15c .\CortexM3\ARM_GCC_484\Release\nanoNxt_ICM3.a(CySpc.o)
 .debug_frame   0x00002cfc       0x78 .\CortexM3\ARM_GCC_484\Release\nanoNxt_ICM3.a(FltrReg.o)
 .debug_frame   0x00002d74       0x20 c:/program files (x86)/cypress/psoc creator/3.2/psoc creator/import/gnu/arm/4.8.4/bin/../lib/gcc/arm-none-eabi/4.8.4/../../../../arm-none-eabi/lib/armv7-m\libg_s.a(lib_a-errno.o)
 .debug_frame   0x00002d94       0x28 c:/program files (x86)/cypress/psoc creator/3.2/psoc creator/import/gnu/arm/4.8.4/bin/../lib/gcc/arm-none-eabi/4.8.4/../../../../arm-none-eabi/lib/armv7-m\libg_s.a(lib_a-exit.o)
 .debug_frame   0x00002dbc       0x2c c:/program files (x86)/cypress/psoc creator/3.2/psoc creator/import/gnu/arm/4.8.4/bin/../lib/gcc/arm-none-eabi/4.8.4/../../../../arm-none-eabi/lib/armv7-m\libg_s.a(lib_a-init.o)
 .debug_frame   0x00002de8       0x28 c:/program files (x86)/cypress/psoc creator/3.2/psoc creator/import/gnu/arm/4.8.4/bin/../lib/gcc/arm-none-eabi/4.8.4/../../../../arm-none-eabi/lib/armv7-m\libg_s.a(lib_a-memcpy-stub.o)
 .debug_frame   0x00002e10       0x20 c:/program files (x86)/cypress/psoc creator/3.2/psoc creator/import/gnu/arm/4.8.4/bin/../lib/gcc/arm-none-eabi/4.8.4/../../../../arm-none-eabi/lib/armv7-m\libg_s.a(lib_a-memset.o)

.debug_str      0x00000000     0x4247
 *(.debug_str)
 .debug_str     0x00000000      0x78f .\CortexM3\ARM_GCC_484\Release\main.o
                                0x802 (size before relaxing)
 .debug_str     0x0000078f       0xf7 .\CortexM3\ARM_GCC_484\Release\wiegand.o
                                0x4ac (size before relaxing)
 .debug_str     0x00000886        0xa .\CortexM3\ARM_GCC_484\Release\power.o
                                0x192 (size before relaxing)
 .debug_str     0x00000890       0xd2 .\CortexM3\ARM_GCC_484\Release\inout.o
                                0x493 (size before relaxing)
 .debug_str     0x00000962      0x271 .\CortexM3\ARM_GCC_484\Release\i2cuart.o
                                0x797 (size before relaxing)
 .debug_str     0x00000bd3       0x49 .\CortexM3\ARM_GCC_484\Release\soft_uart.o
                                0x283 (size before relaxing)
 .debug_str     0x00000c1c       0x49 .\CortexM3\ARM_GCC_484\Release\cymetadata.o
                                0x1b8 (size before relaxing)
 .debug_str     0x00000c65      0x14d .\CortexM3\ARM_GCC_484\Release\Cm3Start.o
                                0x2fa (size before relaxing)
 .debug_str     0x00000db2       0x84 .\CortexM3\ARM_GCC_484\Release\cybootloader.o
                                0x1f3 (size before relaxing)
 .debug_str     0x00000e36      0x199 .\CortexM3\ARM_GCC_484\Release\nanoNxt_ICM3.a(cyfitter_cfg.o)
                                0x342 (size before relaxing)
 .debug_str     0x00000fcf       0x64 .\CortexM3\ARM_GCC_484\Release\nanoNxt_ICM3.a(RELAY_B.o)
                                0x1e8 (size before relaxing)
 .debug_str     0x00001033       0x61 .\CortexM3\ARM_GCC_484\Release\nanoNxt_ICM3.a(SOUND_OUT.o)
                                0x1f2 (size before relaxing)
 .debug_str     0x00001094      0x1a1 .\CortexM3\ARM_GCC_484\Release\nanoNxt_ICM3.a(Tamper_Timer_ISR.o)
                                0x471 (size before relaxing)
 .debug_str     0x00001235       0x51 .\CortexM3\ARM_GCC_484\Release\nanoNxt_ICM3.a(PS_D0.o)
                                0x1de (size before relaxing)
 .debug_str     0x00001286       0x51 .\CortexM3\ARM_GCC_484\Release\nanoNxt_ICM3.a(PS_D1.o)
                                0x1de (size before relaxing)
 .debug_str     0x000012d7       0x5a .\CortexM3\ARM_GCC_484\Release\nanoNxt_ICM3.a(Pin_WD0.o)
                                0x1e8 (size before relaxing)
 .debug_str     0x00001331       0x5a .\CortexM3\ARM_GCC_484\Release\nanoNxt_ICM3.a(Pin_WD1.o)
                                0x1e8 (size before relaxing)
 .debug_str     0x0000138b      0x28b .\CortexM3\ARM_GCC_484\Release\nanoNxt_ICM3.a(UART_1.o)
                                0x478 (size before relaxing)
 .debug_str     0x00001616       0x65 .\CortexM3\ARM_GCC_484\Release\nanoNxt_ICM3.a(TAMPER_OUT.o)
                                0x1f7 (size before relaxing)
 .debug_str     0x0000167b       0x5d .\CortexM3\ARM_GCC_484\Release\nanoNxt_ICM3.a(LEDG_OUT.o)
                                0x1ed (size before relaxing)
 .debug_str     0x000016d8       0x5e .\CortexM3\ARM_GCC_484\Release\nanoNxt_ICM3.a(SOUND_IN.o)
                                0x1ed (size before relaxing)
 .debug_str     0x00001736       0x5a .\CortexM3\ARM_GCC_484\Release\nanoNxt_ICM3.a(LEDG_IN.o)
                                0x1e8 (size before relaxing)
 .debug_str     0x00001790       0x62 .\CortexM3\ARM_GCC_484\Release\nanoNxt_ICM3.a(TAMPER_IN.o)
                                0x1f2 (size before relaxing)
 .debug_str     0x000017f2       0x5a .\CortexM3\ARM_GCC_484\Release\nanoNxt_ICM3.a(LEDR_IN.o)
                                0x1e8 (size before relaxing)
 .debug_str     0x0000184c       0x5d .\CortexM3\ARM_GCC_484\Release\nanoNxt_ICM3.a(LEDR_OUT.o)
                                0x1ed (size before relaxing)
 .debug_str     0x000018a9       0x56 .\CortexM3\ARM_GCC_484\Release\nanoNxt_ICM3.a(REED_1.o)
                                0x1e3 (size before relaxing)
 .debug_str     0x000018ff       0x59 .\CortexM3\ARM_GCC_484\Release\nanoNxt_ICM3.a(RELAY_A.o)
                                0x1e8 (size before relaxing)
 .debug_str     0x00001958       0x34 .\CortexM3\ARM_GCC_484\Release\nanoNxt_ICM3.a(OptSelect.o)
                                0x1b7 (size before relaxing)
 .debug_str     0x0000198c      0x187 .\CortexM3\ARM_GCC_484\Release\nanoNxt_ICM3.a(Tamper_Timer.o)
                                0x355 (size before relaxing)
 .debug_str     0x00001b13      0x172 .\CortexM3\ARM_GCC_484\Release\nanoNxt_ICM3.a(UART_TIMER.o)
                                0x335 (size before relaxing)
 .debug_str     0x00001c85      0x14f .\CortexM3\ARM_GCC_484\Release\nanoNxt_ICM3.a(UART_TIMER_ISR.o)
                                0x3ed (size before relaxing)
 .debug_str     0x00001dd4      0x7cd .\CortexM3\ARM_GCC_484\Release\nanoNxt_ICM3.a(CyLib.o)
                                0xa1f (size before relaxing)
 .debug_str     0x000025a1      0x35b .\CortexM3\ARM_GCC_484\Release\nanoNxt_ICM3.a(cyPm.o)
                                0x710 (size before relaxing)
 .debug_str     0x000028fc      0x179 .\CortexM3\ARM_GCC_484\Release\nanoNxt_ICM3.a(EZI2Cs.o)
                                0x3a3 (size before relaxing)
 .debug_str     0x00002a75       0x67 .\CortexM3\ARM_GCC_484\Release\nanoNxt_ICM3.a(EZI2Cs_PM.o)
                                0x27d (size before relaxing)
 .debug_str     0x00002adc       0x3d .\CortexM3\ARM_GCC_484\Release\nanoNxt_ICM3.a(EZI2Cs_INT.o)
                                0x231 (size before relaxing)
 .debug_str     0x00002b19       0x7e .\CortexM3\ARM_GCC_484\Release\nanoNxt_ICM3.a(BootloadableI2C.o)
                                0x24c (size before relaxing)
 .debug_str     0x00002b97      0x18c .\CortexM3\ARM_GCC_484\Release\nanoNxt_ICM3.a(Timeout_Timer.o)
                                0x365 (size before relaxing)
 .debug_str     0x00002d23      0x17e .\CortexM3\ARM_GCC_484\Release\nanoNxt_ICM3.a(Timeout_Timer_Isr.o)
                                0x436 (size before relaxing)
 .debug_str     0x00002ea1      0x13b .\CortexM3\ARM_GCC_484\Release\nanoNxt_ICM3.a(Clock_5.o)
                                0x2ea (size before relaxing)
 .debug_str     0x00002fdc      0x11b .\CortexM3\ARM_GCC_484\Release\nanoNxt_ICM3.a(isr_F2F_edge.o)
                                0x438 (size before relaxing)
 .debug_str     0x000030f7       0x81 .\CortexM3\ARM_GCC_484\Release\nanoNxt_ICM3.a(FilterReg.o)
                                0x245 (size before relaxing)
 .debug_str     0x00003178       0x6d .\CortexM3\ARM_GCC_484\Release\nanoNxt_ICM3.a(Mode_Sel_ACS.o)
                                0x201 (size before relaxing)
 .debug_str     0x000031e5       0x51 .\CortexM3\ARM_GCC_484\Release\nanoNxt_ICM3.a(TX_EN.o)
                                0x1de (size before relaxing)
 .debug_str     0x00003236       0x51 .\CortexM3\ARM_GCC_484\Release\nanoNxt_ICM3.a(CR_DE.o)
                                0x1de (size before relaxing)
 .debug_str     0x00003287       0xf0 .\CortexM3\ARM_GCC_484\Release\nanoNxt_ICM3.a(Clock_6.o)
                                0x2ea (size before relaxing)
 .debug_str     0x00003377       0x69 .\CortexM3\ARM_GCC_484\Release\nanoNxt_ICM3.a(Mode_Sel_CR.o)
                                0x1fc (size before relaxing)
 .debug_str     0x000033e0      0x142 .\CortexM3\ARM_GCC_484\Release\nanoNxt_ICM3.a(isr_keepalive.o)
                                0x306 (size before relaxing)
 .debug_str     0x00003522      0x1f6 .\CortexM3\ARM_GCC_484\Release\nanoNxt_ICM3.a(OSDPReaderTimer.o)
                                0x3df (size before relaxing)
 .debug_str     0x00003718      0x135 .\CortexM3\ARM_GCC_484\Release\nanoNxt_ICM3.a(isr_SW_Rst.o)
                                0x3e2 (size before relaxing)
 .debug_str     0x0000384d       0x59 .\CortexM3\ARM_GCC_484\Release\nanoNxt_ICM3.a(LED_GRN.o)
                                0x1e8 (size before relaxing)
 .debug_str     0x000038a6       0x59 .\CortexM3\ARM_GCC_484\Release\nanoNxt_ICM3.a(LED_RED.o)
                                0x1e8 (size before relaxing)
 .debug_str     0x000038ff       0x59 .\CortexM3\ARM_GCC_484\Release\nanoNxt_ICM3.a(LED_YEL.o)
                                0x1e8 (size before relaxing)
 .debug_str     0x00003958      0x2c0 .\CortexM3\ARM_GCC_484\Release\nanoNxt_ICM3.a(UART_ACS.o)
                                0x5c9 (size before relaxing)
 .debug_str     0x00003c18       0x5d .\CortexM3\ARM_GCC_484\Release\nanoNxt_ICM3.a(UART_ACS_INT.o)
                                0x262 (size before relaxing)
 .debug_str     0x00003c75      0x2f8 .\CortexM3\ARM_GCC_484\Release\nanoNxt_ICM3.a(UART_READER.o)
                                0x638 (size before relaxing)
 .debug_str     0x00003f6d       0x3d .\CortexM3\ARM_GCC_484\Release\nanoNxt_ICM3.a(UART_READER_INT.o)
                                0x273 (size before relaxing)
 .debug_str     0x00003faa      0x178 .\CortexM3\ARM_GCC_484\Release\nanoNxt_ICM3.a(CyFlash.o)
                                0x38a (size before relaxing)
 .debug_str     0x00004122       0xae .\CortexM3\ARM_GCC_484\Release\nanoNxt_ICM3.a(CySpc.o)
                                0x31a (size before relaxing)
 .debug_str     0x000041d0       0x77 .\CortexM3\ARM_GCC_484\Release\nanoNxt_ICM3.a(FltrReg.o)
                                0x239 (size before relaxing)

.debug_loc      0x00000000     0x42f0
 *(.debug_loc)
 .debug_loc     0x00000000      0x2dc .\CortexM3\ARM_GCC_484\Release\main.o
 .debug_loc     0x000002dc      0x5b8 .\CortexM3\ARM_GCC_484\Release\wiegand.o
 .debug_loc     0x00000894      0x102 .\CortexM3\ARM_GCC_484\Release\inout.o
 .debug_loc     0x00000996      0x49a .\CortexM3\ARM_GCC_484\Release\i2cuart.o
 .debug_loc     0x00000e30      0x23c .\CortexM3\ARM_GCC_484\Release\soft_uart.o
 .debug_loc     0x0000106c      0x21a .\CortexM3\ARM_GCC_484\Release\Cm3Start.o
 .debug_loc     0x00001286      0x237 .\CortexM3\ARM_GCC_484\Release\nanoNxt_ICM3.a(cyfitter_cfg.o)
 .debug_loc     0x000014bd       0x5a .\CortexM3\ARM_GCC_484\Release\nanoNxt_ICM3.a(RELAY_B.o)
 .debug_loc     0x00001517       0x5a .\CortexM3\ARM_GCC_484\Release\nanoNxt_ICM3.a(SOUND_OUT.o)
 .debug_loc     0x00001571       0x8d .\CortexM3\ARM_GCC_484\Release\nanoNxt_ICM3.a(Tamper_Timer_ISR.o)
 .debug_loc     0x000015fe       0x5a .\CortexM3\ARM_GCC_484\Release\nanoNxt_ICM3.a(PS_D0.o)
 .debug_loc     0x00001658       0x5a .\CortexM3\ARM_GCC_484\Release\nanoNxt_ICM3.a(PS_D1.o)
 .debug_loc     0x000016b2       0x5a .\CortexM3\ARM_GCC_484\Release\nanoNxt_ICM3.a(Pin_WD0.o)
 .debug_loc     0x0000170c       0x5a .\CortexM3\ARM_GCC_484\Release\nanoNxt_ICM3.a(Pin_WD1.o)
 .debug_loc     0x00001766      0x273 .\CortexM3\ARM_GCC_484\Release\nanoNxt_ICM3.a(UART_1.o)
 .debug_loc     0x000019d9       0x5a .\CortexM3\ARM_GCC_484\Release\nanoNxt_ICM3.a(TAMPER_OUT.o)
 .debug_loc     0x00001a33       0x5a .\CortexM3\ARM_GCC_484\Release\nanoNxt_ICM3.a(LEDG_OUT.o)
 .debug_loc     0x00001a8d       0x5a .\CortexM3\ARM_GCC_484\Release\nanoNxt_ICM3.a(SOUND_IN.o)
 .debug_loc     0x00001ae7       0x5a .\CortexM3\ARM_GCC_484\Release\nanoNxt_ICM3.a(LEDG_IN.o)
 .debug_loc     0x00001b41       0x5a .\CortexM3\ARM_GCC_484\Release\nanoNxt_ICM3.a(TAMPER_IN.o)
 .debug_loc     0x00001b9b       0x5a .\CortexM3\ARM_GCC_484\Release\nanoNxt_ICM3.a(LEDR_IN.o)
 .debug_loc     0x00001bf5       0x5a .\CortexM3\ARM_GCC_484\Release\nanoNxt_ICM3.a(LEDR_OUT.o)
 .debug_loc     0x00001c4f       0x5a .\CortexM3\ARM_GCC_484\Release\nanoNxt_ICM3.a(REED_1.o)
 .debug_loc     0x00001ca9       0x5a .\CortexM3\ARM_GCC_484\Release\nanoNxt_ICM3.a(RELAY_A.o)
 .debug_loc     0x00001d03       0x8d .\CortexM3\ARM_GCC_484\Release\nanoNxt_ICM3.a(UART_TIMER_ISR.o)
 .debug_loc     0x00001d90      0xae2 .\CortexM3\ARM_GCC_484\Release\nanoNxt_ICM3.a(CyLib.o)
 .debug_loc     0x00002872      0x206 .\CortexM3\ARM_GCC_484\Release\nanoNxt_ICM3.a(cyPm.o)
 .debug_loc     0x00002a78       0x8a .\CortexM3\ARM_GCC_484\Release\nanoNxt_ICM3.a(EZI2Cs.o)
 .debug_loc     0x00002b02       0x13 .\CortexM3\ARM_GCC_484\Release\nanoNxt_ICM3.a(EZI2Cs_PM.o)
 .debug_loc     0x00002b15       0xc0 .\CortexM3\ARM_GCC_484\Release\nanoNxt_ICM3.a(BootloadableI2C.o)
 .debug_loc     0x00002bd5       0x8d .\CortexM3\ARM_GCC_484\Release\nanoNxt_ICM3.a(Timeout_Timer_Isr.o)
 .debug_loc     0x00002c62       0xa6 .\CortexM3\ARM_GCC_484\Release\nanoNxt_ICM3.a(Clock_5.o)
 .debug_loc     0x00002d08       0x8d .\CortexM3\ARM_GCC_484\Release\nanoNxt_ICM3.a(isr_F2F_edge.o)
 .debug_loc     0x00002d95       0x44 .\CortexM3\ARM_GCC_484\Release\nanoNxt_ICM3.a(FilterReg.o)
 .debug_loc     0x00002dd9       0x5a .\CortexM3\ARM_GCC_484\Release\nanoNxt_ICM3.a(Mode_Sel_ACS.o)
 .debug_loc     0x00002e33       0x5a .\CortexM3\ARM_GCC_484\Release\nanoNxt_ICM3.a(TX_EN.o)
 .debug_loc     0x00002e8d       0x5a .\CortexM3\ARM_GCC_484\Release\nanoNxt_ICM3.a(CR_DE.o)
 .debug_loc     0x00002ee7       0xa6 .\CortexM3\ARM_GCC_484\Release\nanoNxt_ICM3.a(Clock_6.o)
 .debug_loc     0x00002f8d       0x5a .\CortexM3\ARM_GCC_484\Release\nanoNxt_ICM3.a(Mode_Sel_CR.o)
 .debug_loc     0x00002fe7       0x8d .\CortexM3\ARM_GCC_484\Release\nanoNxt_ICM3.a(isr_keepalive.o)
 .debug_loc     0x00003074       0x13 .\CortexM3\ARM_GCC_484\Release\nanoNxt_ICM3.a(OSDPReaderTimer.o)
 .debug_loc     0x00003087       0xab .\CortexM3\ARM_GCC_484\Release\nanoNxt_ICM3.a(isr_SW_Rst.o)
 .debug_loc     0x00003132       0x5a .\CortexM3\ARM_GCC_484\Release\nanoNxt_ICM3.a(LED_GRN.o)
 .debug_loc     0x0000318c       0x5a .\CortexM3\ARM_GCC_484\Release\nanoNxt_ICM3.a(LED_RED.o)
 .debug_loc     0x000031e6       0x5a .\CortexM3\ARM_GCC_484\Release\nanoNxt_ICM3.a(LED_YEL.o)
 .debug_loc     0x00003240      0x33a .\CortexM3\ARM_GCC_484\Release\nanoNxt_ICM3.a(UART_ACS.o)
 .debug_loc     0x0000357a       0x5d .\CortexM3\ARM_GCC_484\Release\nanoNxt_ICM3.a(UART_ACS_INT.o)
 .debug_loc     0x000035d7      0x33a .\CortexM3\ARM_GCC_484\Release\nanoNxt_ICM3.a(UART_READER.o)