Archive member included because of file (symbol)

.\CortexM3\ARM_GCC_484\Debug\nanoNxt_ICM3.a(cyfitter_cfg.o)
                              .\CortexM3\ARM_GCC_484\Debug\Cm3Start.o (cyfitter_cfg)
.\CortexM3\ARM_GCC_484\Debug\nanoNxt_ICM3.a(RELAY_B.o)
                              .\CortexM3\ARM_GCC_484\Debug\main.o (RELAY_B_Write)
.\CortexM3\ARM_GCC_484\Debug\nanoNxt_ICM3.a(SOUND_OUT.o)
                              .\CortexM3\ARM_GCC_484\Debug\inout.o (SOUND_OUT_Write)
.\CortexM3\ARM_GCC_484\Debug\nanoNxt_ICM3.a(Tamper_Timer_ISR.o)
                              .\CortexM3\ARM_GCC_484\Debug\main.o (Tamper_Timer_ISR_Interrupt)
.\CortexM3\ARM_GCC_484\Debug\nanoNxt_ICM3.a(PS_D0.o)
                              .\CortexM3\ARM_GCC_484\Debug\wiegand.o (PS_D0_Write)
.\CortexM3\ARM_GCC_484\Debug\nanoNxt_ICM3.a(PS_D1.o)
                              .\CortexM3\ARM_GCC_484\Debug\wiegand.o (PS_D1_Write)
.\CortexM3\ARM_GCC_484\Debug\nanoNxt_ICM3.a(Pin_WD0.o)
                              .\CortexM3\ARM_GCC_484\Debug\wiegand.o (Pin_WD0_Read)
.\CortexM3\ARM_GCC_484\Debug\nanoNxt_ICM3.a(Pin_WD1.o)
                              .\CortexM3\ARM_GCC_484\Debug\wiegand.o (Pin_WD1_Read)
.\CortexM3\ARM_GCC_484\Debug\nanoNxt_ICM3.a(UART_1.o)
                              .\CortexM3\ARM_GCC_484\Debug\main.o (UART_1_Start)
.\CortexM3\ARM_GCC_484\Debug\nanoNxt_ICM3.a(TAMPER_OUT.o)
                              .\CortexM3\ARM_GCC_484\Debug\inout.o (TAMPER_OUT_Write)
.\CortexM3\ARM_GCC_484\Debug\nanoNxt_ICM3.a(LEDG_OUT.o)
                              .\CortexM3\ARM_GCC_484\Debug\inout.o (LEDG_OUT_Write)
.\CortexM3\ARM_GCC_484\Debug\nanoNxt_ICM3.a(SOUND_IN.o)
                              .\CortexM3\ARM_GCC_484\Debug\inout.o (SOUND_IN_Read)
.\CortexM3\ARM_GCC_484\Debug\nanoNxt_ICM3.a(LEDG_IN.o)
                              .\CortexM3\ARM_GCC_484\Debug\inout.o (LEDG_IN_Read)
.\CortexM3\ARM_GCC_484\Debug\nanoNxt_ICM3.a(TAMPER_IN.o)
                              .\CortexM3\ARM_GCC_484\Debug\inout.o (TAMPER_IN_Read)
.\CortexM3\ARM_GCC_484\Debug\nanoNxt_ICM3.a(LEDR_IN.o)
                              .\CortexM3\ARM_GCC_484\Debug\inout.o (LEDR_IN_Read)
.\CortexM3\ARM_GCC_484\Debug\nanoNxt_ICM3.a(LEDR_OUT.o)
                              .\CortexM3\ARM_GCC_484\Debug\inout.o (LEDR_OUT_Write)
.\CortexM3\ARM_GCC_484\Debug\nanoNxt_ICM3.a(REED_1.o)
                              .\CortexM3\ARM_GCC_484\Debug\inout.o (REED_1_Read)
.\CortexM3\ARM_GCC_484\Debug\nanoNxt_ICM3.a(RELAY_A.o)
                              .\CortexM3\ARM_GCC_484\Debug\main.o (RELAY_A_Write)
.\CortexM3\ARM_GCC_484\Debug\nanoNxt_ICM3.a(OptSelect.o)
                              .\CortexM3\ARM_GCC_484\Debug\main.o (OptSelect_Write)
.\CortexM3\ARM_GCC_484\Debug\nanoNxt_ICM3.a(Tamper_Timer.o)
                              .\CortexM3\ARM_GCC_484\Debug\main.o (Tamper_Timer_Start)
.\CortexM3\ARM_GCC_484\Debug\nanoNxt_ICM3.a(UART_TIMER.o)
                              .\CortexM3\ARM_GCC_484\Debug\main.o (UART_TIMER_Start)
.\CortexM3\ARM_GCC_484\Debug\nanoNxt_ICM3.a(UART_TIMER_ISR.o)
                              .\CortexM3\ARM_GCC_484\Debug\main.o (UART_TIMER_ISR_Interrupt)
.\CortexM3\ARM_GCC_484\Debug\nanoNxt_ICM3.a(CyBootAsmGnu.o)
                              .\CortexM3\ARM_GCC_484\Debug\nanoNxt_ICM3.a(cyfitter_cfg.o) (CyDelayCycles)
.\CortexM3\ARM_GCC_484\Debug\nanoNxt_ICM3.a(CyLib.o)
                              .\CortexM3\ARM_GCC_484\Debug\Cm3Start.o (CyResetStatus)
.\CortexM3\ARM_GCC_484\Debug\nanoNxt_ICM3.a(cyPm.o)
                              .\CortexM3\ARM_GCC_484\Debug\nanoNxt_ICM3.a(CyLib.o) (CyPmReadStatus)
.\CortexM3\ARM_GCC_484\Debug\nanoNxt_ICM3.a(EZI2Cs.o)
                              .\CortexM3\ARM_GCC_484\Debug\main.o (EZI2Cs_Start)
.\CortexM3\ARM_GCC_484\Debug\nanoNxt_ICM3.a(EZI2Cs_PM.o)
                              .\CortexM3\ARM_GCC_484\Debug\nanoNxt_ICM3.a(EZI2Cs.o) (EZI2Cs_backup)
.\CortexM3\ARM_GCC_484\Debug\nanoNxt_ICM3.a(EZI2Cs_INT.o)
                              .\CortexM3\ARM_GCC_484\Debug\nanoNxt_ICM3.a(EZI2Cs.o) (EZI2Cs_ISR)
.\CortexM3\ARM_GCC_484\Debug\nanoNxt_ICM3.a(BootloadableI2C.o)
                              .\CortexM3\ARM_GCC_484\Debug\main.o (BootloadableI2C_Load)
.\CortexM3\ARM_GCC_484\Debug\nanoNxt_ICM3.a(Timeout_Timer.o)
                              .\CortexM3\ARM_GCC_484\Debug\wiegand.o (Timeout_Timer_Stop)
.\CortexM3\ARM_GCC_484\Debug\nanoNxt_ICM3.a(Timeout_Timer_Isr.o)
                              .\CortexM3\ARM_GCC_484\Debug\main.o (Timeout_Timer_Isr_Interrupt)
.\CortexM3\ARM_GCC_484\Debug\nanoNxt_ICM3.a(Clock_5.o)
                              .\CortexM3\ARM_GCC_484\Debug\main.o (Clock_5_SetDividerRegister)
.\CortexM3\ARM_GCC_484\Debug\nanoNxt_ICM3.a(isr_F2F_edge.o)
                              .\CortexM3\ARM_GCC_484\Debug\main.o (isr_F2F_edge_Interrupt)
.\CortexM3\ARM_GCC_484\Debug\nanoNxt_ICM3.a(FilterReg.o)
[...]
Memory Configuration

Name             Origin             Length             Attributes
rom              0x00000000         0x00040000         xr
ram              0x1fff8000         0x00010000         xrw
*default*        0x00000000         0xffffffff

Linker script and memory map

LOAD c:/program files (x86)/cypress/psoc creator/3.2/psoc creator/import/gnu/arm/4.8.4/bin/../lib/gcc/arm-none-eabi/4.8.4/armv7-m/crti.o
LOAD c:/program files (x86)/cypress/psoc creator/3.2/psoc creator/import/gnu/arm/4.8.4/bin/../lib/gcc/arm-none-eabi/4.8.4/armv7-m/crtbegin.o
LOAD c:/program files (x86)/cypress/psoc creator/3.2/psoc creator/import/gnu/arm/4.8.4/bin/../lib/gcc/arm-none-eabi/4.8.4/../../../../arm-none-eabi/lib/armv7-m/crt0.o
START GROUP
LOAD .\CortexM3\ARM_GCC_484\Debug\main.o
LOAD .\CortexM3\ARM_GCC_484\Debug\wiegand.o
LOAD .\CortexM3\ARM_GCC_484\Debug\power.o
LOAD .\CortexM3\ARM_GCC_484\Debug\inout.o
LOAD .\CortexM3\ARM_GCC_484\Debug\i2cuart.o
LOAD .\CortexM3\ARM_GCC_484\Debug\soft_uart.o
LOAD .\CortexM3\ARM_GCC_484\Debug\cymetadata.o
LOAD .\CortexM3\ARM_GCC_484\Debug\Cm3Start.o
LOAD .\CortexM3\ARM_GCC_484\Debug\cybootloader.o
LOAD .\CortexM3\ARM_GCC_484\Debug\nanoNxt_ICM3.a
LOAD C:\Program Files (x86)\Cypress\PSoC Creator\3.2\PSoC Creator\psoc\content\cycomponentlibrary\CyComponentLibrary.cylib\CortexM3\ARM_GCC_484\Debug\CyComponentLibrary.a
END GROUP
START GROUP
LOAD c:/program files (x86)/cypress/psoc creator/3.2/psoc creator/import/gnu/arm/4.8.4/bin/../lib/gcc/arm-none-eabi/4.8.4/armv7-m\libgcc.a
LOAD c:/program files (x86)/cypress/psoc creator/3.2/psoc creator/import/gnu/arm/4.8.4/bin/../lib/gcc/arm-none-eabi/4.8.4/../../../../arm-none-eabi/lib/armv7-m\libg_s.a
LOAD c:/program files (x86)/cypress/psoc creator/3.2/psoc creator/import/gnu/arm/4.8.4/bin/../lib/gcc/arm-none-eabi/4.8.4/../../../../arm-none-eabi/lib/armv7-m\libc_s.a
END GROUP
START GROUP
LOAD c:/program files (x86)/cypress/psoc creator/3.2/psoc creator/import/gnu/arm/4.8.4/bin/../lib/gcc/arm-none-eabi/4.8.4/armv7-m\libgcc.a
LOAD c:/program files (x86)/cypress/psoc creator/3.2/psoc creator/import/gnu/arm/4.8.4/bin/../lib/gcc/arm-none-eabi/4.8.4/../../../../arm-none-eabi/lib/armv7-m\libc_s.a
END GROUP
LOAD c:/program files (x86)/cypress/psoc creator/3.2/psoc creator/import/gnu/arm/4.8.4/bin/../lib/gcc/arm-none-eabi/4.8.4/armv7-m/crtend.o
LOAD c:/program files (x86)/cypress/psoc creator/3.2/psoc creator/import/gnu/arm/4.8.4/bin/../lib/gcc/arm-none-eabi/4.8.4/armv7-m/crtn.o
START GROUP
LOAD c:/program files (x86)/cypress/psoc creator/3.2/psoc creator/import/gnu/arm/4.8.4/bin/../lib/gcc/arm-none-eabi/4.8.4/armv7-m\libgcc.a
LOAD c:/program files (x86)/cypress/psoc creator/3.2/psoc creator/import/gnu/arm/4.8.4/bin/../lib/gcc/arm-none-eabi/4.8.4/../../../../arm-none-eabi/lib/armv7-m\libc.a
LOAD c:/program files (x86)/cypress/psoc creator/3.2/psoc creator/import/gnu/arm/4.8.4/bin/../lib/gcc/arm-none-eabi/4.8.4/../../../../arm-none-eabi/lib/armv7-m\libnosys.a
END GROUP
                0x00000000                CY_APPL_ORIGIN = 0x0
                0x00000100                CY_FLASH_ROW_SIZE = 0x100
                0x00000020                CY_ECC_ROW_SIZE = 0x20
                0x00000000                CY_EE_IN_BTLDR = 0x0
                0x00000001                CY_APPL_LOADABLE = 0x1
                0x00000800                CY_EE_SIZE = 0x800
                0x00000001                CY_APPL_NUM = 0x1
                0x00000001                CY_APPL_MAX = 0x1
                0x00000040                CY_METADATA_SIZE = 0x40
                0x1fff8478                PROVIDE (__cy_heap_start, _end)
                0x00000001                PROVIDE (__cy_region_num, ((__cy_regions_end - __cy_regions) / 0x10))
                0x20008000                PROVIDE (__cy_stack, (ORIGIN (ram) + 0x10000))
                0x20007800                PROVIDE (__cy_heap_end, (__cy_stack - 0x800))

.cybootloader   0x00000000     0x2500
 *(.cybootloader)
 .cybootloader  0x00000000     0x2500 .\CortexM3\ARM_GCC_484\Debug\cybootloader.o
                0x00000000                cy_bootloader
                0x00002500                appl1_start = CY_APPL_ORIGIN?CY_APPL_ORIGIN:ALIGN (CY_FLASH_ROW_SIZE)
                0x00021200                appl2_start = (appl1_start + ALIGN ((((0x40000 - appl1_start) - (0x2 * CY_FLASH_ROW_SIZE)) / 0x2), CY_FLASH_ROW_SIZE))
                0x00002500                appl_start = (CY_APPL_NUM == 0x1)?appl1_start:appl2_start
                0x000004a0                ecc_offset = ((appl_start / CY_FLASH_ROW_SIZE) * CY_ECC_ROW_SIZE)
                0x00000000                ee_offset = (CY_APPL_LOADABLE && ! (CY_EE_IN_BTLDR))?((CY_EE_SIZE / CY_APPL_MAX) * (CY_APPL_NUM - 0x1)):0x0
                0x00000800                ee_size = (CY_APPL_LOADABLE && ! (CY_EE_IN_BTLDR))?(CY_EE_SIZE / CY_APPL_MAX):CY_EE_SIZE
                0x000004a0                PROVIDE (CY_ECC_OFFSET, ecc_offset)

.text           0x00002500     0x4b06
 CREATE_OBJECT_SYMBOLS
                0x00002500                PROVIDE (__cy_interrupt_vector, RomVectors)
 *(.romvectors)
 .romvectors    0x00002500       0x10 .\CortexM3\ARM_GCC_484\Debug\Cm3Start.o
                0x00002500                RomVectors
                0x00000001                ASSERT ((. != __cy_interrupt_vector), No interrupt vector)
                0x00000001                ASSERT (CY_APPL_ORIGIN?(SIZEOF (.cybootloader) <= CY_APPL_ORIGIN):0x1, Wrong image location)
                0x00002510                PROVIDE (__cy_reset, Reset)
 *(.text.Reset)
 .text.Reset    0x00002510        0x8 .\CortexM3\ARM_GCC_484\Debug\Cm3Start.o
                0x00002510                Reset
                0x00000001                ASSERT ((. != __cy_reset), No reset code)
 *(.dma_init)
                0x00000001                ASSERT ((((appl_start + .) <= 0x10000) || 0x1), DMA Init must be within the first 64k of flash)
 *(.text .text.* .gnu.linkonce.t.*)
 .text          0x00002518       0x54 c:/program files (x86)/cypress/psoc creator/3.2/psoc creator/import/gnu/arm/4.8.4/bin/../lib/gcc/arm-none-eabi/4.8.4/armv7-m/crtbegin.o
 .text.SetVersion
                0x0000256c       0x40 .\CortexM3\ARM_GCC_484\Debug\main.o
                0x0000256c                SetVersion
 .text.TriggerRelay1
                0x000025ac       0x3c .\CortexM3\ARM_GCC_484\Debug\main.o
                0x000025ac                TriggerRelay1
 .text.TriggerRelay2
                0x000025e8       0x40 .\CortexM3\ARM_GCC_484\Debug\main.o
                0x000025e8                TriggerRelay2
 .text.ClearBuffer
                0x00002628       0x30 .\CortexM3\ARM_GCC_484\Debug\main.o
                0x00002628                ClearBuffer
 .text.SendHID  0x00002658      0x164 .\CortexM3\ARM_GCC_484\Debug\main.o
                0x00002658                SendHID
 .text.InitOSDP
                0x000027bc       0x38 .\CortexM3\ARM_GCC_484\Debug\main.o
                0x000027bc                InitOSDP
 .text.HandleCommand
                0x000027f4      0x22c .\CortexM3\ARM_GCC_484\Debug\main.o
                0x000027f4                HandleCommand
 .text.HandleOSDP
                0x00002a20      0x104 .\CortexM3\ARM_GCC_484\Debug\main.o
                0x00002a20                HandleOSDP
 .text.main     0x00002b24      0x18c .\CortexM3\ARM_GCC_484\Debug\main.o
                0x00002b24                main
 .text.SendWeigand
                0x00002cb0       0xa0 .\CortexM3\ARM_GCC_484\Debug\wiegand.o
                0x00002cb0                SendWeigand
 .text.ReadWeigand
                0x00002d50       0xf8 .\CortexM3\ARM_GCC_484\Debug\wiegand.o
                0x00002d50                ReadWeigand
 .text.SendF2F  0x00002e48      0x210 .\CortexM3\ARM_GCC_484\Debug\wiegand.o
                0x00002e48                SendF2F
 .text.ReadF2F  0x00003058      0x1d0 .\CortexM3\ARM_GCC_484\Debug\wiegand.o
                0x00003058                ReadF2F
 .text.SetHardwareVals
                0x00003228       0xa4 .\CortexM3\ARM_GCC_484\Debug\inout.o
                0x00003228                SetHardwareVals
 .text.GetHardwareVals
                0x000032cc      0x154 .\CortexM3\ARM_GCC_484\Debug\inout.o
                0x000032cc                GetHardwareVals
 .text.HandleOutputs
                0x00003420       0x5c .\CortexM3\ARM_GCC_484\Debug\inout.o
                0x00003420                HandleOutputs
 .text.HandleInputs
                0x0000347c       0xc8 .\CortexM3\ARM_GCC_484\Debug\inout.o
                0x0000347c                HandleInputs
 .text.SendPAC  0x00003544       0x5c .\CortexM3\ARM_GCC_484\Debug\i2cuart.o
                0x00003544                SendPAC
 .text.ReadPAC  0x000035a0       0x94 .\CortexM3\ARM_GCC_484\Debug\i2cuart.o
                0x000035a0                ReadPAC
 .text.SetupUART
                0x00003634       0x40 .\CortexM3\ARM_GCC_484\Debug\i2cuart.o
                0x00003634                SetupUART
 .text.ClearOsdpBuffer
                0x00003674       0x3c .\CortexM3\ARM_GCC_484\Debug\i2cuart.o
                0x00003674                ClearOsdpBuffer
 .text.SendOSDP
                0x000036b0       0x68 .\CortexM3\ARM_GCC_484\Debug\i2cuart.o
                0x000036b0                SendOSDP
 .text.ReadOSDP
                0x00003718      0x148 .\CortexM3\ARM_GCC_484\Debug\i2cuart.o
                0x00003718                ReadOSDP
 .text.SetOSDPRate
                0x00003860       0x68 .\CortexM3\ARM_GCC_484\Debug\i2cuart.o
                0x00003860                SetOSDPRate
 .text.KeepAliveInterruptHandler
                0x000038c8       0x28 .\CortexM3\ARM_GCC_484\Debug\i2cuart.o
                0x000038c8                KeepAliveInterruptHandler
 .text.ClearOsdpReaderBuffer
                0x000038f0       0x3c .\CortexM3\ARM_GCC_484\Debug\i2cuart.o
                0x000038f0                ClearOsdpReaderBuffer
 .text.SendOSDPReader
                0x0000392c       0x48 .\CortexM3\ARM_GCC_484\Debug\i2cuart.o
                0x0000392c                SendOSDPReader
 .text.ReadOSDPReader
                0x00003974      0x158 .\CortexM3\ARM_GCC_484\Debug\i2cuart.o
                0x00003974                ReadOSDPReader
 .text.SetOSDPReaderSpeed
                0x00003acc       0x64 .\CortexM3\ARM_GCC_484\Debug\i2cuart.o
                0x00003acc                SetOSDPReaderSpeed
 .text.SetOSDPKeepALive
                0x00003b30       0x74 .\CortexM3\ARM_GCC_484\Debug\i2cuart.o
                0x00003b30                SetOSDPKeepALive
 .text.SU_Start
                0x00003ba4       0x50 .\CortexM3\ARM_GCC_484\Debug\soft_uart.o
                0x00003ba4                SU_Start
 .text.SU_Isr   0x00003bf4      0x160 .\CortexM3\ARM_GCC_484\Debug\soft_uart.o
                0x00003bf4                SU_Isr
 .text.getOddParity
                0x00003d54       0x50 .\CortexM3\ARM_GCC_484\Debug\soft_uart.o
                0x00003d54                getOddParity
 .text.SU_PutChar
                0x00003da4      0x12c .\CortexM3\ARM_GCC_484\Debug\soft_uart.o
                0x00003da4                SU_PutChar
 .text.IntDefaultHandler
                0x00003ed0        0x8 .\CortexM3\ARM_GCC_484\Debug\Cm3Start.o
                0x00003ed0                IntDefaultHandler
 .text.Start_c  0x00003ed8       0x98 .\CortexM3\ARM_GCC_484\Debug\Cm3Start.o
                0x00003ed8                Start_c
 .text.initialize_psoc
                0x00003f70       0x8c .\CortexM3\ARM_GCC_484\Debug\Cm3Start.o
                0x00003f70                initialize_psoc
 .text.CYMEMZERO
                0x00003ffc       0x1c .\CortexM3\ARM_GCC_484\Debug\nanoNxt_ICM3.a(cyfitter_cfg.o)
 .text.CYCONFIGCPY
                0x00004018       0x1c .\CortexM3\ARM_GCC_484\Debug\nanoNxt_ICM3.a(cyfitter_cfg.o)
 .text.CyClockStartupError
                0x00004034        0xc .\CortexM3\ARM_GCC_484\Debug\nanoNxt_ICM3.a(cyfitter_cfg.o)
 .text.cfg_write_bytes32
                0x00004040       0x74 .\CortexM3\ARM_GCC_484\Debug\nanoNxt_ICM3.a(cyfitter_cfg.o)
 .text.ClockSetup
                0x000040b4      0x180 .\CortexM3\ARM_GCC_484\Debug\nanoNxt_ICM3.a(cyfitter_cfg.o)
 .text.AnalogSetDefault
                0x00004234       0x44 .\CortexM3\ARM_GCC_484\Debug\nanoNxt_ICM3.a(cyfitter_cfg.o)
 .text.cyfitter_cfg
                0x00004278      0x1c8 .\CortexM3\ARM_GCC_484\Debug\nanoNxt_ICM3.a(cyfitter_cfg.o)
                0x00004278                cyfitter_cfg
 .text.RELAY_B_Write
                0x00004440       0x3c .\CortexM3\ARM_GCC_484\Debug\nanoNxt_ICM3.a(RELAY_B.o)
                0x00004440                RELAY_B_Write
 .text.SOUND_OUT_Write
                0x0000447c       0x3c .\CortexM3\ARM_GCC_484\Debug\nanoNxt_ICM3.a(SOUND_OUT.o)
                0x0000447c                SOUND_OUT_Write
 .text.Tamper_Timer_ISR_StartEx
                0x000044b8       0x24 .\CortexM3\ARM_GCC_484\Debug\nanoNxt_ICM3.a(Tamper_Timer_ISR.o)
                0x000044b8                Tamper_Timer_ISR_StartEx
 .text.Tamper_Timer_ISR_Interrupt
                0x000044dc       0x74 .\CortexM3\ARM_GCC_484\Debug\nanoNxt_ICM3.a(Tamper_Timer_ISR.o)
                0x000044dc                Tamper_Timer_ISR_Interrupt
 .text.Tamper_Timer_ISR_SetVector
                0x00004550       0x24 .\CortexM3\ARM_GCC_484\Debug\nanoNxt_ICM3.a(Tamper_Timer_ISR.o)
                0x00004550                Tamper_Timer_ISR_SetVector
 .text.Tamper_Timer_ISR_SetPriority
                0x00004574       0x24 .\CortexM3\ARM_GCC_484\Debug\nanoNxt_ICM3.a(Tamper_Timer_ISR.o)
                0x00004574                Tamper_Timer_ISR_SetPriority
 .text.Tamper_Timer_ISR_Enable
                0x00004598       0x18 .\CortexM3\ARM_GCC_484\Debug\nanoNxt_ICM3.a(Tamper_Timer_ISR.o)
                0x00004598                Tamper_Timer_ISR_Enable
 .text.Tamper_Timer_ISR_Disable
                0x000045b0       0x18 .\CortexM3\ARM_GCC_484\Debug\nanoNxt_ICM3.a(Tamper_Timer_ISR.o)
                0x000045b0                Tamper_Timer_ISR_Disable
 .text.PS_D0_Write
                0x000045c8       0x38 .\CortexM3\ARM_GCC_484\Debug\nanoNxt_ICM3.a(PS_D0.o)
                0x000045c8                PS_D0_Write
 .text.PS_D1_Write
                0x00004600       0x3c .\CortexM3\ARM_GCC_484\Debug\nanoNxt_ICM3.a(PS_D1.o)
                0x00004600                PS_D1_Write
 .text.Pin_WD0_Read
                0x0000463c       0x20 .\CortexM3\ARM_GCC_484\Debug\nanoNxt_ICM3.a(Pin_WD0.o)
                0x0000463c                Pin_WD0_Read
 .text.Pin_WD1_Read
                0x0000465c       0x20 .\CortexM3\ARM_GCC_484\Debug\nanoNxt_ICM3.a(Pin_WD1.o)
                0x0000465c                Pin_WD1_Read
 .text.UART_1_Start
                0x0000467c       0x20 .\CortexM3\ARM_GCC_484\Debug\nanoNxt_ICM3.a(UART_1.o)
                0x0000467c                UART_1_Start
 .text.UART_1_Init
                0x0000469c       0x4c .\CortexM3\ARM_GCC_484\Debug\nanoNxt_ICM3.a(UART_1.o)
                0x0000469c                UART_1_Init
 .text.UART_1_Enable
                0x000046e8       0x58 .\CortexM3\ARM_GCC_484\Debug\nanoNxt_ICM3.a(UART_1.o)
                0x000046e8                UART_1_Enable
 .text.UART_1_ReadControlRegister
                0x00004740       0x18 .\CortexM3\ARM_GCC_484\Debug\nanoNxt_ICM3.a(UART_1.o)
                0x00004740                UART_1_ReadControlRegister
 .text.UART_1_WriteControlRegister
                0x00004758       0x20 .\CortexM3\ARM_GCC_484\Debug\nanoNxt_ICM3.a(UART_1.o)
                0x00004758                UART_1_WriteControlRegister
 .text.UART_1_ReadRxStatus
                0x00004778       0x24 .\CortexM3\ARM_GCC_484\Debug\nanoNxt_ICM3.a(UART_1.o)
                0x00004778                UART_1_ReadRxStatus
 .text.UART_1_GetChar
                0x0000479c       0x44 .\CortexM3\ARM_GCC_484\Debug\nanoNxt_ICM3.a(UART_1.o)
                0x0000479c                UART_1_GetChar
 .text.UART_1_ClearRxBuffer
                0x000047e0       0x40 .\CortexM3\ARM_GCC_484\Debug\nanoNxt_ICM3.a(UART_1.o)
                0x000047e0                UART_1_ClearRxBuffer
 .text.UART_1_PutChar
                0x00004820       0x34 .\CortexM3\ARM_GCC_484\Debug\nanoNxt_ICM3.a(UART_1.o)
                0x00004820                UART_1_PutChar
 .text.TAMPER_OUT_Write
                0x00004854       0x3c .\CortexM3\ARM_GCC_484\Debug\nanoNxt_ICM3.a(TAMPER_OUT.o)
                0x00004854                TAMPER_OUT_Write
 .text.LEDG_OUT_Write
                0x00004890       0x3c .\CortexM3\ARM_GCC_484\Debug\nanoNxt_ICM3.a(LEDG_OUT.o)
                0x00004890                LEDG_OUT_Write
 .text.SOUND_IN_Read
                0x000048cc       0x1c .\CortexM3\ARM_GCC_484\Debug\nanoNxt_ICM3.a(SOUND_IN.o)
                0x000048cc                SOUND_IN_Read
 .text.LEDG_IN_Read
                0x000048e8       0x20 .\CortexM3\ARM_GCC_484\Debug\nanoNxt_ICM3.a(LEDG_IN.o)
                0x000048e8                LEDG_IN_Read
 .text.TAMPER_IN_Read
                0x00004908       0x20 .\CortexM3\ARM_GCC_484\Debug\nanoNxt_ICM3.a(TAMPER_IN.o)
                0x00004908                TAMPER_IN_Read
 .text.LEDR_IN_Read
                0x00004928       0x20 .\CortexM3\ARM_GCC_484\Debug\nanoNxt_ICM3.a(LEDR_IN.o)
                0x00004928                LEDR_IN_Read
 .text.LEDR_OUT_Write
                0x00004948       0x3c .\CortexM3\ARM_GCC_484\Debug\nanoNxt_ICM3.a(LEDR_OUT.o)
                0x00004948                LEDR_OUT_Write
 .text.REED_1_Read
                0x00004984       0x20 .\CortexM3\ARM_GCC_484\Debug\nanoNxt_ICM3.a(REED_1.o)
                0x00004984                REED_1_Read
 .text.RELAY_A_Write
                0x000049a4       0x3c .\CortexM3\ARM_GCC_484\Debug\nanoNxt_ICM3.a(RELAY_A.o)
                0x000049a4                RELAY_A_Write
 .text.OptSelect_Write
                0x000049e0       0x20 .\CortexM3\ARM_GCC_484\Debug\nanoNxt_ICM3.a(OptSelect.o)
                0x000049e0                OptSelect_Write
 .text.Tamper_Timer_Init
                0x00004a00       0x98 .\CortexM3\ARM_GCC_484\Debug\nanoNxt_ICM3.a(Tamper_Timer.o)
                0x00004a00                Tamper_Timer_Init
 .text.Tamper_Timer_Enable
                0x00004a98       0x48 .\CortexM3\ARM_GCC_484\Debug\nanoNxt_ICM3.a(Tamper_Timer.o)
                0x00004a98                Tamper_Timer_Enable
 .text.Tamper_Timer_Start
                0x00004ae0       0x20 .\CortexM3\ARM_GCC_484\Debug\nanoNxt_ICM3.a(Tamper_Timer.o)
                0x00004ae0                Tamper_Timer_Start
 .text.Tamper_Timer_Stop
                0x00004b00       0x48 .\CortexM3\ARM_GCC_484\Debug\nanoNxt_ICM3.a(Tamper_Timer.o)
                0x00004b00                Tamper_Timer_Stop
 .text.Tamper_Timer_SetInterruptMode
                0x00004b48       0x20 .\CortexM3\ARM_GCC_484\Debug\nanoNxt_ICM3.a(Tamper_Timer.o)
                0x00004b48                Tamper_Timer_SetInterruptMode
 .text.Tamper_Timer_ReadStatusRegister
                0x00004b68       0x18 .\CortexM3\ARM_GCC_484\Debug\nanoNxt_ICM3.a(Tamper_Timer.o)
                0x00004b68                Tamper_Timer_ReadStatusRegister
 .text.Tamper_Timer_WritePeriod
                0x00004b80       0x24 .\CortexM3\ARM_GCC_484\Debug\nanoNxt_ICM3.a(Tamper_Timer.o)
                0x00004b80                Tamper_Timer_WritePeriod
 .text.Tamper_Timer_WriteCounter
                0x00004ba4       0x20 .\CortexM3\ARM_GCC_484\Debug\nanoNxt_ICM3.a(Tamper_Timer.o)
                0x00004ba4                Tamper_Timer_WriteCounter
 .text.UART_TIMER_Init
                0x00004bc4       0x98 .\CortexM3\ARM_GCC_484\Debug\nanoNxt_ICM3.a(UART_TIMER.o)
                0x00004bc4                UART_TIMER_Init
 .text.UART_TIMER_Enable
                0x00004c5c       0x48 .\CortexM3\ARM_GCC_484\Debug\nanoNxt_ICM3.a(UART_TIMER.o)
                0x00004c5c                UART_TIMER_Enable
 .text.UART_TIMER_Start
                0x00004ca4       0x20 .\CortexM3\ARM_GCC_484\Debug\nanoNxt_ICM3.a(UART_TIMER.o)
                0x00004ca4                UART_TIMER_Start
 .text.UART_TIMER_SetInterruptMode
                0x00004cc4       0x20 .\CortexM3\ARM_GCC_484\Debug\nanoNxt_ICM3.a(UART_TIMER.o)
                0x00004cc4                UART_TIMER_SetInterruptMode
 .text.UART_TIMER_ReadStatusRegister
                0x00004ce4       0x18 .\CortexM3\ARM_GCC_484\Debug\nanoNxt_ICM3.a(UART_TIMER.o)
                0x00004ce4                UART_TIMER_ReadStatusRegister
 .text.UART_TIMER_WritePeriod
                0x00004cfc       0x24 .\CortexM3\ARM_GCC_484\Debug\nanoNxt_ICM3.a(UART_TIMER.o)
                0x00004cfc                UART_TIMER_WritePeriod
 .text.UART_TIMER_WriteCounter
                0x00004d20       0x20 .\CortexM3\ARM_GCC_484\Debug\nanoNxt_ICM3.a(UART_TIMER.o)
                0x00004d20                UART_TIMER_WriteCounter
 .text.UART_TIMER_ISR_StartEx
                0x00004d40       0x24 .\CortexM3\ARM_GCC_484\Debug\nanoNxt_ICM3.a(UART_TIMER_ISR.o)
                0x00004d40                UART_TIMER_ISR_StartEx
 .text.UART_TIMER_ISR_Interrupt
                0x00004d64       0x14 .\CortexM3\ARM_GCC_484\Debug\nanoNxt_ICM3.a(UART_TIMER_ISR.o)
                0x00004d64                UART_TIMER_ISR_Interrupt
 .text.UART_TIMER_ISR_SetVector
                0x00004d78       0x24 .\CortexM3\ARM_GCC_484\Debug\nanoNxt_ICM3.a(UART_TIMER_ISR.o)
                0x00004d78                UART_TIMER_ISR_SetVector
 .text.UART_TIMER_ISR_SetPriority
                0x00004d9c       0x24 .\CortexM3\ARM_GCC_484\Debug\nanoNxt_ICM3.a(UART_TIMER_ISR.o)
                0x00004d9c                UART_TIMER_ISR_SetPriority
 .text.UART_TIMER_ISR_Enable
                0x00004dc0       0x18 .\CortexM3\ARM_GCC_484\Debug\nanoNxt_ICM3.a(UART_TIMER_ISR.o)
                0x00004dc0                UART_TIMER_ISR_Enable
 .text.UART_TIMER_ISR_Disable
                0x00004dd8       0x18 .\CortexM3\ARM_GCC_484\Debug\nanoNxt_ICM3.a(UART_TIMER_ISR.o)
                0x00004dd8                UART_TIMER_ISR_Disable
 .text          0x00004df0       0x28 .\CortexM3\ARM_GCC_484\Debug\nanoNxt_ICM3.a(CyBootAsmGnu.o)
                0x00004df0                CyDelayCycles
                0x00004e04                CyEnterCriticalSection
                0x00004e0c                CyExitCriticalSection
 .text.CyHalt   0x00004e18       0x18 .\CortexM3\ARM_GCC_484\Debug\nanoNxt_ICM3.a(CyLib.o)
                0x00004e18                CyHalt
 .text.CySoftwareReset
                0x00004e30       0x20 .\CortexM3\ARM_GCC_484\Debug\nanoNxt_ICM3.a(CyLib.o)
                0x00004e30                CySoftwareReset
 .text.CyDelay  0x00004e50       0x44 .\CortexM3\ARM_GCC_484\Debug\nanoNxt_ICM3.a(CyLib.o)
                0x00004e50                CyDelay
 .text.CyDelayUs
                0x00004e94       0x24 .\CortexM3\ARM_GCC_484\Debug\nanoNxt_ICM3.a(CyLib.o)
                0x00004e94                CyDelayUs
 .text.CyIntSetVector
                0x00004eb8       0x50 .\CortexM3\ARM_GCC_484\Debug\nanoNxt_ICM3.a(CyLib.o)
                0x00004eb8                CyIntSetVector
 .text.CyIntSetPriority
                0x00004f08       0x44 .\CortexM3\ARM_GCC_484\Debug\nanoNxt_ICM3.a(CyLib.o)
                0x00004f08                CyIntSetPriority
 .text.EZI2Cs_Init
                0x00004f4c       0x8c .\CortexM3\ARM_GCC_484\Debug\nanoNxt_ICM3.a(EZI2Cs.o)
                0x00004f4c                EZI2Cs_Init
 .text.EZI2Cs_Enable
                0x00004fd8       0x50 .\CortexM3\ARM_GCC_484\Debug\nanoNxt_ICM3.a(EZI2Cs.o)
                0x00004fd8                EZI2Cs_Enable
 .text.EZI2Cs_Start
                0x00005028       0x20 .\CortexM3\ARM_GCC_484\Debug\nanoNxt_ICM3.a(EZI2Cs.o)
                0x00005028                EZI2Cs_Start
 .text.EZI2Cs_SetBuffer1
                0x00005048       0x6c .\CortexM3\ARM_GCC_484\Debug\nanoNxt_ICM3.a(EZI2Cs.o)
                0x00005048                EZI2Cs_SetBuffer1
 .text.EZI2Cs_ISR
                0x000050b4      0x250 .\CortexM3\ARM_GCC_484\Debug\nanoNxt_ICM3.a(EZI2Cs_INT.o)
                0x000050b4                EZI2Cs_ISR
 .text.BootloadableI2C_Load
                0x00005304       0x14 .\CortexM3\ARM_GCC_484\Debug\nanoNxt_ICM3.a(BootloadableI2C.o)
                0x00005304                BootloadableI2C_Load
 .text.Timeout_Timer_Init
                0x00005318       0x98 .\CortexM3\ARM_GCC_484\Debug\nanoNxt_ICM3.a(Timeout_Timer.o)
                0x00005318                Timeout_Timer_Init
 .text.Timeout_Timer_Enable
                0x000053b0       0x48 .\CortexM3\ARM_GCC_484\Debug\nanoNxt_ICM3.a(Timeout_Timer.o)
                0x000053b0                Timeout_Timer_Enable
 .text.Timeout_Timer_Start
                0x000053f8       0x20 .\CortexM3\ARM_GCC_484\Debug\nanoNxt_ICM3.a(Timeout_Timer.o)
                0x000053f8                Timeout_Timer_Start
 .text.Timeout_Timer_Stop
                0x00005418       0x48 .\CortexM3\ARM_GCC_484\Debug\nanoNxt_ICM3.a(Timeout_Timer.o)
                0x00005418                Timeout_Timer_Stop
 .text.Timeout_Timer_SetInterruptMode
                0x00005460       0x20 .\CortexM3\ARM_GCC_484\Debug\nanoNxt_ICM3.a(Timeout_Timer.o)
                0x00005460                Timeout_Timer_SetInterruptMode
 .text.Timeout_Timer_ReadStatusRegister
                0x00005480       0x18 .\CortexM3\ARM_GCC_484\Debug\nanoNxt_ICM3.a(Timeout_Timer.o)
                0x00005480                Timeout_Timer_ReadStatusRegister
 .text.Timeout_Timer_WritePeriod
                0x00005498       0x24 .\CortexM3\ARM_GCC_484\Debug\nanoNxt_ICM3.a(Timeout_Timer.o)
                0x00005498                Timeout_Timer_WritePeriod
 .text.Timeout_Timer_WriteCounter
                0x000054bc       0x20 .\CortexM3\ARM_GCC_484\Debug\nanoNxt_ICM3.a(Timeout_Timer.o)
                0x000054bc                Timeout_Timer_WriteCounter
 .text.Timeout_Timer_Isr_StartEx
                0x000054dc       0x24 .\CortexM3\ARM_GCC_484\Debug\nanoNxt_ICM3.a(Timeout_Timer_Isr.o)
                0x000054dc                Timeout_Timer_Isr_StartEx
 .text.Timeout_Timer_Isr_Interrupt
                0x00005500       0x18 .\CortexM3\ARM_GCC_484\Debug\nanoNxt_ICM3.a(Timeout_Timer_Isr.o)
                0x00005500                Timeout_Timer_Isr_Interrupt
 .text.Timeout_Timer_Isr_SetVector
                0x00005518       0x24 .\CortexM3\ARM_GCC_484\Debug\nanoNxt_ICM3.a(Timeout_Timer_Isr.o)
                0x00005518                Timeout_Timer_Isr_SetVector
 .text.Timeout_Timer_Isr_SetPriority
                0x0000553c       0x24 .\CortexM3\ARM_GCC_484\Debug\nanoNxt_ICM3.a(Timeout_Timer_Isr.o)
                0x0000553c                Timeout_Timer_Isr_SetPriority
 .text.Timeout_Timer_Isr_Enable
                0x00005560       0x18 .\CortexM3\ARM_GCC_484\Debug\nanoNxt_ICM3.a(Timeout_Timer_Isr.o)
                0x00005560                Timeout_Timer_Isr_Enable
 .text.Timeout_Timer_Isr_Disable
                0x00005578       0x18 .\CortexM3\ARM_GCC_484\Debug\nanoNxt_ICM3.a(Timeout_Timer_Isr.o)
                0x00005578                Timeout_Timer_Isr_Disable
 .text.Clock_5_SetDividerRegister
                0x00005590      0x15c .\CortexM3\ARM_GCC_484\Debug\nanoNxt_ICM3.a(Clock_5.o)
                0x00005590                Clock_5_SetDividerRegister
 .text.Clock_5_GetDividerRegister
                0x000056ec       0x18 .\CortexM3\ARM_GCC_484\Debug\nanoNxt_ICM3.a(Clock_5.o)
                0x000056ec                Clock_5_GetDividerRegister
 .text.Clock_5_GetSourceRegister
                0x00005704       0x20 .\CortexM3\ARM_GCC_484\Debug\nanoNxt_ICM3.a(Clock_5.o)
                0x00005704                Clock_5_GetSourceRegister
 .text.isr_F2F_edge_StartEx
                0x00005724       0x24 .\CortexM3\ARM_GCC_484\Debug\nanoNxt_ICM3.a(isr_F2F_edge.o)
                0x00005724                isr_F2F_edge_StartEx
 .text.isr_F2F_edge_Interrupt
                0x00005748       0x50 .\CortexM3\ARM_GCC_484\Debug\nanoNxt_ICM3.a(isr_F2F_edge.o)
                0x00005748                isr_F2F_edge_Interrupt
 .text.isr_F2F_edge_SetVector
                0x00005798       0x24 .\CortexM3\ARM_GCC_484\Debug\nanoNxt_ICM3.a(isr_F2F_edge.o)
                0x00005798                isr_F2F_edge_SetVector
 .text.isr_F2F_edge_SetPriority
                0x000057bc       0x24 .\CortexM3\ARM_GCC_484\Debug\nanoNxt_ICM3.a(isr_F2F_edge.o)
                0x000057bc                isr_F2F_edge_SetPriority
 .text.isr_F2F_edge_Enable
                0x000057e0       0x18 .\CortexM3\ARM_GCC_484\Debug\nanoNxt_ICM3.a(isr_F2F_edge.o)
                0x000057e0                isr_F2F_edge_Enable
 .text.isr_F2F_edge_Disable
                0x000057f8       0x18 .\CortexM3\ARM_GCC_484\Debug\nanoNxt_ICM3.a(isr_F2F_edge.o)
                0x000057f8                isr_F2F_edge_Disable
 .text.FilterReg_Read
                0x00005810       0x18 .\CortexM3\ARM_GCC_484\Debug\nanoNxt_ICM3.a(FilterReg.o)
                0x00005810                FilterReg_Read
 .text.Mode_Sel_ACS_Write
                0x00005828       0x38 .\CortexM3\ARM_GCC_484\Debug\nanoNxt_ICM3.a(Mode_Sel_ACS.o)
                0x00005828                Mode_Sel_ACS_Write
 .text.TX_EN_Write
                0x00005860       0x3c .\CortexM3\ARM_GCC_484\Debug\nanoNxt_ICM3.a(TX_EN.o)
                0x00005860                TX_EN_Write
 .text.CR_DE_Write
                0x0000589c       0x3c .\CortexM3\ARM_GCC_484\Debug\nanoNxt_ICM3.a(CR_DE.o)
                0x0000589c                CR_DE_Write
 .text.Clock_6_SetDividerRegister
                0x000058d8      0x15c .\CortexM3\ARM_GCC_484\Debug\nanoNxt_ICM3.a(Clock_6.o)
                0x000058d8                Clock_6_SetDividerRegister
 .text.Clock_6_GetDividerRegister
                0x00005a34       0x18 .\CortexM3\ARM_GCC_484\Debug\nanoNxt_ICM3.a(Clock_6.o)
                0x00005a34                Clock_6_GetDividerRegister
 .text.Clock_6_GetSourceRegister
                0x00005a4c       0x20 .\CortexM3\ARM_GCC_484\Debug\nanoNxt_ICM3.a(Clock_6.o)
                0x00005a4c                Clock_6_GetSourceRegister
 .text.Mode_Sel_CR_Write
                0x00005a6c       0x3c .\CortexM3\ARM_GCC_484\Debug\nanoNxt_ICM3.a(Mode_Sel_CR.o)
                0x00005a6c                Mode_Sel_CR_Write
 .text.isr_keepalive_StartEx
                0x00005aa8       0x24 .\CortexM3\ARM_GCC_484\Debug\nanoNxt_ICM3.a(isr_keepalive.o)
                0x00005aa8                isr_keepalive_StartEx
 .text.isr_keepalive_SetVector
                0x00005acc       0x24 .\CortexM3\ARM_GCC_484\Debug\nanoNxt_ICM3.a(isr_keepalive.o)
                0x00005acc                isr_keepalive_SetVector
 .text.isr_keepalive_SetPriority
                0x00005af0       0x24 .\CortexM3\ARM_GCC_484\Debug\nanoNxt_ICM3.a(isr_keepalive.o)
                0x00005af0                isr_keepalive_SetPriority
 .text.isr_keepalive_Enable
                0x00005b14       0x18 .\CortexM3\ARM_GCC_484\Debug\nanoNxt_ICM3.a(isr_keepalive.o)
                0x00005b14                isr_keepalive_Enable
 .text.isr_keepalive_Disable
                0x00005b2c       0x18 .\CortexM3\ARM_GCC_484\Debug\nanoNxt_ICM3.a(isr_keepalive.o)
                0x00005b2c                isr_keepalive_Disable
 .text.OSDPReaderTimer_Init
                0x00005b44       0x4c .\CortexM3\ARM_GCC_484\Debug\nanoNxt_ICM3.a(OSDPReaderTimer.o)
                0x00005b44                OSDPReaderTimer_Init
 .text.OSDPReaderTimer_Enable
                0x00005b90       0x20 .\CortexM3\ARM_GCC_484\Debug\nanoNxt_ICM3.a(OSDPReaderTimer.o)
                0x00005b90                OSDPReaderTimer_Enable
 .text.OSDPReaderTimer_Start
                0x00005bb0       0x20 .\CortexM3\ARM_GCC_484\Debug\nanoNxt_ICM3.a(OSDPReaderTimer.o)
                0x00005bb0                OSDPReaderTimer_Start
 .text.OSDPReaderTimer_SetInterruptMode
                0x00005bd0       0x20 .\CortexM3\ARM_GCC_484\Debug\nanoNxt_ICM3.a(OSDPReaderTimer.o)
                0x00005bd0                OSDPReaderTimer_SetInterruptMode
 .text.OSDPReaderTimer_ReadStatusRegister
                0x00005bf0       0x18 .\CortexM3\ARM_GCC_484\Debug\nanoNxt_ICM3.a(OSDPReaderTimer.o)
                0x00005bf0                OSDPReaderTimer_ReadStatusRegister
 .text.OSDPReaderTimer_WritePeriod
                0x00005c08       0x20 .\CortexM3\ARM_GCC_484\Debug\nanoNxt_ICM3.a(OSDPReaderTimer.o)
                0x00005c08                OSDPReaderTimer_WritePeriod
 .text.OSDPReaderTimer_ReadCapture
                0x00005c28       0x18 .\CortexM3\ARM_GCC_484\Debug\nanoNxt_ICM3.a(OSDPReaderTimer.o)
                0x00005c28                OSDPReaderTimer_ReadCapture
 .text.OSDPReaderTimer_WriteCounter
                0x00005c40       0x20 .\CortexM3\ARM_GCC_484\Debug\nanoNxt_ICM3.a(OSDPReaderTimer.o)
                0x00005c40                OSDPReaderTimer_WriteCounter
 .text.OSDPReaderTimer_ClearFIFO
                0x00005c60       0x1c .\CortexM3\ARM_GCC_484\Debug\nanoNxt_ICM3.a(OSDPReaderTimer.o)
                0x00005c60                OSDPReaderTimer_ClearFIFO
 .text.isr_SW_Rst_Start
                0x00005c7c       0x20 .\CortexM3\ARM_GCC_484\Debug\nanoNxt_ICM3.a(isr_SW_Rst.o)
                0x00005c7c                isr_SW_Rst_Start
 .text.isr_SW_Rst_Interrupt
                0x00005c9c       0x58 .\CortexM3\ARM_GCC_484\Debug\nanoNxt_ICM3.a(isr_SW_Rst.o)
                0x00005c9c                isr_SW_Rst_Interrupt
 .text.isr_SW_Rst_SetVector
                0x00005cf4       0x24 .\CortexM3\ARM_GCC_484\Debug\nanoNxt_ICM3.a(isr_SW_Rst.o)
                0x00005cf4                isr_SW_Rst_SetVector
 .text.isr_SW_Rst_SetPriority
                0x00005d18       0x24 .\CortexM3\ARM_GCC_484\Debug\nanoNxt_ICM3.a(isr_SW_Rst.o)
                0x00005d18                isr_SW_Rst_SetPriority
 .text.isr_SW_Rst_Enable
                0x00005d3c       0x18 .\CortexM3\ARM_GCC_484\Debug\nanoNxt_ICM3.a(isr_SW_Rst.o)
                0x00005d3c                isr_SW_Rst_Enable
 .text.isr_SW_Rst_Disable
                0x00005d54       0x18 .\CortexM3\ARM_GCC_484\Debug\nanoNxt_ICM3.a(isr_SW_Rst.o)
                0x00005d54                isr_SW_Rst_Disable
 .text.LED_GRN_Write
                0x00005d6c       0x3c .\CortexM3\ARM_GCC_484\Debug\nanoNxt_ICM3.a(LED_GRN.o)
                0x00005d6c                LED_GRN_Write
 .text.LED_RED_Write
                0x00005da8       0x3c .\CortexM3\ARM_GCC_484\Debug\nanoNxt_ICM3.a(LED_RED.o)
                0x00005da8                LED_RED_Write
 .text.LED_YEL_Write
                0x00005de4       0x34 .\CortexM3\ARM_GCC_484\Debug\nanoNxt_ICM3.a(LED_YEL.o)
                0x00005de4                LED_YEL_Write
 .text.UART_ACS_Start
                0x00005e18       0x20 .\CortexM3\ARM_GCC_484\Debug\nanoNxt_ICM3.a(UART_ACS.o)
                0x00005e18                UART_ACS_Start
 .text.UART_ACS_Init
                0x00005e38       0x38 .\CortexM3\ARM_GCC_484\Debug\nanoNxt_ICM3.a(UART_ACS.o)
                0x00005e38                UART_ACS_Init
 .text.UART_ACS_Enable
                0x00005e70       0x50 .\CortexM3\ARM_GCC_484\Debug\nanoNxt_ICM3.a(UART_ACS.o)
                0x00005e70                UART_ACS_Enable
 .text.UART_ACS_ReadControlRegister
                0x00005ec0       0x18 .\CortexM3\ARM_GCC_484\Debug\nanoNxt_ICM3.a(UART_ACS.o)
                0x00005ec0                UART_ACS_ReadControlRegister
 .text.UART_ACS_WriteControlRegister
                0x00005ed8       0x20 .\CortexM3\ARM_GCC_484\Debug\nanoNxt_ICM3.a(UART_ACS.o)
                0x00005ed8                UART_ACS_WriteControlRegister
 .text.UART_ACS_SetRxInterruptMode
                0x00005ef8       0x20 .\CortexM3\ARM_GCC_484\Debug\nanoNxt_ICM3.a(UART_ACS.o)
                0x00005ef8                UART_ACS_SetRxInterruptMode
 .text.UART_ACS_GetChar
                0x00005f18       0xb8 .\CortexM3\ARM_GCC_484\Debug\nanoNxt_ICM3.a(UART_ACS.o)
                0x00005f18                UART_ACS_GetChar
 .text.UART_ACS_GetRxBufferSize
                0x00005fd0       0x94 .\CortexM3\ARM_GCC_484\Debug\nanoNxt_ICM3.a(UART_ACS.o)
                0x00005fd0                UART_ACS_GetRxBufferSize
 .text.UART_ACS_ClearRxBuffer
                0x00006064       0x7c .\CortexM3\ARM_GCC_484\Debug\nanoNxt_ICM3.a(UART_ACS.o)
                0x00006064                UART_ACS_ClearRxBuffer
 .text.UART_ACS_PutChar
                0x000060e0       0x34 .\CortexM3\ARM_GCC_484\Debug\nanoNxt_ICM3.a(UART_ACS.o)
                0x000060e0                UART_ACS_PutChar
 .text.UART_ACS_PutArray
                0x00006114       0x40 .\CortexM3\ARM_GCC_484\Debug\nanoNxt_ICM3.a(UART_ACS.o)
                0x00006114                UART_ACS_PutArray
 .text.UART_ACS_LoadRxConfig
                0x00006154       0x28 .\CortexM3\ARM_GCC_484\Debug\nanoNxt_ICM3.a(UART_ACS.o)
                0x00006154                UART_ACS_LoadRxConfig
 .text.UART_ACS_LoadTxConfig
                0x0000617c       0x28 .\CortexM3\ARM_GCC_484\Debug\nanoNxt_ICM3.a(UART_ACS.o)
                0x0000617c                UART_ACS_LoadTxConfig
 .text.UART_ACS_RXISR
                0x000061a4       0xd4 .\CortexM3\ARM_GCC_484\Debug\nanoNxt_ICM3.a(UART_ACS_INT.o)
                0x000061a4                UART_ACS_RXISR
 .text.UART_READER_Start
                0x00006278       0x20 .\CortexM3\ARM_GCC_484\Debug\nanoNxt_ICM3.a(UART_READER.o)
                0x00006278                UART_READER_Start
 .text.UART_READER_Init
                0x00006298       0x38 .\CortexM3\ARM_GCC_484\Debug\nanoNxt_ICM3.a(UART_READER.o)
                0x00006298                UART_READER_Init
 .text.UART_READER_Enable
                0x000062d0       0x50 .\CortexM3\ARM_GCC_484\Debug\nanoNxt_ICM3.a(UART_READER.o)
                0x000062d0                UART_READER_Enable
 .text.UART_READER_ReadControlRegister
                0x00006320       0x18 .\CortexM3\ARM_GCC_484\Debug\nanoNxt_ICM3.a(UART_READER.o)
                0x00006320                UART_READER_ReadControlRegister
 .text.UART_READER_WriteControlRegister
                0x00006338       0x20 .\CortexM3\ARM_GCC_484\Debug\nanoNxt_ICM3.a(UART_READER.o)
                0x00006338                UART_READER_WriteControlRegister
 .text.UART_READER_SetRxInterruptMode
                0x00006358       0x20 .\CortexM3\ARM_GCC_484\Debug\nanoNxt_ICM3.a(UART_READER.o)
                0x00006358                UART_READER_SetRxInterruptMode
 .text.UART_READER_GetChar
                0x00006378       0xbc .\CortexM3\ARM_GCC_484\Debug\nanoNxt_ICM3.a(UART_READER.o)
                0x00006378                UART_READER_GetChar
 .text.UART_READER_GetRxBufferSize
                0x00006434       0x90 .\CortexM3\ARM_GCC_484\Debug\nanoNxt_ICM3.a(UART_READER.o)
                0x00006434                UART_READER_GetRxBufferSize
 .text.UART_READER_ClearRxBuffer
                0x000064c4       0x7c .\CortexM3\ARM_GCC_484\Debug\nanoNxt_ICM3.a(UART_READER.o)
                0x000064c4                UART_READER_ClearRxBuffer
 .text.UART_READER_PutChar
                0x00006540       0x34 .\CortexM3\ARM_GCC_484\Debug\nanoNxt_ICM3.a(UART_READER.o)
                0x00006540                UART_READER_PutChar
 .text.UART_READER_PutArray
                0x00006574       0x40 .\CortexM3\ARM_GCC_484\Debug\nanoNxt_ICM3.a(UART_READER.o)
                0x00006574                UART_READER_PutArray
 .text.UART_READER_LoadRxConfig
                0x000065b4       0x28 .\CortexM3\ARM_GCC_484\Debug\nanoNxt_ICM3.a(UART_READER.o)
                0x000065b4                UART_READER_LoadRxConfig
 .text.UART_READER_LoadTxConfig
                0x000065dc       0x28 .\CortexM3\ARM_GCC_484\Debug\nanoNxt_ICM3.a(UART_READER.o)
                0x000065dc                UART_READER_LoadTxConfig
 .text.UART_READER_RXISR
                0x00006604       0xd8 .\CortexM3\ARM_GCC_484\Debug\nanoNxt_ICM3.a(UART_READER_INT.o)
                0x00006604                UART_READER_RXISR
 .text.FltrReg_Read
                0x000066dc       0x18 .\CortexM3\ARM_GCC_484\Debug\nanoNxt_ICM3.a(FltrReg.o)
                0x000066dc                FltrReg_Read
 .text          0x000066f4      0x370 c:/program files (x86)/cypress/psoc creator/3.2/psoc creator/import/gnu/arm/4.8.4/bin/../lib/gcc/arm-none-eabi/4.8.4/armv7-m\libgcc.a(_arm_addsubdf3.o)
                0x000066f4                __aeabi_drsub
                0x000066fc                __aeabi_dsub
                0x000066fc                __subdf3
                0x00006700                __aeabi_dadd
                0x00006700                __adddf3
                0x00006978                __floatunsidf
                0x00006978                __aeabi_ui2d
                0x00006998                __floatsidf
                0x00006998                __aeabi_i2d
                0x000069bc                __aeabi_f2d
                0x000069bc                __extendsfdf2
                0x000069f8                __floatundidf
                0x000069f8                __aeabi_ul2d
                0x00006a08                __floatdidf
                0x00006a08                __aeabi_l2d
 .text          0x00006a64      0x424 c:/program files (x86)/cypress/psoc creator/3.2/psoc creator/import/gnu/arm/4.8.4/bin/../lib/gcc/arm-none-eabi/4.8.4/armv7-m\libgcc.a(_arm_muldivdf3.o)
                0x00006a64                __aeabi_dmul
                0x00006a64                __muldf3
                0x00006cb8                __divdf3
                0x00006cb8                __aeabi_ddiv
 .text          0x00006e88      0x110 c:/program files (x86)/cypress/psoc creator/3.2/psoc creator/import/gnu/arm/4.8.4/bin/../lib/gcc/arm-none-eabi/4.8.4/armv7-m\libgcc.a(_arm_cmpdf2.o)
                0x00006e88                __gtdf2
                0x00006e88                __gedf2
                0x00006e90                __ltdf2
                0x00006e90                __ledf2
                0x00006e98                __nedf2
                0x00006e98                __eqdf2
                0x00006e98                __cmpdf2
                0x00006f14                __aeabi_cdrcmple
                0x00006f24                __aeabi_cdcmpeq
                0x00006f24                __aeabi_cdcmple
                0x00006f34                __aeabi_dcmpeq
                0x00006f48                __aeabi_dcmplt
                0x00006f5c                __aeabi_dcmple
                0x00006f70                __aeabi_dcmpge
                0x00006f84                __aeabi_dcmpgt
 .text.__libc_init_array
                0x00006f98       0x4c c:/program files (x86)/cypress/psoc creator/3.2/psoc creator/import/gnu/arm/4.8.4/bin/../lib/gcc/arm-none-eabi/4.8.4/../../../../arm-none-eabi/lib/armv7-m\libg_s.a(lib_a-init.o)
                0x00006f98                __libc_init_array
 .text.memcpy   0x00006fe4       0x12 c:/program files (x86)/cypress/psoc creator/3.2/psoc creator/import/gnu/arm/4.8.4/bin/../lib/gcc/arm-none-eabi/4.8.4/../../../../arm-none-eabi/lib/armv7-m\libg_s.a(lib_a-memcpy-stub.o)
                0x00006fe4                memcpy
 .text.memset   0x00006ff6       0x10 c:/program files (x86)/cypress/psoc creator/3.2/psoc creator/import/gnu/arm/4.8.4/bin/../lib/gcc/arm-none-eabi/4.8.4/../../../../arm-none-eabi/lib/armv7-m\libg_s.a(lib_a-memset.o)
                0x00006ff6                memset
 *(.plt)
 *(.gnu.warning)
 *(.glue_7t)
 .glue_7t       0x00000000        0x0 linker stubs
 *(.glue_7)
 .glue_7        0x00000000        0x0 linker stubs
 *(.vfp11_veneer)
 .vfp11_veneer  0x00000000        0x0 linker stubs
 *(.bootloader)
 *(.ARM.extab* .gnu.linkonce.armextab.*)
 *(.gcc_except_table)

.v4_bx          0x00007008        0x0
 .v4_bx         0x00000000        0x0 linker stubs

.iplt           0x00007008        0x0
 .iplt          0x00000000        0x0 c:/program files (x86)/cypress/psoc creator/3.2/psoc creator/import/gnu/arm/4.8.4/bin/../lib/gcc/arm-none-eabi/4.8.4/armv7-m/crtbegin.o

.eh_frame_hdr
 *(.eh_frame_hdr)

.eh_frame       0x00007008        0x4
 *(.eh_frame)
 .eh_frame      0x00007008        0x0 c:/program files (x86)/cypress/psoc creator/3.2/psoc creator/import/gnu/arm/4.8.4/bin/../lib/gcc/arm-none-eabi/4.8.4/armv7-m/crtbegin.o
 .eh_frame      0x00007008        0x4 c:/program files (x86)/cypress/psoc creator/3.2/psoc creator/import/gnu/arm/4.8.4/bin/../lib/gcc/arm-none-eabi/4.8.4/armv7-m/crtend.o
                0x0000700c                PROVIDE (__exidx_start, .)

.ARM.exidx
 *(.ARM.exidx* .gnu.linkonce.armexidx.*)
                0x0000700c                __exidx_end = .

.rodata         0x0000700c       0x94
 *(.rodata .rodata.* .gnu.linkonce.r.*)
 .rodata        0x0000700c       0x5c .\CortexM3\ARM_GCC_484\Debug\nanoNxt_ICM3.a(cyfitter_cfg.o)
                0x00007068                . = ALIGN (0x4)
 *(.init)
 .init          0x00007068        0x4 c:/program files (x86)/cypress/psoc creator/3.2/psoc creator/import/gnu/arm/4.8.4/bin/../lib/gcc/arm-none-eabi/4.8.4/armv7-m/crti.o
                0x00007068                _init
 .init          0x0000706c        0x8 c:/program files (x86)/cypress/psoc creator/3.2/psoc creator/import/gnu/arm/4.8.4/bin/../lib/gcc/arm-none-eabi/4.8.4/armv7-m/crtn.o
                0x00007074                . = ALIGN (0x4)
                0x00007074                __preinit_array_start = .
 *(.preinit_array)
                0x00007074                __preinit_array_end = .
                0x00007074                . = ALIGN (0x4)
                0x00007074                __init_array_start = .
 *(SORT(.init_array.*))
 *(.init_array)
 .init_array    0x00007074        0x4 c:/program files (x86)/cypress/psoc creator/3.2/psoc creator/import/gnu/arm/4.8.4/bin/../lib/gcc/arm-none-eabi/4.8.4/armv7-m/crtbegin.o
 .init_array    0x00007078        0x4 .\CortexM3\ARM_GCC_484\Debug\Cm3Start.o
                0x0000707c                __init_array_end = .
                0x0000707c                . = ALIGN (0x4)
 *(.fini)
 .fini          0x0000707c        0x4 c:/program files (x86)/cypress/psoc creator/3.2/psoc creator/import/gnu/arm/4.8.4/bin/../lib/gcc/arm-none-eabi/4.8.4/armv7-m/crti.o
                0x0000707c                _fini
 .fini          0x00007080        0x8 c:/program files (x86)/cypress/psoc creator/3.2/psoc creator/import/gnu/arm/4.8.4/bin/../lib/gcc/arm-none-eabi/4.8.4/armv7-m/crtn.o
                0x00007088                . = ALIGN (0x4)
                0x00007088                __fini_array_start = .
 *(.fini_array)
 .fini_array    0x00007088        0x4 c:/program files (x86)/cypress/psoc creator/3.2/psoc creator/import/gnu/arm/4.8.4/bin/../lib/gcc/arm-none-eabi/4.8.4/armv7-m/crtbegin.o
 *(SORT(.fini_array.*))
                0x0000708c                __fini_array_end = .
                0x0000708c                . = ALIGN (0x4)
 *crtbegin.o(.ctors)
 *(EXCLUDE_FILE(*crtend.o) .ctors)
 *(SORT(.ctors.*))
 *crtend.o(.ctors)
                0x0000708c                . = ALIGN (0x4)
 *crtbegin.o(.dtors)
 *(EXCLUDE_FILE(*crtend.o) .dtors)
 *(SORT(.dtors.*))
 *crtend.o(.dtors)
                0x0000708c                . = ALIGN (0x4)
                0x0000708c                __cy_regions = .
                0x0000708c        0x4 LONG 0x70a0 __cy_region_init_ram
                0x00007090        0x4 LONG 0x1fff8108 __cy_region_start_data
                0x00007094        0x4 LONG 0x18 __cy_region_init_size_ram
                0x00007098        0x4 LONG 0x358 __cy_region_zero_size_ram
                0x0000709c                __cy_regions_end = .
                0x000070a0                . = ALIGN (0x8)
 *fill*         0x0000709c        0x4 
                0x000070a0                _etext = .

.ramvectors     0x1fff8000      0x100
                0x1fff8000                __cy_region_start_ram = .
 *(.ramvectors)
 .ramvectors    0x1fff8000      0x100 .\CortexM3\ARM_GCC_484\Debug\Cm3Start.o
                0x1fff8000                CyRamVectors

.noinit         0x1fff8100        0x5
 *(.noinit)
 .noinit        0x1fff8100        0x4 .\CortexM3\ARM_GCC_484\Debug\Cm3Start.o
 .noinit        0x1fff8104        0x1 .\CortexM3\ARM_GCC_484\Debug\nanoNxt_ICM3.a(CyLib.o)
                0x1fff8104                CyResetStatus

.data           0x1fff8108       0x18 load address 0x000070a0
                0x1fff8108                __cy_region_start_data = .
 *(.jcr)
 .jcr           0x1fff8108        0x0 c:/program files (x86)/cypress/psoc creator/3.2/psoc creator/import/gnu/arm/4.8.4/bin/../lib/gcc/arm-none-eabi/4.8.4/armv7-m/crtbegin.o
 .jcr           0x1fff8108        0x4 c:/program files (x86)/cypress/psoc creator/3.2/psoc creator/import/gnu/arm/4.8.4/bin/../lib/gcc/arm-none-eabi/4.8.4/armv7-m/crtend.o
 *(.got.plt)
 *(.got)
 *(.shdata)
 *(.data .data.* .gnu.linkonce.d.*)
 .data          0x1fff810c       0x10 .\CortexM3\ARM_GCC_484\Debug\nanoNxt_ICM3.a(CyLib.o)
                0x1fff810c                cydelay_freq_hz
                0x1fff8110                cydelay_freq_khz
                0x1fff8114                cydelay_freq_mhz
                0x1fff8118                cydelay_32k_ms
                0x1fff8120                . = ALIGN (0x8)
 *fill*         0x1fff811c        0x4 
 *(.ram)
                0x1fff8120                _edata = .

.igot.plt       0x1fff8120        0x0 load address 0x000070b8
 .igot.plt      0x00000000        0x0 c:/program files (x86)/cypress/psoc creator/3.2/psoc creator/import/gnu/arm/4.8.4/bin/../lib/gcc/arm-none-eabi/4.8.4/armv7-m/crtbegin.o

.bss            0x1fff8120      0x358 load address 0x000070b8
                0x1fff8120                PROVIDE (__bss_start__, .)
 *(.shbss)
 *(.bss .bss.* .gnu.linkonce.b.*)
 .bss           0x1fff8120       0x1c c:/program files (x86)/cypress/psoc creator/3.2/psoc creator/import/gnu/arm/4.8.4/bin/../lib/gcc/arm-none-eabi/4.8.4/armv7-m/crtbegin.o
 .bss           0x1fff813c        0x2 .\CortexM3\ARM_GCC_484\Debug\nanoNxt_ICM3.a(UART_1.o)
                0x1fff813c                UART_1_initVar
 .bss           0x1fff813e        0x1 .\CortexM3\ARM_GCC_484\Debug\nanoNxt_ICM3.a(Tamper_Timer.o)
                0x1fff813e                Tamper_Timer_initVar
 .bss           0x1fff813f        0x1 .\CortexM3\ARM_GCC_484\Debug\nanoNxt_ICM3.a(UART_TIMER.o)
                0x1fff813f                UART_TIMER_initVar
 .bss           0x1fff8140        0x1 .\CortexM3\ARM_GCC_484\Debug\nanoNxt_ICM3.a(EZI2Cs.o)
                0x1fff8140                EZI2Cs_initVar
 .bss           0x1fff8141        0x2 .\CortexM3\ARM_GCC_484\Debug\nanoNxt_ICM3.a(EZI2Cs_INT.o)
 .bss           0x1fff8143        0x1 .\CortexM3\ARM_GCC_484\Debug\nanoNxt_ICM3.a(Timeout_Timer.o)
                0x1fff8143                Timeout_Timer_initVar
 .bss           0x1fff8144        0x1 .\CortexM3\ARM_GCC_484\Debug\nanoNxt_ICM3.a(OSDPReaderTimer.o)
                0x1fff8144                OSDPReaderTimer_initVar
 *fill*         0x1fff8145        0x1 
 .bss           0x1fff8146        0x8 .\CortexM3\ARM_GCC_484\Debug\nanoNxt_ICM3.a(UART_ACS.o)
                0x1fff8146                UART_ACS_initVar
                0x1fff8147                UART_ACS_errorStatus
                0x1fff8148                UART_ACS_rxBufferRead
                0x1fff814a                UART_ACS_rxBufferWrite
                0x1fff814c                UART_ACS_rxBufferLoopDetect
                0x1fff814d                UART_ACS_rxBufferOverflow
 .bss           0x1fff814e        0x6 .\CortexM3\ARM_GCC_484\Debug\nanoNxt_ICM3.a(UART_READER.o)
                0x1fff814e                UART_READER_initVar
                0x1fff814f                UART_READER_errorStatus
                0x1fff8150                UART_READER_rxBufferRead
                0x1fff8151                UART_READER_rxBufferWrite
                0x1fff8152                UART_READER_rxBufferLoopDetect
                0x1fff8153                UART_READER_rxBufferOverflow
 *(COMMON)
 COMMON         0x1fff8154      0x144 .\CortexM3\ARM_GCC_484\Debug\main.o
                0x1fff8154                TAMPERCR_POLARITY
                0x1fff8158                activate_f2ftimer
                0x1fff8159                old
                0x1fff815a                got_pulse
                0x1fff815c                MyI2C_Regs
                0x1fff825c                currentAccessType
                0x1fff8260                card_in_buf
                0x1fff8264                s
                0x1fff828c                f2f_pulsewidth
                0x1fff8290                card_ack
                0x1fff8294                timeout_cnt
 COMMON         0x1fff8298        0x2 .\CortexM3\ARM_GCC_484\Debug\wiegand.o
                0x1fff8298                f2f_ack_delay_cnt
                0x1fff8299                f2f_acknowledge_active
 *fill*         0x1fff829a        0x2 
 COMMON         0x1fff829c       0x40 .\CortexM3\ARM_GCC_484\Debug\i2cuart.o
                0x1fff829c                InterruptCnt
                0x1fff829d                OSDPReaderTask
                0x1fff82a0                osdp_msg_header
                0x1fff82a4                keepALiveLength
                0x1fff82a8                osdp_reader_msg_header
                0x1fff82ac                keepALive
 COMMON         0x1fff82dc        0xd .\CortexM3\ARM_GCC_484\Debug\nanoNxt_ICM3.a(EZI2Cs.o)
                0x1fff82dc                EZI2Cs_bufSizeS1
                0x1fff82de                EZI2Cs_rwIndexS1
                0x1fff82df                EZI2Cs_rwOffsetS1
                0x1fff82e0                EZI2Cs_wrProtectS1
                0x1fff82e2                EZI2Cs_curStatus
                0x1fff82e4                EZI2Cs_dataPtrS1
                0x1fff82e8                EZI2Cs_curState
 *fill*         0x1fff82e9        0x3 
 COMMON         0x1fff82ec        0x9 .\CortexM3\ARM_GCC_484\Debug\nanoNxt_ICM3.a(isr_SW_Rst.o)
                0x1fff82ec                buttonReleased
                0x1fff82f0                buttonDuration
                0x1fff82f4                buttonPressed
 *fill*         0x1fff82f5        0x3 
 COMMON         0x1fff82f8      0x100 .\CortexM3\ARM_GCC_484\Debug\nanoNxt_ICM3.a(UART_ACS.o)
                0x1fff82f8                UART_ACS_rxBuffer
 COMMON         0x1fff83f8       0x80 .\CortexM3\ARM_GCC_484\Debug\nanoNxt_ICM3.a(UART_READER.o)
                0x1fff83f8                UART_READER_rxBuffer
                0x1fff8478                . = ALIGN (0x8)
 *(.ram.b)
                0x1fff8478                _end = .
                0x1fff8478                __end = .
                0x1fff8478                PROVIDE (end, .)
                0x1fff8478                PROVIDE (__bss_end__, .)
                0x000070a0                __cy_region_init_ram = LOADADDR (.data)
                0x00000018                __cy_region_init_size_ram = (_edata - ADDR (.data))
                0x00000358                __cy_region_zero_size_ram = (_end - _edata)

.heap           0x1fff8478       0x80 load address 0x000070b8
                0x1fff8478                . = _end
                0x1fff84f8                . = (. + 0x80)
 *fill*         0x1fff8478       0x80 
                0x1fff84f8                __cy_heap_limit = .

.stack          0x20007800      0x800
                0x20007800                __cy_stack_limit = .
                0x20008000                . = (. + 0x800)
 *fill*         0x20007800      0x800 
                0x00000001                ASSERT ((__cy_stack_limit >= __cy_heap_limit), region RAM overflowed with stack)

.cyloadermeta   0xf0000000       0x40
 *(.cyloadermeta)
 .cyloadermeta  0xf0000000       0x40 .\CortexM3\ARM_GCC_484\Debug\cybootloader.o
                0xf0000000                cy_meta_loader

.cyloadablemeta
                0x0003ffc0       0x40
 *(.cyloadablemeta)
 .cyloadablemeta
                0x0003ffc0       0x40 .\CortexM3\ARM_GCC_484\Debug\cymetadata.o
                0x0003ffc0                cy_meta_loadable

.cyconfigecc    0x800004a0      0xeb4
 *(.cyconfigecc)
 .cyconfigecc   0x800004a0      0xeb4 .\CortexM3\ARM_GCC_484\Debug\cymetadata.o
                0x800004a0                cy_meta_configecc

.cycustnvl      0x90000000        0x4
 *(.cycustnvl)
 .cycustnvl     0x90000000        0x4 .\CortexM3\ARM_GCC_484\Debug\cybootloader.o
                0x90000000                cy_meta_custnvl

.cywolatch      0x90100000        0x4
 *(.cywolatch)
 .cywolatch     0x90100000        0x4 .\CortexM3\ARM_GCC_484\Debug\cybootloader.o
                0x90100000                cy_meta_wonvl

.cyeeprom       0x90200000        0x0
 *(.cyeeprom)
                0x00000001                ASSERT ((. <= ((0x90200000 + ee_offset) + ee_size)), .cyeeprom data will not fit in EEPROM)

.cyflashprotect
                0x90400000      0x100
 *(.cyflashprotect)
 .cyflashprotect
                0x90400000      0x100 .\CortexM3\ARM_GCC_484\Debug\cybootloader.o
                0x90400000                cy_meta_flashprotect

.cymeta         0x90500000        0xc
 *(.cymeta)
 .cymeta        0x90500000        0xc .\CortexM3\ARM_GCC_484\Debug\cybootloader.o
                0x90500000                cy_metadata

.rel.dyn        0x00040000        0x0 load address 0x9050000c
 .rel.iplt      0x00000000        0x0 c:/program files (x86)/cypress/psoc creator/3.2/psoc creator/import/gnu/arm/4.8.4/bin/../lib/gcc/arm-none-eabi/4.8.4/armv7-m/crtbegin.o

.stab
 *(.stab)

.stabstr
 *(.stabstr)

.debug
 *(.debug)

.line
 *(.line)

.debug_srcinfo
 *(.debug_srcinfo)

.debug_sfnames
 *(.debug_sfnames)

.debug_aranges  0x00000000     0x1668
 *(.debug_aranges)
 .debug_aranges
                0x00000000       0x70 .\CortexM3\ARM_GCC_484\Debug\main.o
 .debug_aranges
                0x00000070       0x38 .\CortexM3\ARM_GCC_484\Debug\wiegand.o
 .debug_aranges
                0x000000a8       0x18 .\CortexM3\ARM_GCC_484\Debug\power.o
 .debug_aranges
                0x000000c0       0x38 .\CortexM3\ARM_GCC_484\Debug\inout.o
 .debug_aranges
                0x000000f8       0x80 .\CortexM3\ARM_GCC_484\Debug\i2cuart.o
 .debug_aranges
                0x00000178       0x48 .\CortexM3\ARM_GCC_484\Debug\soft_uart.o
 .debug_aranges
                0x000001c0       0x18 .\CortexM3\ARM_GCC_484\Debug\cymetadata.o
 .debug_aranges
                0x000001d8       0x48 .\CortexM3\ARM_GCC_484\Debug\Cm3Start.o
 .debug_aranges
                0x00000220       0x18 .\CortexM3\ARM_GCC_484\Debug\cybootloader.o
 .debug_aranges
                0x00000238       0x60 .\CortexM3\ARM_GCC_484\Debug\nanoNxt_ICM3.a(cyfitter_cfg.o)
 .debug_aranges
                0x00000298       0x38 .\CortexM3\ARM_GCC_484\Debug\nanoNxt_ICM3.a(RELAY_B.o)
 .debug_aranges
                0x000002d0       0x38 .\CortexM3\ARM_GCC_484\Debug\nanoNxt_ICM3.a(SOUND_OUT.o)
 .debug_aranges
                0x00000308       0x80 .\CortexM3\ARM_GCC_484\Debug\nanoNxt_ICM3.a(Tamper_Timer_ISR.o)
 .debug_aranges
                0x00000388       0x38 .\CortexM3\ARM_GCC_484\Debug\nanoNxt_ICM3.a(PS_D0.o)
 .debug_aranges
                0x000003c0       0x38 .\CortexM3\ARM_GCC_484\Debug\nanoNxt_ICM3.a(PS_D1.o)
 .debug_aranges
                0x000003f8       0x38 .\CortexM3\ARM_GCC_484\Debug\nanoNxt_ICM3.a(Pin_WD0.o)
 .debug_aranges
                0x00000430       0x38 .\CortexM3\ARM_GCC_484\Debug\nanoNxt_ICM3.a(Pin_WD1.o)
 .debug_aranges
                0x00000468       0xf0 .\CortexM3\ARM_GCC_484\Debug\nanoNxt_ICM3.a(UART_1.o)
 .debug_aranges
                0x00000558       0x38 .\CortexM3\ARM_GCC_484\Debug\nanoNxt_ICM3.a(TAMPER_OUT.o)
 .debug_aranges
                0x00000590       0x38 .\CortexM3\ARM_GCC_484\Debug\nanoNxt_ICM3.a(LEDG_OUT.o)
 .debug_aranges
                0x000005c8       0x38 .\CortexM3\ARM_GCC_484\Debug\nanoNxt_ICM3.a(SOUND_IN.o)
 .debug_aranges
                0x00000600       0x38 .\CortexM3\ARM_GCC_484\Debug\nanoNxt_ICM3.a(LEDG_IN.o)
 .debug_aranges
                0x00000638       0x38 .\CortexM3\ARM_GCC_484\Debug\nanoNxt_ICM3.a(TAMPER_IN.o)
 .debug_aranges
                0x00000670       0x38 .\CortexM3\ARM_GCC_484\Debug\nanoNxt_ICM3.a(LEDR_IN.o)
 .debug_aranges
                0x000006a8       0x38 .\CortexM3\ARM_GCC_484\Debug\nanoNxt_ICM3.a(LEDR_OUT.o)
 .debug_aranges
                0x000006e0       0x38 .\CortexM3\ARM_GCC_484\Debug\nanoNxt_ICM3.a(REED_1.o)
 .debug_aranges
                0x00000718       0x38 .\CortexM3\ARM_GCC_484\Debug\nanoNxt_ICM3.a(RELAY_A.o)
 .debug_aranges
                0x00000750       0x28 .\CortexM3\ARM_GCC_484\Debug\nanoNxt_ICM3.a(OptSelect.o)
 .debug_aranges
                0x00000778       0x88 .\CortexM3\ARM_GCC_484\Debug\nanoNxt_ICM3.a(Tamper_Timer.o)
 .debug_aranges
                0x00000800       0x88 .\CortexM3\ARM_GCC_484\Debug\nanoNxt_ICM3.a(UART_TIMER.o)
 .debug_aranges
                0x00000888       0x80 .\CortexM3\ARM_GCC_484\Debug\nanoNxt_ICM3.a(UART_TIMER_ISR.o)
 .debug_aranges
                0x00000908       0x20 .\CortexM3\ARM_GCC_484\Debug\nanoNxt_ICM3.a(CyBootAsmGnu.o)
 .debug_aranges
                0x00000928      0x298 .\CortexM3\ARM_GCC_484\Debug\nanoNxt_ICM3.a(CyLib.o)
 .debug_aranges
                0x00000bc0       0x98 .\CortexM3\ARM_GCC_484\Debug\nanoNxt_ICM3.a(cyPm.o)
 .debug_aranges
                0x00000c58       0x58 .\CortexM3\ARM_GCC_484\Debug\nanoNxt_ICM3.a(EZI2Cs.o)
 .debug_aranges
                0x00000cb0       0x38 .\CortexM3\ARM_GCC_484\Debug\nanoNxt_ICM3.a(EZI2Cs_PM.o)
 .debug_aranges
                0x00000ce8       0x20 .\CortexM3\ARM_GCC_484\Debug\nanoNxt_ICM3.a(EZI2Cs_INT.o)
 .debug_aranges
                0x00000d08       0x28 .\CortexM3\ARM_GCC_484\Debug\nanoNxt_ICM3.a(BootloadableI2C.o)
 .debug_aranges
                0x00000d30       0x88 .\CortexM3\ARM_GCC_484\Debug\nanoNxt_ICM3.a(Timeout_Timer.o)
 .debug_aranges
                0x00000db8       0x80 .\CortexM3\ARM_GCC_484\Debug\nanoNxt_ICM3.a(Timeout_Timer_Isr.o)
 .debug_aranges
                0x00000e38       0x70 .\CortexM3\ARM_GCC_484\Debug\nanoNxt_ICM3.a(Clock_5.o)
 .debug_aranges
                0x00000ea8       0x80 .\CortexM3\ARM_GCC_484\Debug\nanoNxt_ICM3.a(isr_F2F_edge.o)
 .debug_aranges
                0x00000f28       0x40 .\CortexM3\ARM_GCC_484\Debug\nanoNxt_ICM3.a(FilterReg.o)
 .debug_aranges
                0x00000f68       0x38 .\CortexM3\ARM_GCC_484\Debug\nanoNxt_ICM3.a(Mode_Sel_ACS.o)
 .debug_aranges
                0x00000fa0       0x38 .\CortexM3\ARM_GCC_484\Debug\nanoNxt_ICM3.a(TX_EN.o)
 .debug_aranges
                0x00000fd8       0x38 .\CortexM3\ARM_GCC_484\Debug\nanoNxt_ICM3.a(CR_DE.o)
 .debug_aranges
                0x00001010       0x70 .\CortexM3\ARM_GCC_484\Debug\nanoNxt_ICM3.a(Clock_6.o)
 .debug_aranges
                0x00001080       0x38 .\CortexM3\ARM_GCC_484\Debug\nanoNxt_ICM3.a(Mode_Sel_CR.o)
 .debug_aranges
                0x000010b8       0x80 .\CortexM3\ARM_GCC_484\Debug\nanoNxt_ICM3.a(isr_keepalive.o)
 .debug_aranges
                0x00001138       0x90 .\CortexM3\ARM_GCC_484\Debug\nanoNxt_ICM3.a(OSDPReaderTimer.o)
 .debug_aranges
                0x000011c8       0x80 .\CortexM3\ARM_GCC_484\Debug\nanoNxt_ICM3.a(isr_SW_Rst.o)
 .debug_aranges
                0x00001248       0x38 .\CortexM3\ARM_GCC_484\Debug\nanoNxt_ICM3.a(LED_GRN.o)
 .debug_aranges
                0x00001280       0x38 .\CortexM3\ARM_GCC_484\Debug\nanoNxt_ICM3.a(LED_RED.o)
 .debug_aranges
                0x000012b8       0x38 .\CortexM3\ARM_GCC_484\Debug\nanoNxt_ICM3.a(LED_YEL.o)
 .debug_aranges
                0x000012f0      0x100 .\CortexM3\ARM_GCC_484\Debug\nanoNxt_ICM3.a(UART_ACS.o)
 .debug_aranges
                0x000013f0       0x20 .\CortexM3\ARM_GCC_484\Debug\nanoNxt_ICM3.a(UART_ACS_INT.o)
 .debug_aranges
                0x00001410      0x100 .\CortexM3\ARM_GCC_484\Debug\nanoNxt_ICM3.a(UART_READER.o)
 .debug_aranges
                0x00001510       0x20 .\CortexM3\ARM_GCC_484\Debug\nanoNxt_ICM3.a(UART_READER_INT.o)
 .debug_aranges
                0x00001530       0x80 .\CortexM3\ARM_GCC_484\Debug\nanoNxt_ICM3.a(CyFlash.o)
 .debug_aranges
                0x000015b0       0x78 .\CortexM3\ARM_GCC_484\Debug\nanoNxt_ICM3.a(CySpc.o)
 .debug_aranges
                0x00001628       0x40 .\CortexM3\ARM_GCC_484\Debug\nanoNxt_ICM3.a(FltrReg.o)

.debug_pubnames
 *(.debug_pubnames)

.debug_info     0x00000000     0x970d
 *(.debug_info .gnu.linkonce.wi.*)
 .debug_info    0x00000000      0x57f .\CortexM3\ARM_GCC_484\Debug\main.o
 .debug_info    0x0000057f      0x53b .\CortexM3\ARM_GCC_484\Debug\wiegand.o
 .debug_info    0x00000aba       0xa7 .\CortexM3\ARM_GCC_484\Debug\power.o
 .debug_info    0x00000b61      0x437 .\CortexM3\ARM_GCC_484\Debug\inout.o
 .debug_info    0x00000f98      0x670 .\CortexM3\ARM_GCC_484\Debug\i2cuart.o
 .debug_info    0x00001608      0x2bc .\CortexM3\ARM_GCC_484\Debug\soft_uart.o
 .debug_info    0x000018c4       0xd8 .\CortexM3\ARM_GCC_484\Debug\cymetadata.o
 .debug_info    0x0000199c      0x317 .\CortexM3\ARM_GCC_484\Debug\Cm3Start.o
 .debug_info    0x00001cb3      0x164 .\CortexM3\ARM_GCC_484\Debug\cybootloader.o
 .debug_info    0x00001e17      0x448 .\CortexM3\ARM_GCC_484\Debug\nanoNxt_ICM3.a(cyfitter_cfg.o)
 .debug_info    0x0000225f      0x11d .\CortexM3\ARM_GCC_484\Debug\nanoNxt_ICM3.a(RELAY_B.o)
 .debug_info    0x0000237c      0x11d .\CortexM3\ARM_GCC_484\Debug\nanoNxt_ICM3.a(SOUND_OUT.o)
 .debug_info    0x00002499      0x3c5 .\CortexM3\ARM_GCC_484\Debug\nanoNxt_ICM3.a(Tamper_Timer_ISR.o)
 .debug_info    0x0000285e      0x11d .\CortexM3\ARM_GCC_484\Debug\nanoNxt_ICM3.a(PS_D0.o)
 .debug_info    0x0000297b      0x11d .\CortexM3\ARM_GCC_484\Debug\nanoNxt_ICM3.a(PS_D1.o)
 .debug_info    0x00002a98      0x11d .\CortexM3\ARM_GCC_484\Debug\nanoNxt_ICM3.a(Pin_WD0.o)
 .debug_info    0x00002bb5      0x11d .\CortexM3\ARM_GCC_484\Debug\nanoNxt_ICM3.a(Pin_WD1.o)
 .debug_info    0x00002cd2      0x500 .\CortexM3\ARM_GCC_484\Debug\nanoNxt_ICM3.a(UART_1.o)
 .debug_info    0x000031d2      0x11d .\CortexM3\ARM_GCC_484\Debug\nanoNxt_ICM3.a(TAMPER_OUT.o)
 .debug_info    0x000032ef      0x11d .\CortexM3\ARM_GCC_484\Debug\nanoNxt_ICM3.a(LEDG_OUT.o)
 .debug_info    0x0000340c      0x11d .\CortexM3\ARM_GCC_484\Debug\nanoNxt_ICM3.a(SOUND_IN.o)
 .debug_info    0x00003529      0x11d .\CortexM3\ARM_GCC_484\Debug\nanoNxt_ICM3.a(LEDG_IN.o)
 .debug_info    0x00003646      0x11d .\CortexM3\ARM_GCC_484\Debug\nanoNxt_ICM3.a(TAMPER_IN.o)
 .debug_info    0x00003763      0x11d .\CortexM3\ARM_GCC_484\Debug\nanoNxt_ICM3.a(LEDR_IN.o)
 .debug_info    0x00003880      0x11d .\CortexM3\ARM_GCC_484\Debug\nanoNxt_ICM3.a(LEDR_OUT.o)
 .debug_info    0x0000399d      0x11d .\CortexM3\ARM_GCC_484\Debug\nanoNxt_ICM3.a(REED_1.o)
 .debug_info    0x00003aba      0x11d .\CortexM3\ARM_GCC_484\Debug\nanoNxt_ICM3.a(RELAY_A.o)
 .debug_info    0x00003bd7       0xd6 .\CortexM3\ARM_GCC_484\Debug\nanoNxt_ICM3.a(OptSelect.o)
 .debug_info    0x00003cad      0x23c .\CortexM3\ARM_GCC_484\Debug\nanoNxt_ICM3.a(Tamper_Timer.o)
 .debug_info    0x00003ee9      0x23c .\CortexM3\ARM_GCC_484\Debug\nanoNxt_ICM3.a(UART_TIMER.o)
 .debug_info    0x00004125      0x397 .\CortexM3\ARM_GCC_484\Debug\nanoNxt_ICM3.a(UART_TIMER_ISR.o)
 .debug_info    0x000044bc       0xa9 .\CortexM3\ARM_GCC_484\Debug\nanoNxt_ICM3.a(CyBootAsmGnu.o)
 .debug_info    0x00004565      0xe31 .\CortexM3\ARM_GCC_484\Debug\nanoNxt_ICM3.a(CyLib.o)
 .debug_info    0x00005396      0x55f .\CortexM3\ARM_GCC_484\Debug\nanoNxt_ICM3.a(cyPm.o)
 .debug_info    0x000058f5      0x2e7 .\CortexM3\ARM_GCC_484\Debug\nanoNxt_ICM3.a(EZI2Cs.o)
 .debug_info    0x00005bdc      0x17f .\CortexM3\ARM_GCC_484\Debug\nanoNxt_ICM3.a(EZI2Cs_PM.o)
 .debug_info    0x00005d5b      0x13f .\CortexM3\ARM_GCC_484\Debug\nanoNxt_ICM3.a(EZI2Cs_INT.o)
 .debug_info    0x00005e9a      0x160 .\CortexM3\ARM_GCC_484\Debug\nanoNxt_ICM3.a(BootloadableI2C.o)
 .debug_info    0x00005ffa      0x23c .\CortexM3\ARM_GCC_484\Debug\nanoNxt_ICM3.a(Timeout_Timer.o)
 .debug_info    0x00006236      0x399 .\CortexM3\ARM_GCC_484\Debug\nanoNxt_ICM3.a(Timeout_Timer_Isr.o)
 .debug_info    0x000065cf      0x25b .\CortexM3\ARM_GCC_484\Debug\nanoNxt_ICM3.a(Clock_5.o)
 .debug_info    0x0000682a      0x399 .\CortexM3\ARM_GCC_484\Debug\nanoNxt_ICM3.a(isr_F2F_edge.o)
 .debug_info    0x00006bc3      0x13a .\CortexM3\ARM_GCC_484\Debug\nanoNxt_ICM3.a(FilterReg.o)
 .debug_info    0x00006cfd      0x11d .\CortexM3\ARM_GCC_484\Debug\nanoNxt_ICM3.a(Mode_Sel_ACS.o)
 .debug_info    0x00006e1a      0x11d .\CortexM3\ARM_GCC_484\Debug\nanoNxt_ICM3.a(TX_EN.o)
 .debug_info    0x00006f37      0x11d .\CortexM3\ARM_GCC_484\Debug\nanoNxt_ICM3.a(CR_DE.o)
 .debug_info    0x00007054      0x25b .\CortexM3\ARM_GCC_484\Debug\nanoNxt_ICM3.a(Clock_6.o)
 .debug_info    0x000072af      0x11d .\CortexM3\ARM_GCC_484\Debug\nanoNxt_ICM3.a(Mode_Sel_CR.o)
 .debug_info    0x000073cc      0x236 .\CortexM3\ARM_GCC_484\Debug\nanoNxt_ICM3.a(isr_keepalive.o)
 .debug_info    0x00007602      0x252 .\CortexM3\ARM_GCC_484\Debug\nanoNxt_ICM3.a(OSDPReaderTimer.o)
 .debug_info    0x00007854      0x3df .\CortexM3\ARM_GCC_484\Debug\nanoNxt_ICM3.a(isr_SW_Rst.o)
 .debug_info    0x00007c33      0x11d .\CortexM3\ARM_GCC_484\Debug\nanoNxt_ICM3.a(LED_GRN.o)
 .debug_info    0x00007d50      0x11d .\CortexM3\ARM_GCC_484\Debug\nanoNxt_ICM3.a(LED_RED.o)
 .debug_info    0x00007e6d      0x11d .\CortexM3\ARM_GCC_484\Debug\nanoNxt_ICM3.a(LED_YEL.o)
 .debug_info    0x00007f8a      0x5fe .\CortexM3\ARM_GCC_484\Debug\nanoNxt_ICM3.a(UART_ACS.o)
 .debug_info    0x00008588      0x151 .\CortexM3\ARM_GCC_484\Debug\nanoNxt_ICM3.a(UART_ACS_INT.o)
 .debug_info    0x000086d9      0x5f9 .\CortexM3\ARM_GCC_484\Debug\nanoNxt_ICM3.a(UART_READER.o)
 .debug_info    0x00008cd2      0x141 .\CortexM3\ARM_GCC_484\Debug\nanoNxt_ICM3.a(UART_READER_INT.o)
 .debug_info    0x00008e13      0x36a .\CortexM3\ARM_GCC_484\Debug\nanoNxt_ICM3.a(CyFlash.o)
 .debug_info    0x0000917d      0x456 .\CortexM3\ARM_GCC_484\Debug\nanoNxt_ICM3.a(CySpc.o)
 .debug_info    0x000095d3      0x13a .\CortexM3\ARM_GCC_484\Debug\nanoNxt_ICM3.a(FltrReg.o)

.debug_abbrev   0x00000000     0x3aee
 *(.debug_abbrev)
 .debug_abbrev  0x00000000      0x1c1 .\CortexM3\ARM_GCC_484\Debug\main.o
 .debug_abbrev  0x000001c1      0x181 .\CortexM3\ARM_GCC_484\Debug\wiegand.o
 .debug_abbrev  0x00000342       0x4b .\CortexM3\ARM_GCC_484\Debug\power.o
 .debug_abbrev  0x0000038d      0x147 .\CortexM3\ARM_GCC_484\Debug\inout.o
 .debug_abbrev  0x000004d4      0x224 .\CortexM3\ARM_GCC_484\Debug\i2cuart.o
 .debug_abbrev  0x000006f8      0x100 .\CortexM3\ARM_GCC_484\Debug\soft_uart.o
 .debug_abbrev  0x000007f8       0x66 .\CortexM3\ARM_GCC_484\Debug\cymetadata.o
 .debug_abbrev  0x0000085e      0x1b6 .\CortexM3\ARM_GCC_484\Debug\Cm3Start.o
 .debug_abbrev  0x00000a14       0x77 .\CortexM3\ARM_GCC_484\Debug\cybootloader.o
 .debug_abbrev  0x00000a8b      0x1b7 .\CortexM3\ARM_GCC_484\Debug\nanoNxt_ICM3.a(cyfitter_cfg.o)
 .debug_abbrev  0x00000c42       0x9d .\CortexM3\ARM_GCC_484\Debug\nanoNxt_ICM3.a(RELAY_B.o)
 .debug_abbrev  0x00000cdf       0x9d .\CortexM3\ARM_GCC_484\Debug\nanoNxt_ICM3.a(SOUND_OUT.o)
 .debug_abbrev  0x00000d7c      0x1b6 .\CortexM3\ARM_GCC_484\Debug\nanoNxt_ICM3.a(Tamper_Timer_ISR.o)
 .debug_abbrev  0x00000f32       0x9d .\CortexM3\ARM_GCC_484\Debug\nanoNxt_ICM3.a(PS_D0.o)
 .debug_abbrev  0x00000fcf       0x9d .\CortexM3\ARM_GCC_484\Debug\nanoNxt_ICM3.a(PS_D1.o)
 .debug_abbrev  0x0000106c       0x9d .\CortexM3\ARM_GCC_484\Debug\nanoNxt_ICM3.a(Pin_WD0.o)
 .debug_abbrev  0x00001109       0x9d .\CortexM3\ARM_GCC_484\Debug\nanoNxt_ICM3.a(Pin_WD1.o)
 .debug_abbrev  0x000011a6      0x158 .\CortexM3\ARM_GCC_484\Debug\nanoNxt_ICM3.a(UART_1.o)
 .debug_abbrev  0x000012fe       0x9d .\CortexM3\ARM_GCC_484\Debug\nanoNxt_ICM3.a(TAMPER_OUT.o)
 .debug_abbrev  0x0000139b       0x9d .\CortexM3\ARM_GCC_484\Debug\nanoNxt_ICM3.a(LEDG_OUT.o)
 .debug_abbrev  0x00001438       0x9d .\CortexM3\ARM_GCC_484\Debug\nanoNxt_ICM3.a(SOUND_IN.o)
 .debug_abbrev  0x000014d5       0x9d .\CortexM3\ARM_GCC_484\Debug\nanoNxt_ICM3.a(LEDG_IN.o)
 .debug_abbrev  0x00001572       0x9d .\CortexM3\ARM_GCC_484\Debug\nanoNxt_ICM3.a(TAMPER_IN.o)
 .debug_abbrev  0x0000160f       0x9d .\CortexM3\ARM_GCC_484\Debug\nanoNxt_ICM3.a(LEDR_IN.o)
 .debug_abbrev  0x000016ac       0x9d .\CortexM3\ARM_GCC_484\Debug\nanoNxt_ICM3.a(LEDR_OUT.o)
 .debug_abbrev  0x00001749       0x9d .\CortexM3\ARM_GCC_484\Debug\nanoNxt_ICM3.a(REED_1.o)
 .debug_abbrev  0x000017e6       0x9d .\CortexM3\ARM_GCC_484\Debug\nanoNxt_ICM3.a(RELAY_A.o)
 .debug_abbrev  0x00001883       0x8e .\CortexM3\ARM_GCC_484\Debug\nanoNxt_ICM3.a(OptSelect.o)
 .debug_abbrev  0x00001911       0xf6 .\CortexM3\ARM_GCC_484\Debug\nanoNxt_ICM3.a(Tamper_Timer.o)
 .debug_abbrev  0x00001a07       0xf6 .\CortexM3\ARM_GCC_484\Debug\nanoNxt_ICM3.a(UART_TIMER.o)
 .debug_abbrev  0x00001afd      0x17c .\CortexM3\ARM_GCC_484\Debug\nanoNxt_ICM3.a(UART_TIMER_ISR.o)
 .debug_abbrev  0x00001c79       0x14 .\CortexM3\ARM_GCC_484\Debug\nanoNxt_ICM3.a(CyBootAsmGnu.o)
 .debug_abbrev  0x00001c8d      0x217 .\CortexM3\ARM_GCC_484\Debug\nanoNxt_ICM3.a(CyLib.o)
 .debug_abbrev  0x00001ea4      0x16e .\CortexM3\ARM_GCC_484\Debug\nanoNxt_ICM3.a(cyPm.o)
 .debug_abbrev  0x00002012      0x150 .\CortexM3\ARM_GCC_484\Debug\nanoNxt_ICM3.a(EZI2Cs.o)
 .debug_abbrev  0x00002162       0xf8 .\CortexM3\ARM_GCC_484\Debug\nanoNxt_ICM3.a(EZI2Cs_PM.o)
 .debug_abbrev  0x0000225a       0x8e .\CortexM3\ARM_GCC_484\Debug\nanoNxt_ICM3.a(EZI2Cs_INT.o)
 .debug_abbrev  0x000022e8       0xba .\CortexM3\ARM_GCC_484\Debug\nanoNxt_ICM3.a(BootloadableI2C.o)
 .debug_abbrev  0x000023a2       0xf6 .\CortexM3\ARM_GCC_484\Debug\nanoNxt_ICM3.a(Timeout_Timer.o)
 .debug_abbrev  0x00002498      0x1a5 .\CortexM3\ARM_GCC_484\Debug\nanoNxt_ICM3.a(Timeout_Timer_Isr.o)
 .debug_abbrev  0x0000263d      0x12a .\CortexM3\ARM_GCC_484\Debug\nanoNxt_ICM3.a(Clock_5.o)
 .debug_abbrev  0x00002767      0x1a5 .\CortexM3\ARM_GCC_484\Debug\nanoNxt_ICM3.a(isr_F2F_edge.o)
 .debug_abbrev  0x0000290c       0xb7 .\CortexM3\ARM_GCC_484\Debug\nanoNxt_ICM3.a(FilterReg.o)
 .debug_abbrev  0x000029c3       0x9d .\CortexM3\ARM_GCC_484\Debug\nanoNxt_ICM3.a(Mode_Sel_ACS.o)
 .debug_abbrev  0x00002a60       0x9d .\CortexM3\ARM_GCC_484\Debug\nanoNxt_ICM3.a(TX_EN.o)
 .debug_abbrev  0x00002afd       0x9d .\CortexM3\ARM_GCC_484\Debug\nanoNxt_ICM3.a(CR_DE.o)
 .debug_abbrev  0x00002b9a      0x12a .\CortexM3\ARM_GCC_484\Debug\nanoNxt_ICM3.a(Clock_6.o)
 .debug_abbrev  0x00002cc4       0x9d .\CortexM3\ARM_GCC_484\Debug\nanoNxt_ICM3.a(Mode_Sel_CR.o)
 .debug_abbrev  0x00002d61      0x156 .\CortexM3\ARM_GCC_484\Debug\nanoNxt_ICM3.a(isr_keepalive.o)
 .debug_abbrev  0x00002eb7      0x128 .\CortexM3\ARM_GCC_484\Debug\nanoNxt_ICM3.a(OSDPReaderTimer.o)
 .debug_abbrev  0x00002fdf      0x1a5 .\CortexM3\ARM_GCC_484\Debug\nanoNxt_ICM3.a(isr_SW_Rst.o)
 .debug_abbrev  0x00003184       0x9d .\CortexM3\ARM_GCC_484\Debug\nanoNxt_ICM3.a(LED_GRN.o)
 .debug_abbrev  0x00003221       0x9d .\CortexM3\ARM_GCC_484\Debug\nanoNxt_ICM3.a(LED_RED.o)
 .debug_abbrev  0x000032be       0x9d .\CortexM3\ARM_GCC_484\Debug\nanoNxt_ICM3.a(LED_YEL.o)
 .debug_abbrev  0x0000335b      0x184 .\CortexM3\ARM_GCC_484\Debug\nanoNxt_ICM3.a(UART_ACS.o)
 .debug_abbrev  0x000034df       0x97 .\CortexM3\ARM_GCC_484\Debug\nanoNxt_ICM3.a(UART_ACS_INT.o)
 .debug_abbrev  0x00003576      0x184 .\CortexM3\ARM_GCC_484\Debug\nanoNxt_ICM3.a(UART_READER.o)
 .debug_abbrev  0x000036fa       0x97 .\CortexM3\ARM_GCC_484\Debug\nanoNxt_ICM3.a(UART_READER_INT.o)
 .debug_abbrev  0x00003791      0x12d .\CortexM3\ARM_GCC_484\Debug\nanoNxt_ICM3.a(CyFlash.o)
 .debug_abbrev  0x000038be      0x179 .\CortexM3\ARM_GCC_484\Debug\nanoNxt_ICM3.a(CySpc.o)
 .debug_abbrev  0x00003a37       0xb7 .\CortexM3\ARM_GCC_484\Debug\nanoNxt_ICM3.a(FltrReg.o)

.debug_line     0x00000000     0x53cd
 *(.debug_line)
 .debug_line    0x00000000      0x3a8 .\CortexM3\ARM_GCC_484\Debug\main.o
 .debug_line    0x000003a8      0x2dc .\CortexM3\ARM_GCC_484\Debug\wiegand.o
 .debug_line    0x00000684      0x13a .\CortexM3\ARM_GCC_484\Debug\power.o
 .debug_line    0x000007be      0x21e .\CortexM3\ARM_GCC_484\Debug\inout.o
 .debug_line    0x000009dc      0x37e .\CortexM3\ARM_GCC_484\Debug\i2cuart.o
 .debug_line    0x00000d5a      0x231 .\CortexM3\ARM_GCC_484\Debug\soft_uart.o
 .debug_line    0x00000f8b       0x53 .\CortexM3\ARM_GCC_484\Debug\cymetadata.o
 .debug_line    0x00000fde      0x1cb .\CortexM3\ARM_GCC_484\Debug\Cm3Start.o
 .debug_line    0x000011a9       0x55 .\CortexM3\ARM_GCC_484\Debug\cybootloader.o
 .debug_line    0x000011fe      0x226 .\CortexM3\ARM_GCC_484\Debug\nanoNxt_ICM3.a(cyfitter_cfg.o)
 .debug_line    0x00001424       0x98 .\CortexM3\ARM_GCC_484\Debug\nanoNxt_ICM3.a(RELAY_B.o)
 .debug_line    0x000014bc       0x9a .\CortexM3\ARM_GCC_484\Debug\nanoNxt_ICM3.a(SOUND_OUT.o)
 .debug_line    0x00001556      0x19d .\CortexM3\ARM_GCC_484\Debug\nanoNxt_ICM3.a(Tamper_Timer_ISR.o)
 .debug_line    0x000016f3       0x96 .\CortexM3\ARM_GCC_484\Debug\nanoNxt_ICM3.a(PS_D0.o)
 .debug_line    0x00001789       0x96 .\CortexM3\ARM_GCC_484\Debug\nanoNxt_ICM3.a(PS_D1.o)
 .debug_line    0x0000181f       0x98 .\CortexM3\ARM_GCC_484\Debug\nanoNxt_ICM3.a(Pin_WD0.o)
 .debug_line    0x000018b7       0x98 .\CortexM3\ARM_GCC_484\Debug\nanoNxt_ICM3.a(Pin_WD1.o)
 .debug_line    0x0000194f      0x2ec .\CortexM3\ARM_GCC_484\Debug\nanoNxt_ICM3.a(UART_1.o)
 .debug_line    0x00001c3b       0x9b .\CortexM3\ARM_GCC_484\Debug\nanoNxt_ICM3.a(TAMPER_OUT.o)
 .debug_line    0x00001cd6       0x99 .\CortexM3\ARM_GCC_484\Debug\nanoNxt_ICM3.a(LEDG_OUT.o)
 .debug_line    0x00001d6f       0x99 .\CortexM3\ARM_GCC_484\Debug\nanoNxt_ICM3.a(SOUND_IN.o)
 .debug_line    0x00001e08       0x98 .\CortexM3\ARM_GCC_484\Debug\nanoNxt_ICM3.a(LEDG_IN.o)
 .debug_line    0x00001ea0       0x9a .\CortexM3\ARM_GCC_484\Debug\nanoNxt_ICM3.a(TAMPER_IN.o)
 .debug_line    0x00001f3a       0x98 .\CortexM3\ARM_GCC_484\Debug\nanoNxt_ICM3.a(LEDR_IN.o)
 .debug_line    0x00001fd2       0x99 .\CortexM3\ARM_GCC_484\Debug\nanoNxt_ICM3.a(LEDR_OUT.o)
 .debug_line    0x0000206b       0x97 .\CortexM3\ARM_GCC_484\Debug\nanoNxt_ICM3.a(REED_1.o)
 .debug_line    0x00002102       0x98 .\CortexM3\ARM_GCC_484\Debug\nanoNxt_ICM3.a(RELAY_A.o)
 .debug_line    0x0000219a       0x74 .\CortexM3\ARM_GCC_484\Debug\nanoNxt_ICM3.a(OptSelect.o)
 .debug_line    0x0000220e      0x166 .\CortexM3\ARM_GCC_484\Debug\nanoNxt_ICM3.a(Tamper_Timer.o)
 .debug_line    0x00002374      0x164 .\CortexM3\ARM_GCC_484\Debug\nanoNxt_ICM3.a(UART_TIMER.o)
 .debug_line    0x000024d8      0x190 .\CortexM3\ARM_GCC_484\Debug\nanoNxt_ICM3.a(UART_TIMER_ISR.o)
 .debug_line    0x00002668       0x68 .\CortexM3\ARM_GCC_484\Debug\nanoNxt_ICM3.a(CyBootAsmGnu.o)
 .debug_line    0x000026d0      0x86a .\CortexM3\ARM_GCC_484\Debug\nanoNxt_ICM3.a(CyLib.o)
 .debug_line    0x00002f3a      0x378 .\CortexM3\ARM_GCC_484\Debug\nanoNxt_ICM3.a(cyPm.o)
 .debug_line    0x000032b2      0x12d .\CortexM3\ARM_GCC_484\Debug\nanoNxt_ICM3.a(EZI2Cs.o)
 .debug_line    0x000033df       0xbb .\CortexM3\ARM_GCC_484\Debug\nanoNxt_ICM3.a(EZI2Cs_PM.o)
 .debug_line    0x0000349a       0xc5 .\CortexM3\ARM_GCC_484\Debug\nanoNxt_ICM3.a(EZI2Cs_INT.o)
 .debug_line    0x0000355f       0x95 .\CortexM3\ARM_GCC_484\Debug\nanoNxt_ICM3.a(BootloadableI2C.o)
 .debug_line    0x000035f4      0x167 .\CortexM3\ARM_GCC_484\Debug\nanoNxt_ICM3.a(Timeout_Timer.o)
 .debug_line    0x0000375b      0x193 .\CortexM3\ARM_GCC_484\Debug\nanoNxt_ICM3.a(Timeout_Timer_Isr.o)
 .debug_line    0x000038ee      0x1b6 .\CortexM3\ARM_GCC_484\Debug\nanoNxt_ICM3.a(Clock_5.o)
 .debug_line    0x00003aa4      0x19b .\CortexM3\ARM_GCC_484\Debug\nanoNxt_ICM3.a(isr_F2F_edge.o)
 .debug_line    0x00003c3f       0xaf .\CortexM3\ARM_GCC_484\Debug\nanoNxt_ICM3.a(FilterReg.o)
 .debug_line    0x00003cee       0x9d .\CortexM3\ARM_GCC_484\Debug\nanoNxt_ICM3.a(Mode_Sel_ACS.o)
 .debug_line    0x00003d8b       0x96 .\CortexM3\ARM_GCC_484\Debug\nanoNxt_ICM3.a(TX_EN.o)
 .debug_line    0x00003e21       0x96 .\CortexM3\ARM_GCC_484\Debug\nanoNxt_ICM3.a(CR_DE.o)
 .debug_line    0x00003eb7      0x1b6 .\CortexM3\ARM_GCC_484\Debug\nanoNxt_ICM3.a(Clock_6.o)
 .debug_line    0x0000406d       0x9c .\CortexM3\ARM_GCC_484\Debug\nanoNxt_ICM3.a(Mode_Sel_CR.o)
 .debug_line    0x00004109      0x16f .\CortexM3\ARM_GCC_484\Debug\nanoNxt_ICM3.a(isr_keepalive.o)
 .debug_line    0x00004278      0x17e .\CortexM3\ARM_GCC_484\Debug\nanoNxt_ICM3.a(OSDPReaderTimer.o)
 .debug_line    0x000043f6      0x194 .\CortexM3\ARM_GCC_484\Debug\nanoNxt_ICM3.a(isr_SW_Rst.o)
 .debug_line    0x0000458a       0x98 .\CortexM3\ARM_GCC_484\Debug\nanoNxt_ICM3.a(LED_GRN.o)
 .debug_line    0x00004622       0x98 .\CortexM3\ARM_GCC_484\Debug\nanoNxt_ICM3.a(LED_RED.o)
 .debug_line    0x000046ba       0x98 .\CortexM3\ARM_GCC_484\Debug\nanoNxt_ICM3.a(LED_YEL.o)
 .debug_line    0x00004752      0x341 .\CortexM3\ARM_GCC_484\Debug\nanoNxt_ICM3.a(UART_ACS.o)
 .debug_line    0x00004a93       0x90 .\CortexM3\ARM_GCC_484\Debug\nanoNxt_ICM3.a(UART_ACS_INT.o)
 .debug_line    0x00004b23      0x344 .\CortexM3\ARM_GCC_484\Debug\nanoNxt_ICM3.a(UART_READER.o)
 .debug_line    0x00004e67       0x96 .\CortexM3\ARM_GCC_484\Debug\nanoNxt_ICM3.a(UART_READER_INT.o)
 .debug_line    0x00004efd      0x217 .\CortexM3\ARM_GCC_484\Debug\nanoNxt_ICM3.a(CyFlash.o)
 .debug_line    0x00005114      0x20c .\CortexM3\ARM_GCC_484\Debug\nanoNxt_ICM3.a(CySpc.o)
 .debug_line    0x00005320       0xad .\CortexM3\ARM_GCC_484\Debug\nanoNxt_ICM3.a(FltrReg.o)

.debug_frame    0x00000000     0x40d0
 *(.debug_frame)
 .debug_frame   0x00000000      0x15c .\CortexM3\ARM_GCC_484\Debug\main.o
 .debug_frame   0x0000015c       0x98 .\CortexM3\ARM_GCC_484\Debug\wiegand.o
 .debug_frame   0x000001f4       0x90 .\CortexM3\ARM_GCC_484\Debug\inout.o
 .debug_frame   0x00000284      0x1a0 .\CortexM3\ARM_GCC_484\Debug\i2cuart.o
 .debug_frame   0x00000424       0xc0 .\CortexM3\ARM_GCC_484\Debug\soft_uart.o
 .debug_frame   0x000004e4       0xc8 .\CortexM3\ARM_GCC_484\Debug\Cm3Start.o
 .debug_frame   0x000005ac      0x120 .\CortexM3\ARM_GCC_484\Debug\nanoNxt_ICM3.a(cyfitter_cfg.o)
 .debug_frame   0x000006cc       0x80 .\CortexM3\ARM_GCC_484\Debug\nanoNxt_ICM3.a(RELAY_B.o)
 .debug_frame   0x0000074c       0x80 .\CortexM3\ARM_GCC_484\Debug\nanoNxt_ICM3.a(SOUND_OUT.o)
 .debug_frame   0x000007cc      0x180 .\CortexM3\ARM_GCC_484\Debug\nanoNxt_ICM3.a(Tamper_Timer_ISR.o)
 .debug_frame   0x0000094c       0x80 .\CortexM3\ARM_GCC_484\Debug\nanoNxt_ICM3.a(PS_D0.o)
 .debug_frame   0x000009cc       0x80 .\CortexM3\ARM_GCC_484\Debug\nanoNxt_ICM3.a(PS_D1.o)
 .debug_frame   0x00000a4c       0x80 .\CortexM3\ARM_GCC_484\Debug\nanoNxt_ICM3.a(Pin_WD0.o)
 .debug_frame   0x00000acc       0x80 .\CortexM3\ARM_GCC_484\Debug\nanoNxt_ICM3.a(Pin_WD1.o)
 .debug_frame   0x00000b4c      0x330 .\CortexM3\ARM_GCC_484\Debug\nanoNxt_ICM3.a(UART_1.o)
 .debug_frame   0x00000e7c       0x80 .\CortexM3\ARM_GCC_484\Debug\nanoNxt_ICM3.a(TAMPER_OUT.o)
 .debug_frame   0x00000efc       0x80 .\CortexM3\ARM_GCC_484\Debug\nanoNxt_ICM3.a(LEDG_OUT.o)
 .debug_frame   0x00000f7c       0x80 .\CortexM3\ARM_GCC_484\Debug\nanoNxt_ICM3.a(SOUND_IN.o)
 .debug_frame   0x00000ffc       0x80 .\CortexM3\ARM_GCC_484\Debug\nanoNxt_ICM3.a(LEDG_IN.o)
 .debug_frame   0x0000107c       0x80 .\CortexM3\ARM_GCC_484\Debug\nanoNxt_ICM3.a(TAMPER_IN.o)
 .debug_frame   0x000010fc       0x80 .\CortexM3\ARM_GCC_484\Debug\nanoNxt_ICM3.a(LEDR_IN.o)
 .debug_frame   0x0000117c       0x80 .\CortexM3\ARM_GCC_484\Debug\nanoNxt_ICM3.a(LEDR_OUT.o)
 .debug_frame   0x000011fc       0x80 .\CortexM3\ARM_GCC_484\Debug\nanoNxt_ICM3.a(REED_1.o)
 .debug_frame   0x0000127c       0x80 .\CortexM3\ARM_GCC_484\Debug\nanoNxt_ICM3.a(RELAY_A.o)
 .debug_frame   0x000012fc       0x48 .\CortexM3\ARM_GCC_484\Debug\nanoNxt_ICM3.a(OptSelect.o)
 .debug_frame   0x00001344      0x198 .\CortexM3\ARM_GCC_484\Debug\nanoNxt_ICM3.a(Tamper_Timer.o)
 .debug_frame   0x000014dc      0x198 .\CortexM3\ARM_GCC_484\Debug\nanoNxt_ICM3.a(UART_TIMER.o)
 .debug_frame   0x00001674      0x180 .\CortexM3\ARM_GCC_484\Debug\nanoNxt_ICM3.a(UART_TIMER_ISR.o)
 .debug_frame   0x000017f4      0x948 .\CortexM3\ARM_GCC_484\Debug\nanoNxt_ICM3.a(CyLib.o)
 .debug_frame   0x0000213c      0x1ec .\CortexM3\ARM_GCC_484\Debug\nanoNxt_ICM3.a(cyPm.o)
 .debug_frame   0x00002328       0xf8 .\CortexM3\ARM_GCC_484\Debug\nanoNxt_ICM3.a(EZI2Cs.o)
 .debug_frame   0x00002420       0x84 .\CortexM3\ARM_GCC_484\Debug\nanoNxt_ICM3.a(EZI2Cs_PM.o)
 .debug_frame   0x000024a4       0x2c .\CortexM3\ARM_GCC_484\Debug\nanoNxt_ICM3.a(EZI2Cs_INT.o)
 .debug_frame   0x000024d0       0x4c .\CortexM3\ARM_GCC_484\Debug\nanoNxt_ICM3.a(BootloadableI2C.o)
 .debug_frame   0x0000251c      0x198 .\CortexM3\ARM_GCC_484\Debug\nanoNxt_ICM3.a(Timeout_Timer.o)
 .debug_frame   0x000026b4      0x180 .\CortexM3\ARM_GCC_484\Debug\nanoNxt_ICM3.a(Timeout_Timer_Isr.o)
 .debug_frame   0x00002834      0x14c .\CortexM3\ARM_GCC_484\Debug\nanoNxt_ICM3.a(Clock_5.o)
 .debug_frame   0x00002980      0x180 .\CortexM3\ARM_GCC_484\Debug\nanoNxt_ICM3.a(isr_F2F_edge.o)
 .debug_frame   0x00002b00       0xa4 .\CortexM3\ARM_GCC_484\Debug\nanoNxt_ICM3.a(FilterReg.o)
 .debug_frame   0x00002ba4       0x80 .\CortexM3\ARM_GCC_484\Debug\nanoNxt_ICM3.a(Mode_Sel_ACS.o)
 .debug_frame   0x00002c24       0x80 .\CortexM3\ARM_GCC_484\Debug\nanoNxt_ICM3.a(TX_EN.o)
 .debug_frame   0x00002ca4       0x80 .\CortexM3\ARM_GCC_484\Debug\nanoNxt_ICM3.a(CR_DE.o)
 .debug_frame   0x00002d24      0x14c .\CortexM3\ARM_GCC_484\Debug\nanoNxt_ICM3.a(Clock_6.o)
 .debug_frame   0x00002e70       0x80 .\CortexM3\ARM_GCC_484\Debug\nanoNxt_ICM3.a(Mode_Sel_CR.o)
 .debug_frame   0x00002ef0      0x180 .\CortexM3\ARM_GCC_484\Debug\nanoNxt_ICM3.a(isr_keepalive.o)
 .debug_frame   0x00003070      0x1b8 .\CortexM3\ARM_GCC_484\Debug\nanoNxt_ICM3.a(OSDPReaderTimer.o)
 .debug_frame   0x00003228      0x184 .\CortexM3\ARM_GCC_484\Debug\nanoNxt_ICM3.a(isr_SW_Rst.o)
 .debug_frame   0x000033ac       0x80 .\CortexM3\ARM_GCC_484\Debug\nanoNxt_ICM3.a(LED_GRN.o)
 .debug_frame   0x0000342c       0x80 .\CortexM3\ARM_GCC_484\Debug\nanoNxt_ICM3.a(LED_RED.o)
 .debug_frame   0x000034ac       0x80 .\CortexM3\ARM_GCC_484\Debug\nanoNxt_ICM3.a(LED_YEL.o)
 .debug_frame   0x0000352c      0x368 .\CortexM3\ARM_GCC_484\Debug\nanoNxt_ICM3.a(UART_ACS.o)
 .debug_frame   0x00003894       0x2c .\CortexM3\ARM_GCC_484\Debug\nanoNxt_ICM3.a(UART_ACS_INT.o)
 .debug_frame   0x000038c0      0x368 .\CortexM3\ARM_GCC_484\Debug\nanoNxt_ICM3.a(UART_READER.o)
 .debug_frame   0x00003c28       0x2c .\CortexM3\ARM_GCC_484\Debug\nanoNxt_ICM3.a(UART_READER_INT.o)
 .debug_frame   0x00003c54      0x1a8 .\CortexM3\ARM_GCC_484\Debug\nanoNxt_ICM3.a(CyFlash.o)
 .debug_frame   0x00003dfc      0x174 .\CortexM3\ARM_GCC_484\Debug\nanoNxt_ICM3.a(CySpc.o)
 .debug_frame   0x00003f70       0xa4 .\CortexM3\ARM_GCC_484\Debug\nanoNxt_ICM3.a(FltrReg.o)
 .debug_frame   0x00004014       0x20 c:/program files (x86)/cypress/psoc creator/3.2/psoc creator/import/gnu/arm/4.8.4/bin/../lib/gcc/arm-none-eabi/4.8.4/../../../../arm-none-eabi/lib/armv7-m\libg_s.a(lib_a-errno.o)
 .debug_frame   0x00004034       0x28 c:/program files (x86)/cypress/psoc creator/3.2/psoc creator/import/gnu/arm/4.8.4/bin/../lib/gcc/arm-none-eabi/4.8.4/../../../../arm-none-eabi/lib/armv7-m\libg_s.a(lib_a-exit.o)
 .debug_frame   0x0000405c       0x2c c:/program files (x86)/cypress/psoc creator/3.2/psoc creator/import/gnu/arm/4.8.4/bin/../lib/gcc/arm-none-eabi/4.8.4/../../../../arm-none-eabi/lib/armv7-m\libg_s.a(lib_a-init.o)
 .debug_frame   0x00004088       0x28 c:/program files (x86)/cypress/psoc creator/3.2/psoc creator/import/gnu/arm/4.8.4/bin/../lib/gcc/arm-none-eabi/4.8.4/../../../../arm-none-eabi/lib/armv7-m\libg_s.a(lib_a-memcpy-stub.o)
 .debug_frame   0x000040b0       0x20 c:/program files (x86)/cypress/psoc creator/3.2/psoc creator/import/gnu/arm/4.8.4/bin/../lib/gcc/arm-none-eabi/4.8.4/../../../../arm-none-eabi/lib/armv7-m\libg_s.a(lib_a-memset.o)

.debug_str      0x00000000     0x4137
 *(.debug_str)
 .debug_str     0x00000000      0x42e .\CortexM3\ARM_GCC_484\Debug\main.o
                                0x497 (size before relaxing)
 .debug_str     0x0000042e       0x8f .\CortexM3\ARM_GCC_484\Debug\wiegand.o
                                0x416 (size before relaxing)
 .debug_str     0x000004bd        0xa .\CortexM3\ARM_GCC_484\Debug\power.o
                                0x19d (size before relaxing)
 .debug_str     0x000004c7       0x60 .\CortexM3\ARM_GCC_484\Debug\inout.o
                                0x403 (size before relaxing)
 .debug_str     0x00000527      0x13e .\CortexM3\ARM_GCC_484\Debug\i2cuart.o
                                0x4f8 (size before relaxing)
 .debug_str     0x00000665       0x5d .\CortexM3\ARM_GCC_484\Debug\soft_uart.o
                                0x271 (size before relaxing)
 .debug_str     0x000006c2       0x49 .\CortexM3\ARM_GCC_484\Debug\cymetadata.o
                                0x1c3 (size before relaxing)
 .debug_str     0x0000070b      0x133 .\CortexM3\ARM_GCC_484\Debug\Cm3Start.o
                                0x2d2 (size before relaxing)
 .debug_str     0x0000083e       0x84 .\CortexM3\ARM_GCC_484\Debug\cybootloader.o
                                0x1fe (size before relaxing)
 .debug_str     0x000008c2      0x18c .\CortexM3\ARM_GCC_484\Debug\nanoNxt_ICM3.a(cyfitter_cfg.o)
                                0x333 (size before relaxing)
 .debug_str     0x00000a4e       0x77 .\CortexM3\ARM_GCC_484\Debug\nanoNxt_ICM3.a(RELAY_B.o)
                                0x1f3 (size before relaxing)
 .debug_str     0x00000ac5       0x71 .\CortexM3\ARM_GCC_484\Debug\nanoNxt_ICM3.a(SOUND_OUT.o)
                                0x1fd (size before relaxing)
 .debug_str     0x00000b36      0x19a .\CortexM3\ARM_GCC_484\Debug\nanoNxt_ICM3.a(Tamper_Timer_ISR.o)
                                0x46c (size before relaxing)
 .debug_str     0x00000cd0       0x5d .\CortexM3\ARM_GCC_484\Debug\nanoNxt_ICM3.a(PS_D0.o)
                                0x1e9 (size before relaxing)
 .debug_str     0x00000d2d       0x5d .\CortexM3\ARM_GCC_484\Debug\nanoNxt_ICM3.a(PS_D1.o)
                                0x1e9 (size before relaxing)
 .debug_str     0x00000d8a       0x67 .\CortexM3\ARM_GCC_484\Debug\nanoNxt_ICM3.a(Pin_WD0.o)
                                0x1f3 (size before relaxing)
 .debug_str     0x00000df1       0x67 .\CortexM3\ARM_GCC_484\Debug\nanoNxt_ICM3.a(Pin_WD1.o)
                                0x1f3 (size before relaxing)
 .debug_str     0x00000e58      0x2b2 .\CortexM3\ARM_GCC_484\Debug\nanoNxt_ICM3.a(UART_1.o)
                                0x456 (size before relaxing)
 .debug_str     0x0000110a       0x76 .\CortexM3\ARM_GCC_484\Debug\nanoNxt_ICM3.a(TAMPER_OUT.o)
                                0x202 (size before relaxing)
 .debug_str     0x00001180       0x6c .\CortexM3\ARM_GCC_484\Debug\nanoNxt_ICM3.a(LEDG_OUT.o)
                                0x1f8 (size before relaxing)
 .debug_str     0x000011ec       0x6c .\CortexM3\ARM_GCC_484\Debug\nanoNxt_ICM3.a(SOUND_IN.o)
                                0x1f8 (size before relaxing)
 .debug_str     0x00001258       0x67 .\CortexM3\ARM_GCC_484\Debug\nanoNxt_ICM3.a(LEDG_IN.o)
                                0x1f3 (size before relaxing)
 .debug_str     0x000012bf       0x71 .\CortexM3\ARM_GCC_484\Debug\nanoNxt_ICM3.a(TAMPER_IN.o)
                                0x1fd (size before relaxing)
 .debug_str     0x00001330       0x67 .\CortexM3\ARM_GCC_484\Debug\nanoNxt_ICM3.a(LEDR_IN.o)
                                0x1f3 (size before relaxing)
 .debug_str     0x00001397       0x6c .\CortexM3\ARM_GCC_484\Debug\nanoNxt_ICM3.a(LEDR_OUT.o)
                                0x1f8 (size before relaxing)
 .debug_str     0x00001403       0x62 .\CortexM3\ARM_GCC_484\Debug\nanoNxt_ICM3.a(REED_1.o)
                                0x1ee (size before relaxing)
 .debug_str     0x00001465       0x67 .\CortexM3\ARM_GCC_484\Debug\nanoNxt_ICM3.a(RELAY_A.o)
                                0x1f3 (size before relaxing)
 .debug_str     0x000014cc       0x44 .\CortexM3\ARM_GCC_484\Debug\nanoNxt_ICM3.a(OptSelect.o)
                                0x1c2 (size before relaxing)
 .debug_str     0x00001510      0x1cc .\CortexM3\ARM_GCC_484\Debug\nanoNxt_ICM3.a(Tamper_Timer.o)
                                0x360 (size before relaxing)
 .debug_str     0x000016dc      0x183 .\CortexM3\ARM_GCC_484\Debug\nanoNxt_ICM3.a(UART_TIMER.o)
                                0x340 (size before relaxing)
 .debug_str     0x0000185f      0x166 .\CortexM3\ARM_GCC_484\Debug\nanoNxt_ICM3.a(UART_TIMER_ISR.o)
                                0x40a (size before relaxing)
 .debug_str     0x000019c5      0x7c4 .\CortexM3\ARM_GCC_484\Debug\nanoNxt_ICM3.a(CyLib.o)
                                0x9cd (size before relaxing)
 .debug_str     0x00002189      0x367 .\CortexM3\ARM_GCC_484\Debug\nanoNxt_ICM3.a(cyPm.o)
                                0x532 (size before relaxing)
 .debug_str     0x000024f0      0x198 .\CortexM3\ARM_GCC_484\Debug\nanoNxt_ICM3.a(EZI2Cs.o)
                                0x346 (size before relaxing)
 .debug_str     0x00002688       0x67 .\CortexM3\ARM_GCC_484\Debug\nanoNxt_ICM3.a(EZI2Cs_PM.o)
                                0x241 (size before relaxing)
 .debug_str     0x000026ef       0x3d .\CortexM3\ARM_GCC_484\Debug\nanoNxt_ICM3.a(EZI2Cs_INT.o)
                                0x23c (size before relaxing)