ARM GAS  C:\Users\ilya\AppData\Local\Temp\cc3omt6S.s 			page 1


   1              		.syntax unified
   2              		.cpu cortex-m0
   3              		.fpu softvfp
   4              		.eabi_attribute 20, 1
   5              		.eabi_attribute 21, 1
   6              		.eabi_attribute 23, 3
   7              		.eabi_attribute 24, 1
   8              		.eabi_attribute 25, 1
   9              		.eabi_attribute 26, 1
  10              		.eabi_attribute 30, 2
  11              		.eabi_attribute 34, 0
  12              		.eabi_attribute 18, 4
  13              		.thumb
  14              		.syntax unified
  15              		.file	"EZI2C_PM.c"
  16              		.text
  17              	.Ltext0:
  18              		.cfi_sections	.debug_frame
  19              		.section	.text.EZI2C_Sleep,"ax",%progbits
  20              		.align	2
  21              		.global	EZI2C_Sleep
  22              		.code	16
  23              		.thumb_func
  24              		.type	EZI2C_Sleep, %function
  25              	EZI2C_Sleep:
  26              	.LFB1:
  27              		.file 1 "Generated_Source\\PSoC4\\EZI2C_PM.c"
   1:Generated_Source\PSoC4/EZI2C_PM.c **** /***************************************************************************//**
   2:Generated_Source\PSoC4/EZI2C_PM.c **** * \file EZI2C_PM.c
   3:Generated_Source\PSoC4/EZI2C_PM.c **** * \version 3.20
   4:Generated_Source\PSoC4/EZI2C_PM.c **** *
   5:Generated_Source\PSoC4/EZI2C_PM.c **** * \brief
   6:Generated_Source\PSoC4/EZI2C_PM.c **** *  This file provides the source code to the Power Management support for
   7:Generated_Source\PSoC4/EZI2C_PM.c **** *  the SCB Component.
   8:Generated_Source\PSoC4/EZI2C_PM.c **** *
   9:Generated_Source\PSoC4/EZI2C_PM.c **** * Note:
  10:Generated_Source\PSoC4/EZI2C_PM.c **** *
  11:Generated_Source\PSoC4/EZI2C_PM.c **** ********************************************************************************
  12:Generated_Source\PSoC4/EZI2C_PM.c **** * \copyright
  13:Generated_Source\PSoC4/EZI2C_PM.c **** * Copyright 2013-2016, Cypress Semiconductor Corporation.  All rights reserved.
  14:Generated_Source\PSoC4/EZI2C_PM.c **** * You may use this file only in accordance with the license, terms, conditions,
  15:Generated_Source\PSoC4/EZI2C_PM.c **** * disclaimers, and limitations in the end user license agreement accompanying
  16:Generated_Source\PSoC4/EZI2C_PM.c **** * the software package with which this file was provided.
  17:Generated_Source\PSoC4/EZI2C_PM.c **** *******************************************************************************/
  18:Generated_Source\PSoC4/EZI2C_PM.c **** 
  19:Generated_Source\PSoC4/EZI2C_PM.c **** #include "EZI2C.h"
  20:Generated_Source\PSoC4/EZI2C_PM.c **** #include "EZI2C_PVT.h"
  21:Generated_Source\PSoC4/EZI2C_PM.c **** 
  22:Generated_Source\PSoC4/EZI2C_PM.c **** #if(EZI2C_SCB_MODE_I2C_INC)
  23:Generated_Source\PSoC4/EZI2C_PM.c ****     #include "EZI2C_I2C_PVT.h"
  24:Generated_Source\PSoC4/EZI2C_PM.c **** #endif /* (EZI2C_SCB_MODE_I2C_INC) */
  25:Generated_Source\PSoC4/EZI2C_PM.c **** 
  26:Generated_Source\PSoC4/EZI2C_PM.c **** #if(EZI2C_SCB_MODE_EZI2C_INC)
  27:Generated_Source\PSoC4/EZI2C_PM.c ****     #include "EZI2C_EZI2C_PVT.h"
  28:Generated_Source\PSoC4/EZI2C_PM.c **** #endif /* (EZI2C_SCB_MODE_EZI2C_INC) */
  29:Generated_Source\PSoC4/EZI2C_PM.c **** 
  30:Generated_Source\PSoC4/EZI2C_PM.c **** #if(EZI2C_SCB_MODE_SPI_INC || EZI2C_SCB_MODE_UART_INC)
ARM GAS  C:\Users\ilya\AppData\Local\Temp\cc3omt6S.s 			page 2


  31:Generated_Source\PSoC4/EZI2C_PM.c ****     #include "EZI2C_SPI_UART_PVT.h"
  32:Generated_Source\PSoC4/EZI2C_PM.c **** #endif /* (EZI2C_SCB_MODE_SPI_INC || EZI2C_SCB_MODE_UART_INC) */
  33:Generated_Source\PSoC4/EZI2C_PM.c **** 
  34:Generated_Source\PSoC4/EZI2C_PM.c **** 
  35:Generated_Source\PSoC4/EZI2C_PM.c **** /***************************************
  36:Generated_Source\PSoC4/EZI2C_PM.c **** *   Backup Structure declaration
  37:Generated_Source\PSoC4/EZI2C_PM.c **** ***************************************/
  38:Generated_Source\PSoC4/EZI2C_PM.c **** 
  39:Generated_Source\PSoC4/EZI2C_PM.c **** #if(EZI2C_SCB_MODE_UNCONFIG_CONST_CFG || \
  40:Generated_Source\PSoC4/EZI2C_PM.c ****    (EZI2C_SCB_MODE_I2C_CONST_CFG   && (!EZI2C_I2C_WAKE_ENABLE_CONST))   || \
  41:Generated_Source\PSoC4/EZI2C_PM.c ****    (EZI2C_SCB_MODE_EZI2C_CONST_CFG && (!EZI2C_EZI2C_WAKE_ENABLE_CONST)) || \
  42:Generated_Source\PSoC4/EZI2C_PM.c ****    (EZI2C_SCB_MODE_SPI_CONST_CFG   && (!EZI2C_SPI_WAKE_ENABLE_CONST))   || \
  43:Generated_Source\PSoC4/EZI2C_PM.c ****    (EZI2C_SCB_MODE_UART_CONST_CFG  && (!EZI2C_UART_WAKE_ENABLE_CONST)))
  44:Generated_Source\PSoC4/EZI2C_PM.c **** 
  45:Generated_Source\PSoC4/EZI2C_PM.c ****     EZI2C_BACKUP_STRUCT EZI2C_backup =
  46:Generated_Source\PSoC4/EZI2C_PM.c ****     {
  47:Generated_Source\PSoC4/EZI2C_PM.c ****         0u, /* enableState */
  48:Generated_Source\PSoC4/EZI2C_PM.c ****     };
  49:Generated_Source\PSoC4/EZI2C_PM.c **** #endif
  50:Generated_Source\PSoC4/EZI2C_PM.c **** 
  51:Generated_Source\PSoC4/EZI2C_PM.c **** 
  52:Generated_Source\PSoC4/EZI2C_PM.c **** /*******************************************************************************
  53:Generated_Source\PSoC4/EZI2C_PM.c **** * Function Name: EZI2C_Sleep
  54:Generated_Source\PSoC4/EZI2C_PM.c **** ****************************************************************************//**
  55:Generated_Source\PSoC4/EZI2C_PM.c **** *
  56:Generated_Source\PSoC4/EZI2C_PM.c **** *  Prepares the EZI2C component to enter Deep Sleep.
  57:Generated_Source\PSoC4/EZI2C_PM.c **** *  The “Enable wakeup from Deep Sleep Mode” selection has an influence on this 
  58:Generated_Source\PSoC4/EZI2C_PM.c **** *  function implementation:
  59:Generated_Source\PSoC4/EZI2C_PM.c **** *  - Checked: configures the component to be wakeup source from Deep Sleep.
  60:Generated_Source\PSoC4/EZI2C_PM.c **** *  - Unchecked: stores the current component state (enabled or disabled) and 
  61:Generated_Source\PSoC4/EZI2C_PM.c **** *    disables the component. See SCB_Stop() function for details about component 
  62:Generated_Source\PSoC4/EZI2C_PM.c **** *    disabling.
  63:Generated_Source\PSoC4/EZI2C_PM.c **** *
  64:Generated_Source\PSoC4/EZI2C_PM.c **** *  Call the EZI2C_Sleep() function before calling the 
  65:Generated_Source\PSoC4/EZI2C_PM.c **** *  CyPmSysDeepSleep() function. 
  66:Generated_Source\PSoC4/EZI2C_PM.c **** *  Refer to the PSoC Creator System Reference Guide for more information about 
  67:Generated_Source\PSoC4/EZI2C_PM.c **** *  power management functions and Low power section of this document for the 
  68:Generated_Source\PSoC4/EZI2C_PM.c **** *  selected mode.
  69:Generated_Source\PSoC4/EZI2C_PM.c **** *
  70:Generated_Source\PSoC4/EZI2C_PM.c **** *  This function should not be called before entering Sleep.
  71:Generated_Source\PSoC4/EZI2C_PM.c **** *
  72:Generated_Source\PSoC4/EZI2C_PM.c **** *******************************************************************************/
  73:Generated_Source\PSoC4/EZI2C_PM.c **** void EZI2C_Sleep(void)
  74:Generated_Source\PSoC4/EZI2C_PM.c **** {
  28              		.loc 1 74 0
  29              		.cfi_startproc
  30              		@ args = 0, pretend = 0, frame = 0
  31              		@ frame_needed = 0, uses_anonymous_args = 0
  75:Generated_Source\PSoC4/EZI2C_PM.c **** #if(EZI2C_SCB_MODE_UNCONFIG_CONST_CFG)
  76:Generated_Source\PSoC4/EZI2C_PM.c **** 
  77:Generated_Source\PSoC4/EZI2C_PM.c ****     if(EZI2C_SCB_WAKE_ENABLE_CHECK)
  78:Generated_Source\PSoC4/EZI2C_PM.c ****     {
  79:Generated_Source\PSoC4/EZI2C_PM.c ****         if(EZI2C_SCB_MODE_I2C_RUNTM_CFG)
  80:Generated_Source\PSoC4/EZI2C_PM.c ****         {
  81:Generated_Source\PSoC4/EZI2C_PM.c ****             EZI2C_I2CSaveConfig();
  82:Generated_Source\PSoC4/EZI2C_PM.c ****         }
  83:Generated_Source\PSoC4/EZI2C_PM.c ****         else if(EZI2C_SCB_MODE_EZI2C_RUNTM_CFG)
ARM GAS  C:\Users\ilya\AppData\Local\Temp\cc3omt6S.s 			page 3


  84:Generated_Source\PSoC4/EZI2C_PM.c ****         {
  85:Generated_Source\PSoC4/EZI2C_PM.c ****             EZI2C_EzI2CSaveConfig();
  86:Generated_Source\PSoC4/EZI2C_PM.c ****         }
  87:Generated_Source\PSoC4/EZI2C_PM.c ****     #if(!EZI2C_CY_SCBIP_V1)
  88:Generated_Source\PSoC4/EZI2C_PM.c ****         else if(EZI2C_SCB_MODE_SPI_RUNTM_CFG)
  89:Generated_Source\PSoC4/EZI2C_PM.c ****         {
  90:Generated_Source\PSoC4/EZI2C_PM.c ****             EZI2C_SpiSaveConfig();
  91:Generated_Source\PSoC4/EZI2C_PM.c ****         }
  92:Generated_Source\PSoC4/EZI2C_PM.c ****         else if(EZI2C_SCB_MODE_UART_RUNTM_CFG)
  93:Generated_Source\PSoC4/EZI2C_PM.c ****         {
  94:Generated_Source\PSoC4/EZI2C_PM.c ****             EZI2C_UartSaveConfig();
  95:Generated_Source\PSoC4/EZI2C_PM.c ****         }
  96:Generated_Source\PSoC4/EZI2C_PM.c ****     #endif /* (!EZI2C_CY_SCBIP_V1) */
  97:Generated_Source\PSoC4/EZI2C_PM.c ****         else
  98:Generated_Source\PSoC4/EZI2C_PM.c ****         {
  99:Generated_Source\PSoC4/EZI2C_PM.c ****             /* Unknown mode */
 100:Generated_Source\PSoC4/EZI2C_PM.c ****         }
 101:Generated_Source\PSoC4/EZI2C_PM.c ****     }
 102:Generated_Source\PSoC4/EZI2C_PM.c ****     else
 103:Generated_Source\PSoC4/EZI2C_PM.c ****     {
 104:Generated_Source\PSoC4/EZI2C_PM.c ****         EZI2C_backup.enableState = (uint8) EZI2C_GET_CTRL_ENABLED;
 105:Generated_Source\PSoC4/EZI2C_PM.c **** 
 106:Generated_Source\PSoC4/EZI2C_PM.c ****         if(0u != EZI2C_backup.enableState)
 107:Generated_Source\PSoC4/EZI2C_PM.c ****         {
 108:Generated_Source\PSoC4/EZI2C_PM.c ****             EZI2C_Stop();
 109:Generated_Source\PSoC4/EZI2C_PM.c ****         }
 110:Generated_Source\PSoC4/EZI2C_PM.c ****     }
 111:Generated_Source\PSoC4/EZI2C_PM.c **** 
 112:Generated_Source\PSoC4/EZI2C_PM.c **** #else
 113:Generated_Source\PSoC4/EZI2C_PM.c **** 
 114:Generated_Source\PSoC4/EZI2C_PM.c ****     #if (EZI2C_SCB_MODE_I2C_CONST_CFG && EZI2C_I2C_WAKE_ENABLE_CONST)
 115:Generated_Source\PSoC4/EZI2C_PM.c ****         EZI2C_I2CSaveConfig();
 116:Generated_Source\PSoC4/EZI2C_PM.c **** 
 117:Generated_Source\PSoC4/EZI2C_PM.c ****     #elif (EZI2C_SCB_MODE_EZI2C_CONST_CFG && EZI2C_EZI2C_WAKE_ENABLE_CONST)
 118:Generated_Source\PSoC4/EZI2C_PM.c ****         EZI2C_EzI2CSaveConfig();
 119:Generated_Source\PSoC4/EZI2C_PM.c **** 
 120:Generated_Source\PSoC4/EZI2C_PM.c ****     #elif (EZI2C_SCB_MODE_SPI_CONST_CFG && EZI2C_SPI_WAKE_ENABLE_CONST)
 121:Generated_Source\PSoC4/EZI2C_PM.c ****         EZI2C_SpiSaveConfig();
 122:Generated_Source\PSoC4/EZI2C_PM.c **** 
 123:Generated_Source\PSoC4/EZI2C_PM.c ****     #elif (EZI2C_SCB_MODE_UART_CONST_CFG && EZI2C_UART_WAKE_ENABLE_CONST)
 124:Generated_Source\PSoC4/EZI2C_PM.c ****         EZI2C_UartSaveConfig();
 125:Generated_Source\PSoC4/EZI2C_PM.c **** 
 126:Generated_Source\PSoC4/EZI2C_PM.c ****     #else
 127:Generated_Source\PSoC4/EZI2C_PM.c **** 
 128:Generated_Source\PSoC4/EZI2C_PM.c ****         EZI2C_backup.enableState = (uint8) EZI2C_GET_CTRL_ENABLED;
  32              		.loc 1 128 0
  33 0000 054B     		ldr	r3, .L4
  34 0002 064A     		ldr	r2, .L4+4
  35 0004 1B68     		ldr	r3, [r3]
  74:Generated_Source\PSoC4/EZI2C_PM.c **** #if(EZI2C_SCB_MODE_UNCONFIG_CONST_CFG)
  36              		.loc 1 74 0
  37 0006 10B5     		push	{r4, lr}
  38              		.cfi_def_cfa_offset 8
  39              		.cfi_offset 4, -8
  40              		.cfi_offset 14, -4
  41              		.loc 1 128 0
  42 0008 D90F     		lsrs	r1, r3, #31
ARM GAS  C:\Users\ilya\AppData\Local\Temp\cc3omt6S.s 			page 4


  43 000a 1170     		strb	r1, [r2]
 129:Generated_Source\PSoC4/EZI2C_PM.c **** 
 130:Generated_Source\PSoC4/EZI2C_PM.c ****         if(0u != EZI2C_backup.enableState)
  44              		.loc 1 130 0
  45 000c 002B     		cmp	r3, #0
  46 000e 01DA     		bge	.L1
 131:Generated_Source\PSoC4/EZI2C_PM.c ****         {
 132:Generated_Source\PSoC4/EZI2C_PM.c ****             EZI2C_Stop();
  47              		.loc 1 132 0
  48 0010 FFF7FEFF 		bl	EZI2C_Stop
  49              	.LVL0:
  50              	.L1:
 133:Generated_Source\PSoC4/EZI2C_PM.c ****         }
 134:Generated_Source\PSoC4/EZI2C_PM.c **** 
 135:Generated_Source\PSoC4/EZI2C_PM.c ****     #endif /* defined (EZI2C_SCB_MODE_I2C_CONST_CFG) && (EZI2C_I2C_WAKE_ENABLE_CONST) */
 136:Generated_Source\PSoC4/EZI2C_PM.c **** 
 137:Generated_Source\PSoC4/EZI2C_PM.c **** #endif /* (EZI2C_SCB_MODE_UNCONFIG_CONST_CFG) */
 138:Generated_Source\PSoC4/EZI2C_PM.c **** }
  51              		.loc 1 138 0
  52              		@ sp needed
  53 0014 10BD     		pop	{r4, pc}
  54              	.L5:
  55 0016 C046     		.align	2
  56              	.L4:
  57 0018 00002540 		.word	1076166656
  58 001c 00000000 		.word	.LANCHOR0
  59              		.cfi_endproc
  60              	.LFE1:
  61              		.size	EZI2C_Sleep, .-EZI2C_Sleep
  62              		.section	.text.EZI2C_Wakeup,"ax",%progbits
  63              		.align	2
  64              		.global	EZI2C_Wakeup
  65              		.code	16
  66              		.thumb_func
  67              		.type	EZI2C_Wakeup, %function
  68              	EZI2C_Wakeup:
  69              	.LFB2:
 139:Generated_Source\PSoC4/EZI2C_PM.c **** 
 140:Generated_Source\PSoC4/EZI2C_PM.c **** 
 141:Generated_Source\PSoC4/EZI2C_PM.c **** /*******************************************************************************
 142:Generated_Source\PSoC4/EZI2C_PM.c **** * Function Name: EZI2C_Wakeup
 143:Generated_Source\PSoC4/EZI2C_PM.c **** ****************************************************************************//**
 144:Generated_Source\PSoC4/EZI2C_PM.c **** *
 145:Generated_Source\PSoC4/EZI2C_PM.c **** *  Prepares the EZI2C component for Active mode operation after 
 146:Generated_Source\PSoC4/EZI2C_PM.c **** *  Deep Sleep.
 147:Generated_Source\PSoC4/EZI2C_PM.c **** *  The “Enable wakeup from Deep Sleep Mode” selection has influence on this 
 148:Generated_Source\PSoC4/EZI2C_PM.c **** *  function implementation:
 149:Generated_Source\PSoC4/EZI2C_PM.c **** *  - Checked: restores the component Active mode configuration.
 150:Generated_Source\PSoC4/EZI2C_PM.c **** *  - Unchecked: enables the component if it was enabled before enter Deep Sleep.
 151:Generated_Source\PSoC4/EZI2C_PM.c **** *
 152:Generated_Source\PSoC4/EZI2C_PM.c **** *  This function should not be called after exiting Sleep.
 153:Generated_Source\PSoC4/EZI2C_PM.c **** *
 154:Generated_Source\PSoC4/EZI2C_PM.c **** *  \sideeffect
 155:Generated_Source\PSoC4/EZI2C_PM.c **** *   Calling the EZI2C_Wakeup() function without first calling the 
 156:Generated_Source\PSoC4/EZI2C_PM.c **** *   EZI2C_Sleep() function may produce unexpected behavior.
 157:Generated_Source\PSoC4/EZI2C_PM.c **** *
 158:Generated_Source\PSoC4/EZI2C_PM.c **** *******************************************************************************/
ARM GAS  C:\Users\ilya\AppData\Local\Temp\cc3omt6S.s 			page 5


 159:Generated_Source\PSoC4/EZI2C_PM.c **** void EZI2C_Wakeup(void)
 160:Generated_Source\PSoC4/EZI2C_PM.c **** {
  70              		.loc 1 160 0
  71              		.cfi_startproc
  72              		@ args = 0, pretend = 0, frame = 0
  73              		@ frame_needed = 0, uses_anonymous_args = 0
  74 0000 10B5     		push	{r4, lr}
  75              		.cfi_def_cfa_offset 8
  76              		.cfi_offset 4, -8
  77              		.cfi_offset 14, -4
 161:Generated_Source\PSoC4/EZI2C_PM.c **** #if(EZI2C_SCB_MODE_UNCONFIG_CONST_CFG)
 162:Generated_Source\PSoC4/EZI2C_PM.c **** 
 163:Generated_Source\PSoC4/EZI2C_PM.c ****     if(EZI2C_SCB_WAKE_ENABLE_CHECK)
 164:Generated_Source\PSoC4/EZI2C_PM.c ****     {
 165:Generated_Source\PSoC4/EZI2C_PM.c ****         if(EZI2C_SCB_MODE_I2C_RUNTM_CFG)
 166:Generated_Source\PSoC4/EZI2C_PM.c ****         {
 167:Generated_Source\PSoC4/EZI2C_PM.c ****             EZI2C_I2CRestoreConfig();
 168:Generated_Source\PSoC4/EZI2C_PM.c ****         }
 169:Generated_Source\PSoC4/EZI2C_PM.c ****         else if(EZI2C_SCB_MODE_EZI2C_RUNTM_CFG)
 170:Generated_Source\PSoC4/EZI2C_PM.c ****         {
 171:Generated_Source\PSoC4/EZI2C_PM.c ****             EZI2C_EzI2CRestoreConfig();
 172:Generated_Source\PSoC4/EZI2C_PM.c ****         }
 173:Generated_Source\PSoC4/EZI2C_PM.c ****     #if(!EZI2C_CY_SCBIP_V1)
 174:Generated_Source\PSoC4/EZI2C_PM.c ****         else if(EZI2C_SCB_MODE_SPI_RUNTM_CFG)
 175:Generated_Source\PSoC4/EZI2C_PM.c ****         {
 176:Generated_Source\PSoC4/EZI2C_PM.c ****             EZI2C_SpiRestoreConfig();
 177:Generated_Source\PSoC4/EZI2C_PM.c ****         }
 178:Generated_Source\PSoC4/EZI2C_PM.c ****         else if(EZI2C_SCB_MODE_UART_RUNTM_CFG)
 179:Generated_Source\PSoC4/EZI2C_PM.c ****         {
 180:Generated_Source\PSoC4/EZI2C_PM.c ****             EZI2C_UartRestoreConfig();
 181:Generated_Source\PSoC4/EZI2C_PM.c ****         }
 182:Generated_Source\PSoC4/EZI2C_PM.c ****     #endif /* (!EZI2C_CY_SCBIP_V1) */
 183:Generated_Source\PSoC4/EZI2C_PM.c ****         else
 184:Generated_Source\PSoC4/EZI2C_PM.c ****         {
 185:Generated_Source\PSoC4/EZI2C_PM.c ****             /* Unknown mode */
 186:Generated_Source\PSoC4/EZI2C_PM.c ****         }
 187:Generated_Source\PSoC4/EZI2C_PM.c ****     }
 188:Generated_Source\PSoC4/EZI2C_PM.c ****     else
 189:Generated_Source\PSoC4/EZI2C_PM.c ****     {
 190:Generated_Source\PSoC4/EZI2C_PM.c ****         if(0u != EZI2C_backup.enableState)
 191:Generated_Source\PSoC4/EZI2C_PM.c ****         {
 192:Generated_Source\PSoC4/EZI2C_PM.c ****             EZI2C_Enable();
 193:Generated_Source\PSoC4/EZI2C_PM.c ****         }
 194:Generated_Source\PSoC4/EZI2C_PM.c ****     }
 195:Generated_Source\PSoC4/EZI2C_PM.c **** 
 196:Generated_Source\PSoC4/EZI2C_PM.c **** #else
 197:Generated_Source\PSoC4/EZI2C_PM.c **** 
 198:Generated_Source\PSoC4/EZI2C_PM.c ****     #if (EZI2C_SCB_MODE_I2C_CONST_CFG  && EZI2C_I2C_WAKE_ENABLE_CONST)
 199:Generated_Source\PSoC4/EZI2C_PM.c ****         EZI2C_I2CRestoreConfig();
 200:Generated_Source\PSoC4/EZI2C_PM.c **** 
 201:Generated_Source\PSoC4/EZI2C_PM.c ****     #elif (EZI2C_SCB_MODE_EZI2C_CONST_CFG && EZI2C_EZI2C_WAKE_ENABLE_CONST)
 202:Generated_Source\PSoC4/EZI2C_PM.c ****         EZI2C_EzI2CRestoreConfig();
 203:Generated_Source\PSoC4/EZI2C_PM.c **** 
 204:Generated_Source\PSoC4/EZI2C_PM.c ****     #elif (EZI2C_SCB_MODE_SPI_CONST_CFG && EZI2C_SPI_WAKE_ENABLE_CONST)
 205:Generated_Source\PSoC4/EZI2C_PM.c ****         EZI2C_SpiRestoreConfig();
 206:Generated_Source\PSoC4/EZI2C_PM.c **** 
 207:Generated_Source\PSoC4/EZI2C_PM.c ****     #elif (EZI2C_SCB_MODE_UART_CONST_CFG && EZI2C_UART_WAKE_ENABLE_CONST)
ARM GAS  C:\Users\ilya\AppData\Local\Temp\cc3omt6S.s 			page 6


 208:Generated_Source\PSoC4/EZI2C_PM.c ****         EZI2C_UartRestoreConfig();
 209:Generated_Source\PSoC4/EZI2C_PM.c **** 
 210:Generated_Source\PSoC4/EZI2C_PM.c ****     #else
 211:Generated_Source\PSoC4/EZI2C_PM.c **** 
 212:Generated_Source\PSoC4/EZI2C_PM.c ****         if(0u != EZI2C_backup.enableState)
  78              		.loc 1 212 0
  79 0002 034B     		ldr	r3, .L11
  80 0004 1B78     		ldrb	r3, [r3]
  81 0006 002B     		cmp	r3, #0
  82 0008 01D0     		beq	.L6
 213:Generated_Source\PSoC4/EZI2C_PM.c ****         {
 214:Generated_Source\PSoC4/EZI2C_PM.c ****             EZI2C_Enable();
  83              		.loc 1 214 0
  84 000a FFF7FEFF 		bl	EZI2C_Enable
  85              	.LVL1:
  86              	.L6:
 215:Generated_Source\PSoC4/EZI2C_PM.c ****         }
 216:Generated_Source\PSoC4/EZI2C_PM.c **** 
 217:Generated_Source\PSoC4/EZI2C_PM.c ****     #endif /* (EZI2C_I2C_WAKE_ENABLE_CONST) */
 218:Generated_Source\PSoC4/EZI2C_PM.c **** 
 219:Generated_Source\PSoC4/EZI2C_PM.c **** #endif /* (EZI2C_SCB_MODE_UNCONFIG_CONST_CFG) */
 220:Generated_Source\PSoC4/EZI2C_PM.c **** }
  87              		.loc 1 220 0
  88              		@ sp needed
  89 000e 10BD     		pop	{r4, pc}
  90              	.L12:
  91              		.align	2
  92              	.L11:
  93 0010 00000000 		.word	.LANCHOR0
  94              		.cfi_endproc
  95              	.LFE2:
  96              		.size	EZI2C_Wakeup, .-EZI2C_Wakeup
  97              		.global	EZI2C_backup
  98              		.bss
  99              		.align	2
 100              		.set	.LANCHOR0,. + 0
 101              		.type	EZI2C_backup, %object
 102              		.size	EZI2C_backup, 1
 103              	EZI2C_backup:
 104 0000 00       		.space	1
 105              		.text
 106              	.Letext0:
 107              		.file 2 "Generated_Source\\PSoC4/cytypes.h"
 108              		.file 3 "Generated_Source\\PSoC4\\EZI2C.h"
 109              		.section	.debug_info,"",%progbits
 110              	.Ldebug_info0:
 111 0000 39010000 		.4byte	0x139
 112 0004 0400     		.2byte	0x4
 113 0006 00000000 		.4byte	.Ldebug_abbrev0
 114 000a 04       		.byte	0x4
 115 000b 01       		.uleb128 0x1
 116 000c DA000000 		.4byte	.LASF22
 117 0010 0C       		.byte	0xc
 118 0011 50000000 		.4byte	.LASF23
 119 0015 A9000000 		.4byte	.LASF24
 120 0019 00000000 		.4byte	.Ldebug_ranges0+0
 121 001d 00000000 		.4byte	0
ARM GAS  C:\Users\ilya\AppData\Local\Temp\cc3omt6S.s 			page 7


 122 0021 00000000 		.4byte	.Ldebug_line0
 123 0025 02       		.uleb128 0x2
 124 0026 01       		.byte	0x1
 125 0027 06       		.byte	0x6
 126 0028 91010000 		.4byte	.LASF0
 127 002c 02       		.uleb128 0x2
 128 002d 01       		.byte	0x1
 129 002e 08       		.byte	0x8
 130 002f C7000000 		.4byte	.LASF1
 131 0033 02       		.uleb128 0x2
 132 0034 02       		.byte	0x2
 133 0035 05       		.byte	0x5
 134 0036 B6010000 		.4byte	.LASF2
 135 003a 02       		.uleb128 0x2
 136 003b 02       		.byte	0x2
 137 003c 07       		.byte	0x7
 138 003d 7E010000 		.4byte	.LASF3
 139 0041 02       		.uleb128 0x2
 140 0042 04       		.byte	0x4
 141 0043 05       		.byte	0x5
 142 0044 68010000 		.4byte	.LASF4
 143 0048 02       		.uleb128 0x2
 144 0049 04       		.byte	0x4
 145 004a 07       		.byte	0x7
 146 004b 3E000000 		.4byte	.LASF5
 147 004f 02       		.uleb128 0x2
 148 0050 08       		.byte	0x8
 149 0051 05       		.byte	0x5
 150 0052 00000000 		.4byte	.LASF6
 151 0056 02       		.uleb128 0x2
 152 0057 08       		.byte	0x8
 153 0058 07       		.byte	0x7
 154 0059 72000000 		.4byte	.LASF7
 155 005d 03       		.uleb128 0x3
 156 005e 04       		.byte	0x4
 157 005f 05       		.byte	0x5
 158 0060 696E7400 		.ascii	"int\000"
 159 0064 02       		.uleb128 0x2
 160 0065 04       		.byte	0x4
 161 0066 07       		.byte	0x7
 162 0067 C0010000 		.4byte	.LASF8
 163 006b 04       		.uleb128 0x4
 164 006c 38000000 		.4byte	.LASF9
 165 0070 02       		.byte	0x2
 166 0071 D201     		.2byte	0x1d2
 167 0073 2C000000 		.4byte	0x2c
 168 0077 04       		.uleb128 0x4
 169 0078 0E000000 		.4byte	.LASF10
 170 007c 02       		.byte	0x2
 171 007d D401     		.2byte	0x1d4
 172 007f 48000000 		.4byte	0x48
 173 0083 02       		.uleb128 0x2
 174 0084 04       		.byte	0x4
 175 0085 04       		.byte	0x4
 176 0086 96000000 		.4byte	.LASF11
 177 008a 02       		.uleb128 0x2
 178 008b 08       		.byte	0x8
ARM GAS  C:\Users\ilya\AppData\Local\Temp\cc3omt6S.s 			page 8


 179 008c 04       		.byte	0x4
 180 008d 71010000 		.4byte	.LASF12
 181 0091 02       		.uleb128 0x2
 182 0092 01       		.byte	0x1
 183 0093 08       		.byte	0x8
 184 0094 D5000000 		.4byte	.LASF13
 185 0098 04       		.uleb128 0x4
 186 0099 78010000 		.4byte	.LASF14
 187 009d 02       		.byte	0x2
 188 009e 7E02     		.2byte	0x27e
 189 00a0 A4000000 		.4byte	0xa4
 190 00a4 05       		.uleb128 0x5
 191 00a5 77000000 		.4byte	0x77
 192 00a9 02       		.uleb128 0x2
 193 00aa 08       		.byte	0x8
 194 00ab 04       		.byte	0x4
 195 00ac AA010000 		.4byte	.LASF15
 196 00b0 02       		.uleb128 0x2
 197 00b1 04       		.byte	0x4
 198 00b2 07       		.byte	0x7
 199 00b3 E1010000 		.4byte	.LASF16
 200 00b7 06       		.uleb128 0x6
 201 00b8 01       		.byte	0x1
 202 00b9 03       		.byte	0x3
 203 00ba 5C       		.byte	0x5c
 204 00bb CC000000 		.4byte	0xcc
 205 00bf 07       		.uleb128 0x7
 206 00c0 15000000 		.4byte	.LASF25
 207 00c4 03       		.byte	0x3
 208 00c5 5E       		.byte	0x5e
 209 00c6 6B000000 		.4byte	0x6b
 210 00ca 00       		.byte	0
 211 00cb 00       		.byte	0
 212 00cc 08       		.uleb128 0x8
 213 00cd CD010000 		.4byte	.LASF17
 214 00d1 03       		.byte	0x3
 215 00d2 5F       		.byte	0x5f
 216 00d3 B7000000 		.4byte	0xb7
 217 00d7 09       		.uleb128 0x9
 218 00d8 21000000 		.4byte	.LASF18
 219 00dc 01       		.byte	0x1
 220 00dd 49       		.byte	0x49
 221 00de 00000000 		.4byte	.LFB1
 222 00e2 20000000 		.4byte	.LFE1-.LFB1
 223 00e6 01       		.uleb128 0x1
 224 00e7 9C       		.byte	0x9c
 225 00e8 F6000000 		.4byte	0xf6
 226 00ec 0A       		.uleb128 0xa
 227 00ed 14000000 		.4byte	.LVL0
 228 00f1 26010000 		.4byte	0x126
 229 00f5 00       		.byte	0
 230 00f6 09       		.uleb128 0x9
 231 00f7 9C000000 		.4byte	.LASF19
 232 00fb 01       		.byte	0x1
 233 00fc 9F       		.byte	0x9f
 234 00fd 00000000 		.4byte	.LFB2
 235 0101 14000000 		.4byte	.LFE2-.LFB2
ARM GAS  C:\Users\ilya\AppData\Local\Temp\cc3omt6S.s 			page 9


 236 0105 01       		.uleb128 0x1
 237 0106 9C       		.byte	0x9c
 238 0107 15010000 		.4byte	0x115
 239 010b 0A       		.uleb128 0xa
 240 010c 0E000000 		.4byte	.LVL1
 241 0110 31010000 		.4byte	0x131
 242 0114 00       		.byte	0
 243 0115 0B       		.uleb128 0xb
 244 0116 9D010000 		.4byte	.LASF26
 245 011a 01       		.byte	0x1
 246 011b 2D       		.byte	0x2d
 247 011c CC000000 		.4byte	0xcc
 248 0120 05       		.uleb128 0x5
 249 0121 03       		.byte	0x3
 250 0122 00000000 		.4byte	EZI2C_backup
 251 0126 0C       		.uleb128 0xc
 252 0127 2D000000 		.4byte	.LASF20
 253 012b 2D000000 		.4byte	.LASF20
 254 012f 03       		.byte	0x3
 255 0130 6F       		.byte	0x6f
 256 0131 0C       		.uleb128 0xc
 257 0132 89000000 		.4byte	.LASF21
 258 0136 89000000 		.4byte	.LASF21
 259 013a 03       		.byte	0x3
 260 013b 6D       		.byte	0x6d
 261 013c 00       		.byte	0
 262              		.section	.debug_abbrev,"",%progbits
 263              	.Ldebug_abbrev0:
 264 0000 01       		.uleb128 0x1
 265 0001 11       		.uleb128 0x11
 266 0002 01       		.byte	0x1
 267 0003 25       		.uleb128 0x25
 268 0004 0E       		.uleb128 0xe
 269 0005 13       		.uleb128 0x13
 270 0006 0B       		.uleb128 0xb
 271 0007 03       		.uleb128 0x3
 272 0008 0E       		.uleb128 0xe
 273 0009 1B       		.uleb128 0x1b
 274 000a 0E       		.uleb128 0xe
 275 000b 55       		.uleb128 0x55
 276 000c 17       		.uleb128 0x17
 277 000d 11       		.uleb128 0x11
 278 000e 01       		.uleb128 0x1
 279 000f 10       		.uleb128 0x10
 280 0010 17       		.uleb128 0x17
 281 0011 00       		.byte	0
 282 0012 00       		.byte	0
 283 0013 02       		.uleb128 0x2
 284 0014 24       		.uleb128 0x24
 285 0015 00       		.byte	0
 286 0016 0B       		.uleb128 0xb
 287 0017 0B       		.uleb128 0xb
 288 0018 3E       		.uleb128 0x3e
 289 0019 0B       		.uleb128 0xb
 290 001a 03       		.uleb128 0x3
 291 001b 0E       		.uleb128 0xe
 292 001c 00       		.byte	0
ARM GAS  C:\Users\ilya\AppData\Local\Temp\cc3omt6S.s 			page 10


 293 001d 00       		.byte	0
 294 001e 03       		.uleb128 0x3
 295 001f 24       		.uleb128 0x24
 296 0020 00       		.byte	0
 297 0021 0B       		.uleb128 0xb
 298 0022 0B       		.uleb128 0xb
 299 0023 3E       		.uleb128 0x3e
 300 0024 0B       		.uleb128 0xb
 301 0025 03       		.uleb128 0x3
 302 0026 08       		.uleb128 0x8
 303 0027 00       		.byte	0
 304 0028 00       		.byte	0
 305 0029 04       		.uleb128 0x4
 306 002a 16       		.uleb128 0x16
 307 002b 00       		.byte	0
 308 002c 03       		.uleb128 0x3
 309 002d 0E       		.uleb128 0xe
 310 002e 3A       		.uleb128 0x3a
 311 002f 0B       		.uleb128 0xb
 312 0030 3B       		.uleb128 0x3b
 313 0031 05       		.uleb128 0x5
 314 0032 49       		.uleb128 0x49
 315 0033 13       		.uleb128 0x13
 316 0034 00       		.byte	0
 317 0035 00       		.byte	0
 318 0036 05       		.uleb128 0x5
 319 0037 35       		.uleb128 0x35
 320 0038 00       		.byte	0
 321 0039 49       		.uleb128 0x49
 322 003a 13       		.uleb128 0x13
 323 003b 00       		.byte	0
 324 003c 00       		.byte	0
 325 003d 06       		.uleb128 0x6
 326 003e 13       		.uleb128 0x13
 327 003f 01       		.byte	0x1
 328 0040 0B       		.uleb128 0xb
 329 0041 0B       		.uleb128 0xb
 330 0042 3A       		.uleb128 0x3a
 331 0043 0B       		.uleb128 0xb
 332 0044 3B       		.uleb128 0x3b
 333 0045 0B       		.uleb128 0xb
 334 0046 01       		.uleb128 0x1
 335 0047 13       		.uleb128 0x13
 336 0048 00       		.byte	0
 337 0049 00       		.byte	0
 338 004a 07       		.uleb128 0x7
 339 004b 0D       		.uleb128 0xd
 340 004c 00       		.byte	0
 341 004d 03       		.uleb128 0x3
 342 004e 0E       		.uleb128 0xe
 343 004f 3A       		.uleb128 0x3a
 344 0050 0B       		.uleb128 0xb
 345 0051 3B       		.uleb128 0x3b
 346 0052 0B       		.uleb128 0xb
 347 0053 49       		.uleb128 0x49
 348 0054 13       		.uleb128 0x13
 349 0055 38       		.uleb128 0x38
ARM GAS  C:\Users\ilya\AppData\Local\Temp\cc3omt6S.s 			page 11


 350 0056 0B       		.uleb128 0xb
 351 0057 00       		.byte	0
 352 0058 00       		.byte	0
 353 0059 08       		.uleb128 0x8
 354 005a 16       		.uleb128 0x16
 355 005b 00       		.byte	0
 356 005c 03       		.uleb128 0x3
 357 005d 0E       		.uleb128 0xe
 358 005e 3A       		.uleb128 0x3a
 359 005f 0B       		.uleb128 0xb
 360 0060 3B       		.uleb128 0x3b
 361 0061 0B       		.uleb128 0xb
 362 0062 49       		.uleb128 0x49
 363 0063 13       		.uleb128 0x13
 364 0064 00       		.byte	0
 365 0065 00       		.byte	0
 366 0066 09       		.uleb128 0x9
 367 0067 2E       		.uleb128 0x2e
 368 0068 01       		.byte	0x1
 369 0069 3F       		.uleb128 0x3f
 370 006a 19       		.uleb128 0x19
 371 006b 03       		.uleb128 0x3
 372 006c 0E       		.uleb128 0xe
 373 006d 3A       		.uleb128 0x3a
 374 006e 0B       		.uleb128 0xb
 375 006f 3B       		.uleb128 0x3b
 376 0070 0B       		.uleb128 0xb
 377 0071 27       		.uleb128 0x27
 378 0072 19       		.uleb128 0x19
 379 0073 11       		.uleb128 0x11
 380 0074 01       		.uleb128 0x1
 381 0075 12       		.uleb128 0x12
 382 0076 06       		.uleb128 0x6
 383 0077 40       		.uleb128 0x40
 384 0078 18       		.uleb128 0x18
 385 0079 9742     		.uleb128 0x2117
 386 007b 19       		.uleb128 0x19
 387 007c 01       		.uleb128 0x1
 388 007d 13       		.uleb128 0x13
 389 007e 00       		.byte	0
 390 007f 00       		.byte	0
 391 0080 0A       		.uleb128 0xa
 392 0081 898201   		.uleb128 0x4109
 393 0084 00       		.byte	0
 394 0085 11       		.uleb128 0x11
 395 0086 01       		.uleb128 0x1
 396 0087 31       		.uleb128 0x31
 397 0088 13       		.uleb128 0x13
 398 0089 00       		.byte	0
 399 008a 00       		.byte	0
 400 008b 0B       		.uleb128 0xb
 401 008c 34       		.uleb128 0x34
 402 008d 00       		.byte	0
 403 008e 03       		.uleb128 0x3
 404 008f 0E       		.uleb128 0xe
 405 0090 3A       		.uleb128 0x3a
 406 0091 0B       		.uleb128 0xb
ARM GAS  C:\Users\ilya\AppData\Local\Temp\cc3omt6S.s 			page 12


 407 0092 3B       		.uleb128 0x3b
 408 0093 0B       		.uleb128 0xb
 409 0094 49       		.uleb128 0x49
 410 0095 13       		.uleb128 0x13
 411 0096 3F       		.uleb128 0x3f
 412 0097 19       		.uleb128 0x19
 413 0098 02       		.uleb128 0x2
 414 0099 18       		.uleb128 0x18
 415 009a 00       		.byte	0
 416 009b 00       		.byte	0
 417 009c 0C       		.uleb128 0xc
 418 009d 2E       		.uleb128 0x2e
 419 009e 00       		.byte	0
 420 009f 3F       		.uleb128 0x3f
 421 00a0 19       		.uleb128 0x19
 422 00a1 3C       		.uleb128 0x3c
 423 00a2 19       		.uleb128 0x19
 424 00a3 6E       		.uleb128 0x6e
 425 00a4 0E       		.uleb128 0xe
 426 00a5 03       		.uleb128 0x3
 427 00a6 0E       		.uleb128 0xe
 428 00a7 3A       		.uleb128 0x3a
 429 00a8 0B       		.uleb128 0xb
 430 00a9 3B       		.uleb128 0x3b
 431 00aa 0B       		.uleb128 0xb
 432 00ab 00       		.byte	0
 433 00ac 00       		.byte	0
 434 00ad 00       		.byte	0
 435              		.section	.debug_aranges,"",%progbits
 436 0000 24000000 		.4byte	0x24
 437 0004 0200     		.2byte	0x2
 438 0006 00000000 		.4byte	.Ldebug_info0
 439 000a 04       		.byte	0x4
 440 000b 00       		.byte	0
 441 000c 0000     		.2byte	0
 442 000e 0000     		.2byte	0
 443 0010 00000000 		.4byte	.LFB1
 444 0014 20000000 		.4byte	.LFE1-.LFB1
 445 0018 00000000 		.4byte	.LFB2
 446 001c 14000000 		.4byte	.LFE2-.LFB2
 447 0020 00000000 		.4byte	0
 448 0024 00000000 		.4byte	0
 449              		.section	.debug_ranges,"",%progbits
 450              	.Ldebug_ranges0:
 451 0000 00000000 		.4byte	.LFB1
 452 0004 20000000 		.4byte	.LFE1
 453 0008 00000000 		.4byte	.LFB2
 454 000c 14000000 		.4byte	.LFE2
 455 0010 00000000 		.4byte	0
 456 0014 00000000 		.4byte	0
 457              		.section	.debug_line,"",%progbits
 458              	.Ldebug_line0:
 459 0000 87000000 		.section	.debug_str,"MS",%progbits,1
 459      02005000 
 459      00000201 
 459      FB0E0D00 
 459      01010101 
ARM GAS  C:\Users\ilya\AppData\Local\Temp\cc3omt6S.s 			page 13


 460              	.LASF6:
 461 0000 6C6F6E67 		.ascii	"long long int\000"
 461      206C6F6E 
 461      6720696E 
 461      7400
 462              	.LASF10:
 463 000e 75696E74 		.ascii	"uint32\000"
 463      333200
 464              	.LASF25:
 465 0015 656E6162 		.ascii	"enableState\000"
 465      6C655374 
 465      61746500 
 466              	.LASF18:
 467 0021 455A4932 		.ascii	"EZI2C_Sleep\000"
 467      435F536C 
 467      65657000 
 468              	.LASF20:
 469 002d 455A4932 		.ascii	"EZI2C_Stop\000"
 469      435F5374 
 469      6F7000
 470              	.LASF9:
 471 0038 75696E74 		.ascii	"uint8\000"
 471      3800
 472              	.LASF5:
 473 003e 6C6F6E67 		.ascii	"long unsigned int\000"
 473      20756E73 
 473      69676E65 
 473      6420696E 
 473      7400
 474              	.LASF23:
 475 0050 47656E65 		.ascii	"Generated_Source\\PSoC4\\EZI2C_PM.c\000"
 475      72617465 
 475      645F536F 
 475      75726365 
 475      5C50536F 
 476              	.LASF7:
 477 0072 6C6F6E67 		.ascii	"long long unsigned int\000"
 477      206C6F6E 
 477      6720756E 
 477      7369676E 
 477      65642069 
 478              	.LASF21:
 479 0089 455A4932 		.ascii	"EZI2C_Enable\000"
 479      435F456E 
 479      61626C65 
 479      00
 480              	.LASF11:
 481 0096 666C6F61 		.ascii	"float\000"
 481      7400
 482              	.LASF19:
 483 009c 455A4932 		.ascii	"EZI2C_Wakeup\000"
 483      435F5761 
 483      6B657570 
 483      00
 484              	.LASF24:
 485 00a9 433A5C70 		.ascii	"C:\\psoc\\chamonix\\camera.cydsn\000"
 485      736F635C 
ARM GAS  C:\Users\ilya\AppData\Local\Temp\cc3omt6S.s 			page 14


 485      6368616D 
 485      6F6E6978 
 485      5C63616D 
 486              	.LASF1:
 487 00c7 756E7369 		.ascii	"unsigned char\000"
 487      676E6564 
 487      20636861 
 487      7200
 488              	.LASF13:
 489 00d5 63686172 		.ascii	"char\000"
 489      00
 490              	.LASF22:
 491 00da 474E5520 		.ascii	"GNU C11 5.4.1 20160609 (release) [ARM/embedded-5-br"
 491      43313120 
 491      352E342E 
 491      31203230 
 491      31363036 
 492 010d 616E6368 		.ascii	"anch revision 237715] -mcpu=cortex-m0 -mthumb -g -O"
 492      20726576 
 492      6973696F 
 492      6E203233 
 492      37373135 
 493 0140 33202D66 		.ascii	"3 -ffunction-sections -ffat-lto-objects\000"
 493      66756E63 
 493      74696F6E 
 493      2D736563 
 493      74696F6E 
 494              	.LASF4:
 495 0168 6C6F6E67 		.ascii	"long int\000"
 495      20696E74 
 495      00
 496              	.LASF12:
 497 0171 646F7562 		.ascii	"double\000"
 497      6C6500
 498              	.LASF14:
 499 0178 72656733 		.ascii	"reg32\000"
 499      3200
 500              	.LASF3:
 501 017e 73686F72 		.ascii	"short unsigned int\000"
 501      7420756E 
 501      7369676E 
 501      65642069 
 501      6E7400
 502              	.LASF0:
 503 0191 7369676E 		.ascii	"signed char\000"
 503      65642063 
 503      68617200 
 504              	.LASF26:
 505 019d 455A4932 		.ascii	"EZI2C_backup\000"
 505      435F6261 
 505      636B7570 
 505      00
 506              	.LASF15:
 507 01aa 6C6F6E67 		.ascii	"long double\000"
 507      20646F75 
 507      626C6500 
 508              	.LASF2:
ARM GAS  C:\Users\ilya\AppData\Local\Temp\cc3omt6S.s 			page 15


 509 01b6 73686F72 		.ascii	"short int\000"
 509      7420696E 
 509      7400
 510              	.LASF8:
 511 01c0 756E7369 		.ascii	"unsigned int\000"
 511      676E6564 
 511      20696E74 
 511      00
 512              	.LASF17:
 513 01cd 455A4932 		.ascii	"EZI2C_BACKUP_STRUCT\000"
 513      435F4241 
 513      434B5550 
 513      5F535452 
 513      55435400 
 514              	.LASF16:
 515 01e1 73697A65 		.ascii	"sizetype\000"
 515      74797065 
 515      00
 516              		.ident	"GCC: (GNU Tools for ARM Embedded Processors) 5.4.1 20160609 (release) [ARM/embedded-5-bran
